03-14 00:30:21.038  2748  2802 I VRI[View root of ReusableWindowDecorViewHost#1]@9ccb8b6: onDisplayChanged oldDisplayState=3 newDisplayState=4
03-14 00:30:21.038  2083  2176 D DisplayPowerController[0]: setActualDisplayState: DOZE -> DOZE_SUSPEND
03-14 00:30:21.038  2083  2476 I SemBiometricDisplayStateMonitor: DisplayStateListener#onFinish : DOZE_SUSPEND, DOZE_SUSPEND, DEFAULT_DISPLAY
03-14 00:30:21.038  2083  2176 D DisplayPowerController[0]: animateScreenStateChange: target=DOZE_SUSPEND, mIsEnabled=true
03-14 00:30:21.039  2083  2558 D SemInputDevice:TSP: ActivateTask: 4,1 [03-14 00:30:21.037]
03-14 00:30:21.039  2083  2176 D DisplayPowerController[0]: animateScreenStateChange: target=DOZE_SUSPEND, mIsEnabled=true
03-14 00:30:21.039  1534  1546 I sysinput:aidl: onReportInformation:93, 1, enabled@4,1:0
03-14 00:30:21.039  2083  2176 D PowerManagerService: displayReady: true groupId=0
03-14 00:30:21.039  1534  1546 I sysinput:Touch1: operator():133, 4,1 OK
03-14 00:30:21.039  2083  2558 D SysinputHAL_AIDL: activate(TSP(1)),4,1 ret=0
03-14 00:30:21.041  2083  5180 D WifiDisplayAdapter: isFitToActiveDisplayLocked : false
03-14 00:30:21.041  2748  2882 D StackScroller: onDisplayChanged for predraw skip to 4
03-14 00:30:21.246  1830  1970 I bauth_FPBAuthService: pcf : 0x1012, 0 ,1 ,0 ,0 ,0 ,0, 16.0.0.3
03-14 00:30:21.246  1830  1970 I bauth_FPBAuthService: thread id : 1, preenroll_flag : 0, nd cnt : 0, cso : 0, et : 0
03-14 00:30:21.246  1830  1970 I bauth_FPBAuthService: FPBAuthService::timerHandler complete
03-14 00:30:21.325  2083  2246 I UMR     : E|Compact d_rss=-10496KB
03-14 00:30:22.039  1673  1692 E thermal_core: find_tz_idx_by_name:"Failed to find thermal zone index of ap_ntc\n"
03-14 00:30:22.039  1673  1692 E thermal_core: find_tz_idx_by_name:"Failed to find thermal zone index of mtk-master-charger\n"
03-14 00:30:22.248  1830  1970 I bauth_FPBAuthService: pcf : 0x1012, 0 ,1 ,0 ,0 ,0 ,0, 16.0.0.3
03-14 00:30:22.249  1830  1970 I bauth_FPBAuthService: thread id : 1, preenroll_flag : 0, nd cnt : 0, cso : 0, et : 0
03-14 00:30:22.249  1830  1970 I bauth_FPBAuthService: FPBAuthService::timerHandler complete
03-14 00:30:22.427   582   582 D io_stats: !@   8,32 r 3713592 79175804 w 2451401 31807796 d 312984 187305456 f 206736 239435 iot 1166584 0 th 0 0 0 pt 0 inp 0 0 51235.713
03-14 00:30:22.428   582   582 D io_stats: !@ Write_top(KB): sait.sohservice:low(1299) 24
03-14 00:30:22.743  5068  6278 I SDHMS:x : SIOP:: AP:345 BAT:319 USB:329 CHG:354 PA:342 WIFI:341 BLK:0 SUBBAT:0 SKIN:328 SKINF:320 SKINB:328 LRP2:328 LRF2:320 LRB2:328 AP2:328 CHG2:323 MEM2:328 WIFI2:328 SPK2:312 VAP05:346 AVGCUR:781 AVGSYS:0 POWER:3373
03-14 00:30:23.249  1830  1970 I bauth_FPBAuthService: pcf : 0x1012, 0 ,1 ,0 ,0 ,0 ,0, 16.0.0.3
03-14 00:30:23.250  1830  1970 I bauth_FPBAuthService: thread id : 1, preenroll_flag : 0, nd cnt : 0, cso : 0, et : 0
03-14 00:30:23.250  1830  1970 I bauth_FPBAuthService: FPBAuthService::timerHandler complete
03-14 00:30:24.250  1830  1970 I bauth_FPBAuthService: pcf : 0x1012, 0 ,1 ,0 ,0 ,0 ,0, 16.0.0.3
03-14 00:30:24.250  1830  1970 I bauth_FPBAuthService: thread id : 1, preenroll_flag : 0, nd cnt : 0, cso : 0, et : 0
03-14 00:30:24.250  1830  1970 I bauth_FPBAuthService: FPBAuthService::timerHandler complete
03-14 00:30:24.431   582   582 D io_stats: !@   8,32 r 3713592 79175804 w 2451404 31807820 d 312984 187305456 f 206736 239435 iot 1166588 0 th 0 0 0 pt 0 inp 0 0 51237.717
03-14 00:30:24.920  5068  6274 I SDHMS:n : Periodic event 'saveLog' will starts soon.
03-14 00:30:24.921  5068  6274 I SDHMS:x : Polling event syncDatabaseLocked will starts.
03-14 00:30:24.939  5068  6274 I SDHMS:x : Polling event syncDatabaseLocked finished.
03-14 00:30:24.939  5068  6274 I SDHMS:x : Polling event checkDatabaseLocked will starts.
03-14 00:30:24.966  5068  6274 I SDHMS:x : Polling event checkDatabaseLocked finished.
03-14 00:30:24.967  5068  6274 I SDHMS:x : Polling event checkDatabaseOverflow will starts.
03-14 00:30:24.969  5068  6274 I SDHMS:x : Polling event checkDatabaseOverflow finished.
03-14 00:30:25.040  1673  1692 E thermal_core: find_tz_idx_by_name:"Failed to find thermal zone index of ap_ntc\n"
03-14 00:30:25.040  1673  1692 E thermal_core: find_tz_idx_by_name:"Failed to find thermal zone index of mtk-master-charger\n"
03-14 00:30:25.157  2083  2140 D BatteryExternalStatsWorker: update stats : procstate-change (10)
03-14 00:30:25.157  2083  2140 D BatteryExternalStatsWorker: Update Rail Energy data
03-14 00:30:25.158  2083  2140 D BatteryExternalStatsWorker: mStats lock released
03-14 00:30:25.158  2083  2140 D BatteryExternalStatsWorker: done updateExternalStatsLocked
03-14 00:30:25.251  1830  1970 I bauth_FPBAuthService: pcf : 0x1012, 0 ,1 ,0 ,0 ,0 ,0, 16.0.0.3
03-14 00:30:25.251  1830  1970 I bauth_FPBAuthService: thread id : 1, preenroll_flag : 0, nd cnt : 0, cso : 0, et : 0
03-14 00:30:25.251  1830  1970 I bauth_FPBAuthService: FPBAuthService::timerHandler complete
