--------- beginning of main
03-14 00:29:45.637 14199 14199 D BoundBrokerSvc: onUnbind: Intent { act=com.google.android.gms.inappreach.service.START dat=chimera-action:/... xflg=0x4 cmp=com.google.android.gms/.chimera.GmsApiService }
03-14 00:29:45.640  2748  2748 D ExpandableNotifRow: mMaxSmallHeight different before reInflateViews mMaxSmallHeight: 189 mTempSmallHeight:0 -1|com.android.systemui|2131364006|charging_state|10060
03-14 00:29:45.640  2748  2748 D ExpandableNotifRow: mMaxSmallHeight different before reInflateViews mMaxSmallHeight: 189 mTempSmallHeight:0 -1|com.android.systemui|2131364006|charging_state|10060
03-14 00:29:45.641  2748  2748 D ExpandableNotifRow: mMaxSmallHeight different before reInflateViews mMaxSmallHeight: 189 mTempSmallHeight:0 -1|com.android.systemui|2131364006|charging_state|10060
03-14 00:29:45.641  2748  2748 D ExpandableNotifRow: mMaxSmallHeight different before reInflateViews mMaxSmallHeight: 189 mTempSmallHeight:0 -1|com.android.systemui|2131364006|charging_state|10060
03-14 00:29:45.647  2748  2748 D LocalImageResolver: Couldn't use ImageDecoder for drawable, falling back to non-resized load.
03-14 00:29:45.653  2748  2748 I LockscreenNotificationIconsOnlyController: onNotificationInfoUpdated 0
03-14 00:29:45.653  2748  2748 I AODNotificationManager: updateNotification() 
03-14 00:29:46.000  1673  1692 E thermal_core: find_tz_idx_by_name:"Failed to find thermal zone index of ap_ntc\n"
03-14 00:29:46.001  1673  1692 E thermal_core: find_tz_idx_by_name:"Failed to find thermal zone index of mtk-master-charger\n"
03-14 00:29:46.192  1830  1970 I bauth_FPBAuthService: pcf : 0x1012, 0 ,1 ,0 ,0 ,0 ,0, 16.0.0.3
03-14 00:29:46.192  1830  1970 I bauth_FPBAuthService: thread id : 1, preenroll_flag : 0, nd cnt : 0, cso : 0, et : 0
03-14 00:29:46.193  1830  1970 I bauth_FPBAuthService: FPBAuthService::timerHandler complete
--------- beginning of system
03-14 00:29:46.372   582   582 D io_stats: !@   8,32 r 3713590 79175796 w 2451353 31806504 d 312161 187283200 f 206736 239434 iot 1166428 0 th 0 0 0 pt 0 inp 0 0 51199.658
03-14 00:29:46.373   582   582 D io_stats: !@ Write_top(KB): vendor.samsung.:normal(1528) 8
03-14 00:29:46.613 14749 14749 D BoundBrokerSvc: onUnbind: Intent { act=com.google.android.gms.libs.gmscorelogger.service.START dat=chimera-action:/... xflg=0x4 cmp=com.google.android.gms/.chimera.PersistentDirectBootAwareApiService }
03-14 00:29:47.193  1830  1970 I bauth_FPBAuthService: pcf : 0x1012, 0 ,1 ,0 ,0 ,0 ,0, 16.0.0.3
03-14 00:29:47.193  1830  1970 I bauth_FPBAuthService: thread id : 1, preenroll_flag : 0, nd cnt : 0, cso : 0, et : 0
03-14 00:29:47.193  1830  1970 I bauth_FPBAuthService: FPBAuthService::timerHandler complete
03-14 00:29:48.196  1830  1970 I bauth_FPBAuthService: pcf : 0x1012, 0 ,1 ,0 ,0 ,0 ,0, 16.0.0.3
03-14 00:29:48.196  1830  1970 I bauth_FPBAuthService: thread id : 1, preenroll_flag : 0, nd cnt : 0, cso : 0, et : 0
03-14 00:29:48.196  1830  1970 I bauth_FPBAuthService: FPBAuthService::timerHandler complete
03-14 00:29:48.197  2748  2748 D KeyguardSecIndicationPolicy:  remove Item pos = DEFAULT                             , id =  1334, 
03-14 00:29:48.197  2748  2748 D KeyguardSecIndicationPolicy:   update top pos = DEFAULT, item = [id=1334|ty=BATTERY|pr=40|txt= %88
03-14 00:29:48.197  2748  2748 D KeyguardSecIndicationPolicy: Dolmasına 27 dk|ti=duration=3000|an=false] -> [id=1335|ty=BATTERY_RESTING|pr=20|txt= %88
03-14 00:29:48.197  2748  2748 D KeyguardSecIndicationPolicy: Dolmasına 27 dk|ti=duration=PERSISTENT|an=false]
03-14 00:29:48.197  2748  2748 D KeyguardSecIndicationController: onIndicationChanged() return - keyguard is not visible, pos = DEFAULT, item = [id=1335|ty=BATTERY_RESTING|pr=20|txt= %88
03-14 00:29:48.197  2748  2748 D KeyguardSecIndicationController: Dolmasına 27 dk|ti=duration=PERSISTENT|an=false]
03-14 00:29:48.376   582   582 D io_stats: !@   8,32 r 3713590 79175796 w 2451355 31806512 d 312161 187283200 f 206736 239434 iot 1166432 0 th 0 0 0 pt 0 inp 0 0 51201.662
03-14 00:29:49.004  1673  1692 E thermal_core: find_tz_idx_by_name:"Failed to find thermal zone index of ap_ntc\n"
03-14 00:29:49.004  1673  1692 E thermal_core: find_tz_idx_by_name:"Failed to find thermal zone index of mtk-master-charger\n"
03-14 00:29:49.198  1830  1970 I bauth_FPBAuthService: pcf : 0x1012, 0 ,1 ,0 ,0 ,0 ,0, 16.0.0.3
03-14 00:29:49.198  1830  1970 I bauth_FPBAuthService: thread id : 1, preenroll_flag : 0, nd cnt : 0, cso : 0, et : 0
03-14 00:29:49.198  1830  1970 I bauth_FPBAuthService: FPBAuthService::timerHandler complete
03-14 00:29:49.322  2857  2857 I wpa_supplicant: Heartbeat 1452
03-14 00:29:50.199  1830  1970 I bauth_FPBAuthService: pcf : 0x1012, 0 ,1 ,0 ,0 ,0 ,0, 16.0.0.3
03-14 00:29:50.199  1830  1970 I bauth_FPBAuthService: thread id : 1, preenroll_flag : 0, nd cnt : 0, cso : 0, et : 0
03-14 00:29:50.199  1830  1970 I bauth_FPBAuthService: FPBAuthService::timerHandler complete
03-14 00:29:50.378   582   582 D io_stats: !@   8,32 r 3713590 79175796 w 2451358 31807372 d 312161 187283200 f 206736 239435 iot 1166440 0 th 0 0 0 pt 0 inp 0 0 51203.663
03-14 00:29:50.378   582   582 D io_stats: !@ Write_top(KB): system_server:high(2083) 860 kworker/u32:5:/(28442) 8
03-14 00:29:50.586  2083  2098 I system_server: Background concurrent mark compact GC freed 53MB AllocSpace bytes, 70(2236KB) LOS objects, 30% free, 110MB/158MB, paused 2.123ms,6.131ms total 405.312ms
03-14 00:29:50.588  2083  2099 I BpBinder: onLastStrongRef automatically unlinking death recipients: 
03-14 00:29:50.588  2083  2099 I BpBinder: onLastStrongRef automatically unlinking death recipients: 
03-14 00:29:50.588  2083  2099 I BpBinder: onLastStrongRef automatically unlinking death recipients: 
03-14 00:29:50.593  2083  2100 W System  : A resource failed to call release. 
03-14 00:29:50.593  2083  2100 W System  : A resource failed to call release. 
03-14 00:29:50.593  2083  2100 W System  : A resource failed to call release. 
03-14 00:29:50.593  2083  2100 W System  : A resource failed to call HardwareBuffer.close. 
03-14 00:29:50.706  2083  2214 D PowerManagerService: [api] release WakeLock DRAW_WAKE_LOCK                    'charging_info' ACQ=-5s509ms (uid=10060 pid=2748 displayId=0 lock=5893344)
03-14 00:29:50.708  2083  2214 D PowerManagerService: displayReady: false groupId=0
03-14 00:29:50.708  2083  2176 D DisplayPowerController[0]: animateScreenStateChange: target=DOZE_SUSPEND, mIsEnabled=true
03-14 00:29:50.712  2083  2176 I DisplayPowerController[0]: BrightnessEvent: brt=0.16470589 (65.0%), nits= 42.077, lux=-1.0, reason=manual, strat=FallbackBrightnessStrategy, state=DOZE_SUSPEND, stateReason=UNKNOWN, policy=DOZE, flags=, initBrt=0.16470589, rcmdBrt=NaN, preBrt=NaN, preLux=0.0, wasShortTermModelActive=false, autoBrightness=false (default), unclampedBrt=0.16470589, hbmMax=1.0, hbmMode=off, thrmMax=1.0, rbcStrength=-1, powerFactor=1.0, physDisp=Yerleşik Ekran(local:4627039422300187648), logicalId=0, slowChange=false, rampSpeed=0.0
03-14 00:29:50.714  1520  1550 I mtkpower@impl: [setMode] type:9, enabled:1
03-14 00:29:50.714  2083  2637 D DisplayManagerService: !@display_state requestDisplayStateInternal: DOZE -> DOZE_SUSPEND displayId=0
03-14 00:29:50.715  1520  1550 I mtkpower@impl: [setMode] Mode::DISPLAY_INACTIVE: 1
03-14 00:29:50.715  2083  2637 D SemInputDeviceManagerService: setDisplayState[1] EARLY: DOZE(3) -> DOZE_SUSPEND(4)
03-14 00:29:50.717  2083  2637 D LocalDisplayAdapter: notifyStateChangeStart: com.samsung.android.hardware.secinputdev.external.DisplayStateListenerWrapper$1@c7e080a took 2 ms
03-14 00:29:50.717  2083  2637 D LocalDisplayAdapter: notifyStateChangeStart: com.android.server.biometrics.SemBiometricDisplayStateMonitor@478eea8 took 0 ms
03-14 00:29:50.717  2083  2637 W LocalDisplayAdapter: !@display_state - 2441 : DOZE -> DOZE_SUSPEND (MAIN)
03-14 00:29:50.718  2083  2476 I SemBiometricDisplayStateMonitor: DisplayStateListener#onStart : DOZE_SUSPEND, DOZE_SUSPEND, DEFAULT_DISPLAY
03-14 00:29:50.718  2083  2558 D SemInputDevice:TSP: ActivateTask: 4,0 [03-14 00:29:50.716]
03-14 00:29:50.718  2083  2116 I DisplayDeviceRepository: Display device changed state: "Yerleşik Ekran", DOZE_SUSPEND
03-14 00:29:50.719  1567  1567 D SurfaceFlinger: Setting power mode 2 on physical display 4627039422300187648
03-14 00:29:50.719  1534  1546 I sysinput:aidl: onReportInformation:93, 1, enabled@4,0:0
03-14 00:29:50.720  2083  2637 W LocalDisplayAdapter: !@display_state - 2441 : DOZE_SUSPEND (MAIN) took 3 ms
03-14 00:29:50.720  1534  1546 I sysinput:Touch1: operator():133, 4,0 OK
03-14 00:29:50.720  2083  2637 D SemInputDeviceManagerService: setDisplayState[1] LATE: DOZE_SUSPEND(4) -> DOZE_SUSPEND(4)
03-14 00:29:50.721  2083  2114 D WindowManager: DeferredDisplayUpdater: partially applying DisplayInfo(1080 x 2340) immediately
03-14 00:29:50.721  2083  2083 D SGM:GameManager: onDisplayChanged. displyId: 0, state: 4
03-14 00:29:50.721  2083  2176 D BrightnessThermalClamper: Thermal status observer already started
03-14 00:29:50.722  2083  2637 D LocalDisplayAdapter: notifyStateChangeFinish: com.samsung.android.hardware.secinputdev.external.DisplayStateListenerWrapper$1@c7e080a took 2 ms
03-14 00:29:50.723  2083  2558 D SysinputHAL_AIDL: activate(TSP(1)),4,0 ret=0
03-14 00:29:50.723  2083  2637 D LocalDisplayAdapter: notifyStateChangeFinish: com.android.server.biometrics.SemBiometricDisplayStateMonitor@478eea8 took 0 ms
03-14 00:29:50.723  2083  2476 I SemBiometricDisplayStateMonitor: DisplayStateListener#onFinish : DOZE_SUSPEND, DOZE_SUSPEND, DEFAULT_DISPLAY
03-14 00:29:50.724  2083  2558 D SemInputDevice:TSP: ActivateTask: 4,1 [03-14 00:29:50.721]
03-14 00:29:50.726  1534  1546 I sysinput:aidl: onReportInformation:93, 1, enabled@4,1:0
03-14 00:29:50.727  2083  2176 D DisplayPowerController[0]: setActualDisplayState: DOZE -> DOZE_SUSPEND
03-14 00:29:50.727  2083  2176 D DisplayPowerController[0]: animateScreenStateChange: target=DOZE_SUSPEND, mIsEnabled=true
03-14 00:29:50.728  2083  2299 D SGM:FgCheckThread: onLooperPrepared(), msg: MSG_LCD_OFF
03-14 00:29:50.729  2748  2748 D DisplayLifecycle: updateDisplay id = 0
03-14 00:29:50.729  2748  2748 I Keyguard.AODTouchModeManager: onDisplayChanged newDisplayState=4, currentDisplayState=3, displayId=0
03-14 00:29:50.729  1534  1546 I sysinput:Touch1: operator():133, 4,1 OK
03-14 00:29:50.730  2748  2882 D StackScroller: onDisplayChanged for predraw skip to 4
03-14 00:29:50.731 29780 29780 D AudioFlinger: setParameters: filtered dev setParameters keyvalue screen_state=off
03-14 00:29:50.732  1567  2260 I VSyncReactor: Current= 90, Period= 90, hwcPeriod= 90
03-14 00:29:50.730  2083  2558 D SysinputHAL_AIDL: activate(TSP(1)),4,1 ret=0
03-14 00:29:50.733  2083  2176 D DisplayPowerController[0]: animateScreenStateChange: target=DOZE_SUSPEND, mIsEnabled=true
03-14 00:29:50.733 29783 29783 D AudioALSAHardware: +setParameters(): screen_state=off
03-14 00:29:50.734 29783 29783 D AudioALSAHardware: -setParameters(): screen_state=off
03-14 00:29:50.739  2083  2176 D PowerManagerService: displayReady: true groupId=0
03-14 00:29:50.739  5415  5415 I HBD     : DeX h DeX mode state change in non-main thread 
03-14 00:29:50.739  5415  5415 I HBD     : DeX h DeX mode state change: 3 
03-14 00:29:50.740  5415  5415 I VRI[InputMethod]@e345dc8: onDisplayChanged oldDisplayState=3 newDisplayState=4
03-14 00:29:50.742  2083  5238 D WifiDisplayAdapter: isFitToActiveDisplayLocked : false
03-14 00:29:50.744  2748  2802 I VRI[ShellDropTarget]@92e3be9: onDisplayChanged oldDisplayState=3 newDisplayState=4
03-14 00:29:50.745  2748  2802 I VRI[View root of ReusableWindowDecorViewHost#0]@254be1d: onDisplayChanged oldDisplayState=3 newDisplayState=4
03-14 00:29:50.745  2748  2802 I VRI[View root of ReusableWindowDecorViewHost#1]@9ccb8b6: onDisplayChanged oldDisplayState=3 newDisplayState=4
03-14 00:29:50.746  5329  5329 I VRI[LauncherActivity]@9ba8716: onDisplayChanged oldDisplayState=3 newDisplayState=4
03-14 00:29:50.746  2748  2748 I VRI[LockscreenShortcutBlur]@f4e5155: onDisplayChanged oldDisplayState=3 newDisplayState=4
03-14 00:29:50.746  2748  2748 I VRI[NavigationBar0]@cb51d69: onDisplayChanged oldDisplayState=3 newDisplayState=4
03-14 00:29:50.746  3238 27254 I HoneySpace.Memory-Monitor: current state = 4, didTrim = true
03-14 00:29:50.747  2748  2748 I VRI[EdgeBackGestureHandler0]@e247b7f: onDisplayChanged oldDisplayState=3 newDisplayState=4
03-14 00:29:50.747  2748  2748 I VRI[NotificationShade]@ddcb5e0: onDisplayChanged oldDisplayState=3 newDisplayState=4
03-14 00:29:50.747  2748  2748 I VRI[StatusBar]@b5f60f8: onDisplayChanged oldDisplayState=3 newDisplayState=4
03-14 00:29:50.747  3238  3238 I VRI[LauncherActivity]@79a9058: onDisplayChanged oldDisplayState=3 newDisplayState=4
03-14 00:29:50.747  2748  2748 I VRI[SecondaryHomeHandle0]@fc3d736: onDisplayChanged oldDisplayState=3 newDisplayState=4
03-14 00:29:50.747  3238  3238 I VRI[RecentsTransitionOverlay]@815033c: onDisplayChanged oldDisplayState=3 newDisplayState=4
03-14 00:29:50.747  3238  3238 I VRI[CocktailBarService]@b870e79: onDisplayChanged oldDisplayState=3 newDisplayState=4
03-14 00:29:50.747  3238  3238 I VRI[RecentsActivity]@a5b1272: onDisplayChanged oldDisplayState=3 newDisplayState=4
03-14 00:29:51.170  9404  9419 I ForwardSyncCache: reclaimMemory: Clearing caches
03-14 00:29:51.172  9404  9419 W Bugle   : TextClassifierLibManagerImpl: Reclaiming memory at level: 40
03-14 00:29:51.199  1830  1970 I bauth_FPBAuthService: pcf : 0x1012, 0 ,1 ,0 ,0 ,0 ,0, 16.0.0.3
03-14 00:29:51.200  1830  1970 I bauth_FPBAuthService: thread id : 1, preenroll_flag : 0, nd cnt : 0, cso : 0, et : 0
03-14 00:29:51.200  1830  1970 I bauth_FPBAuthService: FPBAuthService::timerHandler complete
03-14 00:29:52.006  1673  1692 E thermal_core: find_tz_idx_by_name:"Failed to find thermal zone index of ap_ntc\n"
03-14 00:29:52.006  1673  1692 E thermal_core: find_tz_idx_by_name:"Failed to find thermal zone index of mtk-master-charger\n"
03-14 00:29:52.006  1673  1692 E thermal_core: find_tz_idx_by_name:"Failed to find thermal zone index of camera0\n"
03-14 00:29:52.006  1673  1692 E thermal_core: find_tz_idx_by_name:"Failed to find thermal zone index of mtk-master-charger\n"
03-14 00:29:52.006  1673  1692 E thermal_core: find_tz_idx_by_name:"Failed to find thermal zone index of nrpa_ntc\n"
03-14 00:29:52.007  1673  1692 E thermal_core: dump_thermal_log:"Error: sccanf error, ret=9\n"
03-14 00:29:52.008  1673  1692 E thermal_core: node_read:"Failed to read /sys/class/thermal/thermal_zone2/temp: No data available\n"
03-14 00:29:52.008  1673  1692 I thermal_core: "soc/nr/lte/ap_ntc/tpcb/conn/chg/cam/c_ttj/g_ttj/a_ttj=0/-274000/34105/-274000/46000/32000/-274000/-274000/85000/85000/85000\n"
03-14 00:29:52.008  1673  1692 I thermal_core: "[C(l)(c)(i)][G(l)(c)][A(l)(c)][TH][D]=[(666666/666666/666666)(500/725/0)(0x0)][(666666)(666666)][(666666666)(666666666)][0][1600]\n"
03-14 00:29:52.009  1673  1692 E thermal_core: node_read:"Failed to open /sys/kernel/helio-dvfsrc/dvfsrc_therm_info: No such file or directory\n"
03-14 00:29:52.009  1673  1692 I thermal_core: "1600"
03-14 00:29:52.200  1830  1970 I bauth_FPBAuthService: pcf : 0x1012, 0 ,1 ,0 ,0 ,0 ,0, 16.0.0.3
03-14 00:29:52.200  1830  1970 I bauth_FPBAuthService: thread id : 1, preenroll_flag : 0, nd cnt : 0, cso : 0, et : 0
03-14 00:29:52.200  1830  1970 I bauth_FPBAuthService: FPBAuthService::timerHandler complete
03-14 00:29:52.382   582   582 D io_stats: !@   8,32 r 3713592 79175804 w 2451358 31807372 d 312161 187283200 f 206736 239435 iot 1166444 0 th 0 0 0 pt 0 inp 0 0 51205.667
03-14 00:29:52.727  5068  6278 I SDHMS:x : SIOP:: AP:349 BAT:320 USB:329 CHG:357 PA:345 WIFI:344 BLK:0 SUBBAT:0 SKIN:331 SKINF:323 SKINB:331 LRP2:331 LRF2:323 LRB2:331 AP2:331 CHG2:324 MEM2:331 WIFI2:331 SPK2:315 VAP05:352 AVGCUR:810 AVGSYS:0 POWER:3499
03-14 00:29:52.841  2083  2519 W DeviceStorageMonitorService: updateBroadcasts(/data) oldLevel:0, newLevel:0, seq:1
03-14 00:29:52.843  2083  2519 D DeviceStorageMonitorService: Available File Node Number is [12580636]
03-14 00:29:52.844  2083  2519 W DeviceStorageMonitorService: updateBroadcasts_filenode(/data) fn_oldLevel:0, fn_newLevel:0, seq:1
03-14 00:29:53.203  1830  1970 I bauth_FPBAuthService: pcf : 0x1012, 0 ,1 ,0 ,0 ,0 ,0, 16.0.0.3
03-14 00:29:53.203  1830  1970 I bauth_FPBAuthService: thread id : 1, preenroll_flag : 0, nd cnt : 0, cso : 0, et : 0
03-14 00:29:53.203  1830  1970 I bauth_FPBAuthService: FPBAuthService::timerHandler complete
03-14 00:29:54.206  1830  1970 I bauth_FPBAuthService: pcf : 0x1012, 0 ,1 ,0 ,0 ,0 ,0, 16.0.0.3
03-14 00:29:54.206  1830  1970 I bauth_FPBAuthService: thread id : 1, preenroll_flag : 0, nd cnt : 0, cso : 0, et : 0
03-14 00:29:54.206  1830  1970 I bauth_FPBAuthService: FPBAuthService::timerHandler complete
03-14 00:29:54.386   582   582 D io_stats: !@ Read_top(KB): .apps.messaging:low(9404) 8
03-14 00:29:55.012  1673  1692 E thermal_core: find_tz_idx_by_name:"Failed to find thermal zone index of ap_ntc\n"
03-14 00:29:55.012  1673  1692 E thermal_core: find_tz_idx_by_name:"Failed to find thermal zone index of mtk-master-charger\n"
03-14 00:29:55.207  1830  1970 I bauth_FPBAuthService: pcf : 0x1012, 0 ,1 ,0 ,0 ,0 ,0, 16.0.0.3
03-14 00:29:55.207  1830  1970 I bauth_FPBAuthService: thread id : 1, preenroll_flag : 0, nd cnt : 0, cso : 0, et : 0
03-14 00:29:55.207  1830  1970 I bauth_FPBAuthService: FPBAuthService::timerHandler complete
03-14 00:29:55.222  1528  1554 E BatteryDump: !@new_battery_dump : 4320,792,3000,3150,88,320,329,357,0,0,333,357,0,Charging,NO_CHARGING,Normal,Good,PDIC,0,Normal,0,0,9549,0x0,0x10000,0x0,0,0,0000,0000,00000000,0,0,0,0,486,4154,8630,980,0,
03-14 00:29:55.231  1536  1536 I seh_thermal_service: getTemperaturesWithType SehTemperatureType: 3
03-14 00:29:55.232  1528  1528 I sehhealth-service: updateLrpSysfs: write: 331
03-14 00:29:56.209  1830  1970 I bauth_FPBAuthService: pcf : 0x1012, 0 ,1 ,0 ,0 ,0 ,0, 16.0.0.3
03-14 00:29:56.210  1830  1970 I bauth_FPBAuthService: thread id : 1, preenroll_flag : 0, nd cnt : 0, cso : 0, et : 0
03-14 00:29:56.210  1830  1970 I bauth_FPBAuthService: FPBAuthService::timerHandler complete
03-14 00:29:57.212  1830  1970 I bauth_FPBAuthService: pcf : 0x1012, 0 ,1 ,0 ,0 ,0 ,0, 16.0.0.3
03-14 00:29:57.212  1830  1970 I bauth_FPBAuthService: thread id : 1, preenroll_flag : 0, nd cnt : 0, cso : 0, et : 0
03-14 00:29:57.212  1830  1970 I bauth_FPBAuthService: FPBAuthService::timerHandler complete
03-14 00:29:58.012  1673  1692 E thermal_core: find_tz_idx_by_name:"Failed to find thermal zone index of ap_ntc\n"
03-14 00:29:58.013  1673  1692 E thermal_core: find_tz_idx_by_name:"Failed to find thermal zone index of mtk-master-charger\n"
03-14 00:29:58.214  1830  1970 I bauth_FPBAuthService: pcf : 0x1012, 0 ,1 ,0 ,0 ,0 ,0, 16.0.0.3
03-14 00:29:58.215  1830  1970 I bauth_FPBAuthService: thread id : 1, preenroll_flag : 0, nd cnt : 0, cso : 0, et : 0
03-14 00:29:58.215  1830  1970 I bauth_FPBAuthService: FPBAuthService::timerHandler complete
03-14 00:29:58.392   582   582 D io_stats: !@   8,32 r 3713592 79175804 w 2451366 31807412 d 312161 187283200 f 206736 239435 iot 1166448 0 th 0 0 0 pt 0 inp 0 0 51211.678
03-14 00:29:58.393   582   582 D io_stats: !@ Write_top(KB): kworker/u32:4:/(8156) 32 vendor.samsung.:normal(1528) 8
03-14 00:29:59.216  1830  1970 I bauth_FPBAuthService: pcf : 0x1012, 0 ,1 ,0 ,0 ,0 ,0, 16.0.0.3
03-14 00:29:59.216  1830  1970 I bauth_FPBAuthService: thread id : 1, preenroll_flag : 0, nd cnt : 0, cso : 0, et : 0
03-14 00:29:59.216  1830  1970 I bauth_FPBAuthService: FPBAuthService::timerHandler complete
03-14 00:29:59.335  2857  2857 I wpa_supplicant: Heartbeat 1453
03-14 00:30:00.216  1830  1970 I bauth_FPBAuthService: pcf : 0x1012, 0 ,1 ,0 ,0 ,0 ,0, 16.0.0.3
03-14 00:30:00.216  1830  1970 I bauth_FPBAuthService: thread id : 1, preenroll_flag : 0, nd cnt : 0, cso : 0, et : 0
03-14 00:30:00.216  1830  1970 I bauth_FPBAuthService: FPBAuthService::timerHandler complete
03-14 00:30:00.394   582   582 D io_stats: !@   8,32 r 3713592 79175804 w 2451366 31807412 d 312927 187304888 f 206736 239435 iot 1166540 0 th 0 0 0 pt 0 inp 2 0 51213.680
03-14 00:30:00.528  2748  3322 I DateTimeView: updateAll - getTimeFormat
03-14 00:30:00.529  2748  3322 D QSClockBellTower: onReceive(android.intent.action.TIME_TICK) mTimeZoneString:Europe/Istanbul
03-14 00:30:00.529  2083  2254 D ActivityManager: Received BROADCAST intent 0xc3439c9 Key{broadcastIntent pkg=android intent=act=FIRST_ALARM_TRIGGER_ACTION flg=0x40000000 xflg=0x4 pkg=android flags=0x4000000 u=0} requestCode=0 sent=0 from uid 1000
03-14 00:30:00.530  2748  2748 D ClockFaceEvents: onTimeTick. callers : com.android.keyguard.ClockEventController$keyguardUpdateMonitorCallback$1.refreshTime:19
03-14 00:30:00.530  2748  2748 D ClockFaceEvents: com.android.keyguard.ClockEventController$keyguardUpdateMonitorCallback$1.onTimeChanged:1
03-14 00:30:00.530  2748  2748 D ClockFaceEvents: com.android.keyguard.KeyguardUpdateMonitor$16.handleMessage:732
03-14 00:30:00.531  2748  2748 D ClockFaceEvents: onTimeTick. callers : com.android.keyguard.ClockEventController$keyguardUpdateMonitorCallback$1.refreshTime:38
03-14 00:30:00.531  2748  2748 D ClockFaceEvents: com.android.keyguard.ClockEventController$keyguardUpdateMonitorCallback$1.onTimeChanged:1
03-14 00:30:00.531  2748  2748 D ClockFaceEvents: com.android.keyguard.KeyguardUpdateMonitor$16.handleMessage:732
03-14 00:30:00.531  2748  2748 D FaceWidgetPagesController: onTimeChanged()
03-14 00:30:00.533  2083  2083 I EyeComfortSolutionService: action  :  android.intent.action.TIME_TICK
03-14 00:30:00.533  2748  2748 D FaceWidgetPagesController: refreshViews() reason = ON_TIME_TICK, force = false
03-14 00:30:00.535  2748  2748 D QSClockBellTower: He is ready to ring the bell. (((QSClockBellSound - TimeText:00:30, TimeContentDescription:00:30, DateText:14 Mart Cmt, ShortDateText:14 Mar Cmt, Demo:false)))
03-14 00:30:00.536  2748  2748 D QSClock : StatusBar clock=00:30 notifyTimeChanged(QSClockBellSound - TimeText:00:30, TimeContentDescription:00:30, DateText:14 Mart Cmt, ShortDateText:14 Mar Cmt, Demo:false) clockVisibleByPolicy=true, clockVisibleByUser=true, visible=false, parent=android.widget.LinearLayout{31c7954 V.E...... ........ 0,0-0,72 #7f0a069b app:id/left_clock_container} caller=com.android.systemui.statusbar.phone.fragment.CollapsedStatusBarFragment.animateHiddenState:96 com.android.systemui.statusbar.phone.fragment.CollapsedStatusBarFragment.updateStatusBarVisibilitiesInner:260 com.android.systemui.statusbar.phone.fragment.CollapsedStatusBarFragment$$ExternalSyntheticLambda1.run:6 com.android.systemui.statusbar.phone.fragment.CollapsedStatusBarFragmentExt.onKeyguardShowingChanged:10 com.android.systemui.statusbar.policy.KeyguardStateControllerImpl$$ExternalSyntheticLambda0.accept:24  
03-14 00:30:00.536  2083  2128 D ActivityManager: sync unfroze 20529 com.android.settings for 10
03-14 00:30:00.537  2748  2748 D QSClockBellTower: Everyone heard the bell. run(currentTime:1773437400534, getTime():Sat Mar 14 00:30:00 GMT+03:00 2026, getTimeZone():libcore.util.ZoneInfo[mDstSavings=0,mUseDst=false,mDelegate=[id="Europe/Istanbul",mRawOffset=10800000,mEarliestRawOffset=6952000,transitions=115]])
03-14 00:30:00.537  2748  2748 I ChargingInfoOnlyContainer: onTimerExpired: 
03-14 00:30:00.538  2748  2748 I AODAlarmTimer_AOD_CHARGING_INFO_TICK: onAlarm: 
03-14 00:30:00.538  2748  2748 I AODAlarmTimer_AOD_CHARGING_INFO_TICK: setAlarm: expiration = 03/14/2026 00:31
03-14 00:30:00.540  2083  2128 D ActivityManager: sync unfroze 16063 com.samsung.android.lool for 10
03-14 00:30:00.541  1567  1987 I VSyncReactor: Current= 90, Period= 90, hwcPeriod= 90
03-14 00:30:00.541  2083  2128 D ActivityManager: sync unfroze 31829 com.samsung.android.dqagent for 10
03-14 00:30:00.542  2083  2128 D ActivityManager: sync unfroze 8825 com.samsung.android.sm.provider for 10
03-14 00:30:00.543  2083  2128 D ActivityManager: sync unfroze 29487 com.samsung.android.provider.filterprovider for 10
03-14 00:30:00.544  2083  2128 D ActivityManager: sync unfroze 29454 com.android.keychain for 10
03-14 00:30:00.545  2083  2128 D ActivityManager: sync unfroze 30808 com.samsung.android.smartface for 10
03-14 00:30:00.547  2083  2128 D ActivityManager: sync unfroze 1299 com.samsung.sait.sohservice for 10
03-14 00:30:00.549  2083  2083 D PDSTrigger: mPolicyIntentReceiver broadcast received action : FIRST_ALARM_TRIGGER_ACTION
03-14 00:30:00.552  2083 13191 D PerProcessNandswap$NandswapHandler: nandswap start for non-activity com.samsung.android.lool(pid 16063) action:14 adj:250 type:1
03-14 00:30:00.557  2748  2748 I SecKeyguardClockPositionAlgorithm: prepareClockContainerHeightChanging:
03-14 00:30:00.558  2083  2083 D MARsTrigger: mPolicyIntentReceiver broadcast received action : FIRST_ALARM_TRIGGER_ACTION
03-14 00:30:00.558  2083  2164 D MARsPolicyManager: triggerAction called!
03-14 00:30:00.559  2083  2164 I NSLocationMonitor: getGPSUsingApps() called
03-14 00:30:00.559  3549 14748 I NSLocationManager_FLP: getGPSUsingApps, No change
03-14 00:30:00.561  2748  2748 I SecKeyguardClockPositionAlgorithm: prepareClockContainerHeightChanging:
03-14 00:30:00.563  2083  2164 W Binder  : Outgoing transactions from this process must be FLAG_ONEWAY
03-14 00:30:00.563  2083  2164 W Binder  : java.lang.Throwable
03-14 00:30:00.563  2083  2164 W Binder  : 	at android.os.BinderProxy.transact(BinderProxy.java:566)
03-14 00:30:00.563  2083  2164 W Binder  : 	at android.bluetooth.IBluetoothGatt$Stub$Proxy.getAdvertisingSetUids(IBluetoothGatt.java:1678)
03-14 00:30:00.563  2083  2164 W Binder  : 	at android.bluetooth.BluetoothAdapter.getAdvertisingSetUids(BluetoothAdapter.java:8476)
03-14 00:30:00.563  2083  2164 W Binder  : 	at android.bluetooth.BluetoothAdapter.getHWUsingApps(BluetoothAdapter.java:1342)
03-14 00:30:00.563  2083  2164 W Binder  : 	at com.android.server.am.mars.filter.filter.BlueToothConnectedFilter.updateBTUsingPackages(qb/105350715 268999f8a14e7f8abd6a326b97f385fa09379427d12c342cfc170109611a7a5c:22)
03-14 00:30:00.563  2083  2164 W Binder  : 	at com.android.server.am.MARsPolicyManager.triggerAction(qb/105350715 268999f8a14e7f8abd6a326b97f385fa09379427d12c342cfc170109611a7a5c:96)
03-14 00:30:00.563  2083  2164 W Binder  : 	at com.android.server.am.MARsHandler$MainHandler.handleMessage(qb/105350715 268999f8a14e7f8abd6a326b97f385fa09379427d12c342cfc170109611a7a5c:1830)
03-14 00:30:00.563  2083  2164 W Binder  : 	at android.os.Handler.dispatchMessage(Handler.java:110)
03-14 00:30:00.563  2083  2164 W Binder  : 	at android.os.Looper.loopOnce(Looper.java:273)
03-14 00:30:00.563  2083  2164 W Binder  : 	at android.os.Looper.loop(Looper.java:363)
03-14 00:30:00.563  2083  2164 W Binder  : 	at com.android.server.am.MARsHandler$MainThread.run(qb/105350715 268999f8a14e7f8abd6a326b97f385fa09379427d12c342cfc170109611a7a5c:27)
03-14 00:30:00.575  1567  1567 I BufferQueueProducer: [NotificationShade$_2748#15750](this:0xb400006f8263b638,id:-1,api:0,p:-1,c:1567) queueBuffer: fps=0.13 dur=15379.81 max=15346.60 min=33.21
03-14 00:30:00.577  1501  1501 I hwcomposer: [HWCDisplay] (0 updateFps():4131), (type:1, mode:2) fps:0.195070,dur:15379.09,max:15296.87,min:31.65  
03-14 00:30:00.578  2083  2164 D FreecessController: FZ : com.spotify.music(10290) [28298] reason: LEV [cached:X
03-14 00:30:00.580  2083  3553 W LocationManagerService: onFreezeStateChanged, uid[10290]=true
03-14 00:30:00.580  2083  3553 I PowerManagerService: [PWL] SetWakeLockEnableDisable uid = 10290 , disable= true
03-14 00:30:00.580  2083  3553 I PowerManagerService: [PWL] can not change uid =  10290
03-14 00:30:00.581  2083 13191 D PerProcessNandswap$NandswapHandler: nandswap end for non-activity com.samsung.android.lool(pid 16063) ret:8589918208 adj:250
03-14 00:30:00.658  1501  1884 I hwcomposer: [HWC] (0)fire a callback of refresh to SF[4]  
03-14 00:30:00.667  1567  1567 I BufferQueueProducer: [FramebufferSurface](this:0xb400006faf4f0370,id:-1,api:1,p:1567,c:1567) queueBuffer: fps=0.06 dur=15387.69 max=15387.69 min=15387.69
03-14 00:30:00.687  2083  2083 W LoadedApk: Slow system_server main thread handled for android.os.action.POWER_SAVE_TEMP_WHITELIST_CHANGED took 124 ms, Receiver = com.android.server.job.controllers.DeviceIdleJobsController$1@9887b6c
03-14 00:30:00.688  2083  2083 W Looper  : Slow dispatch took 124ms main app=system_server main=true group=FOREGROUND h=android.app.ActivityThread$H c=android.app.LoadedApk$ReceiverDispatcher$Args$$ExternalSyntheticLambda0@c70989d m=0
03-14 00:30:00.827  3238  7329 I id.app.launcher: Explicit concurrent mark compact GC freed 2731KB AllocSpace bytes, 8(416KB) LOS objects, 66% free, 18MB/56MB, paused 1.275ms,4.184ms total 245.805ms
03-14 00:30:01.016  1673  1692 E thermal_core: find_tz_idx_by_name:"Failed to find thermal zone index of ap_ntc\n"
03-14 00:30:01.016  1673  1692 E thermal_core: find_tz_idx_by_name:"Failed to find thermal zone index of mtk-master-charger\n"
03-14 00:30:01.217  1830  1970 I bauth_FPBAuthService: pcf : 0x1012, 0 ,1 ,0 ,0 ,0 ,0, 16.0.0.3
03-14 00:30:01.217  1830  1970 I bauth_FPBAuthService: thread id : 1, preenroll_flag : 0, nd cnt : 0, cso : 0, et : 0
03-14 00:30:01.217  1830  1970 I bauth_FPBAuthService: FPBAuthService::timerHandler complete
03-14 00:30:01.836  3238  7329 I HoneySpace.Memory-Monitor: calTrimLevel propValue: 0
03-14 00:30:01.836  3238  7329 I HoneySpace.Memory-Monitor: time diff = 6271
03-14 00:30:01.837  3238  7329 I HoneySpace.MemoryAwait:  awaitJob is null, no need to proceed..
03-14 00:30:01.837  3238 27254 I HoneySpace.Memory-Monitor: trimMemory 20
03-14 00:30:02.042  2976  2875 D IpClient/wlan0: routeRemoved: 2a00:1d35:1012:8e00::/56 -> fe80::aa6e:84ff:fe4a:1ca5 wlan0 mtu 0
03-14 00:30:02.043  2976  2875 D IpClient/wlan0: routeRemoved: ::/0 -> fe80::aa6e:84ff:fe4a:1ca5 wlan0 mtu 0
03-14 00:30:02.051  2083  2509 D ConnectivityService: Update of LinkProperties for [126 WIFI]; created=105084710; firstConnected=105084752
03-14 00:30:02.055  2083  2509 D ConnectivityService: Removing Route [::/0 -> fe80::aa6e:84ff:fe4a:1ca5 wlan0 mtu 0] from network 126
03-14 00:30:02.057  1482  1527 E netd    : Error deleting route ::/0 -> fe80::aa6e:84ff:fe4a:1ca5 wlan0 to table 1053: No such process
03-14 00:30:02.058  2083  2509 E ConnectivityService: Exception in removeRoute: android.os.ServiceSpecificException: No such process (code 3)
03-14 00:30:02.058  2083  2509 D ConnectivityService: Removing Route [2a00:1d35:1012:8e00::/56 -> fe80::aa6e:84ff:fe4a:1ca5 wlan0 mtu 0] from network 126
03-14 00:30:02.060  1482  1527 E netd    : Error deleting route 2a00:1d35:1012:8e00::/56 -> fe80::aa6e:84ff:fe4a:1ca5 wlan0 to table 1053: No such process
03-14 00:30:02.061  2083  2509 E ConnectivityService: Exception in removeRoute: android.os.ServiceSpecificException: No such process (code 3)
03-14 00:30:02.063  2083  2509 D ConnectivityService: notifyType CALLBACK_IP_CHANGED for [126 WIFI]
03-14 00:30:02.065  2083  2612 I WifiConnectivityMonitor: Link configuration changed for netId: 126
03-14 00:30:02.065  2083  2612 D WifiConnectivityMonitor: return true by ipv6 provisioning failure
03-14 00:30:02.067  2083  2545 I SemClientModeManager: network callback onLinkPropertiesChanged 126
03-14 00:30:02.067  2748  2993 I WifiPickerTracker: NetworkCallback : onLinkPropertiesChanged
03-14 00:30:02.068  2748  2993 D WifiPickerTracker: handleLinkPropertiesChanged
03-14 00:30:02.068  2083  2612 D WifiConnectivityMonitor: CMD_PROVISIONING_FAIL
03-14 00:30:02.068  2083  2612 D WifiConnectivityMonitor: QC is queried to NM. Waiting for result, [t] : 3
03-14 00:30:02.068  2083  2612 D ConnectivityManager: StackLog: [android.net.ConnectivityManager.reportNetworkConnectivity(ConnectivityManager.java:3687)] [com.samsung.android.server.wifi.SemWifiConnectivityMonitor.reportNetworkConnectivityToNM(qb/105350715 9b0ddc160d78564225aa2ce47876b6e77c77e9aaa30d20713bfa13e423190ba4:11)] [com.samsung.android.server.wifi.SemWifiConnectivityMonitor$ValidState.processMessage(qb/105350715 9b0ddc160d78564225aa2ce47876b6e77c77e9aaa30d20713bfa13e423190ba4:30)] [com.android.internal.util.StateMachine$SmHandler.processMsg(StateMachine.java:1002)] [com.android.internal.util.StateMachine$SmHandler.handleMessage(StateMachine.java:820)]
03-14 00:30:02.068  2083  2612 D ConnectivityManager: StackLog: [android.net.ConnectivityManager.reportNetworkConnectivity(ConnectivityManager.java:3687)] [com.samsung.android.server.wifi.SemWifiConnectivityMonitor.reportNetworkConnectivityToNM(qb/105350715 9b0ddc160d78564225aa2ce47876b6e77c77e9aaa30d20713bfa13e423190ba4:12)] [com.samsung.android.server.wifi.SemWifiConnectivityMonitor$ValidState.processMessage(qb/105350715 9b0ddc160d78564225aa2ce47876b6e77c77e9aaa30d20713bfa13e423190ba4:30)] [com.android.internal.util.StateMachine$SmHandler.processMsg(StateMachine.java:1002)] [com.android.internal.util.StateMachine$SmHandler.handleMessage(StateMachine.java:820)]
03-14 00:30:02.069  2083  2574 D SemClientModeManager: notifyLinkConfiguredChangedEvent wlan0
03-14 00:30:02.073 14749 14795 I NearbyPresence: (REDACTED) NetworkMonitorImpl onLinkPropertiesChanged %s
03-14 00:30:02.075  2083  2509 D ConnectivityService: reportNetworkConnectivity(126, false) by 1000
03-14 00:30:02.077  2976  1437 D NetworkMonitor/126: Forcing reevaluation for UID 1000. Dns signal count: 0
03-14 00:30:02.098  2083  2910 D NetdEventListenerService: CSC Feature value: true
03-14 00:30:02.098  2083  2910 D NetdEventListenerService: CSC Feature value: true
03-14 00:30:02.102  2976  9030 D NetworkMonitor/126: PROBE_DNS connectivitycheck.gstatic.com 20ms OK 172.217.21.195
03-14 00:30:02.103  2083  2640 D NetdEventListenerService: DNS Requested by 126, 1073(com.google.android.networkstack.tethering,...), SUCCESS, 0ms
03-14 00:30:02.107  2083  2640 D NetdEventListenerService: DNS Requested by 126, 1073(com.google.android.networkstack.tethering,...), SUCCESS, 4ms
03-14 00:30:02.108  2083  2509 D ConnectivityService: reportNetworkActive, notify 2 listeners
03-14 00:30:02.112  2976  9031 D NetworkMonitor/126: PROBE_DNS connectivitycheck.gstatic.com 30ms OK 172.217.21.195
03-14 00:30:02.117  2083  2640 D NetdEventListenerService: DNS Requested by 126, 1073(com.google.android.networkstack.tethering,...), SUCCESS, 3ms
03-14 00:30:02.122  2083  2640 D NetdEventListenerService: DNS Requested by 126, 1073(com.google.android.networkstack.tethering,...), SUCCESS, 3ms
03-14 00:30:02.218  1830  1970 I bauth_FPBAuthService: pcf : 0x1012, 0 ,1 ,0 ,0 ,0 ,0, 16.0.0.3
03-14 00:30:02.218  1830  1970 I bauth_FPBAuthService: thread id : 1, preenroll_flag : 0, nd cnt : 0, cso : 0, et : 0
03-14 00:30:02.218  1830  1970 I bauth_FPBAuthService: FPBAuthService::timerHandler complete
03-14 00:30:02.398   582   582 D io_stats: !@   8,32 r 3713592 79175804 w 2451368 31807420 d 312984 187305456 f 206736 239435 iot 1166548 0 th 0 0 0 pt 0 inp 0 0 51215.683
03-14 00:30:02.399   582   582 D io_stats: !@ Write_top(KB): .apps.messaging:low(9404) 4 sait.sohservice:low(1299) 4
03-14 00:30:02.580 14749  8586 I NearbySharing: Network state changed: NetworkState(isRestricted=false, isOnline=true, isCongested=false, isMetered=false, isWifiConnected=true)
03-14 00:30:02.732  5068  6278 I SDHMS:x : SIOP:: AP:347 BAT:320 USB:329 CHG:356 PA:343 WIFI:342 BLK:0 SUBBAT:0 SKIN:330 SKINF:322 SKINB:330 LRP2:330 LRF2:322 LRB2:330 AP2:329 CHG2:324 MEM2:330 WIFI2:329 SPK2:313 VAP05:350 AVGCUR:791 AVGSYS:0 POWER:3417
03-14 00:30:02.956 24620 24711 I DGW     : I[notifyPingFailure:2144] StreamGroupTransport[notifgateway] kill connection on ping timeout
03-14 00:30:02.956 24620 24711 W DGW     : W[closeNetworkConnection:61] DGW Closing MNS connection based on throttling rate 5000ms
03-14 00:30:02.956 24620 24711 I DGW     : I[notifyStreamGroupError:1806] StreamGroupTransport[notifgateway] notify StreamGroup error: StreamGroupNetworkRequest failed - ping timeout error
03-14 00:30:03.218  1830  1970 I bauth_FPBAuthService: pcf : 0x1012, 0 ,1 ,0 ,0 ,0 ,0, 16.0.0.3
03-14 00:30:03.219  1830  1970 I bauth_FPBAuthService: thread id : 1, preenroll_flag : 0, nd cnt : 0, cso : 0, et : 0
03-14 00:30:03.219  1830  1970 I bauth_FPBAuthService: FPBAuthService::timerHandler complete
03-14 00:30:03.839  4113  5083 V CpEventLog(u0): [P] cp_state: [                 contacts = {contacts=50, raw_contacts=116, data=402, account={secphone(1)=27, google(2)=16, sim(3)=10, sim2(4)=0, agg(5)=0, google(6)=0, google(7)=0, samsung(8)=0, mobileservice(9)=0, coreapp(10)=4, com.samsung.android.email(11)=0, com.samsung.android.email(12)=0, com.samsung.android.email(13)=0, com.samsung.android.email(14)=0, google(18)=1, whatsapp(65)=45, google(79)=0, www.instagram.com(80)=0, google(81)=0, google(83)=0, google(84)=0, google(85)=0, google(86)=0, google(87)=0, google(88)=0, google(89)=0}, trash=0, trash_acc={}, trash_sync=13, database=contacts2.db} ]
03-14 00:30:03.839  4113  5083 V CpEventLog(u0): [P] cp_state: [               aggregated = {[1,10]=1, [1,65,3]=3, [1,65]=21, [1]=2, [2,65,10]=3, [2,65,3]=1, [2,65]=11, [2]=1, [3]=1, [65,18]=1, [65,3]=5} ]
03-14 00:30:03.839  4113  5083 V CpEventLog(u0): [P] cp_state: [                  request = {} ]
03-14 00:30:03.839  4113  5083 V CpEventLog(u0): [P] cp_state: [                    calls = {types={[100]=217, [300]=285, [500]=1, [1000]=1781, [1150]=1}, database=calllog.db} ]
03-14 00:30:03.839  4113  5083 V CpEventLog(u0): [P] cp_state: [                  profile = {contacts=0, raw_contacts=0, data=0, account={secphone(1)=0, google(2)=0, sim(3)=0, sim2(4)=0, agg(5)=0, google(6)=0, google(7)=0, samsung(8)=0, mobileservice(9)=0, coreapp(10)=0, com.samsung.android.email(11)=0, com.samsung.android.email(12)=0, com.samsung.android.email(13)=0, com.samsung.android.email(14)=0, google(18)=0, whatsapp(50)=0, google(64)=0, www.instagram.com(65)=0, google(66)=0, google(68)=0, google(69)=0, google(70)=0, google(71)=0, google(72)=0, google(73)=0, google(74)=0}, trash=0, trash_acc={}, trash_sync=0, database=profile.db} ]
03-14 00:30:03.839  4113  5083 V CpEventLog(u0): [P] cp_state: [               sa_profile = {contacts=1, raw_contacts=1, data=1, account={secphone(1)=1, google(2)=0, sim(3)=0, sim2(4)=0, agg(5)=0, google(6)=0, google(7)=0, samsung(8)=0, mobileservice(9)=0, coreapp(10)=0, com.samsung.android.email(11)=0, com.samsung.android.email(12)=0, com.samsung.android.email(13)=0, com.samsung.android.email(14)=0, google(18)=0, whatsapp(50)=0, google(64)=0, www.instagram.com(65)=0, google(66)=0, google(68)=0, google(69)=0, google(70)=0, google(71)=0, google(72)=0, google(73)=0, google(74)=0}, trash=0, trash_acc={}, trash_sync=0, database=profile_sa.db} ]
03-14 00:30:03.839  4113  5083 V CpEventLog(u0): [P] cp_state: [                      etc = {binders=0, country_iso=TR, version=15.6.28, db_version=2000, db_size=0, db_wal_size=1, csc=/, sec_enabled=false, is_roaming=false} ]
03-14 00:30:03.839  4113  5083 V CpEventLog(u0): [P] cp_state: ------------------------------------------------------------------------------
03-14 00:30:04.016  1673  1692 E thermal_core: find_tz_idx_by_name:"Failed to find thermal zone index of ap_ntc\n"
03-14 00:30:04.017  1673  1692 E thermal_core: find_tz_idx_by_name:"Failed to find thermal zone index of mtk-master-charger\n"
03-14 00:30:04.017  1673  1692 E thermal_core: find_tz_idx_by_name:"Failed to find thermal zone index of camera0\n"
03-14 00:30:04.017  1673  1692 E thermal_core: find_tz_idx_by_name:"Failed to find thermal zone index of mtk-master-charger\n"
03-14 00:30:04.017  1673  1692 E thermal_core: find_tz_idx_by_name:"Failed to find thermal zone index of nrpa_ntc\n"
03-14 00:30:04.017  1673  1692 E thermal_core: dump_thermal_log:"Error: sccanf error, ret=9\n"
03-14 00:30:04.019  1673  1692 E thermal_core: node_read:"Failed to read /sys/class/thermal/thermal_zone2/temp: No data available\n"
03-14 00:30:04.019  1673  1692 I thermal_core: "soc/nr/lte/ap_ntc/tpcb/conn/chg/cam/c_ttj/g_ttj/a_ttj=0/-274000/33900/-274000/46000/27000/-274000/-274000/85000/85000/85000\n"
03-14 00:30:04.019  1673  1692 I thermal_core: "[C(l)(c)(i)][G(l)(c)][A(l)(c)][TH][D]=[(666666/666666/666666)(500/725/0)(0x0)][(666666)(666666)][(666666666)(666666666)][0][1600]\n"
03-14 00:30:04.019  1673  1692 E thermal_core: node_read:"Failed to open /sys/kernel/helio-dvfsrc/dvfsrc_therm_info: No such file or directory\n"
03-14 00:30:04.019  1673  1692 I thermal_core: "1600"
03-14 00:30:04.219  1830  1970 I bauth_FPBAuthService: pcf : 0x1012, 0 ,1 ,0 ,0 ,0 ,0, 16.0.0.3
03-14 00:30:04.219  1830  1970 I bauth_FPBAuthService: thread id : 1, preenroll_flag : 0, nd cnt : 0, cso : 0, et : 0
03-14 00:30:04.219  1830  1970 I bauth_FPBAuthService: FPBAuthService::timerHandler complete
03-14 00:30:04.401   582   582 D io_stats: !@   8,32 r 3713592 79175804 w 2451377 31807520 d 312984 187305456 f 206736 239435 iot 1166556 0 th 0 0 0 pt 0 inp 0 0 51217.687
03-14 00:30:04.463 24620 24711 I DGW     : I[sendRequest:90] StreamGroupConnectivityAwareNetworkLayer[notifgateway] processing request with connection state: 1
03-14 00:30:04.463 24620 24711 I DGW     : I[sendRequest:109] StreamGroupMNSNetworkLayer[notifgateway] DGW Connecting to https://z-m-gateway.facebook.com/notifgateway
03-14 00:30:04.466 24620 24711 W fbservices-stub:NotificationDeliveryStorePreferences: [AI] Failed to deserialize notification item
03-14 00:30:04.467 24620 24711 W fbservices-stub:NotificationDeliveryStorePreferences: [AI] Failed to deserialize notification item
03-14 00:30:05.219  1830  1970 I bauth_FPBAuthService: pcf : 0x1012, 0 ,1 ,0 ,0 ,0 ,0, 16.0.0.3
03-14 00:30:05.220  1830  1970 I bauth_FPBAuthService: thread id : 1, preenroll_flag : 0, nd cnt : 0, cso : 0, et : 0
03-14 00:30:05.220  1830  1970 I bauth_FPBAuthService: FPBAuthService::timerHandler complete
03-14 00:30:05.347  1528  1554 E BatteryDump: !@new_battery_dump : 4320,785,3000,3150,88,320,329,356,0,0,331,356,0,Charging,NO_CHARGING,Normal,Good,PDIC,0,Normal,0,0,9524,0x0,0x10000,0x0,0,0,0000,0000,00000000,0,0,0,0,486,4155,8640,980,0,
03-14 00:30:05.354  2083  3241 D [SS]BattFunctions: [sendRemainingChargingTimeChangedIntent]remainingChargingTime:1639 ,mLastRemainingChargingTime:1646
03-14 00:30:05.355  1536  1536 I seh_thermal_service: getTemperaturesWithType SehTemperatureType: 3
03-14 00:30:05.355  1528  1528 I sehhealth-service: updateLrpSysfs: write: 330
03-14 00:30:05.360  2748  2748 I AODBatteryManager: updateBatteryData: ACTION_BATTERY_CHANGED: false, isSleepModeChanged:false ,isRemainingTimeChanged: true, isUSBRestriction: false
03-14 00:30:05.361  2748  2748 I ChargingInfoManager: updateChargingInfo: newState = AOD ChargingInfo [mState=BATTERY_AND_REMAIN_TIME, mIsCharging=true, mIsPlugged=true, mIsFullyCharged=false, mIsBatteryProtectMode=false, mBetteryLevel=88, mBetteryProtectModeType3, mIsSlowChargingfalse], oldState = AOD ChargingInfo [mState=BATTERY_AND_REMAIN_TIME, mIsCharging=true, mIsPlugged=true, mIsFullyCharged=false, mIsBatteryProtectMode=false, mBetteryLevel=88, mBetteryProtectModeType3, mIsSlowChargingfalse]
03-14 00:30:05.365  2748  2748 D PowerUI : Remaining charging time : 1639
03-14 00:30:05.365  2748  2748 D PowerUI : Charging time is changed, check charging notification
03-14 00:30:05.367  2748  2748 D PowerUI.Notification: showChargingNotice - Battery Level : 88 -> 88, Charging Type : 11 -> 11, Charging Time : 1646 -> 1639, Maximum protection : false -> false, Maximum threshold : 80 -> 80
03-14 00:30:05.369  1567  1987 I VSyncReactor: Current= 90, Period= 90, hwcPeriod= 90
03-14 00:30:05.373  2748  2748 I NotificationManager: com.android.systemui: notify(2131364006, charging_state, Notification(channel=CHR shortcut=null contentView=null vibrate=null sound=null defaults=0 flags=ONGOING_EVENT|ONLY_ALERT_ONCE color=0x00000000 category=sys groupKey=CHARGING vis=PUBLIC semFlags=0x0 semPriority=0 semMissedCount=0)) as user
03-14 00:30:05.379  2083  5195 W PermissionService: getPermissionFlags: Unknown user -1
03-14 00:30:05.380  2083  5195 W PermissionService: getPermissionFlags: Unknown user -1
03-14 00:30:05.382  2748  2748 I ChargingInfoView: handleMessage: MSG_SHOW_CHARGING_INFO
03-14 00:30:05.382  2748  2748 I BottomChargingInfoView: updateContents: BATTERY_AND_REMAIN_TIME
03-14 00:30:05.382  2748  2748 I AOD_WAKELOCK@WakeLockManager: acquireIfExists: tag - charging_info, timeout - 1000, reason - Charging Info is updating, delay by 500, wakeLock = WakeLock{432cb95 held=false, refCount=0}
03-14 00:30:05.384  2083  5195 D PowerManagerService: [api] acquire WakeLock DRAW_WAKE_LOCK                    'charging_info' (uid=10060 pid=2748 displayId=0 lock=5893344)
03-14 00:30:05.385  2083  5195 D PowerManagerService: displayReady: false groupId=0
03-14 00:30:05.385  2083  2176 D DisplayPowerController[0]: animateScreenStateChange: target=DOZE, mIsEnabled=true
03-14 00:30:05.386  2748  2748 I ChargingInfoManager: getDeviceRemainingTime: Dolmasına 27 dk
03-14 00:30:05.387  2748  2748 I AOD_WAKELOCK@WakeLockManager: acquireIfExists: tag - charging_info, timeout - 5500, reason - Charging Info is updating, delay by 5000, wakeLock = WakeLock{432cb95 held=true, refCount=1}
03-14 00:30:05.387  2748  2748 I AbsChargingInfoComponent: setVisibilityWithAnim: skipped true
03-14 00:30:05.389  2083  2176 I DisplayPowerController[0]: BrightnessEvent: brt=0.16470589 (65.0%), nits= 42.077, lux=-1.0, reason=manual, strat=FallbackBrightnessStrategy, state=DOZE, stateReason=DRAW_WAKE_LOCK, policy=DOZE, flags=, initBrt=0.16470589, rcmdBrt=NaN, preBrt=NaN, preLux=0.0, wasShortTermModelActive=false, autoBrightness=false (default), unclampedBrt=0.16470589, hbmMax=1.0, hbmMode=off, thrmMax=1.0, rbcStrength=-1, powerFactor=1.0, physDisp=Yerleşik Ekran(local:4627039422300187648), logicalId=0, slowChange=false, rampSpeed=0.0
03-14 00:30:05.391  2083  2637 D DisplayManagerService: !@display_state requestDisplayStateInternal: DOZE_SUSPEND -> DOZE displayId=0
03-14 00:30:05.391  2748  2748 I SecKeyguardClockPositionAlgorithm: prepareClockContainerHeightChanging:
03-14 00:30:05.391  1520  1550 I mtkpower@impl: [setMode] type:9, enabled:1
03-14 00:30:05.391  1520  1550 I mtkpower@impl: [setMode] Mode::DISPLAY_INACTIVE: 1
03-14 00:30:05.392  2083  2637 D SemInputDeviceManagerService: setDisplayState[1] EARLY: DOZE_SUSPEND(4) -> DOZE(3)
03-14 00:30:05.393  2083  2116 I DisplayDeviceRepository: Display device changed state: "Yerleşik Ekran", DOZE
03-14 00:30:05.394  2083  2558 D SemInputDevice:TSP: ActivateTask: 3,0 [03-14 00:30:05.392]
03-14 00:30:05.394  2083  2637 D LocalDisplayAdapter: notifyStateChangeStart: com.samsung.android.hardware.secinputdev.external.DisplayStateListenerWrapper$1@c7e080a took 2 ms
03-14 00:30:05.395  2083  2637 D LocalDisplayAdapter: notifyStateChangeStart: com.android.server.biometrics.SemBiometricDisplayStateMonitor@478eea8 took 0 ms
03-14 00:30:05.395  2083  2637 W LocalDisplayAdapter: !@display_state - 2442 : DOZE_SUSPEND -> DOZE (MAIN)
03-14 00:30:05.395  1534  1546 I sysinput:aidl: onReportInformation:93, 1, enabled@3,0:0
03-14 00:30:05.395  2748  2748 I SecKeyguardClockPositionAlgorithm: prepareClockContainerHeightChanging:
03-14 00:30:05.396  2083  2114 D WindowManager: DeferredDisplayUpdater: partially applying DisplayInfo(1080 x 2340) immediately
03-14 00:30:05.396  2083  2176 D BrightnessThermalClamper: Thermal status observer already started
03-14 00:30:05.396  1567  1567 D SurfaceFlinger: Setting power mode 2 on physical display 4627039422300187648
03-14 00:30:05.397  2083  2558 D SysinputHAL_AIDL: activate(TSP(1)),3,0 ret=0
03-14 00:30:05.396  1534  1546 I sysinput:Touch1: operator():133, 3,0 OK
03-14 00:30:05.397  2083  2637 W LocalDisplayAdapter: !@display_state - 2442 : DOZE (MAIN) took 2 ms
03-14 00:30:05.397  2083  2637 D SemInputDeviceManagerService: setDisplayState[1] LATE: DOZE(3) -> DOZE(3)
03-14 00:30:05.397 29780 29780 D AudioFlinger: setParameters: filtered dev setParameters keyvalue screen_state=off
03-14 00:30:05.397  2083  2637 D LocalDisplayAdapter: notifyStateChangeFinish: com.samsung.android.hardware.secinputdev.external.DisplayStateListenerWrapper$1@c7e080a took 0 ms
03-14 00:30:05.397  2083  2637 D LocalDisplayAdapter: notifyStateChangeFinish: com.android.server.biometrics.SemBiometricDisplayStateMonitor@478eea8 took 0 ms
03-14 00:30:05.398  2083  2476 I SemBiometricDisplayStateMonitor: DisplayStateListener#onStart : DOZE, DOZE, DEFAULT_DISPLAY
03-14 00:30:05.398  2083  2476 I SemBiometricDisplayStateMonitor: DisplayStateListener#onFinish : DOZE, DOZE, DEFAULT_DISPLAY
03-14 00:30:05.398 29783 29783 D AudioALSAHardware: +setParameters(): screen_state=off
03-14 00:30:05.399 29783 29783 D AudioALSAHardware: -setParameters(): screen_state=off
03-14 00:30:05.399  2083  2176 D DisplayPowerController[0]: setActualDisplayState: DOZE_SUSPEND -> DOZE
03-14 00:30:05.399  2083  2176 D DisplayPowerController[0]: animateScreenStateChange: target=DOZE, mIsEnabled=true
03-14 00:30:05.400  2083  2176 D DisplayPowerController[0]: animateScreenStateChange: target=DOZE, mIsEnabled=true
03-14 00:30:05.400  2083  2083 D SGM:GameManager: onDisplayChanged. displyId: 0, state: 3
03-14 00:30:05.401  2748  2748 I MODManager: onShow ChargingInfoOnlyContainer
03-14 00:30:05.401  3238 27254 I HoneySpace.Memory-Monitor: current state = 3, didTrim = true
03-14 00:30:05.401  2748  2748 W MODManager: this device does not supports cover
03-14 00:30:05.402  2748  2748 D DisplayLifecycle: updateDisplay id = 0
03-14 00:30:05.402  3238  3238 I VRI[LauncherActivity]@79a9058: onDisplayChanged oldDisplayState=4 newDisplayState=3
03-14 00:30:05.403  3238  3238 I VRI[RecentsTransitionOverlay]@815033c: onDisplayChanged oldDisplayState=4 newDisplayState=3
03-14 00:30:05.404  2083  2558 D SemInputDevice:TSP: ActivateTask: 3,1 [03-14 00:30:05.397]
