03-14 00:30:05.404  3238  3238 I VRI[CocktailBarService]@b870e79: onDisplayChanged oldDisplayState=4 newDisplayState=3
03-14 00:30:05.404  3238  3238 I VRI[RecentsActivity]@a5b1272: onDisplayChanged oldDisplayState=4 newDisplayState=3
03-14 00:30:05.404  5415  5415 I HBD     : DeX h DeX mode state change in non-main thread 
03-14 00:30:05.404  5415  5415 I HBD     : DeX h DeX mode state change: 3 
03-14 00:30:05.404  5415  5415 I VRI[InputMethod]@e345dc8: onDisplayChanged oldDisplayState=4 newDisplayState=3
03-14 00:30:05.405  2083  2176 D PowerManagerService: displayReady: true groupId=0
03-14 00:30:05.405  1534  1546 I sysinput:aidl: onReportInformation:93, 1, enabled@3,1:0
03-14 00:30:05.405  5329  5329 I VRI[LauncherActivity]@9ba8716: onDisplayChanged oldDisplayState=4 newDisplayState=3
03-14 00:30:05.406  1534  1546 I sysinput:Touch1: operator():133, 3,1 OK
03-14 00:30:05.406  2083  2558 D SysinputHAL_AIDL: activate(TSP(1)),3,1 ret=0
03-14 00:30:05.409  2083  2105 D WifiDisplayAdapter: isFitToActiveDisplayLocked : false
03-14 00:30:05.409  2083  2299 D SGM:FgCheckThread: onLooperPrepared(), msg: MSG_LCD_OFF
03-14 00:30:05.409  2748  2748 I Keyguard.AODTouchModeManager: onDisplayChanged newDisplayState=3, currentDisplayState=4, displayId=0
03-14 00:30:05.410  2748  2802 I VRI[ShellDropTarget]@92e3be9: onDisplayChanged oldDisplayState=4 newDisplayState=3
03-14 00:30:05.410  2748  2748 I VRI[LockscreenShortcutBlur]@f4e5155: onDisplayChanged oldDisplayState=4 newDisplayState=3
03-14 00:30:05.411  2748  2748 I VRI[NavigationBar0]@cb51d69: onDisplayChanged oldDisplayState=4 newDisplayState=3
03-14 00:30:05.411  2748  2748 I VRI[EdgeBackGestureHandler0]@e247b7f: onDisplayChanged oldDisplayState=4 newDisplayState=3
03-14 00:30:05.411  2748  2748 I VRI[NotificationShade]@ddcb5e0: onDisplayChanged oldDisplayState=4 newDisplayState=3
03-14 00:30:05.411  2748  2748 I VRI[StatusBar]@b5f60f8: onDisplayChanged oldDisplayState=4 newDisplayState=3
03-14 00:30:05.411  2748  2748 I VRI[SecondaryHomeHandle0]@fc3d736: onDisplayChanged oldDisplayState=4 newDisplayState=3
03-14 00:30:05.411  2748  2882 D StackScroller: onDisplayChanged for predraw skip to 3
03-14 00:30:05.412  2748  2802 I VRI[View root of ReusableWindowDecorViewHost#0]@254be1d: onDisplayChanged oldDisplayState=4 newDisplayState=3
03-14 00:30:05.412  2748  2802 I VRI[View root of ReusableWindowDecorViewHost#1]@9ccb8b6: onDisplayChanged oldDisplayState=4 newDisplayState=3
03-14 00:30:05.425  1567  1567 I BufferQueueProducer: [NotificationShade$_2748#15750](this:0xb400006f8263b638,id:-1,api:0,p:-1,c:1567) queueBuffer: fps=0.21 dur=4850.64 max=4850.64 min=4850.64
03-14 00:30:05.432  1501  1501 I hwcomposer: [HWCDisplay] (0 updateFps():4131), (type:1, mode:2) fps:0.411926,dur:4855.24,max:4764.87,min:90.37  
03-14 00:30:05.487  1501  1884 I hwcomposer: [HWC] (0)fire a callback of refresh to SF[4]  
03-14 00:30:05.498  1567  1567 I BufferQueueProducer: [FramebufferSurface](this:0xb400006faf4f0370,id:-1,api:1,p:1567,c:1567) queueBuffer: fps=0.21 dur=4831.18 max=4831.18 min=4831.18
03-14 00:30:05.564  2083  2164 D MARsPolicyManager: triggerAction called!
03-14 00:30:05.565  2083  2164 I NSLocationMonitor: getGPSUsingApps() called
03-14 00:30:05.565  3549 14748 I NSLocationManager_FLP: getGPSUsingApps, No change
03-14 00:30:05.587  2083  2083 I Telecom : SamsungTelecomServiceImpl : isInManagedCall - callingPackage : android / callingUser : UserHandle{0} / hasCrossUserAccess : true
03-14 00:30:05.607  3238  6389 I HoneySpace.NotificationListener: onNotificationPosted com.android.systemui: -1|com.android.systemui|2131364006|charging_state|10060: 0
03-14 00:30:05.607  3238  6389 I HoneySpace.NotificationListener: invalid notification: com.android.systemui UserHandle{-1}: canShowBadge is false
03-14 00:30:05.616  2748  2748 I LockscreenNotificationIconsOnlyController: onNotificationInfoUpdated 0
03-14 00:30:05.616  2748  2748 I AODNotificationManager: updateNotification() 
03-14 00:30:05.807  2748  2748 D Bubbles : onEntryUpdated : shouldBubbleUp=true ,key=-1|com.android.systemui|2131364006|charging_state|10060
03-14 00:30:05.809  2748  2748 D InterruptionStateProvider:  no Heads up : edgelighting enabled app. -1|com.android.systemui|2131364006|charging_state|10060
03-14 00:30:05.809  2748  2748 I {OngoingActivityController}: onEntryUpdated and OA data is empty. So update latest task info
03-14 00:30:05.818  2748  2748 I LockscreenNotificationIconsOnlyController: onNotificationInfoUpdated 0
03-14 00:30:05.818  2748  2748 I AODNotificationManager: updateNotification() 
03-14 00:30:05.823  2748  3330 D LocalImageResolver: Couldn't use ImageDecoder for drawable, falling back to non-resized load.
03-14 00:30:05.826  2748  3330 D LocalImageResolver: Couldn't use ImageDecoder for drawable, falling back to non-resized load.
03-14 00:30:05.828  2748  2748 D LocalImageResolver: Couldn't use ImageDecoder for drawable, falling back to non-resized load.
03-14 00:30:05.836  2748  2748 D ExpandableNotifRow: mMaxSmallHeight different before reInflateViews mMaxSmallHeight: 189 mTempSmallHeight:0 -1|com.android.systemui|2131364006|charging_state|10060
03-14 00:30:05.836  2748  2748 D ExpandableNotifRow: mMaxSmallHeight different before reInflateViews mMaxSmallHeight: 189 mTempSmallHeight:0 -1|com.android.systemui|2131364006|charging_state|10060
03-14 00:30:05.836  2748  2748 D ExpandableNotifRow: mMaxSmallHeight different before reInflateViews mMaxSmallHeight: 189 mTempSmallHeight:0 -1|com.android.systemui|2131364006|charging_state|10060
03-14 00:30:05.836  2748  2748 D ExpandableNotifRow: mMaxSmallHeight different before reInflateViews mMaxSmallHeight: 189 mTempSmallHeight:0 -1|com.android.systemui|2131364006|charging_state|10060
03-14 00:30:05.842  2748  2748 D LocalImageResolver: Couldn't use ImageDecoder for drawable, falling back to non-resized load.
03-14 00:30:05.848  2748  2748 I LockscreenNotificationIconsOnlyController: onNotificationInfoUpdated 0
03-14 00:30:05.848  2748  2748 I AODNotificationManager: updateNotification() 
03-14 00:30:06.220  1830  1970 I bauth_FPBAuthService: pcf : 0x1012, 0 ,1 ,0 ,0 ,0 ,0, 16.0.0.3
03-14 00:30:06.220  1830  1970 I bauth_FPBAuthService: thread id : 1, preenroll_flag : 0, nd cnt : 0, cso : 0, et : 0
03-14 00:30:06.220  1830  1970 I bauth_FPBAuthService: FPBAuthService::timerHandler complete
03-14 00:30:06.405   582   582 D io_stats: !@ Write_top(KB): kworker/u32:4:/(8156) 100 vendor.samsung.:normal(1528) 8
03-14 00:30:07.023  1673  1692 E thermal_core: find_tz_idx_by_name:"Failed to find thermal zone index of ap_ntc\n"
03-14 00:30:07.023  1673  1692 E thermal_core: find_tz_idx_by_name:"Failed to find thermal zone index of mtk-master-charger\n"
03-14 00:30:07.221  1830  1970 I bauth_FPBAuthService: pcf : 0x1012, 0 ,1 ,0 ,0 ,0 ,0, 16.0.0.3
03-14 00:30:07.221  1830  1970 I bauth_FPBAuthService: thread id : 1, preenroll_flag : 0, nd cnt : 0, cso : 0, et : 0
03-14 00:30:07.221  1830  1970 I bauth_FPBAuthService: FPBAuthService::timerHandler complete
03-14 00:30:07.279 11908 11908 I BCMGR[11.2.04.4]: (ST)] disconnectService - unbind Service
03-14 00:30:07.283 19994 19994 I [+0300]oneconnect[1.8.41.23_01][BEACON_MANAGER_CONTROL_SERVICE]: BeaconManagerControlService.onUnbind - 
03-14 00:30:07.687  1520  1551 D power@timer: [mtkPowerTimer] visRead:0
03-14 00:30:07.692  2083  2640 D NetdEventListenerService: DNS Requested by 126, 10071(com.facebook.services), SUCCESS, 3221ms
03-14 00:30:07.751  2976  9030 D NetworkMonitor/126: PROBE_HTTP http://connectivitycheck.gstatic.com/generate_204 time=5641ms ret=204 request={Connection=[close], User-Agent=[Mozilla/5.0 (X11; Linux x86_64) AppleWebKit/537.36 (KHTML, like Gecko) Chrome/60.0.3112.32 Safari/537.36]} headers={null=[HTTP/1.1 204 No Content], Connection=[close], Content-Length=[0], Cross-Origin-Resource-Policy=[cross-origin], Date=[Fri, 13 Mar 2026 21:30:07 GMT], X-Android-Received-Millis=[1773437407749], X-Android-Response-Source=[NETWORK 204], X-Android-Selected-Protocol=[http/1.1], X-Android-Sent-Millis=[1773437407688]}
03-14 00:30:07.784   778   778 W keymint_tee: [WRN]begin req PARAMS: A3, D4, 
03-14 00:30:07.787   778   778 D android.hardware.security.keymint-service: begin: ret 0
03-14 00:30:07.788   777  7849 I keystore2: system/security/keystore2/src/security_level.rs:466 - In create_operation. Success to create IKeystoreOperation. 10071, None
03-14 00:30:07.791   778   778 D android.hardware.security.keymint-service: finish: ret 0
03-14 00:30:07.795 24620 24711 W DGW     : W[operator():418] DGW Connected to 157.240.238.33
03-14 00:30:07.912  2976  9031 D NetworkMonitor/126: PROBE_HTTPS https://connectivitycheck.gstatic.com/generate_204 time=5796ms ret=204 request={Connection=[close], User-Agent=[Mozilla/5.0 (X11; Linux x86_64) AppleWebKit/537.36 (KHTML, like Gecko) Chrome/60.0.3112.32 Safari/537.36]} headers={null=[HTTP/1.1 204 No Content], Alt-Svc=[h3=":443"; ma=2592000,h3-29=":443"; ma=2592000], Connection=[close], Content-Length=[0], Cross-Origin-Resource-Policy=[cross-origin], Date=[Fri, 13 Mar 2026 21:30:07 GMT], X-Android-Received-Millis=[1773437407909], X-Android-Response-Source=[NETWORK 204], X-Android-Selected-Protocol=[http/1.1], X-Android-Sent-Millis=[1773437407788]}
03-14 00:30:07.916  2976  9029 D NetworkMonitor/126: isCaptivePortal: isSuccessful()=true isPortal()=false RedirectUrl=null isPartialConnectivity()=false Time=5837ms
03-14 00:30:07.917  2976  9032 D NetworkMonitor/126: PROBE_DNS www.google.cn 5834ms FAIL in type ADDRCONFIG Timeout
03-14 00:30:07.919  2083  2509 D ConnectivityService: [126 WIFI] validation passed
03-14 00:30:07.937  2083  2640 D NetdEventListenerService: DNS Requested by 126, 1073(com.google.android.networkstack.tethering,...), SUCCESS, 13ms
03-14 00:30:07.942 24620 24711 W DGW     : W[onSuccessfulResponse:884] StreamGroupTransport[notifgateway] on successful response. DGW is now connected.
03-14 00:30:08.112  2976  2976 W DnsResolver: resNetworkResult:android.system.ErrnoException: resNetworkResult failed: ETIMEDOUT (Connection timed out)
03-14 00:30:08.115  2083  2640 D NetdEventListenerService: DNS Requested by 126, 1073(com.google.android.networkstack.tethering,...), 255(TIMEOUT), isBlocked=false, 6014ms
03-14 00:30:08.223  1830  1970 I bauth_FPBAuthService: pcf : 0x1012, 0 ,1 ,0 ,0 ,0 ,0, 16.0.0.3
03-14 00:30:08.224  1830  1970 I bauth_FPBAuthService: thread id : 1, preenroll_flag : 0, nd cnt : 0, cso : 0, et : 0
03-14 00:30:08.224  1830  1970 I bauth_FPBAuthService: FPBAuthService::timerHandler complete
03-14 00:30:08.409   582   582 D io_stats: !@   8,32 r 3713592 79175804 w 2451386 31807640 d 312984 187305456 f 206736 239435 iot 1166560 0 th 0 0 0 pt 0 inp 0 0 51221.695
03-14 00:30:08.479  2976  9032 D NetworkMonitor/126: PROBE_HTTPS https://www.google.cn/generate_204 time=559ms ret=204 request={Connection=[close], User-Agent=[Mozilla/5.0 (X11; Linux x86_64) AppleWebKit/537.36 (KHTML, like Gecko) Chrome/60.0.3112.32 Safari/537.36]} headers={null=[HTTP/1.1 204 No Content], Alt-Svc=[h3=":443"; ma=2592000,h3-29=":443"; ma=2592000], Connection=[close], Content-Length=[0], Cross-Origin-Resource-Policy=[cross-origin], Date=[Fri, 13 Mar 2026 21:30:08 GMT], X-Android-Received-Millis=[1773437408476], X-Android-Response-Source=[NETWORK 204], X-Android-Selected-Protocol=[http/1.1], X-Android-Sent-Millis=[1773437408121]}
03-14 00:30:09.224  1830  1970 I bauth_FPBAuthService: pcf : 0x1012, 0 ,1 ,0 ,0 ,0 ,0, 16.0.0.3
03-14 00:30:09.224  1830  1970 I bauth_FPBAuthService: thread id : 1, preenroll_flag : 0, nd cnt : 0, cso : 0, et : 0
03-14 00:30:09.224  1830  1970 I bauth_FPBAuthService: FPBAuthService::timerHandler complete
03-14 00:30:09.346  2857  2857 I wpa_supplicant: Heartbeat 1454
03-14 00:30:10.023  1673  1692 E thermal_core: find_tz_idx_by_name:"Failed to find thermal zone index of ap_ntc\n"
03-14 00:30:10.023  1673  1692 E thermal_core: find_tz_idx_by_name:"Failed to find thermal zone index of mtk-master-charger\n"
03-14 00:30:10.226  1830  1970 I bauth_FPBAuthService: pcf : 0x1012, 0 ,1 ,0 ,0 ,0 ,0, 16.0.0.3
03-14 00:30:10.227  1830  1970 I bauth_FPBAuthService: thread id : 1, preenroll_flag : 0, nd cnt : 0, cso : 0, et : 0
03-14 00:30:10.227  1830  1970 I bauth_FPBAuthService: FPBAuthService::timerHandler complete
03-14 00:30:10.413   582   582 D io_stats: !@ Write_top(KB): kworker/u32:4:/(8156) 112
03-14 00:30:10.562  8825  8825 W SmApplication: onTrimMemory : 40
03-14 00:30:10.564  8825  8825 I DC.AppIconCache: clear icon cache
03-14 00:30:10.573  1567  2260 I VSyncReactor: Current= 90, Period= 90, hwcPeriod= 90
03-14 00:30:10.574 16063 16063 W SmApplication: onTrimMemory : 40
03-14 00:30:10.575 16063 16063 I DC.AppIconCache: clear icon cache
03-14 00:30:10.582  2083  2164 D MARsPolicyManager: triggerAction called!
03-14 00:30:10.582  2083  2164 I NSLocationMonitor: getGPSUsingApps() called
03-14 00:30:10.585  3549 14748 I NSLocationManager_FLP: getGPSUsingApps, No change
03-14 00:30:10.890  1583  1596 D ccci_mdinit: (1):monitor_time_update_thread round:2265 ########
03-14 00:30:10.893  2083  2895 D PowerManagerService: [api] release WakeLock DRAW_WAKE_LOCK                    'charging_info' ACQ=-5s508ms (uid=10060 pid=2748 displayId=0 lock=5893344)
03-14 00:30:10.894  2083  2895 D PowerManagerService: displayReady: false groupId=0
03-14 00:30:10.894  2083  2176 D DisplayPowerController[0]: animateScreenStateChange: target=DOZE_SUSPEND, mIsEnabled=true
03-14 00:30:10.899  2083  2176 I DisplayPowerController[0]: BrightnessEvent: brt=0.16470589 (65.0%), nits= 42.077, lux=-1.0, reason=manual, strat=FallbackBrightnessStrategy, state=DOZE_SUSPEND, stateReason=UNKNOWN, policy=DOZE, flags=, initBrt=0.16470589, rcmdBrt=NaN, preBrt=NaN, preLux=0.0, wasShortTermModelActive=false, autoBrightness=false (default), unclampedBrt=0.16470589, hbmMax=1.0, hbmMode=off, thrmMax=1.0, rbcStrength=-1, powerFactor=1.0, physDisp=Yerleşik Ekran(local:4627039422300187648), logicalId=0, slowChange=false, rampSpeed=0.0
03-14 00:30:10.901  2083  2637 D DisplayManagerService: !@display_state requestDisplayStateInternal: DOZE -> DOZE_SUSPEND displayId=0
03-14 00:30:10.901  1520  1550 I mtkpower@impl: [setMode] type:9, enabled:1
03-14 00:30:10.901  1520  1550 I mtkpower@impl: [setMode] Mode::DISPLAY_INACTIVE: 1
03-14 00:30:10.902  2083  2637 D SemInputDeviceManagerService: setDisplayState[1] EARLY: DOZE(3) -> DOZE_SUSPEND(4)
03-14 00:30:10.904  2083  2116 I DisplayDeviceRepository: Display device changed state: "Yerleşik Ekran", DOZE_SUSPEND
03-14 00:30:10.904  2083  2558 D SemInputDevice:TSP: ActivateTask: 4,0 [03-14 00:30:10.902]
03-14 00:30:10.904  2083  2637 D LocalDisplayAdapter: notifyStateChangeStart: com.samsung.android.hardware.secinputdev.external.DisplayStateListenerWrapper$1@c7e080a took 2 ms
03-14 00:30:10.905  2083  2637 D LocalDisplayAdapter: notifyStateChangeStart: com.android.server.biometrics.SemBiometricDisplayStateMonitor@478eea8 took 0 ms
03-14 00:30:10.905  2083  2637 W LocalDisplayAdapter: !@display_state - 2443 : DOZE -> DOZE_SUSPEND (MAIN)
03-14 00:30:10.906  2083  2176 D BrightnessThermalClamper: Thermal status observer already started
03-14 00:30:10.906  1534  1546 I sysinput:aidl: onReportInformation:93, 1, enabled@4,0:0
03-14 00:30:10.906  2083  2114 D WindowManager: DeferredDisplayUpdater: partially applying DisplayInfo(1080 x 2340) immediately
03-14 00:30:10.907  2083  2476 I SemBiometricDisplayStateMonitor: DisplayStateListener#onStart : DOZE_SUSPEND, DOZE_SUSPEND, DEFAULT_DISPLAY
03-14 00:30:10.908  1534  1546 I sysinput:Touch1: operator():133, 4,0 OK
03-14 00:30:10.908  2083  2558 D SysinputHAL_AIDL: activate(TSP(1)),4,0 ret=0
03-14 00:30:10.908  1567  1567 D SurfaceFlinger: Setting power mode 2 on physical display 4627039422300187648
03-14 00:30:10.908 29780 29780 D AudioFlinger: setParameters: filtered dev setParameters keyvalue screen_state=off
03-14 00:30:10.909  2083  2637 W LocalDisplayAdapter: !@display_state - 2443 : DOZE_SUSPEND (MAIN) took 3 ms
03-14 00:30:10.909  2083  2637 D SemInputDeviceManagerService: setDisplayState[1] LATE: DOZE_SUSPEND(4) -> DOZE_SUSPEND(4)
03-14 00:30:10.909 29783 29783 D AudioALSAHardware: +setParameters(): screen_state=off
03-14 00:30:10.910 29783 29783 D AudioALSAHardware: -setParameters(): screen_state=off
03-14 00:30:10.910  2083  2637 D LocalDisplayAdapter: notifyStateChangeFinish: com.samsung.android.hardware.secinputdev.external.DisplayStateListenerWrapper$1@c7e080a took 1 ms
03-14 00:30:10.910  2083  2083 D SGM:GameManager: onDisplayChanged. displyId: 0, state: 4
03-14 00:30:10.911  2083  2637 D LocalDisplayAdapter: notifyStateChangeFinish: com.android.server.biometrics.SemBiometricDisplayStateMonitor@478eea8 took 0 ms
03-14 00:30:10.911  2083  2176 D DisplayPowerController[0]: setActualDisplayState: DOZE -> DOZE_SUSPEND
03-14 00:30:10.911  2083  2476 I SemBiometricDisplayStateMonitor: DisplayStateListener#onFinish : DOZE_SUSPEND, DOZE_SUSPEND, DEFAULT_DISPLAY
03-14 00:30:10.914  5415  5415 I HBD     : DeX h DeX mode state change in non-main thread 
03-14 00:30:10.914  5415  5415 I HBD     : DeX h DeX mode state change: 3 
03-14 00:30:10.915  2083  2176 D DisplayPowerController[0]: animateScreenStateChange: target=DOZE_SUSPEND, mIsEnabled=true
03-14 00:30:10.916  3238 28281 I HoneySpace.Memory-Monitor: current state = 4, didTrim = true
03-14 00:30:10.916  2083  2299 D SGM:FgCheckThread: onLooperPrepared(), msg: MSG_LCD_OFF
03-14 00:30:10.918  2083  2558 D SemInputDevice:TSP: ActivateTask: 4,1 [03-14 00:30:10.909]
03-14 00:30:10.918  2748  2748 D DisplayLifecycle: updateDisplay id = 0
03-14 00:30:10.919  2748  2748 I Keyguard.AODTouchModeManager: onDisplayChanged newDisplayState=4, currentDisplayState=3, displayId=0
03-14 00:30:10.919  2748  2802 I VRI[ShellDropTarget]@92e3be9: onDisplayChanged oldDisplayState=3 newDisplayState=4
03-14 00:30:10.919  2083  2176 D DisplayPowerController[0]: animateScreenStateChange: target=DOZE_SUSPEND, mIsEnabled=true
03-14 00:30:10.919  3238  3238 I VRI[LauncherActivity]@79a9058: onDisplayChanged oldDisplayState=3 newDisplayState=4
03-14 00:30:10.919  5415  5415 I VRI[InputMethod]@e345dc8: onDisplayChanged oldDisplayState=3 newDisplayState=4
03-14 00:30:10.920  2083  2176 D PowerManagerService: displayReady: true groupId=0
03-14 00:30:10.921  3238  3238 I VRI[RecentsTransitionOverlay]@815033c: onDisplayChanged oldDisplayState=3 newDisplayState=4
03-14 00:30:10.921  3238  3238 I VRI[CocktailBarService]@b870e79: onDisplayChanged oldDisplayState=3 newDisplayState=4
03-14 00:30:10.921  3238  3238 I VRI[RecentsActivity]@a5b1272: onDisplayChanged oldDisplayState=3 newDisplayState=4
03-14 00:30:10.922  5329  5329 I VRI[LauncherActivity]@9ba8716: onDisplayChanged oldDisplayState=3 newDisplayState=4
03-14 00:30:10.925  1534  1546 I sysinput:aidl: onReportInformation:93, 1, enabled@4,1:0
03-14 00:30:10.925  1534  1546 I sysinput:Touch1: operator():133, 4,1 OK
03-14 00:30:10.925  2083  2558 D SysinputHAL_AIDL: activate(TSP(1)),4,1 ret=0
03-14 00:30:10.926  2748  2802 I VRI[View root of ReusableWindowDecorViewHost#0]@254be1d: onDisplayChanged oldDisplayState=3 newDisplayState=4
03-14 00:30:10.926  2748  2802 I VRI[View root of ReusableWindowDecorViewHost#1]@9ccb8b6: onDisplayChanged oldDisplayState=3 newDisplayState=4
03-14 00:30:10.927  2748  2748 I VRI[LockscreenShortcutBlur]@f4e5155: onDisplayChanged oldDisplayState=3 newDisplayState=4
03-14 00:30:10.927  2748  2748 I VRI[NavigationBar0]@cb51d69: onDisplayChanged oldDisplayState=3 newDisplayState=4
03-14 00:30:10.928  2748  2748 I VRI[EdgeBackGestureHandler0]@e247b7f: onDisplayChanged oldDisplayState=3 newDisplayState=4
03-14 00:30:10.928  2748  2748 I VRI[NotificationShade]@ddcb5e0: onDisplayChanged oldDisplayState=3 newDisplayState=4
03-14 00:30:10.928  2748  2748 I VRI[StatusBar]@b5f60f8: onDisplayChanged oldDisplayState=3 newDisplayState=4
03-14 00:30:10.928  2748  2748 I VRI[SecondaryHomeHandle0]@fc3d736: onDisplayChanged oldDisplayState=3 newDisplayState=4
03-14 00:30:10.929  2748  2882 D StackScroller: onDisplayChanged for predraw skip to 4
03-14 00:30:10.929  2083  5238 D WifiDisplayAdapter: isFitToActiveDisplayLocked : false
03-14 00:30:11.227  1830  1970 I bauth_FPBAuthService: pcf : 0x1012, 0 ,1 ,0 ,0 ,0 ,0, 16.0.0.3
03-14 00:30:11.227  1830  1970 I bauth_FPBAuthService: thread id : 1, preenroll_flag : 0, nd cnt : 0, cso : 0, et : 0
03-14 00:30:11.228  1830  1970 I bauth_FPBAuthService: FPBAuthService::timerHandler complete
03-14 00:30:11.655  2083  2125 E Watchdog: !@Sync: 1706 heap(MB): 126 / 158 FD: 1164 [2026-03-14 00:30:11.655]
03-14 00:30:12.229  1830  1970 I bauth_FPBAuthService: pcf : 0x1012, 0 ,1 ,0 ,0 ,0 ,0, 16.0.0.3
03-14 00:30:12.229  1830  1970 I bauth_FPBAuthService: thread id : 1, preenroll_flag : 0, nd cnt : 0, cso : 0, et : 0
03-14 00:30:12.230  1830  1970 I bauth_FPBAuthService: FPBAuthService::timerHandler complete
03-14 00:30:12.416   582   582 D io_stats: !@   8,32 r 3713592 79175804 w 2451389 31807664 d 312984 187305456 f 206736 239435 iot 1166568 0 th 0 0 0 pt 0 inp 0 0 51225.702
03-14 00:30:12.738  5068  6278 I SDHMS:x : SIOP:: AP:346 BAT:320 USB:329 CHG:355 PA:343 WIFI:342 BLK:0 SUBBAT:0 SKIN:329 SKINF:321 SKINB:329 LRP2:329 LRF2:321 LRB2:329 AP2:329 CHG2:324 MEM2:329 WIFI2:329 SPK2:314 VAP05:348 AVGCUR:783 AVGSYS:0 POWER:3382
03-14 00:30:13.027  1673  1692 E thermal_core: find_tz_idx_by_name:"Failed to find thermal zone index of ap_ntc\n"
03-14 00:30:13.027  1673  1692 E thermal_core: find_tz_idx_by_name:"Failed to find thermal zone index of mtk-master-charger\n"
03-14 00:30:13.232  1830  1970 I bauth_FPBAuthService: pcf : 0x1012, 0 ,1 ,0 ,0 ,0 ,0, 16.0.0.3
03-14 00:30:13.232  1830  1970 I bauth_FPBAuthService: thread id : 1, preenroll_flag : 0, nd cnt : 0, cso : 0, et : 0
03-14 00:30:13.232  1830  1970 I bauth_FPBAuthService: FPBAuthService::timerHandler complete
03-14 00:30:14.234  1830  1970 I bauth_FPBAuthService: pcf : 0x1012, 0 ,1 ,0 ,0 ,0 ,0, 16.0.0.3
03-14 00:30:14.234  1830  1970 I bauth_FPBAuthService: thread id : 1, preenroll_flag : 0, nd cnt : 0, cso : 0, et : 0
03-14 00:30:14.234  1830  1970 I bauth_FPBAuthService: FPBAuthService::timerHandler complete
03-14 00:30:14.418   582   582 D io_stats: !@   8,32 r 3713592 79175804 w 2451393 31807708 d 312984 187305456 f 206736 239435 iot 1166572 0 th 0 0 0 pt 0 inp 0 0 51227.704
03-14 00:30:14.419   582   582 D io_stats: !@ Write_top(KB): kworker/u32:4:/(8156) 44 sait.sohservice:low(1299) 24
03-14 00:30:15.026  1517  1556 I libPerfCtl: xgfGetFPS pid:-1 fps:0
03-14 00:30:15.026  1517  1556 I libPerfCtl: xgfGetFPS ioctl_valid:-2
03-14 00:30:15.119  1607  1607 I FPSGO   : FPSGO_SET_UNKNOWN cmd:-1
03-14 00:30:15.237  1830  1970 I bauth_FPBAuthService: pcf : 0x1012, 0 ,1 ,0 ,0 ,0 ,0, 16.0.0.3
03-14 00:30:15.237  1830  1970 I bauth_FPBAuthService: thread id : 1, preenroll_flag : 0, nd cnt : 0, cso : 0, et : 0
03-14 00:30:15.237  1830  1970 I bauth_FPBAuthService: FPBAuthService::timerHandler complete
03-14 00:30:15.477  1528  1554 E BatteryDump: !@new_battery_dump : 4320,777,3000,3150,88,319,329,354,0,0,330,354,0,Charging,NO_CHARGING,Normal,Good,PDIC,0,Normal,0,0,9524,0x0,0x10000,0x0,0,0,0000,0000,00000000,0,0,0,0,486,4156,8650,980,0,
03-14 00:30:15.481  2083  2845 D [SS]BattFunctions: [sendRemainingChargingTimeChangedIntent]remainingChargingTime:1632 ,mLastRemainingChargingTime:1639
03-14 00:30:15.482  1536  1536 I seh_thermal_service: getTemperaturesWithType SehTemperatureType: 3
03-14 00:30:15.483  1528  1528 I sehhealth-service: updateLrpSysfs: write: 329
03-14 00:30:15.488  2748  2748 I AODBatteryManager: updateBatteryData: ACTION_BATTERY_CHANGED: false, isSleepModeChanged:false ,isRemainingTimeChanged: true, isUSBRestriction: false
03-14 00:30:15.488  2748  2748 I ChargingInfoManager: updateChargingInfo: newState = AOD ChargingInfo [mState=BATTERY_AND_REMAIN_TIME, mIsCharging=true, mIsPlugged=true, mIsFullyCharged=false, mIsBatteryProtectMode=false, mBetteryLevel=88, mBetteryProtectModeType3, mIsSlowChargingfalse], oldState = AOD ChargingInfo [mState=BATTERY_AND_REMAIN_TIME, mIsCharging=true, mIsPlugged=true, mIsFullyCharged=false, mIsBatteryProtectMode=false, mBetteryLevel=88, mBetteryProtectModeType3, mIsSlowChargingfalse]
03-14 00:30:15.492  2748  2748 D PowerUI : Remaining charging time : 1632
03-14 00:30:15.492  2748  2748 D PowerUI : Charging time is changed, check charging notification
03-14 00:30:15.495  2748  2748 D PowerUI.Notification: showChargingNotice - Battery Level : 88 -> 88, Charging Type : 11 -> 11, Charging Time : 1639 -> 1632, Maximum protection : false -> false, Maximum threshold : 80 -> 80
03-14 00:30:15.499  2748  2748 I NotificationManager: com.android.systemui: notify(2131364006, charging_state, Notification(channel=CHR shortcut=null contentView=null vibrate=null sound=null defaults=0 flags=ONGOING_EVENT|ONLY_ALERT_ONCE color=0x00000000 category=sys groupKey=CHARGING vis=PUBLIC semFlags=0x0 semPriority=0 semMissedCount=0)) as user
03-14 00:30:15.500  1567  2260 I VSyncReactor: Current= 90, Period= 90, hwcPeriod= 90
03-14 00:30:15.506  2083  2845 W PermissionService: getPermissionFlags: Unknown user -1
03-14 00:30:15.506  2083  2845 W PermissionService: getPermissionFlags: Unknown user -1
03-14 00:30:15.509  2748  2748 I ChargingInfoView: handleMessage: MSG_SHOW_CHARGING_INFO
03-14 00:30:15.509  2748  2748 I BottomChargingInfoView: updateContents: BATTERY_AND_REMAIN_TIME
03-14 00:30:15.509  2748  2748 I AOD_WAKELOCK@WakeLockManager: acquireIfExists: tag - charging_info, timeout - 1000, reason - Charging Info is updating, delay by 500, wakeLock = WakeLock{432cb95 held=false, refCount=0}
03-14 00:30:15.511  2083  2845 D PowerManagerService: [api] acquire WakeLock DRAW_WAKE_LOCK                    'charging_info' (uid=10060 pid=2748 displayId=0 lock=5893344)
03-14 00:30:15.512  2083  2845 D PowerManagerService: displayReady: false groupId=0
03-14 00:30:15.513  2083  2176 D DisplayPowerController[0]: animateScreenStateChange: target=DOZE, mIsEnabled=true
03-14 00:30:15.513  2748  2748 I ChargingInfoManager: getDeviceRemainingTime: Dolmasına 27 dk
03-14 00:30:15.513  2748  2748 I AOD_WAKELOCK@WakeLockManager: acquireIfExists: tag - charging_info, timeout - 5500, reason - Charging Info is updating, delay by 5000, wakeLock = WakeLock{432cb95 held=true, refCount=1}
03-14 00:30:15.514  2748  2748 I AbsChargingInfoComponent: setVisibilityWithAnim: skipped true
03-14 00:30:15.516  2083  2176 I DisplayPowerController[0]: BrightnessEvent: brt=0.16470589 (65.0%), nits= 42.077, lux=-1.0, reason=manual, strat=FallbackBrightnessStrategy, state=DOZE, stateReason=DRAW_WAKE_LOCK, policy=DOZE, flags=, initBrt=0.16470589, rcmdBrt=NaN, preBrt=NaN, preLux=0.0, wasShortTermModelActive=false, autoBrightness=false (default), unclampedBrt=0.16470589, hbmMax=1.0, hbmMode=off, thrmMax=1.0, rbcStrength=-1, powerFactor=1.0, physDisp=Yerleşik Ekran(local:4627039422300187648), logicalId=0, slowChange=false, rampSpeed=0.0
03-14 00:30:15.517  2748  2748 I SecKeyguardClockPositionAlgorithm: prepareClockContainerHeightChanging:
03-14 00:30:15.518  1520  1550 I mtkpower@impl: [setMode] type:9, enabled:1
03-14 00:30:15.518  1520  1550 I mtkpower@impl: [setMode] Mode::DISPLAY_INACTIVE: 1
03-14 00:30:15.518  2083  2637 D DisplayManagerService: !@display_state requestDisplayStateInternal: DOZE_SUSPEND -> DOZE displayId=0
03-14 00:30:15.519  2083  2637 D SemInputDeviceManagerService: setDisplayState[1] EARLY: DOZE_SUSPEND(4) -> DOZE(3)
03-14 00:30:15.519  2083  2116 I DisplayDeviceRepository: Display device changed state: "Yerleşik Ekran", DOZE
03-14 00:30:15.520  2083  2637 D LocalDisplayAdapter: notifyStateChangeStart: com.samsung.android.hardware.secinputdev.external.DisplayStateListenerWrapper$1@c7e080a took 2 ms
03-14 00:30:15.521  2083  2637 D LocalDisplayAdapter: notifyStateChangeStart: com.android.server.biometrics.SemBiometricDisplayStateMonitor@478eea8 took 1 ms
03-14 00:30:15.521  2083  2637 W LocalDisplayAdapter: !@display_state - 2444 : DOZE_SUSPEND -> DOZE (MAIN)
03-14 00:30:15.521  2748  2748 I SecKeyguardClockPositionAlgorithm: prepareClockContainerHeightChanging:
03-14 00:30:15.521  2083  2083 D SGM:GameManager: onDisplayChanged. displyId: 0, state: 3
03-14 00:30:15.522  2083  2114 D WindowManager: DeferredDisplayUpdater: partially applying DisplayInfo(1080 x 2340) immediately
03-14 00:30:15.522  2083  2176 D BrightnessThermalClamper: Thermal status observer already started
03-14 00:30:15.522  1567  1567 D SurfaceFlinger: Setting power mode 2 on physical display 4627039422300187648
03-14 00:30:15.522  2083  2476 I SemBiometricDisplayStateMonitor: DisplayStateListener#onStart : DOZE, DOZE, DEFAULT_DISPLAY
03-14 00:30:15.523  2083  2558 D SemInputDevice:TSP: ActivateTask: 3,0 [03-14 00:30:15.519]
03-14 00:30:15.523 29780 29780 D AudioFlinger: setParameters: filtered dev setParameters keyvalue screen_state=off
03-14 00:30:15.524  1534  1546 I sysinput:aidl: onReportInformation:93, 1, enabled@3,0:0
03-14 00:30:15.524 29783 29783 D AudioALSAHardware: +setParameters(): screen_state=off
03-14 00:30:15.525 29783 29783 D AudioALSAHardware: -setParameters(): screen_state=off
03-14 00:30:15.525  1534  1546 I sysinput:Touch1: operator():133, 3,0 OK
03-14 00:30:15.527  2083  2637 W LocalDisplayAdapter: !@display_state - 2444 : DOZE (MAIN) took 4 ms
03-14 00:30:15.527  2083  2637 D SemInputDeviceManagerService: setDisplayState[1] LATE: DOZE(3) -> DOZE(3)
03-14 00:30:15.528  2083  2558 D SysinputHAL_AIDL: activate(TSP(1)),3,0 ret=0
03-14 00:30:15.528  5329  5329 I VRI[LauncherActivity]@9ba8716: onDisplayChanged oldDisplayState=4 newDisplayState=3
03-14 00:30:15.528  2083  2299 D SGM:FgCheckThread: onLooperPrepared(), msg: MSG_LCD_OFF
03-14 00:30:15.529  2748  2882 D StackScroller: onDisplayChanged for predraw skip to 3
03-14 00:30:15.529  2748  2802 I VRI[ShellDropTarget]@92e3be9: onDisplayChanged oldDisplayState=4 newDisplayState=3
03-14 00:30:15.529  2748  2802 I VRI[View root of ReusableWindowDecorViewHost#0]@254be1d: onDisplayChanged oldDisplayState=4 newDisplayState=3
03-14 00:30:15.529  2748  2802 I VRI[View root of ReusableWindowDecorViewHost#1]@9ccb8b6: onDisplayChanged oldDisplayState=4 newDisplayState=3
03-14 00:30:15.529  2748  2748 I MODManager: onShow ChargingInfoOnlyContainer
03-14 00:30:15.529  2748  2748 W MODManager: this device does not supports cover
03-14 00:30:15.530  5415  5415 I HBD     : DeX h DeX mode state change in non-main thread 
03-14 00:30:15.530  2083  5413 D WifiDisplayAdapter: isFitToActiveDisplayLocked : false
03-14 00:30:15.530  5415  5415 I HBD     : DeX h DeX mode state change: 3 
03-14 00:30:15.531  5415  5415 I VRI[InputMethod]@e345dc8: onDisplayChanged oldDisplayState=4 newDisplayState=3
03-14 00:30:15.532  2748  2748 D DisplayLifecycle: updateDisplay id = 0
03-14 00:30:15.533  2748  2748 I Keyguard.AODTouchModeManager: onDisplayChanged newDisplayState=3, currentDisplayState=4, displayId=0
03-14 00:30:15.534  2083  2637 D LocalDisplayAdapter: notifyStateChangeFinish: com.samsung.android.hardware.secinputdev.external.DisplayStateListenerWrapper$1@c7e080a took 7 ms
03-14 00:30:15.534  2083  2637 D LocalDisplayAdapter: notifyStateChangeFinish: com.android.server.biometrics.SemBiometricDisplayStateMonitor@478eea8 took 0 ms
03-14 00:30:15.534  2083  2476 I SemBiometricDisplayStateMonitor: DisplayStateListener#onFinish : DOZE, DOZE, DEFAULT_DISPLAY
03-14 00:30:15.535  2083  2176 D DisplayPowerController[0]: setActualDisplayState: DOZE_SUSPEND -> DOZE
03-14 00:30:15.535  2083  2176 D DisplayPowerController[0]: animateScreenStateChange: target=DOZE, mIsEnabled=true
03-14 00:30:15.535  2083  2558 D SemInputDevice:TSP: ActivateTask: 3,1 [03-14 00:30:15.527]
03-14 00:30:15.535  2083  2176 D DisplayPowerController[0]: animateScreenStateChange: target=DOZE, mIsEnabled=true
03-14 00:30:15.536  1534  1546 I sysinput:aidl: onReportInformation:93, 1, enabled@3,1:0
03-14 00:30:15.536  2083  2176 D PowerManagerService: displayReady: true groupId=0
03-14 00:30:15.536  1534  1546 I sysinput:Touch1: operator():133, 3,1 OK
03-14 00:30:15.536  2748  2748 I VRI[LockscreenShortcutBlur]@f4e5155: onDisplayChanged oldDisplayState=4 newDisplayState=3
03-14 00:30:15.536  2748  2748 I VRI[NavigationBar0]@cb51d69: onDisplayChanged oldDisplayState=4 newDisplayState=3
03-14 00:30:15.536  2748  2748 I VRI[EdgeBackGestureHandler0]@e247b7f: onDisplayChanged oldDisplayState=4 newDisplayState=3
03-14 00:30:15.536  2748  2748 I VRI[NotificationShade]@ddcb5e0: onDisplayChanged oldDisplayState=4 newDisplayState=3
03-14 00:30:15.536  2748  2748 I VRI[StatusBar]@b5f60f8: onDisplayChanged oldDisplayState=4 newDisplayState=3
03-14 00:30:15.536  2748  2748 I VRI[SecondaryHomeHandle0]@fc3d736: onDisplayChanged oldDisplayState=4 newDisplayState=3
03-14 00:30:15.537  3238 32039 I HoneySpace.Memory-Monitor: current state = 3, didTrim = true
03-14 00:30:15.537  2083  2558 D SysinputHAL_AIDL: activate(TSP(1)),3,1 ret=0
03-14 00:30:15.538  3238  3238 I VRI[LauncherActivity]@79a9058: onDisplayChanged oldDisplayState=4 newDisplayState=3
03-14 00:30:15.538  3238  3238 I VRI[RecentsTransitionOverlay]@815033c: onDisplayChanged oldDisplayState=4 newDisplayState=3
03-14 00:30:15.538  3238  3238 I VRI[CocktailBarService]@b870e79: onDisplayChanged oldDisplayState=4 newDisplayState=3
03-14 00:30:15.538  3238  3238 I VRI[RecentsActivity]@a5b1272: onDisplayChanged oldDisplayState=4 newDisplayState=3
03-14 00:30:15.545  1567  1567 I BufferQueueProducer: [NotificationShade$_2748#15750](this:0xb400006f8263b638,id:-1,api:0,p:-1,c:1567) queueBuffer: fps=0.10 dur=10119.41 max=10119.41 min=10119.41
03-14 00:30:15.549  1501  1501 I hwcomposer: [HWCDisplay] (0 updateFps():4131), (type:1, mode:2) fps:0.197695,dur:10116.57,max:10049.56,min:67.01  
03-14 00:30:15.610  2083  2164 D MARsPolicyManager: triggerAction called!
03-14 00:30:15.611  2083  2164 I NSLocationMonitor: getGPSUsingApps() called
03-14 00:30:15.612  3549 14748 I NSLocationManager_FLP: getGPSUsingApps, No change
03-14 00:30:15.619  1501  1884 I hwcomposer: [HWC] (0)fire a callback of refresh to SF[4]  
03-14 00:30:15.628  1567  1567 I BufferQueueProducer: [FramebufferSurface](this:0xb400006faf4f0370,id:-1,api:1,p:1567,c:1567) queueBuffer: fps=0.10 dur=10130.16 max=10130.16 min=10130.16
03-14 00:30:15.713  2083  2083 I Telecom : SamsungTelecomServiceImpl : isInManagedCall - callingPackage : android / callingUser : UserHandle{0} / hasCrossUserAccess : true
03-14 00:30:15.731  3238  6389 I HoneySpace.NotificationListener: onNotificationPosted com.android.systemui: -1|com.android.systemui|2131364006|charging_state|10060: 0
03-14 00:30:15.731  3238  6389 I HoneySpace.NotificationListener: invalid notification: com.android.systemui UserHandle{-1}: canShowBadge is false
03-14 00:30:15.748  2748  2748 I LockscreenNotificationIconsOnlyController: onNotificationInfoUpdated 0
03-14 00:30:15.748  2748  2748 I AODNotificationManager: updateNotification() 
03-14 00:30:15.934  2748  2748 D Bubbles : onEntryUpdated : shouldBubbleUp=true ,key=-1|com.android.systemui|2131364006|charging_state|10060
03-14 00:30:15.935  2748  2748 D InterruptionStateProvider:  no Heads up : edgelighting enabled app. -1|com.android.systemui|2131364006|charging_state|10060
03-14 00:30:15.936  2748  2748 I {OngoingActivityController}: onEntryUpdated and OA data is empty. So update latest task info
03-14 00:30:15.946  2748  2748 I LockscreenNotificationIconsOnlyController: onNotificationInfoUpdated 0
03-14 00:30:15.947  2748  2748 I AODNotificationManager: updateNotification() 
03-14 00:30:15.956  2748  3330 D LocalImageResolver: Couldn't use ImageDecoder for drawable, falling back to non-resized load.
03-14 00:30:15.959  2748  3330 D LocalImageResolver: Couldn't use ImageDecoder for drawable, falling back to non-resized load.
03-14 00:30:15.964  2748  2748 D LocalImageResolver: Couldn't use ImageDecoder for drawable, falling back to non-resized load.
03-14 00:30:15.976  2748  2748 D ExpandableNotifRow: mMaxSmallHeight different before reInflateViews mMaxSmallHeight: 189 mTempSmallHeight:0 -1|com.android.systemui|2131364006|charging_state|10060
03-14 00:30:15.976  2748  2748 D ExpandableNotifRow: mMaxSmallHeight different before reInflateViews mMaxSmallHeight: 189 mTempSmallHeight:0 -1|com.android.systemui|2131364006|charging_state|10060
03-14 00:30:15.976  2748  2748 D ExpandableNotifRow: mMaxSmallHeight different before reInflateViews mMaxSmallHeight: 189 mTempSmallHeight:0 -1|com.android.systemui|2131364006|charging_state|10060
03-14 00:30:15.976  2748  2748 D ExpandableNotifRow: mMaxSmallHeight different before reInflateViews mMaxSmallHeight: 189 mTempSmallHeight:0 -1|com.android.systemui|2131364006|charging_state|10060
03-14 00:30:15.983  2748  2748 D LocalImageResolver: Couldn't use ImageDecoder for drawable, falling back to non-resized load.
03-14 00:30:15.989  2748  2748 I LockscreenNotificationIconsOnlyController: onNotificationInfoUpdated 0
03-14 00:30:15.990  2748  2748 I AODNotificationManager: updateNotification() 
03-14 00:30:16.028  1673  1692 E thermal_core: find_tz_idx_by_name:"Failed to find thermal zone index of ap_ntc\n"
03-14 00:30:16.028  1673  1692 E thermal_core: find_tz_idx_by_name:"Failed to find thermal zone index of mtk-master-charger\n"
03-14 00:30:16.028  1673  1692 E thermal_core: find_tz_idx_by_name:"Failed to find thermal zone index of camera0\n"
03-14 00:30:16.028  1673  1692 E thermal_core: find_tz_idx_by_name:"Failed to find thermal zone index of mtk-master-charger\n"
03-14 00:30:16.028  1673  1692 E thermal_core: find_tz_idx_by_name:"Failed to find thermal zone index of nrpa_ntc\n"
03-14 00:30:16.028  1673  1692 E thermal_core: dump_thermal_log:"Error: sccanf error, ret=9\n"
03-14 00:30:16.032  1673  1692 E thermal_core: node_read:"Failed to read /sys/class/thermal/thermal_zone2/temp: No data available\n"
03-14 00:30:16.032  1673  1692 I thermal_core: "soc/nr/lte/ap_ntc/tpcb/conn/chg/cam/c_ttj/g_ttj/a_ttj=0/-274000/33900/-274000/46000/30000/-274000/-274000/85000/85000/85000\n"
03-14 00:30:16.032  1673  1692 I thermal_core: "[C(l)(c)(i)][G(l)(c)][A(l)(c)][TH][D]=[(666666/666666/666666)(500/725/0)(0x0)][(666666)(666666)][(666666666)(666666666)][0][1600]\n"
03-14 00:30:16.033  1673  1692 E thermal_core: node_read:"Failed to open /sys/kernel/helio-dvfsrc/dvfsrc_therm_info: No such file or directory\n"
03-14 00:30:16.033  1673  1692 I thermal_core: "1600"
03-14 00:30:16.117  1699  1743 D MNLD    : mnld_gps_suspend_timeout_callback: Suspend mode timer timeout, leave suspend state and stop gps
03-14 00:30:16.117  1699  1743 D MNLD    : mnld_main_thread: n=2
03-14 00:30:16.118  1699  1743 D MNLD    : mnld_gps_suspend_timeout_callback: Suspend mode timer timeout, leave suspend state and stop gps
03-14 00:30:16.118  1699  1743 W MNLD    : main_event_hdlr: GPS2MAIN_EVENT_SUSPEND_TIMEOUT
03-14 00:30:16.118  1699  1743 W MNLD    : mnld_fsm: mnld_fsm() state=[SUSPEND] event=[SUSPEND_CLOSE], user=0x00000000
03-14 00:30:16.118  1699  1743 D MNLD    : fsm_gps_state_suspend: fsm_gps_state_suspend() data1=0,data2=0,data3=0x0
03-14 00:30:16.119  1699  1743 D mnld_mbrain: mnld_update_mbrain_info: mnld_update_mbrain_info,fail_case:0, idle_time:0, starting_time:135, started_time:6896,        stopping_time:26, suspend_time:120003, scp_inited:0, opened_fd:0, user:1, clock_type:fe,        c0:-1123916398, cd:-1095985065
03-14 00:30:16.120  1699  8588 D gps_controlller: gps_device_rst_listener_main: exit @sid = 75l, latest_id = 0l, ioctl ret = -1, last_errno = 4, need exit = 1
03-14 00:30:16.120  1699  1728 D gps_controlller: gps_device_rst_listener_thread_exit_and_join: try kill cnt = 2, wait cnt = 1/3, to be joinable
03-14 00:30:16.121  1699  1728 D gps_controlller: gps_device_rst_listener_thread_exit_and_join: join done
03-14 00:30:16.121  1699  1743 D MNLD    : gnss_pwr_on_vote: Set prop MNLD gnss pwr off
03-14 00:30:16.121  1699  1743 W MNLD    : main_event_hdlr: GPS2MAIN_EVENT_SUSPEND_TIMEOUT ignored
03-14 00:30:16.148  1699  1728 D gps_controlller: gps_control_event_hdlr: MAIN2GPS_EVENT_SUSPEND_TO_CLOSE, curr_sid = 75l, ok = 1
03-14 00:30:16.149  1699  1728 D gps_controlller: gps_control_thread: gps_control_thread wait
03-14 00:30:16.239  1830  1970 I bauth_FPBAuthService: pcf : 0x1012, 0 ,1 ,0 ,0 ,0 ,0, 16.0.0.3
03-14 00:30:16.240  1830  1970 I bauth_FPBAuthService: thread id : 1, preenroll_flag : 0, nd cnt : 0, cso : 0, et : 0
03-14 00:30:16.240  1830  1970 I bauth_FPBAuthService: FPBAuthService::timerHandler complete
03-14 00:30:16.420   582   582 D io_stats: !@   8,32 r 3713592 79175804 w 2451395 31807716 d 312984 187305456 f 206736 239435 iot 1166576 0 th 0 0 0 pt 0 inp 0 0 51229.706
03-14 00:30:17.240  1830  1970 I bauth_FPBAuthService: pcf : 0x1012, 0 ,1 ,0 ,0 ,0 ,0, 16.0.0.3
03-14 00:30:17.241  1830  1970 I bauth_FPBAuthService: thread id : 1, preenroll_flag : 0, nd cnt : 0, cso : 0, et : 0
03-14 00:30:17.241  1830  1970 I bauth_FPBAuthService: FPBAuthService::timerHandler complete
03-14 00:30:17.795   777  9049 I keystore2: system/security/keystore2/watchdog/src/lib.rs:377 - Watchdog thread idle -> terminating. Have a great day.
03-14 00:30:18.242  1830  1970 I bauth_FPBAuthService: pcf : 0x1012, 0 ,1 ,0 ,0 ,0 ,0, 16.0.0.3
03-14 00:30:18.242  1830  1970 I bauth_FPBAuthService: thread id : 1, preenroll_flag : 0, nd cnt : 0, cso : 0, et : 0
03-14 00:30:18.242  1830  1970 I bauth_FPBAuthService: FPBAuthService::timerHandler complete
03-14 00:30:18.422   582   582 D io_stats: !@   8,32 r 3713592 79175804 w 2451398 31807772 d 312984 187305456 f 206736 239435 iot 1166580 0 th 0 0 0 pt 0 inp 0 0 51231.707
03-14 00:30:18.423   582   582 D io_stats: !@ Write_top(KB): kworker/u32:12:/(28470) 56 vendor.samsung.:normal(1528) 8
03-14 00:30:19.036  1673  1692 E thermal_core: find_tz_idx_by_name:"Failed to find thermal zone index of ap_ntc\n"
03-14 00:30:19.036  1673  1692 E thermal_core: find_tz_idx_by_name:"Failed to find thermal zone index of mtk-master-charger\n"
03-14 00:30:19.245  1830  1970 I bauth_FPBAuthService: pcf : 0x1012, 0 ,1 ,0 ,0 ,0 ,0, 16.0.0.3
03-14 00:30:19.245  1830  1970 I bauth_FPBAuthService: thread id : 1, preenroll_flag : 0, nd cnt : 0, cso : 0, et : 0
03-14 00:30:19.245  1830  1970 I bauth_FPBAuthService: FPBAuthService::timerHandler complete
03-14 00:30:19.359  2857  2857 I wpa_supplicant: Heartbeat 1455
03-14 00:30:20.245  1830  1970 I bauth_FPBAuthService: pcf : 0x1012, 0 ,1 ,0 ,0 ,0 ,0, 16.0.0.3
03-14 00:30:20.245  1830  1970 I bauth_FPBAuthService: thread id : 1, preenroll_flag : 0, nd cnt : 0, cso : 0, et : 0
03-14 00:30:20.245  1830  1970 I bauth_FPBAuthService: FPBAuthService::timerHandler complete
03-14 00:30:20.610  2083  2246 D ActivityManager: freezing 20529 com.android.settings
03-14 00:30:20.613  2083  2246 D ActivityManager: freezing 16063 com.samsung.android.lool
03-14 00:30:20.616  2083  2246 D ActivityManager: freezing 31829 com.samsung.android.dqagent
03-14 00:30:20.617  2083  2246 D ActivityManager: freezing 8825 com.samsung.android.sm.provider
03-14 00:30:20.618  2083  2246 D ActivityManager: freezing 29487 com.samsung.android.provider.filterprovider
03-14 00:30:20.619  2083  2246 D ActivityManager: freezing 29454 com.android.keychain
03-14 00:30:20.619  2083  2246 D ActivityManager: freezing 30808 com.samsung.android.smartface
03-14 00:30:20.621  2083  2246 D ActivityManager: freezing 1299 com.samsung.sait.sohservice
03-14 00:30:20.623  2083  2246 I UMR     : B|Compact com.samsung.android.sm.provider(8825)
03-14 00:30:20.637  2083  2164 D MARsPolicyManager: triggerAction called!
03-14 00:30:20.638  2083  2164 I NSLocationMonitor: getGPSUsingApps() called
03-14 00:30:20.638  3549 14748 I NSLocationManager_FLP: getGPSUsingApps, No change
03-14 00:30:20.933  2083  2246 I UMR     : E|Compact d_rss=-5248KB
03-14 00:30:20.935  2083  2246 I UMR     : B|Compact com.samsung.sait.sohservice(1299)
03-14 00:30:21.015  2083  2895 D PowerManagerService: [api] release WakeLock DRAW_WAKE_LOCK                    'charging_info' ACQ=-5s503ms (uid=10060 pid=2748 displayId=0 lock=5893344)
03-14 00:30:21.016  2083  2895 D PowerManagerService: displayReady: false groupId=0
03-14 00:30:21.016  2083  2176 D DisplayPowerController[0]: animateScreenStateChange: target=DOZE_SUSPEND, mIsEnabled=true
03-14 00:30:21.018  2083  2176 I DisplayPowerController[0]: BrightnessEvent: brt=0.16470589 (65.0%), nits= 42.077, lux=-1.0, reason=manual, strat=FallbackBrightnessStrategy, state=DOZE_SUSPEND, stateReason=UNKNOWN, policy=DOZE, flags=, initBrt=0.16470589, rcmdBrt=NaN, preBrt=NaN, preLux=0.0, wasShortTermModelActive=false, autoBrightness=false (default), unclampedBrt=0.16470589, hbmMax=1.0, hbmMode=off, thrmMax=1.0, rbcStrength=-1, powerFactor=1.0, physDisp=Yerleşik Ekran(local:4627039422300187648), logicalId=0, slowChange=false, rampSpeed=0.0
03-14 00:30:21.019  1520  1550 I mtkpower@impl: [setMode] type:9, enabled:1
03-14 00:30:21.019  1520  1550 I mtkpower@impl: [setMode] Mode::DISPLAY_INACTIVE: 1
03-14 00:30:21.019  2083  2637 D DisplayManagerService: !@display_state requestDisplayStateInternal: DOZE -> DOZE_SUSPEND displayId=0
03-14 00:30:21.019  2083  2637 D SemInputDeviceManagerService: setDisplayState[1] EARLY: DOZE(3) -> DOZE_SUSPEND(4)
03-14 00:30:21.020  2083  2116 I DisplayDeviceRepository: Display device changed state: "Yerleşik Ekran", DOZE_SUSPEND
03-14 00:30:21.020  2083  2637 D LocalDisplayAdapter: notifyStateChangeStart: com.samsung.android.hardware.secinputdev.external.DisplayStateListenerWrapper$1@c7e080a took 1 ms
03-14 00:30:21.020  2083  2637 D LocalDisplayAdapter: notifyStateChangeStart: com.android.server.biometrics.SemBiometricDisplayStateMonitor@478eea8 took 0 ms
03-14 00:30:21.020  2083  2637 W LocalDisplayAdapter: !@display_state - 2445 : DOZE -> DOZE_SUSPEND (MAIN)
03-14 00:30:21.021  2083  2114 D WindowManager: DeferredDisplayUpdater: partially applying DisplayInfo(1080 x 2340) immediately
03-14 00:30:21.021  1567  1567 D SurfaceFlinger: Setting power mode 2 on physical display 4627039422300187648
03-14 00:30:21.021  2083  2476 I SemBiometricDisplayStateMonitor: DisplayStateListener#onStart : DOZE_SUSPEND, DOZE_SUSPEND, DEFAULT_DISPLAY
03-14 00:30:21.023 29780 29780 D AudioFlinger: setParameters: filtered dev setParameters keyvalue screen_state=off
03-14 00:30:21.023  2083  2176 D BrightnessThermalClamper: Thermal status observer already started
03-14 00:30:21.024 29783 29783 D AudioALSAHardware: +setParameters(): screen_state=off
03-14 00:30:21.024 29783 29783 D AudioALSAHardware: -setParameters(): screen_state=off
03-14 00:30:21.024  2083  2083 D SGM:GameManager: onDisplayChanged. displyId: 0, state: 4
03-14 00:30:21.025  3238 24263 I HoneySpace.Memory-Monitor: current state = 4, didTrim = true
03-14 00:30:21.025  1567  2260 I VSyncReactor: Current= 90, Period= 90, hwcPeriod= 90
03-14 00:30:21.026  5415  5415 I HBD     : DeX h DeX mode state change in non-main thread 
03-14 00:30:21.027  5415  5415 I HBD     : DeX h DeX mode state change: 3 
03-14 00:30:21.027  2083  2558 D SemInputDevice:TSP: ActivateTask: 4,0 [03-14 00:30:21.020]
03-14 00:30:21.028  1534  1546 I sysinput:aidl: onReportInformation:93, 1, enabled@4,0:0
03-14 00:30:21.028  3238  3238 I VRI[LauncherActivity]@79a9058: onDisplayChanged oldDisplayState=3 newDisplayState=4
03-14 00:30:21.028  5415  5415 I VRI[InputMethod]@e345dc8: onDisplayChanged oldDisplayState=3 newDisplayState=4
03-14 00:30:21.028  3238  3238 I VRI[RecentsTransitionOverlay]@815033c: onDisplayChanged oldDisplayState=3 newDisplayState=4
03-14 00:30:21.029  3238  3238 I VRI[CocktailBarService]@b870e79: onDisplayChanged oldDisplayState=3 newDisplayState=4
03-14 00:30:21.029  3238  3238 I VRI[RecentsActivity]@a5b1272: onDisplayChanged oldDisplayState=3 newDisplayState=4
03-14 00:30:21.029  2083  2558 D SysinputHAL_AIDL: activate(TSP(1)),4,0 ret=0
03-14 00:30:21.030  1534  1546 I sysinput:Touch1: operator():133, 4,0 OK
03-14 00:30:21.030  2083  2299 D SGM:FgCheckThread: onLooperPrepared(), msg: MSG_LCD_OFF
03-14 00:30:21.032  5329  5329 I VRI[LauncherActivity]@9ba8716: onDisplayChanged oldDisplayState=3 newDisplayState=4
03-14 00:30:21.033  2748  2748 D DisplayLifecycle: updateDisplay id = 0
03-14 00:30:21.035  2748  2748 I Keyguard.AODTouchModeManager: onDisplayChanged newDisplayState=4, currentDisplayState=3, displayId=0
03-14 00:30:21.037  2748  2802 I VRI[ShellDropTarget]@92e3be9: onDisplayChanged oldDisplayState=3 newDisplayState=4
03-14 00:30:21.037  2748  2748 I VRI[LockscreenShortcutBlur]@f4e5155: onDisplayChanged oldDisplayState=3 newDisplayState=4
03-14 00:30:21.037  2748  2802 I VRI[View root of ReusableWindowDecorViewHost#0]@254be1d: onDisplayChanged oldDisplayState=3 newDisplayState=4
03-14 00:30:21.037  2748  2748 I VRI[NavigationBar0]@cb51d69: onDisplayChanged oldDisplayState=3 newDisplayState=4
03-14 00:30:21.037  2083  2637 W LocalDisplayAdapter: !@display_state - 2445 : DOZE_SUSPEND (MAIN) took 17 ms
03-14 00:30:21.037  2748  2748 I VRI[EdgeBackGestureHandler0]@e247b7f: onDisplayChanged oldDisplayState=3 newDisplayState=4
03-14 00:30:21.037  2748  2748 I VRI[NotificationShade]@ddcb5e0: onDisplayChanged oldDisplayState=3 newDisplayState=4
03-14 00:30:21.037  2083  2637 D SemInputDeviceManagerService: setDisplayState[1] LATE: DOZE_SUSPEND(4) -> DOZE_SUSPEND(4)
03-14 00:30:21.037  2748  2748 I VRI[StatusBar]@b5f60f8: onDisplayChanged oldDisplayState=3 newDisplayState=4
03-14 00:30:21.037  2748  2748 I VRI[SecondaryHomeHandle0]@fc3d736: onDisplayChanged oldDisplayState=3 newDisplayState=4
03-14 00:30:21.038  2083  2637 D LocalDisplayAdapter: notifyStateChangeFinish: com.samsung.android.hardware.secinputdev.external.DisplayStateListenerWrapper$1@c7e080a took 1 ms
03-14 00:30:21.038  2083  2637 D LocalDisplayAdapter: notifyStateChangeFinish: com.android.server.biometrics.SemBiometricDisplayStateMonitor@478eea8 took 0 ms
