03-15 14:26:10.064 I/SensorsHub( 1503): queueActivate: handle 5 enable 0
03-15 14:26:10.065 I/MdnsReplySender(12320): Sending {MdnsReplyInfo: /192.168.1.7:5353 to /224.0.0.251:5353, answers: 1, additionalAnswers: 7, knownAnswers: 0, sendDelayMs 85}
03-15 14:26:10.065 I/SensorsHub( 1503): type : 5, enable : 0
03-15 14:26:10.070 V/APM_AudioPolicyManager(12081): setAppState(portId:159, state:1)
03-15 14:26:10.071 V/APM_AudioPolicyManager(12081): setAppState(portId:159, state:1)
03-15 14:26:10.254 W/AudioALSACaptureDataProviderNormal(12088): readThread, latency_in_s,0.000002,0.022224,0.000125, totalTime 0.022351 > logTimeout 0.022000 TIMEOUT!!
03-15 14:26:10.267 D/SatelliteController(12732): isInCarrierRoamingNbIotNtn: satellite is disabled
03-15 14:26:10.293 W/AudioALSACaptureDataProviderNormal(12088): readThread, latency_in_s,0.000001,0.022314,0.000125, totalTime 0.022439 > logTimeout 0.022000 TIMEOUT!!
03-15 14:26:10.305 I/ActivityManager(12320): Changes in 90001 17 to 17, 128 to 0
03-15 14:26:10.305 I/ActivityManager(12320): Changes in 90000 11 to 17, 128 to 0
03-15 14:26:10.306 I/ActivityManager(12320): Changes in 10304 11 to 16, 128 to 0
03-15 14:26:10.307 V/APM_AudioPolicyManager(12081): setAppState(portId:159, state:1)
03-15 14:26:10.307 V/APM_AudioPolicyManager(12081): setAppState(portId:159, state:1)
03-15 14:26:10.307 V/APM_AudioPolicyManager(12081): setAppState(portId:159, state:1)
03-15 14:26:10.312 I/ActivityManager(12320): Changes in 90001 17 to 17, 0 to 128
03-15 14:26:10.312 I/ActivityManager(12320): Changes in 90000 17 to 11, 0 to 128
03-15 14:26:10.312 I/ActivityManager(12320): Changes in 10304 16 to 11, 0 to 128
03-15 14:26:10.312 V/APM_AudioPolicyManager(12081): setAppState(portId:159, state:1)
03-15 14:26:10.314 I/VSyncReactor( 1567): Current= 90, Period= 90, hwcPeriod= 90
03-15 14:26:10.315 V/APM_AudioPolicyManager(12081): setAppState(portId:159, state:1)
03-15 14:26:10.315 V/APM_AudioPolicyManager(12081): setAppState(portId:159, state:1)
03-15 14:26:10.557 D/SemWifiUsabilityStatsMonitor(12320): onWifiUsabilityStats - seqNum 1631, isSameBssidAndFreq true
03-15 14:26:11.113 I/stagram.android(12538): CollectorTransition concurrent mark compact GC freed 5890KB AllocSpace bytes, 11(15MB) LOS objects, 36% free, 84MB/132MB, paused 2.365ms,10.878ms total 807.885ms
03-15 14:26:11.320 I/ActivityManager(12320): Changes in 90001 17 to 17, 128 to 0
03-15 14:26:11.320 I/ActivityManager(12320): Changes in 90000 11 to 17, 128 to 0
03-15 14:26:11.321 I/ActivityManager(12320): Changes in 10304 11 to 16, 128 to 0
03-15 14:26:11.322 V/APM_AudioPolicyManager(12081): setAppState(portId:159, state:1)
03-15 14:26:11.322 V/APM_AudioPolicyManager(12081): setAppState(portId:159, state:1)
03-15 14:26:11.322 V/APM_AudioPolicyManager(12081): setAppState(portId:159, state:1)
03-15 14:26:11.325 I/VSyncReactor( 1567): Current= 90, Period= 90, hwcPeriod= 90
03-15 14:26:11.332 I/ActivityManager(12320): Changes in 90001 17 to 17, 0 to 128
03-15 14:26:11.333 I/ActivityManager(12320): Changes in 90000 17 to 11, 0 to 128
03-15 14:26:11.333 I/ActivityManager(12320): Changes in 10304 16 to 11, 0 to 128
03-15 14:26:11.334 V/APM_AudioPolicyManager(12081): setAppState(portId:159, state:1)
03-15 14:26:11.334 V/APM_AudioPolicyManager(12081): setAppState(portId:159, state:1)
03-15 14:26:11.336 V/APM_AudioPolicyManager(12081): setAppState(portId:159, state:1)
03-15 14:26:11.504 I/wpa_supplicant(12721): Heartbeat 866
03-15 14:26:11.547 D/SatelliteController(12732): isInCarrierRoamingNbIotNtn: satellite is disabled
03-15 14:26:11.560 D/io_stats(  582): !@   8,32 r 7566914 164586424 w 5381488 70467720 d 598641 219329172 f 475150 529099 iot 2437220 0 th 0 0 0 pt 0 inp 0 0 118729.856
03-15 14:26:11.622 I/libPerfCtl( 1517): xgfGetFPS pid:-1 fps:0
03-15 14:26:11.622 I/libPerfCtl( 1607): xgfGetCmd ioctl_valid:-2
03-15 14:26:11.623 I/libPerfCtl( 1517): xgfGetFPS ioctl_valid:-2
03-15 14:26:11.631 D/FreecessHandler(12320): freeze com.instagram.android(10304) result : 37
03-15 14:26:11.774 W/AudioALSACaptureDataProviderNormal(12088): readThread, latency_in_s,0.000002,0.022138,0.000124, totalTime 0.022264 > logTimeout 0.022000 TIMEOUT!!
03-15 14:26:11.854 W/AudioALSACaptureDataProviderNormal(12088): readThread, latency_in_s,0.000002,0.022107,0.000126, totalTime 0.022234 > logTimeout 0.022000 TIMEOUT!!
03-15 14:26:11.932 E/thermal_core( 1673): find_tz_idx_by_name:"Failed to find thermal zone index of ap_ntc\n"
03-15 14:26:11.933 E/thermal_core( 1673): find_tz_idx_by_name:"Failed to find thermal zone index of mtk-master-charger\n"
03-15 14:26:12.014 W/AudioALSACaptureDataProviderNormal(12088): readThread, latency_in_s,0.000002,0.022338,0.000110, totalTime 0.022450 > logTimeout 0.022000 TIMEOUT!!
03-15 14:26:12.062 I/NSLocationMonitor(12320): getGPSUsingApps() called
03-15 14:26:12.064 I/NSLocationManager_FLP(13876): getGPSUsingApps, No change
03-15 14:26:12.078 D/FreecessHandler(12320): freeze com.instagram.android(10304) result : 33
03-15 14:26:12.214 W/AudioALSACaptureDataProviderNormal(12088): readThread, latency_in_s,0.000002,0.022159,0.000134, totalTime 0.022295 > logTimeout 0.022000 TIMEOUT!!
03-15 14:26:12.328 D/IpClient/wlan0(12892): addressUpdated: fd00::a0f6:c6ff:fe62:b331/64 on ifindex 53 flags 0x00000100 scope 0
03-15 14:26:12.329 D/IpClient/wlan0(12892): addressUpdated: fd00::1f48:ef84:bcb3:b7e1/64 on ifindex 53 flags 0x00000001 scope 0
03-15 14:26:12.329 W/AlarmManager(12892): Unrecognized alarm listener com.android.networkstack.android.net.ip.IpClientLinkObserver$Dhcp6PdPreferredPrefixAlarmListener@5c118d3
03-15 14:26:12.329 I/EPDG -- SIM0 [EpdgIntfCont](12923): sendInterfaceMessage, not mobile, ignore
03-15 14:26:12.330 D/IpClient/wlan0(12892): addressUpdated: fd00::a0f6:c6ff:fe62:b331/64 on ifindex 53 flags 0x00000100 scope 0
03-15 14:26:12.331 D/IpClient/wlan0(12892): addressUpdated: fd00::1f48:ef84:bcb3:b7e1/64 on ifindex 53 flags 0x00000001 scope 0
03-15 14:26:12.332 W/AlarmManager(12892): Unrecognized alarm listener com.android.networkstack.android.net.ip.IpClientLinkObserver$Dhcp6PdPreferredPrefixAlarmListener@5c118d3
03-15 14:26:12.332 D/IpClient/wlan0(12892): addressUpdated: fd00::a0f6:c6ff:fe62:b331/64 on ifindex 53 flags 0x00000100 scope 0
03-15 14:26:12.333 D/IpClient/wlan0(12892): addressUpdated: fd00::1f48:ef84:bcb3:b7e1/64 on ifindex 53 flags 0x00000001 scope 0
03-15 14:26:12.335 W/AlarmManager(12892): Unrecognized alarm listener com.android.networkstack.android.net.ip.IpClientLinkObserver$Dhcp6PdPreferredPrefixAlarmListener@5c118d3
03-15 14:26:12.335 D/IpClient/wlan0(12892): addressUpdated: fd00::a0f6:c6ff:fe62:b331/64 on ifindex 53 flags 0x00000100 scope 0
03-15 14:26:12.335 D/IpClient/wlan0(12892): addressUpdated: fd00::1f48:ef84:bcb3:b7e1/64 on ifindex 53 flags 0x00000001 scope 0
03-15 14:26:12.336 W/AlarmManager(12892): Unrecognized alarm listener com.android.networkstack.android.net.ip.IpClientLinkObserver$Dhcp6PdPreferredPrefixAlarmListener@5c118d3
03-15 14:26:12.336 D/IpClient/wlan0(12892): addressUpdated: fd00::a0f6:c6ff:fe62:b331/64 on ifindex 53 flags 0x00000100 scope 0
03-15 14:26:12.336 I/EPDG -- SIM1 [EpdgIntfCont](12923): sendInterfaceMessage, not mobile, ignore
03-15 14:26:12.336 I/EPDG -- SIM1 [EpdgIntfCont](12923): sendInterfaceMessage, not mobile, ignore
03-15 14:26:12.336 I/EPDG -- SIM0 [EpdgIntfCont](12923): sendInterfaceMessage, not mobile, ignore
03-15 14:26:12.336 D/IpClient/wlan0(12892): addressUpdated: fd00::1f48:ef84:bcb3:b7e1/64 on ifindex 53 flags 0x00000001 scope 0
03-15 14:26:12.337 W/AlarmManager(12892): Unrecognized alarm listener com.android.networkstack.android.net.ip.IpClientLinkObserver$Dhcp6PdPreferredPrefixAlarmListener@5c118d3
03-15 14:26:12.337 D/IpClient/wlan0(12892): addressUpdated: fd00::a0f6:c6ff:fe62:b331/64 on ifindex 53 flags 0x00000100 scope 0
03-15 14:26:12.337 D/IpClient/wlan0(12892): addressUpdated: fd00::1f48:ef84:bcb3:b7e1/64 on ifindex 53 flags 0x00000001 scope 0
03-15 14:26:12.337 W/AlarmManager(12892): Unrecognized alarm listener com.android.networkstack.android.net.ip.IpClientLinkObserver$Dhcp6PdPreferredPrefixAlarmListener@5c118d3
03-15 14:26:12.339 I/ActivityManager(12320): Changes in 90001 17 to 17, 128 to 0
03-15 14:26:12.339 D/IpClient/wlan0(12892): addressUpdated: fd00::a0f6:c6ff:fe62:b331/64 on ifindex 53 flags 0x00000100 scope 0
03-15 14:26:12.339 I/EPDG -- SIM0 [EpdgIntfCont](12923): sendInterfaceMessage, not mobile, ignore
03-15 14:26:12.339 I/EPDG -- SIM0 [EpdgIntfCont](12923): sendInterfaceMessage, not mobile, ignore
03-15 14:26:12.339 D/IpClient/wlan0(12892): addressUpdated: fd00::1f48:ef84:bcb3:b7e1/64 on ifindex 53 flags 0x00000001 scope 0
03-15 14:26:12.339 I/EPDG -- SIM1 [EpdgIntfCont](12923): sendInterfaceMessage, not mobile, ignore
03-15 14:26:12.340 I/EPDG -- SIM1 [EpdgIntfCont](12923): sendInterfaceMessage, not mobile, ignore
03-15 14:26:12.340 I/EPDG -- SIM0 [EpdgIntfCont](12923): sendInterfaceMessage, not mobile, ignore
03-15 14:26:12.340 I/EPDG -- SIM0 [EpdgIntfCont](12923): sendInterfaceMessage, not mobile, ignore
03-15 14:26:12.340 W/AlarmManager(12892): Unrecognized alarm listener com.android.networkstack.android.net.ip.IpClientLinkObserver$Dhcp6PdPreferredPrefixAlarmListener@5c118d3
03-15 14:26:12.340 D/IpClient/wlan0(12892): addressUpdated: fd00::a0f6:c6ff:fe62:b331/64 on ifindex 53 flags 0x00000100 scope 0
03-15 14:26:12.340 I/EPDG -- SIM1 [EpdgIntfCont](12923): sendInterfaceMessage, not mobile, ignore
03-15 14:26:12.340 I/EPDG -- SIM1 [EpdgIntfCont](12923): sendInterfaceMessage, not mobile, ignore
03-15 14:26:12.340 I/EPDG -- SIM1 [EpdgIntfCont](12923): sendInterfaceMessage, not mobile, ignore
03-15 14:26:12.340 I/EPDG -- SIM0 [EpdgIntfCont](12923): sendInterfaceMessage, not mobile, ignore
03-15 14:26:12.340 D/IpClient/wlan0(12892): addressUpdated: fd00::1f48:ef84:bcb3:b7e1/64 on ifindex 53 flags 0x00000001 scope 0
03-15 14:26:12.341 W/AlarmManager(12892): Unrecognized alarm listener com.android.networkstack.android.net.ip.IpClientLinkObserver$Dhcp6PdPreferredPrefixAlarmListener@5c118d3
03-15 14:26:12.341 I/ActivityManager(12320): Changes in 90000 11 to 17, 128 to 0
03-15 14:26:12.341 D/IpClient/wlan0(12892): addressUpdated: fd00::a0f6:c6ff:fe62:b331/64 on ifindex 53 flags 0x00000100 scope 0
03-15 14:26:12.341 I/ActivityManager(12320): Changes in 10304 11 to 16, 128 to 0
03-15 14:26:12.341 D/IpClient/wlan0(12892): addressUpdated: fd00::1f48:ef84:bcb3:b7e1/64 on ifindex 53 flags 0x00000001 scope 0
03-15 14:26:12.342 W/AlarmManager(12892): Unrecognized alarm listener com.android.networkstack.android.net.ip.IpClientLinkObserver$Dhcp6PdPreferredPrefixAlarmListener@5c118d3
03-15 14:26:12.342 I/EPDG -- SIM0 [EpdgIntfCont](12923): sendInterfaceMessage, not mobile, ignore
03-15 14:26:12.342 I/EPDG -- SIM0 [EpdgIntfCont](12923): sendInterfaceMessage, not mobile, ignore
03-15 14:26:12.342 V/APM_AudioPolicyManager(12081): setAppState(portId:159, state:1)
03-15 14:26:12.342 V/APM_AudioPolicyManager(12081): setAppState(portId:159, state:1)
03-15 14:26:12.342 I/EPDG -- SIM0 [EpdgIntfCont](12923): sendInterfaceMessage, not mobile, ignore
03-15 14:26:12.342 I/EPDG -- SIM0 [EpdgIntfCont](12923): sendInterfaceMessage, not mobile, ignore
03-15 14:26:12.342 I/EPDG -- SIM0 [EpdgIntfCont](12923): sendInterfaceMessage, not mobile, ignore
03-15 14:26:12.342 I/EPDG -- SIM0 [EpdgIntfCont](12923): sendInterfaceMessage, not mobile, ignore
03-15 14:26:12.342 I/EPDG -- SIM0 [EpdgIntfCont](12923): sendInterfaceMessage, not mobile, ignore
03-15 14:26:12.342 I/EPDG -- SIM0 [EpdgIntfCont](12923): sendInterfaceMessage, not mobile, ignore
03-15 14:26:12.342 I/EPDG -- SIM0 [EpdgIntfCont](12923): sendInterfaceMessage, not mobile, ignore
03-15 14:26:12.342 I/EPDG -- SIM0 [EpdgIntfCont](12923): sendInterfaceMessage, not mobile, ignore
03-15 14:26:12.342 I/EPDG -- SIM0 [EpdgIntfCont](12923): sendInterfaceMessage, not mobile, ignore
03-15 14:26:12.343 I/EPDG -- SIM1 [EpdgIntfCont](12923): sendInterfaceMessage, not mobile, ignore
03-15 14:26:12.345 I/VSyncReactor( 1567): Current= 90, Period= 90, hwcPeriod= 90
03-15 14:26:12.345 V/APM_AudioPolicyManager(12081): setAppState(portId:159, state:1)
03-15 14:26:12.345 I/EPDG -- SIM1 [EpdgIntfCont](12923): sendInterfaceMessage, not mobile, ignore
03-15 14:26:12.345 I/EPDG -- SIM1 [EpdgIntfCont](12923): sendInterfaceMessage, not mobile, ignore
03-15 14:26:12.345 I/EPDG -- SIM1 [EpdgIntfCont](12923): sendInterfaceMessage, not mobile, ignore
03-15 14:26:12.345 I/EPDG -- SIM1 [EpdgIntfCont](12923): sendInterfaceMessage, not mobile, ignore
03-15 14:26:12.345 I/EPDG -- SIM1 [EpdgIntfCont](12923): sendInterfaceMessage, not mobile, ignore
03-15 14:26:12.345 I/EPDG -- SIM1 [EpdgIntfCont](12923): sendInterfaceMessage, not mobile, ignore
03-15 14:26:12.345 I/EPDG -- SIM1 [EpdgIntfCont](12923): sendInterfaceMessage, not mobile, ignore
03-15 14:26:12.345 I/EPDG -- SIM1 [EpdgIntfCont](12923): sendInterfaceMessage, not mobile, ignore
03-15 14:26:12.345 I/EPDG -- SIM1 [EpdgIntfCont](12923): sendInterfaceMessage, not mobile, ignore
03-15 14:26:12.345 I/EPDG -- SIM1 [EpdgIntfCont](12923): sendInterfaceMessage, not mobile, ignore
03-15 14:26:12.346 I/ActivityManager(12320): Changes in 90001 17 to 17, 0 to 128
03-15 14:26:12.347 I/ActivityManager(12320): Changes in 90000 17 to 11, 0 to 128
03-15 14:26:12.347 I/ActivityManager(12320): Changes in 10304 16 to 11, 0 to 128
03-15 14:26:12.348 V/APM_AudioPolicyManager(12081): setAppState(portId:159, state:1)
03-15 14:26:12.348 V/APM_AudioPolicyManager(12081): setAppState(portId:159, state:1)
03-15 14:26:12.348 V/APM_AudioPolicyManager(12081): setAppState(portId:159, state:1)
03-15 14:26:12.423 D/IpClient/wlan0(12892): addressUpdated: fd00::a0f6:c6ff:fe62:b331/64 on ifindex 53 flags 0x00000100 scope 0
03-15 14:26:12.423 D/IpClient/wlan0(12892): addressUpdated: fd00::1f48:ef84:bcb3:b7e1/64 on ifindex 53 flags 0x00000001 scope 0
03-15 14:26:12.424 W/AlarmManager(12892): Unrecognized alarm listener com.android.networkstack.android.net.ip.IpClientLinkObserver$Dhcp6PdPreferredPrefixAlarmListener@5c118d3
03-15 14:26:12.426 I/EPDG -- SIM0 [EpdgIntfCont](12923): sendInterfaceMessage, not mobile, ignore
03-15 14:26:12.426 I/EPDG -- SIM1 [EpdgIntfCont](12923): sendInterfaceMessage, not mobile, ignore
03-15 14:26:12.426 I/EPDG -- SIM0 [EpdgIntfCont](12923): sendInterfaceMessage, not mobile, ignore
03-15 14:26:12.426 I/EPDG -- SIM1 [EpdgIntfCont](12923): sendInterfaceMessage, not mobile, ignore
03-15 14:26:12.525 D/IpClient/wlan0(12892): addressUpdated: fd00::a0f6:c6ff:fe62:b331/64 on ifindex 53 flags 0x00000100 scope 0
03-15 14:26:12.525 D/IpClient/wlan0(12892): addressUpdated: fd00::1f48:ef84:bcb3:b7e1/64 on ifindex 53 flags 0x00000001 scope 0
03-15 14:26:12.526 W/AlarmManager(12892): Unrecognized alarm listener com.android.networkstack.android.net.ip.IpClientLinkObserver$Dhcp6PdPreferredPrefixAlarmListener@5c118d3
03-15 14:26:12.527 D/IpClient/wlan0(12892): addressUpdated: fd00::a0f6:c6ff:fe62:b331/64 on ifindex 53 flags 0x00000100 scope 0
03-15 14:26:12.527 D/IpClient/wlan0(12892): addressUpdated: fd00::1f48:ef84:bcb3:b7e1/64 on ifindex 53 flags 0x00000001 scope 0
03-15 14:26:12.527 W/AlarmManager(12892): Unrecognized alarm listener com.android.networkstack.android.net.ip.IpClientLinkObserver$Dhcp6PdPreferredPrefixAlarmListener@5c118d3
03-15 14:26:12.530 I/EPDG -- SIM0 [EpdgIntfCont](12923): sendInterfaceMessage, not mobile, ignore
03-15 14:26:12.530 I/EPDG -- SIM1 [EpdgIntfCont](12923): sendInterfaceMessage, not mobile, ignore
03-15 14:26:12.530 I/EPDG -- SIM0 [EpdgIntfCont](12923): sendInterfaceMessage, not mobile, ignore
03-15 14:26:12.531 I/EPDG -- SIM0 [EpdgIntfCont](12923): sendInterfaceMessage, not mobile, ignore
03-15 14:26:12.531 I/EPDG -- SIM1 [EpdgIntfCont](12923): sendInterfaceMessage, not mobile, ignore
03-15 14:26:12.531 I/EPDG -- SIM1 [EpdgIntfCont](12923): sendInterfaceMessage, not mobile, ignore
03-15 14:26:12.531 I/EPDG -- SIM1 [EpdgIntfCont](12923): sendInterfaceMessage, not mobile, ignore
03-15 14:26:12.531 I/EPDG -- SIM0 [EpdgIntfCont](12923): sendInterfaceMessage, not mobile, ignore
03-15 14:26:12.692 I/system_server(12320): Background concurrent mark compact GC freed 45MB AllocSpace bytes, 103(2060KB) LOS objects, 32% free, 98MB/146MB, paused 2.437ms,4.657ms total 366.700ms
03-15 14:26:12.705 W/System  (12320): A resource failed to call HardwareBuffer.close. 
03-15 14:26:13.353 I/ActivityManager(12320): Changes in 90001 17 to 17, 128 to 0
03-15 14:26:13.354 I/ActivityManager(12320): Changes in 90000 11 to 17, 128 to 0
03-15 14:26:13.355 I/ActivityManager(12320): Changes in 10304 11 to 16, 128 to 0
03-15 14:26:13.357 V/APM_AudioPolicyManager(12081): setAppState(portId:159, state:1)
03-15 14:26:13.358 V/APM_AudioPolicyManager(12081): setAppState(portId:159, state:1)
03-15 14:26:13.361 V/APM_AudioPolicyManager(12081): setAppState(portId:159, state:1)
03-15 14:26:13.364 I/ActivityManager(12320): Changes in 90001 17 to 17, 0 to 128
03-15 14:26:13.365 I/ActivityManager(12320): Changes in 90000 17 to 11, 0 to 128
03-15 14:26:13.365 I/ActivityManager(12320): Changes in 10304 16 to 11, 0 to 128
03-15 14:26:13.367 I/VSyncReactor( 1567): Current= 90, Period= 90, hwcPeriod= 90
03-15 14:26:13.368 V/APM_AudioPolicyManager(12081): setAppState(portId:159, state:1)
03-15 14:26:13.368 V/APM_AudioPolicyManager(12081): setAppState(portId:159, state:1)
03-15 14:26:13.369 V/APM_AudioPolicyManager(12081): setAppState(portId:159, state:1)
03-15 14:26:13.533 W/AudioALSACaptureDataProviderNormal(12088): readThread, latency_in_s,0.000002,0.021990,0.000125, totalTime 0.022117 > logTimeout 0.022000 TIMEOUT!!
03-15 14:26:13.562 D/io_stats(  582): !@   8,32 r 7566921 164586600 w 5381488 70467720 d 598641 219329172 f 475150 529099 iot 2437224 0 th 0 0 0 pt 0 inp 0 0 118731.859
03-15 14:26:13.563 D/io_stats(  582): !@ Read_top(KB): logcat:normal(1450) 176
03-15 14:26:13.563 D/io_stats(  582): !@ Write_top(KB): kworker/u32:2:/(31744) 292
03-15 14:26:13.567 D/SemWifiUsabilityStatsMonitor(12320): onWifiUsabilityStats - seqNum 1632, isSameBssidAndFreq true
03-15 14:26:13.569 I/SemWifiLinkQualityMonitor(12320): Link stat: 0 / 0 / 1,00 (22) / 433 / -49.0 || 100.0 : 433,00 / 0.5 : 1,00 / 0.55 : 0,30 / G (G) || d2dfd1b45640: 0,121 / 65,934 / D || N N / 0 0 / Y 2.0 / Y X 0 / 118731865 0 || Invalid
03-15 14:26:14.013 W/AudioALSACaptureDataProviderNormal(12088): readThread, latency_in_s,0.000002,0.022237,0.000120, totalTime 0.022358 > logTimeout 0.022000 TIMEOUT!!
03-15 14:26:14.376 I/ActivityManager(12320): Changes in 90001 17 to 17, 128 to 0
03-15 14:26:14.376 I/ActivityManager(12320): Changes in 90000 11 to 17, 128 to 0
03-15 14:26:14.377 I/ActivityManager(12320): Changes in 10304 11 to 16, 128 to 0
03-15 14:26:14.378 V/APM_AudioPolicyManager(12081): setAppState(portId:159, state:1)
03-15 14:26:14.378 V/APM_AudioPolicyManager(12081): setAppState(portId:159, state:1)
03-15 14:26:14.380 V/APM_AudioPolicyManager(12081): setAppState(portId:159, state:1)
03-15 14:26:14.385 I/ActivityManager(12320): Changes in 90001 17 to 17, 0 to 128
03-15 14:26:14.385 I/ActivityManager(12320): Changes in 90000 17 to 11, 0 to 128
03-15 14:26:14.386 I/ActivityManager(12320): Changes in 10304 16 to 11, 0 to 128
03-15 14:26:14.387 V/APM_AudioPolicyManager(12081): setAppState(portId:159, state:1)
03-15 14:26:14.387 I/VSyncReactor( 1567): Current= 90, Period= 90, hwcPeriod= 90
03-15 14:26:14.389 V/APM_AudioPolicyManager(12081): setAppState(portId:159, state:1)
03-15 14:26:14.389 V/APM_AudioPolicyManager(12081): setAppState(portId:159, state:1)
03-15 14:26:14.654 W/AudioALSACaptureDataProviderNormal(12088): readThread, latency_in_s,0.000001,0.021961,0.000058, totalTime 0.022021 > logTimeout 0.022000 TIMEOUT!!
03-15 14:26:14.693 W/AudioALSACaptureDataProviderNormal(12088): readThread, latency_in_s,0.000002,0.022202,0.000129, totalTime 0.022332 > logTimeout 0.022000 TIMEOUT!!
03-15 14:26:14.934 E/thermal_core( 1673): find_tz_idx_by_name:"Failed to find thermal zone index of ap_ntc\n"
03-15 14:26:14.934 E/thermal_core( 1673): find_tz_idx_by_name:"Failed to find thermal zone index of mtk-master-charger\n"
03-15 14:26:14.934 E/thermal_core( 1673): find_tz_idx_by_name:"Failed to find thermal zone index of camera0\n"
03-15 14:26:14.934 E/thermal_core( 1673): find_tz_idx_by_name:"Failed to find thermal zone index of mtk-master-charger\n"
03-15 14:26:14.934 E/thermal_core( 1673): find_tz_idx_by_name:"Failed to find thermal zone index of nrpa_ntc\n"
03-15 14:26:14.935 E/thermal_core( 1673): dump_thermal_log:"Error: sccanf error, ret=9\n"
03-15 14:26:14.964 E/thermal_core( 1673): node_read:"Failed to read /sys/class/thermal/thermal_zone2/temp: No data available\n"
03-15 14:26:14.964 I/thermal_core( 1673): "soc/nr/lte/ap_ntc/tpcb/conn/chg/cam/c_ttj/g_ttj/a_ttj=0/-274000/28428/-274000/46000/25000/-274000/-274000/85000/85000/85000\n"
03-15 14:26:14.964 I/thermal_core( 1673): "[C(l)(c)(i)][G(l)(c)][A(l)(c)][TH][D]=[(666666/666666/666666)(500/725/0)(0x0)][(666666)(666666)][(666666666)(666666666)][0][1600]\n"
03-15 14:26:14.964 E/thermal_core( 1673): node_read:"Failed to open /sys/kernel/helio-dvfsrc/dvfsrc_therm_info: No such file or directory\n"
03-15 14:26:14.964 I/thermal_core( 1673): "1600"
03-15 14:26:14.999 D/IpClient/wlan0(12892): interfaceLinkStateChanged: ifindex 53 up
03-15 14:26:15.195 I/SDHMS:x (14190): SIOP:: AP:288 BAT:253 USB:261 CHG:289 PA:288 WIFI:287 BLK:0 SUBBAT:0 SKIN:280 SKINF:270 SKINB:280 LRP2:280 LRF2:270 LRB2:280 AP2:280 CHG2:270 MEM2:280 WIFI2:279 SPK2:260 VAP05:289 AVGCUR:511 AVGSYS:0 POWER:2207
03-15 14:26:15.389 D/SatelliteController(12732): isInCarrierRoamingNbIotNtn: satellite is disabled
03-15 14:26:15.395 I/ActivityManager(12320): Changes in 90001 17 to 17, 128 to 0
03-15 14:26:15.395 I/ActivityManager(12320): Changes in 90000 11 to 17, 128 to 0
03-15 14:26:15.396 I/ActivityManager(12320): Changes in 10304 11 to 16, 128 to 0
03-15 14:26:15.397 V/APM_AudioPolicyManager(12081): setAppState(portId:159, state:1)
03-15 14:26:15.398 V/APM_AudioPolicyManager(12081): setAppState(portId:159, state:1)
03-15 14:26:15.398 V/APM_AudioPolicyManager(12081): setAppState(portId:159, state:1)
03-15 14:26:15.403 I/ActivityManager(12320): Changes in 90001 17 to 17, 0 to 128
03-15 14:26:15.404 I/ActivityManager(12320): Changes in 90000 17 to 11, 0 to 128
03-15 14:26:15.404 I/ActivityManager(12320): Changes in 10304 16 to 11, 0 to 128
03-15 14:26:15.404 V/APM_AudioPolicyManager(12081): setAppState(portId:159, state:1)
03-15 14:26:15.405 V/APM_AudioPolicyManager(12081): setAppState(portId:159, state:1)
03-15 14:26:15.406 V/APM_AudioPolicyManager(12081): setAppState(portId:159, state:1)
03-15 14:26:15.408 I/VSyncReactor( 1567): Current= 90, Period= 90, hwcPeriod= 90
03-15 14:26:15.565 D/io_stats(  582): !@   8,32 r 7566921 164586600 w 5381490 70467728 d 598641 219329172 f 475150 529099 iot 2437228 0 th 0 0 0 pt 0 inp 0 0 118733.862
03-15 14:26:15.774 W/AudioALSACaptureDataProviderNormal(12088): readThread, latency_in_s,0.000002,0.022328,0.000141, totalTime 0.022470 > logTimeout 0.022000 TIMEOUT!!
03-15 14:26:15.794 D/UsbStatsMonitor(12320): 0 0 0 0 0 0 0 0 0 0 0 0 7 0 0 0 0 0 0 0 0 0 0 0 0 0 0 0 0 0 0 0 0 0 0 0 0 0 0 0 0 0 0 6 0 0 0 0 0 0 0 0 0 0 0
03-15 14:26:15.933 W/AudioALSACaptureDataProviderNormal(12088): readThread, latency_in_s,0.000002,0.021918,0.000135, totalTime 0.022055 > logTimeout 0.022000 TIMEOUT!!
03-15 14:26:16.412 I/ActivityManager(12320): Changes in 90001 17 to 17, 128 to 0
03-15 14:26:16.412 I/ActivityManager(12320): Changes in 90000 11 to 17, 128 to 0
03-15 14:26:16.413 I/ActivityManager(12320): Changes in 10304 11 to 16, 128 to 0
03-15 14:26:16.414 V/APM_AudioPolicyManager(12081): setAppState(portId:159, state:1)
03-15 14:26:16.415 V/APM_AudioPolicyManager(12081): setAppState(portId:159, state:1)
03-15 14:26:16.415 V/APM_AudioPolicyManager(12081): setAppState(portId:159, state:1)
03-15 14:26:16.417 I/VSyncReactor( 1567): Current= 90, Period= 90, hwcPeriod= 90
03-15 14:26:16.419 I/ActivityManager(12320): Changes in 90001 17 to 17, 0 to 128
03-15 14:26:16.420 I/ActivityManager(12320): Changes in 90000 17 to 11, 0 to 128
03-15 14:26:16.421 I/ActivityManager(12320): Changes in 10304 16 to 11, 0 to 128
03-15 14:26:16.422 D/IpClient/wlan0(12892): addressUpdated: fd00::a0f6:c6ff:fe62:b331/64 on ifindex 53 flags 0x00000100 scope 0
03-15 14:26:16.423 D/IpClient/wlan0(12892): addressUpdated: fd00::1f48:ef84:bcb3:b7e1/64 on ifindex 53 flags 0x00000001 scope 0
03-15 14:26:16.420 V/APM_AudioPolicyManager(12081): setAppState(portId:159, state:1)
03-15 14:26:16.423 V/APM_AudioPolicyManager(12081): setAppState(portId:159, state:1)
03-15 14:26:16.423 V/APM_AudioPolicyManager(12081): setAppState(portId:159, state:1)
03-15 14:26:16.424 W/AlarmManager(12892): Unrecognized alarm listener com.android.networkstack.android.net.ip.IpClientLinkObserver$Dhcp6PdPreferredPrefixAlarmListener@5c118d3
03-15 14:26:16.425 D/IpClient/wlan0(12892): addressUpdated: fd00::a0f6:c6ff:fe62:b331/64 on ifindex 53 flags 0x00000100 scope 0
03-15 14:26:16.425 I/EPDG -- SIM0 [EpdgIntfCont](12923): sendInterfaceMessage, not mobile, ignore
03-15 14:26:16.425 D/IpClient/wlan0(12892): addressUpdated: fd00::1f48:ef84:bcb3:b7e1/64 on ifindex 53 flags 0x00000001 scope 0
03-15 14:26:16.425 W/AlarmManager(12892): Unrecognized alarm listener com.android.networkstack.android.net.ip.IpClientLinkObserver$Dhcp6PdPreferredPrefixAlarmListener@5c118d3
03-15 14:26:16.426 D/IpClient/wlan0(12892): addressUpdated: fd00::a0f6:c6ff:fe62:b331/64 on ifindex 53 flags 0x00000100 scope 0
03-15 14:26:16.426 D/IpClient/wlan0(12892): addressUpdated: fd00::1f48:ef84:bcb3:b7e1/64 on ifindex 53 flags 0x00000001 scope 0
03-15 14:26:16.427 W/AlarmManager(12892): Unrecognized alarm listener com.android.networkstack.android.net.ip.IpClientLinkObserver$Dhcp6PdPreferredPrefixAlarmListener@5c118d3
03-15 14:26:16.425 I/EPDG -- SIM0 [EpdgIntfCont](12923): sendInterfaceMessage, not mobile, ignore
03-15 14:26:16.428 I/EPDG -- SIM0 [EpdgIntfCont](12923): sendInterfaceMessage, not mobile, ignore
03-15 14:26:16.428 I/EPDG -- SIM1 [EpdgIntfCont](12923): sendInterfaceMessage, not mobile, ignore
03-15 14:26:16.428 I/EPDG -- SIM1 [EpdgIntfCont](12923): sendInterfaceMessage, not mobile, ignore
03-15 14:26:16.428 I/EPDG -- SIM1 [EpdgIntfCont](12923): sendInterfaceMessage, not mobile, ignore
03-15 14:26:16.429 I/EPDG -- SIM0 [EpdgIntfCont](12923): sendInterfaceMessage, not mobile, ignore
03-15 14:26:16.430 I/EPDG -- SIM0 [EpdgIntfCont](12923): sendInterfaceMessage, not mobile, ignore
03-15 14:26:16.430 I/EPDG -- SIM0 [EpdgIntfCont](12923): sendInterfaceMessage, not mobile, ignore
03-15 14:26:16.430 I/EPDG -- SIM1 [EpdgIntfCont](12923): sendInterfaceMessage, not mobile, ignore
03-15 14:26:16.430 I/EPDG -- SIM1 [EpdgIntfCont](12923): sendInterfaceMessage, not mobile, ignore
03-15 14:26:16.431 I/EPDG -- SIM1 [EpdgIntfCont](12923): sendInterfaceMessage, not mobile, ignore
03-15 14:26:16.577 D/SemWifiUsabilityStatsMonitor(12320): onWifiUsabilityStats - seqNum 1633, isSameBssidAndFreq true
03-15 14:26:16.672 D/SatelliteController(12732): isInCarrierRoamingNbIotNtn: satellite is disabled
03-15 14:26:16.672 I/SDHMS:LOAD(14190): type: LoadsFreqs, value: 0:0:0:784000:2200000:725000:830000:2000000:500000:0:0:0
03-15 14:26:17.294 W/AudioALSACaptureDataProviderNormal(12088): readThread, latency_in_s,0.000001,0.022179,0.000136, totalTime 0.022317 > logTimeout 0.022000 TIMEOUT!!
03-15 14:26:17.334 W/AudioALSACaptureDataProviderNormal(12088): readThread, latency_in_s,0.000002,0.022186,0.000125, totalTime 0.022313 > logTimeout 0.022000 TIMEOUT!!
03-15 14:26:17.432 I/ActivityManager(12320): Changes in 90001 17 to 17, 128 to 0
03-15 14:26:17.432 I/ActivityManager(12320): Changes in 90000 11 to 17, 128 to 0
03-15 14:26:17.433 V/APM_AudioPolicyManager(12081): setAppState(portId:159, state:1)
03-15 14:26:17.433 I/ActivityManager(12320): Changes in 10304 11 to 16, 128 to 0
03-15 14:26:17.435 V/APM_AudioPolicyManager(12081): setAppState(portId:159, state:1)
03-15 14:26:17.437 V/APM_AudioPolicyManager(12081): setAppState(portId:159, state:1)
03-15 14:26:17.438 I/VSyncReactor( 1567): Current= 90, Period= 90, hwcPeriod= 90
03-15 14:26:17.441 I/ActivityManager(12320): Changes in 90001 17 to 17, 0 to 128
03-15 14:26:17.442 I/ActivityManager(12320): Changes in 90000 17 to 11, 0 to 128
03-15 14:26:17.442 I/ActivityManager(12320): Changes in 10304 16 to 11, 0 to 128
03-15 14:26:17.443 V/APM_AudioPolicyManager(12081): setAppState(portId:159, state:1)
03-15 14:26:17.446 V/APM_AudioPolicyManager(12081): setAppState(portId:159, state:1)
03-15 14:26:17.446 V/APM_AudioPolicyManager(12081): setAppState(portId:159, state:1)
03-15 14:26:17.567 D/io_stats(  582): !@ Write_top(KB): ogle.android.as:high(14024) 4 android.youtube:low(28199) 4
03-15 14:26:17.734 W/AudioALSACaptureDataProviderNormal(12088): readThread, latency_in_s,0.000002,0.022164,0.000134, totalTime 0.022299 > logTimeout 0.022000 TIMEOUT!!
03-15 14:26:17.904 W/DeviceStorageMonitorService(12320): updateBroadcasts(/data) oldLevel:0, newLevel:0, seq:1
03-15 14:26:17.906 D/DeviceStorageMonitorService(12320): Available File Node Number is [12579533]
03-15 14:26:17.906 W/DeviceStorageMonitorService(12320): updateBroadcasts_filenode(/data) fn_oldLevel:0, fn_newLevel:0, seq:1
03-15 14:26:17.965 E/thermal_core( 1673): find_tz_idx_by_name:"Failed to find thermal zone index of ap_ntc\n"
03-15 14:26:17.965 E/thermal_core( 1673): find_tz_idx_by_name:"Failed to find thermal zone index of mtk-master-charger\n"
03-15 14:26:18.077 E/BatteryDump( 1528): !@new_battery_dump : 4320,515,3000,3150,97,253,261,288,0,0,279,288,0,Charging,NO_CHARGING,Normal,Good,PDIC,0,Normal,0,0,9600,0x0,0x10000,0x0,0,0,0000,0000,00000000,0,0,0,0,488,4201,9190,944,0,
03-15 14:26:18.086 I/NSLocationMonitor(12320): getGPSUsingApps() called
03-15 14:26:18.087 I/NSLocationManager_FLP(13876): getGPSUsingApps, No change
03-15 14:26:18.088 D/[SS]BattFunctions(12320): [sendRemainingChargingTimeChangedIntent]remainingChargingTime:696 ,mLastRemainingChargingTime:724
03-15 14:26:18.088 I/seh_thermal_service(12107): getTemperaturesWithType SehTemperatureType: 3
03-15 14:26:18.089 I/sehhealth-service( 1528): updateLrpSysfs: write: 280
03-15 14:26:18.091 W/Binder  (12320): Outgoing transactions from this process must be FLAG_ONEWAY
03-15 14:26:18.091 W/Binder  (12320): java.lang.Throwable
03-15 14:26:18.091 W/Binder  (12320): 	at android.os.BinderProxy.transact(BinderProxy.java:566)
03-15 14:26:18.091 W/Binder  (12320): 	at android.bluetooth.IBluetoothGatt$Stub$Proxy.getAdvertisingSetUids(IBluetoothGatt.java:1678)
03-15 14:26:18.091 W/Binder  (12320): 	at android.bluetooth.BluetoothAdapter.getAdvertisingSetUids(BluetoothAdapter.java:8476)
03-15 14:26:18.091 W/Binder  (12320): 	at android.bluetooth.BluetoothAdapter.getHWUsingApps(BluetoothAdapter.java:1342)
03-15 14:26:18.091 W/Binder  (12320): 	at com.android.server.am.mars.filter.filter.BlueToothConnectedFilter.updateBTUsingPackages(qb/105350715 268999f8a14e7f8abd6a326b97f385fa09379427d12c342cfc170109611a7a5c:22)
03-15 14:26:18.091 W/Binder  (12320): 	at com.android.server.am.FreecessController.freeze(qb/105350715 268999f8a14e7f8abd6a326b97f385fa09379427d12c342cfc170109611a7a5c:117)
03-15 14:26:18.091 W/Binder  (12320): 	at com.android.server.am.FreecessHandler$MainHandler.handleLcdOnFreeze(qb/105350715 268999f8a14e7f8abd6a326b97f385fa09379427d12c342cfc170109611a7a5c:55)
03-15 14:26:18.091 W/Binder  (12320): 	at com.android.server.am.FreecessHandler$MainHandler.handleMessage(qb/105350715 268999f8a14e7f8abd6a326b97f385fa09379427d12c342cfc170109611a7a5c:793)
03-15 14:26:18.091 W/Binder  (12320): 	at android.os.Handler.dispatchMessage(Handler.java:110)
03-15 14:26:18.091 W/Binder  (12320): 	at android.os.Looper.loopOnce(Looper.java:273)
03-15 14:26:18.091 W/Binder  (12320): 	at android.os.Looper.loop(Looper.java:363)
03-15 14:26:18.091 W/Binder  (12320): 	at android.os.HandlerThread.run(HandlerThread.java:85)
03-15 14:26:18.097 I/AODBatteryManager(12757): updateBatteryData: ACTION_BATTERY_CHANGED: false, isSleepModeChanged:false ,isRemainingTimeChanged: true, isUSBRestriction: false
03-15 14:26:18.098 I/ChargingInfoManager(12757): updateChargingInfo: newState = AOD ChargingInfo [mState=BATTERY_AND_REMAIN_TIME, mIsCharging=true, mIsPlugged=true, mIsFullyCharged=false, mIsBatteryProtectMode=false, mBetteryLevel=97, mBetteryProtectModeType3, mIsSlowChargingfalse], oldState = AOD ChargingInfo [mState=BATTERY_AND_REMAIN_TIME, mIsCharging=true, mIsPlugged=true, mIsFullyCharged=false, mIsBatteryProtectMode=false, mBetteryLevel=97, mBetteryProtectModeType3, mIsSlowChargingfalse]
03-15 14:26:18.099 D/PowerUI (12757): Remaining charging time : 696
03-15 14:26:18.099 D/PowerUI (12757): Charging time is changed, check charging notification
03-15 14:26:18.103 D/FreecessHandler(12320): freeze com.instagram.android(10304) result : 33
03-15 14:26:18.106 D/PowerUI.Notification(12757): showChargingNotice - Battery Level : 97 -> 97, Charging Type : 11 -> 11, Charging Time : 724 -> 696, Maximum protection : false -> false, Maximum threshold : 80 -> 80
03-15 14:26:18.110 I/NotificationManager(12757): com.android.systemui: notify(2131364006, charging_state, Notification(channel=CHR shortcut=null contentView=null vibrate=null sound=null defaults=0 flags=ONGOING_EVENT|ONLY_ALERT_ONCE color=0x00000000 category=sys groupKey=CHARGING vis=PUBLIC semFlags=0x0 semPriority=0 semMissedCount=0)) as user
03-15 14:26:18.117 W/PermissionService(12320): getPermissionFlags: Unknown user -1
03-15 14:26:18.118 W/PermissionService(12320): getPermissionFlags: Unknown user -1
03-15 14:26:18.325 I/Telecom (12320): SamsungTelecomServiceImpl : isInManagedCall - callingPackage : android / callingUser : UserHandle{0} / hasCrossUserAccess : true
03-15 14:26:18.343 D/ActivityManager(12320): unpendingScheduleServiceRestart: u=10276, drop=false
03-15 14:26:18.348 D/FreecessController(12320): UFZ : com.samsung.android.game.gamehome(10276) [19771, 15186, 5807] reason: Binder(1)-android.service.notification.INotificatio
03-15 14:26:18.349 W/LocationManagerService(12320): onFreezeStateChanged, uid[10276]=false
03-15 14:26:18.349 I/HoneySpace.NotificationListener(13277): onNotificationPosted com.android.systemui: -1|com.android.systemui|2131364006|charging_state|10060: 0
03-15 14:26:18.350 I/HoneySpace.NotificationListener(13277): invalid notification: com.android.systemui UserHandle{-1}: canShowBadge is false
03-15 14:26:18.351 I/PowerManagerService(12320): [PWL] SetWakeLockEnableDisable uid = 10276 , disable= false
03-15 14:26:18.351 I/PowerManagerService(12320): [PWL] can not change uid =  10276
03-15 14:26:18.360 I/VSyncReactor( 1567): Current= 90, Period= 90, hwcPeriod= 90
03-15 14:26:18.367 I/LockscreenNotificationIconsOnlyController(12757): onNotificationInfoUpdated 0
03-15 14:26:18.367 I/AODNotificationManager(12757): updateNotification() 
03-15 14:26:18.382 I/BufferQueueProducer( 1567): [StatusBar$_12757#28514](this:0xb400006f8846be38,id:-1,api:0,p:-1,c:1567) queueBuffer: fps=0.05 dur=18342.83 max=18342.83 min=18342.83
03-15 14:26:18.389 I/hwcomposer( 1501): [HWCDisplay] (0 updateFps():4131), (type:1, mode:2) fps:0.109026,dur:18344.27,max:18240.89,min:103.38  
03-15 14:26:18.393 I/SurfaceFlinger( 1567): Capture layer list: 	 com.example.kutuphane/com.example.kutuphane.goster$_1328#34095(seamlessTransition:0)
03-15 14:26:18.453 I/ActivityManager(12320): Changes in 90001 17 to 17, 128 to 0
03-15 14:26:18.454 I/ActivityManager(12320): Changes in 90000 11 to 17, 128 to 0
03-15 14:26:18.455 I/ActivityManager(12320): Changes in 10304 11 to 16, 128 to 0
03-15 14:26:18.455 V/APM_AudioPolicyManager(12081): setAppState(portId:159, state:1)
03-15 14:26:18.456 V/APM_AudioPolicyManager(12081): setAppState(portId:159, state:1)
03-15 14:26:18.457 V/APM_AudioPolicyManager(12081): setAppState(portId:159, state:1)
03-15 14:26:18.462 I/ActivityManager(12320): Changes in 90001 17 to 17, 0 to 128
03-15 14:26:18.463 I/ActivityManager(12320): Changes in 90000 17 to 11, 0 to 128
03-15 14:26:18.463 I/ActivityManager(12320): Changes in 10304 16 to 11, 0 to 128
03-15 14:26:18.464 V/APM_AudioPolicyManager(12081): setAppState(portId:159, state:1)
03-15 14:26:18.466 V/APM_AudioPolicyManager(12081): setAppState(portId:159, state:1)
03-15 14:26:18.466 V/APM_AudioPolicyManager(12081): setAppState(portId:159, state:1)
03-15 14:26:18.470 I/hwcomposer( 1501): [HWC] (0)fire a callback of refresh to SF[4]  
03-15 14:26:18.490 I/BufferQueueProducer( 1567): [FramebufferSurface](this:0xb400006faf4f0370,id:-1,api:1,p:1567,c:1567) queueBuffer: fps=0.05 dur=18342.96 max=18342.96 min=18342.96
03-15 14:26:18.495 I/SurfaceFlinger( 1567): Capture layer list: 	 com.example.kutuphane/com.example.kutuphane.goster$_1328#34095(seamlessTransition:0)
03-15 14:26:18.544 D/Bubbles (12757): onEntryUpdated : shouldBubbleUp=false ,key=-1|com.android.systemui|2131364006|charging_state|10060
03-15 14:26:18.546 D/InterruptionStateProvider(12757):  no Heads up : edgelighting enabled app. -1|com.android.systemui|2131364006|charging_state|10060
03-15 14:26:18.547 I/{OngoingActivityController}(12757): onEntryUpdated and OA data is empty. So update latest task info
03-15 14:26:18.563 W/RefactorFlag(12757): New code path expects SceneContainerFlag to be enabled.
03-15 14:26:18.564 D/ExpandableNotifRow(12757): mMaxSmallHeight different before reInflateViews mMaxSmallHeight: 189 mTempSmallHeight:0 -1|com.android.systemui|2131364006|charging_state|10060
03-15 14:26:18.564 D/ExpandableNotifRow(12757): mMaxSmallHeight different before reInflateViews mMaxSmallHeight: 189 mTempSmallHeight:0 -1|com.android.systemui|2131364006|charging_state|10060
03-15 14:26:18.566 I/LockscreenNotificationIconsOnlyController(12757): onNotificationInfoUpdated 0
03-15 14:26:18.566 I/AODNotificationManager(12757): updateNotification() 
03-15 14:26:18.572 D/LocalImageResolver(12757): Couldn't use ImageDecoder for drawable, falling back to non-resized load.
03-15 14:26:18.574 D/LocalImageResolver(12757): Couldn't use ImageDecoder for drawable, falling back to non-resized load.
03-15 14:26:18.577 D/LocalImageResolver(12757): Couldn't use ImageDecoder for drawable, falling back to non-resized load.
03-15 14:26:18.585 W/RefactorFlag(12757): New code path expects SceneContainerFlag to be enabled.
03-15 14:26:18.590 D/ExpandableNotifRow(12757): mMaxSmallHeight different before reInflateViews mMaxSmallHeight: 189 mTempSmallHeight:0 -1|com.android.systemui|2131364006|charging_state|10060
03-15 14:26:18.590 D/ExpandableNotifRow(12757): mMaxSmallHeight different before reInflateViews mMaxSmallHeight: 189 mTempSmallHeight:0 -1|com.android.systemui|2131364006|charging_state|10060
03-15 14:26:18.590 D/ExpandableNotifRow(12757): mMaxSmallHeight different before reInflateViews mMaxSmallHeight: 189 mTempSmallHeight:0 -1|com.android.systemui|2131364006|charging_state|10060
03-15 14:26:18.590 D/ExpandableNotifRow(12757): mMaxSmallHeight different before reInflateViews mMaxSmallHeight: 189 mTempSmallHeight:0 -1|com.android.systemui|2131364006|charging_state|10060
03-15 14:26:18.596 I/SurfaceFlinger( 1567): Capture layer list: 	 com.example.kutuphane/com.example.kutuphane.goster$_1328#34095(seamlessTransition:0)
03-15 14:26:18.597 D/LocalImageResolver(12757): Couldn't use ImageDecoder for drawable, falling back to non-resized load.
03-15 14:26:18.603 W/RefactorFlag(12757): New code path expects SceneContainerFlag to be enabled.
03-15 14:26:18.603 D/ExpandableNotifRow(12757): mMaxSmallHeight different before reInflateViews mMaxSmallHeight: 189 mTempSmallHeight:0 -1|com.android.systemui|2131364006|charging_state|10060
03-15 14:26:18.603 D/ExpandableNotifRow(12757): mMaxSmallHeight different before reInflateViews mMaxSmallHeight: 189 mTempSmallHeight:0 -1|com.android.systemui|2131364006|charging_state|10060
03-15 14:26:18.604 I/LockscreenNotificationIconsOnlyController(12757): onNotificationInfoUpdated 0
03-15 14:26:18.604 I/AODNotificationManager(12757): updateNotification() 
03-15 14:26:18.667 I/hwcomposer( 1501): [HWC] (0)fire a callback of refresh to SF[4]  
03-15 14:26:18.697 I/SurfaceFlinger( 1567): Capture layer list: 	 com.example.kutuphane/com.example.kutuphane.goster$_1328#34095(seamlessTransition:0)
03-15 14:26:18.733 W/AudioALSACaptureDataProviderNormal(12088): readThread, latency_in_s,0.000001,0.022123,0.000137, totalTime 0.022261 > logTimeout 0.022000 TIMEOUT!!
03-15 14:26:18.773 W/AudioALSACaptureDataProviderNormal(12088): readThread, latency_in_s,0.000002,0.022062,0.000131, totalTime 0.022195 > logTimeout 0.022000 TIMEOUT!!
03-15 14:26:19.093 W/AudioALSACaptureDataProviderNormal(12088): readThread, latency_in_s,0.000002,0.022125,0.000126, totalTime 0.022252 > logTimeout 0.022000 TIMEOUT!!
03-15 14:26:19.205 D/BoundBrokerSvc(13499): onUnbind: Intent { act=com.google.android.gms.auth.aang.events.services.START dat=chimera-action:/... xflg=0x4 cmp=com.google.android.gms/.chimera.PersistentApiService }
03-15 14:26:19.229 D/SatelliteController(12732): isInCarrierRoamingNbIotNtn: satellite is disabled
03-15 14:26:19.471 I/ActivityManager(12320): Changes in 90001 17 to 17, 128 to 0
03-15 14:26:19.472 I/ActivityManager(12320): Changes in 90000 11 to 17, 128 to 0
03-15 14:26:19.472 I/ActivityManager(12320): Changes in 10304 11 to 16, 128 to 0
03-15 14:26:19.474 V/APM_AudioPolicyManager(12081): setAppState(portId:159, state:1)
03-15 14:26:19.475 V/APM_AudioPolicyManager(12081): setAppState(portId:159, state:1)
03-15 14:26:19.478 V/APM_AudioPolicyManager(12081): setAppState(portId:159, state:1)
03-15 14:26:19.480 I/ActivityManager(12320): Changes in 90001 17 to 17, 0 to 128
03-15 14:26:19.480 I/ActivityManager(12320): Changes in 90000 17 to 11, 0 to 128
03-15 14:26:19.481 I/ActivityManager(12320): Changes in 10304 16 to 11, 0 to 128
03-15 14:26:19.481 I/VSyncReactor( 1567): Current= 90, Period= 90, hwcPeriod= 90
03-15 14:26:19.482 V/APM_AudioPolicyManager(12081): setAppState(portId:159, state:1)
03-15 14:26:19.482 V/APM_AudioPolicyManager(12081): setAppState(portId:159, state:1)
03-15 14:26:19.484 V/APM_AudioPolicyManager(12081): setAppState(portId:159, state:1)
03-15 14:26:19.568 D/io_stats(  582): !@   8,32 r 7566921 164586600 w 5381492 70467736 d 598641 219329172 f 475150 529099 iot 2437232 0 th 0 0 0 pt 0 inp 0 0 118737.866
03-15 14:26:19.586 D/SemWifiUsabilityStatsMonitor(12320): onWifiUsabilityStats - seqNum 1634, isSameBssidAndFreq true
03-15 14:26:20.133 W/AudioALSACaptureDataProviderNormal(12088): readThread, latency_in_s,0.000002,0.022260,0.000123, totalTime 0.022385 > logTimeout 0.022000 TIMEOUT!!
03-15 14:26:20.333 W/AudioALSACaptureDataProviderNormal(12088): readThread, latency_in_s,0.000002,0.021983,0.000134, totalTime 0.022119 > logTimeout 0.022000 TIMEOUT!!
03-15 14:26:20.417 I/native  (29931): I0000 00:00:1773573980.417034   29954 soda_async_impl.cc:1424] Current audio timestamp: 1773573980246201
03-15 14:26:20.492 I/ActivityManager(12320): Changes in 90001 17 to 17, 128 to 0
03-15 14:26:20.492 I/ActivityManager(12320): Changes in 90000 11 to 17, 128 to 0
03-15 14:26:20.493 I/ActivityManager(12320): Changes in 10304 11 to 16, 128 to 0
03-15 14:26:20.494 V/APM_AudioPolicyManager(12081): setAppState(portId:159, state:1)
03-15 14:26:20.494 V/APM_AudioPolicyManager(12081): setAppState(portId:159, state:1)
03-15 14:26:20.498 V/APM_AudioPolicyManager(12081): setAppState(portId:159, state:1)
03-15 14:26:20.501 I/VSyncReactor( 1567): Current= 90, Period= 90, hwcPeriod= 90
03-15 14:26:20.503 I/ActivityManager(12320): Changes in 90001 17 to 17, 0 to 128
03-15 14:26:20.504 I/ActivityManager(12320): Changes in 90000 17 to 11, 0 to 128
03-15 14:26:20.504 I/ActivityManager(12320): Changes in 10304 16 to 11, 0 to 128
03-15 14:26:20.507 V/APM_AudioPolicyManager(12081): setAppState(portId:159, state:1)
03-15 14:26:20.508 V/APM_AudioPolicyManager(12081): setAppState(portId:159, state:1)
03-15 14:26:20.508 V/APM_AudioPolicyManager(12081): setAppState(portId:159, state:1)
03-15 14:26:20.508 D/SatelliteController(12732): isInCarrierRoamingNbIotNtn: satellite is disabled
03-15 14:26:20.696 W/ProxyAndroidLoggerBackend(29931): Too many Flogger logs received before configuration. Dropping old logs.
03-15 14:26:20.901 D/BatteryExternalStatsWorker(12320): update stats : update-network-netlog (6)
03-15 14:26:20.902 D/BatteryExternalStatsWorker(12320): Update Rail Energy data
03-15 14:26:20.902 D/BatteryExternalStatsWorker(12320): mStats lock released
03-15 14:26:20.902 D/BatteryExternalStatsWorker(12320): done updateExternalStatsLocked
03-15 14:26:20.947 D/TelephonyManager(12320): requestModemActivityInfo: Sending result to app: ModemActivityInfo{ mTimestamp=243266964 mSleepTimeMs=40276542 mIdleTimeMs=2852195 mActivityStatsTechSpecificInfo=[{mRat=UNKNOWN,mFrequencyRange=UNKNOWN,mTxTimeMs[]=[30, 0, 21, 1116, 12104],mRxTimeMs=131777}]}
03-15 14:26:20.966 E/thermal_core( 1673): find_tz_idx_by_name:"Failed to find thermal zone index of ap_ntc\n"
03-15 14:26:20.966 E/thermal_core( 1673): find_tz_idx_by_name:"Failed to find thermal zone index of mtk-master-charger\n"
03-15 14:26:21.130 D/IpClient/wlan0(12892): addressUpdated: fd00::a0f6:c6ff:fe62:b331/64 on ifindex 53 flags 0x00000100 scope 0
03-15 14:26:21.132 D/IpClient/wlan0(12892): addressUpdated: fd00::1f48:ef84:bcb3:b7e1/64 on ifindex 53 flags 0x00000001 scope 0
03-15 14:26:21.132 W/AlarmManager(12892): Unrecognized alarm listener com.android.networkstack.android.net.ip.IpClientLinkObserver$Dhcp6PdPreferredPrefixAlarmListener@5c118d3
03-15 14:26:21.134 I/EPDG -- SIM1 [EpdgIntfCont](12923): sendInterfaceMessage, not mobile, ignore
03-15 14:26:21.136 I/EPDG -- SIM1 [EpdgIntfCont](12923): sendInterfaceMessage, not mobile, ignore
03-15 14:26:21.136 I/EPDG -- SIM0 [EpdgIntfCont](12923): sendInterfaceMessage, not mobile, ignore
03-15 14:26:21.136 I/EPDG -- SIM0 [EpdgIntfCont](12923): sendInterfaceMessage, not mobile, ignore
03-15 14:26:21.237 D/IpClient/wlan0(12892): addressUpdated: fd00::a0f6:c6ff:fe62:b331/64 on ifindex 53 flags 0x00000100 scope 0
03-15 14:26:21.238 D/IpClient/wlan0(12892): addressUpdated: fd00::1f48:ef84:bcb3:b7e1/64 on ifindex 53 flags 0x00000001 scope 0
03-15 14:26:21.239 W/AlarmManager(12892): Unrecognized alarm listener com.android.networkstack.android.net.ip.IpClientLinkObserver$Dhcp6PdPreferredPrefixAlarmListener@5c118d3
03-15 14:26:21.240 D/IpClient/wlan0(12892): addressUpdated: fd00::a0f6:c6ff:fe62:b331/64 on ifindex 53 flags 0x00000100 scope 0
03-15 14:26:21.241 I/EPDG -- SIM1 [EpdgIntfCont](12923): sendInterfaceMessage, not mobile, ignore
03-15 14:26:21.242 D/IpClient/wlan0(12892): addressUpdated: fd00::1f48:ef84:bcb3:b7e1/64 on ifindex 53 flags 0x00000001 scope 0
03-15 14:26:21.242 I/EPDG -- SIM0 [EpdgIntfCont](12923): sendInterfaceMessage, not mobile, ignore
03-15 14:26:21.242 I/EPDG -- SIM0 [EpdgIntfCont](12923): sendInterfaceMessage, not mobile, ignore
03-15 14:26:21.242 I/EPDG -- SIM0 [EpdgIntfCont](12923): sendInterfaceMessage, not mobile, ignore
03-15 14:26:21.242 I/EPDG -- SIM1 [EpdgIntfCont](12923): sendInterfaceMessage, not mobile, ignore
03-15 14:26:21.242 I/EPDG -- SIM0 [EpdgIntfCont](12923): sendInterfaceMessage, not mobile, ignore
03-15 14:26:21.242 I/EPDG -- SIM1 [EpdgIntfCont](12923): sendInterfaceMessage, not mobile, ignore
03-15 14:26:21.242 I/EPDG -- SIM1 [EpdgIntfCont](12923): sendInterfaceMessage, not mobile, ignore
03-15 14:26:21.242 W/AlarmManager(12892): Unrecognized alarm listener com.android.networkstack.android.net.ip.IpClientLinkObserver$Dhcp6PdPreferredPrefixAlarmListener@5c118d3
03-15 14:26:21.243 I/EPDG -- SIM1 [EpdgIntfCont](12923): sendInterfaceMessage, not mobile, ignore
03-15 14:26:21.243 I/EPDG -- SIM1 [EpdgIntfCont](12923): sendInterfaceMessage, not mobile, ignore
03-15 14:26:21.244 D/IpClient/wlan0(12892): addressUpdated: fd00::a0f6:c6ff:fe62:b331/64 on ifindex 53 flags 0x00000100 scope 0
03-15 14:26:21.244 I/EPDG -- SIM0 [EpdgIntfCont](12923): sendInterfaceMessage, not mobile, ignore
03-15 14:26:21.244 D/IpClient/wlan0(12892): addressUpdated: fd00::1f48:ef84:bcb3:b7e1/64 on ifindex 53 flags 0x00000001 scope 0
03-15 14:26:21.245 W/AlarmManager(12892): Unrecognized alarm listener com.android.networkstack.android.net.ip.IpClientLinkObserver$Dhcp6PdPreferredPrefixAlarmListener@5c118d3
03-15 14:26:21.246 I/EPDG -- SIM0 [EpdgIntfCont](12923): sendInterfaceMessage, not mobile, ignore
03-15 14:26:21.335 D/IpClient/wlan0(12892): addressUpdated: fd00::a0f6:c6ff:fe62:b331/64 on ifindex 53 flags 0x00000100 scope 0
03-15 14:26:21.336 D/IpClient/wlan0(12892): addressUpdated: fd00::1f48:ef84:bcb3:b7e1/64 on ifindex 53 flags 0x00000001 scope 0
03-15 14:26:21.337 W/AlarmManager(12892): Unrecognized alarm listener com.android.networkstack.android.net.ip.IpClientLinkObserver$Dhcp6PdPreferredPrefixAlarmListener@5c118d3
03-15 14:26:21.337 I/EPDG -- SIM0 [EpdgIntfCont](12923): sendInterfaceMessage, not mobile, ignore
03-15 14:26:21.337 I/EPDG -- SIM1 [EpdgIntfCont](12923): sendInterfaceMessage, not mobile, ignore
03-15 14:26:21.337 I/EPDG -- SIM0 [EpdgIntfCont](12923): sendInterfaceMessage, not mobile, ignore
03-15 14:26:21.337 I/EPDG -- SIM1 [EpdgIntfCont](12923): sendInterfaceMessage, not mobile, ignore
03-15 14:26:21.338 D/IpClient/wlan0(12892): addressUpdated: fd00::a0f6:c6ff:fe62:b331/64 on ifindex 53 flags 0x00000100 scope 0
03-15 14:26:21.339 D/IpClient/wlan0(12892): addressUpdated: fd00::1f48:ef84:bcb3:b7e1/64 on ifindex 53 flags 0x00000001 scope 0
03-15 14:26:21.339 W/AlarmManager(12892): Unrecognized alarm listener com.android.networkstack.android.net.ip.IpClientLinkObserver$Dhcp6PdPreferredPrefixAlarmListener@5c118d3
03-15 14:26:21.340 D/IpClient/wlan0(12892): addressUpdated: fd00::a0f6:c6ff:fe62:b331/64 on ifindex 53 flags 0x00000100 scope 0
03-15 14:26:21.340 I/EPDG -- SIM0 [EpdgIntfCont](12923): sendInterfaceMessage, not mobile, ignore
