--------- beginning of system
03-14 00:19:16.224  2083  2176 D DisplayPowerController[0]: setActualDisplayState: DOZE_SUSPEND -> DOZE
03-14 00:19:16.224  2083  2176 D DisplayPowerController[0]: animateScreenStateChange: target=DOZE, mIsEnabled=true
--------- beginning of main
03-14 00:19:16.224  1534  1546 I sysinput:Touch1: operator():133, 3,0 OK
03-14 00:19:16.225  2748  2748 I MODManager: onShow ChargingInfoOnlyContainer
03-14 00:19:16.225  2748  2748 W MODManager: this device does not supports cover
03-14 00:19:16.225  2083  2476 I SemBiometricDisplayStateMonitor: DisplayStateListener#onFinish : DOZE, DOZE, DEFAULT_DISPLAY
03-14 00:19:16.225  2083  2299 D SGM:FgCheckThread: onLooperPrepared(), msg: MSG_LCD_OFF
03-14 00:19:16.225  5415  5415 I HBD     : DeX h DeX mode state change in non-main thread 
03-14 00:19:16.226  5415  5415 I HBD     : DeX h DeX mode state change: 3 
03-14 00:19:16.226  2083  2558 D SysinputHAL_AIDL: activate(TSP(1)),3,0 ret=0
03-14 00:19:16.226  2083  2558 D SemInputDevice:TSP: ActivateTask: 3,1 [03-14 00:19:16.220]
03-14 00:19:16.226 29780 29864 D AudioFlinger: setParameters: filtered dev setParameters keyvalue screen_state=off
03-14 00:19:16.227  2083  2176 D DisplayPowerController[0]: animateScreenStateChange: target=DOZE, mIsEnabled=true
03-14 00:19:16.227  5415  5415 I VRI[InputMethod]@e345dc8: onDisplayChanged oldDisplayState=4 newDisplayState=3
03-14 00:19:16.228  1534  1546 I sysinput:aidl: onReportInformation:93, 1, enabled@3,1:0
03-14 00:19:16.229 29783 29783 D AudioALSAHardware: +setParameters(): screen_state=off
03-14 00:19:16.229  2083  2176 D PowerManagerService: displayReady: true groupId=0
03-14 00:19:16.229 29783 29783 D AudioALSAHardware: -setParameters(): screen_state=off
03-14 00:19:16.231  3238  3238 I VRI[LauncherActivity]@79a9058: onDisplayChanged oldDisplayState=4 newDisplayState=3
03-14 00:19:16.231  3238  3238 I VRI[RecentsTransitionOverlay]@815033c: onDisplayChanged oldDisplayState=4 newDisplayState=3
03-14 00:19:16.232  3238  3238 I VRI[CocktailBarService]@b870e79: onDisplayChanged oldDisplayState=4 newDisplayState=3
03-14 00:19:16.232  1534  1546 I sysinput:Touch1: operator():133, 3,1 OK
03-14 00:19:16.232  3238  3238 I VRI[RecentsActivity]@a5b1272: onDisplayChanged oldDisplayState=4 newDisplayState=3
03-14 00:19:16.233  2083  2558 D SysinputHAL_AIDL: activate(TSP(1)),3,1 ret=0
03-14 00:19:16.234  5329  5329 I VRI[LauncherActivity]@9ba8716: onDisplayChanged oldDisplayState=4 newDisplayState=3
03-14 00:19:16.238  2748  2748 D DisplayLifecycle: updateDisplay id = 0
03-14 00:19:16.239  2748  2748 I Keyguard.AODTouchModeManager: onDisplayChanged newDisplayState=3, currentDisplayState=4, displayId=0
03-14 00:19:16.240  2748  2802 I VRI[ShellDropTarget]@92e3be9: onDisplayChanged oldDisplayState=4 newDisplayState=3
03-14 00:19:16.241  2748  2748 I VRI[LockscreenShortcutBlur]@f4e5155: onDisplayChanged oldDisplayState=4 newDisplayState=3
03-14 00:19:16.241  2748  2882 D StackScroller: onDisplayChanged for predraw skip to 3
03-14 00:19:16.242  2748  2802 I VRI[View root of ReusableWindowDecorViewHost#0]@254be1d: onDisplayChanged oldDisplayState=4 newDisplayState=3
03-14 00:19:16.242  2748  2748 I VRI[NavigationBar0]@cb51d69: onDisplayChanged oldDisplayState=4 newDisplayState=3
03-14 00:19:16.242  2748  2748 I VRI[EdgeBackGestureHandler0]@e247b7f: onDisplayChanged oldDisplayState=4 newDisplayState=3
03-14 00:19:16.243  2748  2802 I VRI[View root of ReusableWindowDecorViewHost#1]@9ccb8b6: onDisplayChanged oldDisplayState=4 newDisplayState=3
03-14 00:19:16.243  2748  2748 I VRI[NotificationShade]@ddcb5e0: onDisplayChanged oldDisplayState=4 newDisplayState=3
03-14 00:19:16.243  2748  2748 I VRI[StatusBar]@b5f60f8: onDisplayChanged oldDisplayState=4 newDisplayState=3
03-14 00:19:16.243  2748  2748 I VRI[SecondaryHomeHandle0]@fc3d736: onDisplayChanged oldDisplayState=4 newDisplayState=3
03-14 00:19:16.245  2083  3212 D WifiDisplayAdapter: isFitToActiveDisplayLocked : false
03-14 00:19:16.246  1567  1567 I BufferQueueProducer: [NotificationShade$_2748#15421](this:0xb400006f877dc638,id:-1,api:0,p:-1,c:1567) queueBuffer: fps=0.10 dur=10098.89 max=10098.89 min=10098.89
03-14 00:19:16.252  1501  1501 I hwcomposer: [HWCDisplay] (0 updateFps():4131), (type:1, mode:2) fps:0.198002,dur:10100.91,max:10020.72,min:80.19  
03-14 00:19:16.310  1501  1884 I hwcomposer: [HWC] (0)fire a callback of refresh to SF[4]  
03-14 00:19:16.329  1567  1567 I BufferQueueProducer: [FramebufferSurface](this:0xb400006faf4f0370,id:-1,api:1,p:1567,c:1567) queueBuffer: fps=0.10 dur=10098.96 max=10098.96 min=10098.96
03-14 00:19:16.412  2083  2083 I Telecom : SamsungTelecomServiceImpl : isInManagedCall - callingPackage : android / callingUser : UserHandle{0} / hasCrossUserAccess : true
03-14 00:19:16.430  3238  6389 I HoneySpace.NotificationListener: onNotificationPosted com.android.systemui: -1|com.android.systemui|2131364006|charging_state|10060: 0
03-14 00:19:16.430  3238  6389 I HoneySpace.NotificationListener: invalid notification: com.android.systemui UserHandle{-1}: canShowBadge is false
03-14 00:19:16.435  2748  2748 I LockscreenNotificationIconsOnlyController: onNotificationInfoUpdated 0
03-14 00:19:16.436  2748  2748 I AODNotificationManager: updateNotification() 
03-14 00:19:16.632  2748  2748 D Bubbles : onEntryUpdated : shouldBubbleUp=true ,key=-1|com.android.systemui|2131364006|charging_state|10060
03-14 00:19:16.635  2748  2748 D InterruptionStateProvider:  no Heads up : edgelighting enabled app. -1|com.android.systemui|2131364006|charging_state|10060
03-14 00:19:16.635  2748  2748 I {OngoingActivityController}: onEntryUpdated and OA data is empty. So update latest task info
03-14 00:19:16.651  2748  2748 I LockscreenNotificationIconsOnlyController: onNotificationInfoUpdated 0
03-14 00:19:16.652  2748  2748 I AODNotificationManager: updateNotification() 
03-14 00:19:16.662  2748  3330 D LocalImageResolver: Couldn't use ImageDecoder for drawable, falling back to non-resized load.
03-14 00:19:16.666  2748  3330 D LocalImageResolver: Couldn't use ImageDecoder for drawable, falling back to non-resized load.
03-14 00:19:16.671  2748  2748 D LocalImageResolver: Couldn't use ImageDecoder for drawable, falling back to non-resized load.
03-14 00:19:16.684  2748  2748 D ExpandableNotifRow: mMaxSmallHeight different before reInflateViews mMaxSmallHeight: 189 mTempSmallHeight:0 -1|com.android.systemui|2131364006|charging_state|10060
03-14 00:19:16.684  2748  2748 D ExpandableNotifRow: mMaxSmallHeight different before reInflateViews mMaxSmallHeight: 189 mTempSmallHeight:0 -1|com.android.systemui|2131364006|charging_state|10060
03-14 00:19:16.684  2748  2748 D ExpandableNotifRow: mMaxSmallHeight different before reInflateViews mMaxSmallHeight: 189 mTempSmallHeight:0 -1|com.android.systemui|2131364006|charging_state|10060
03-14 00:19:16.684  2748  2748 D ExpandableNotifRow: mMaxSmallHeight different before reInflateViews mMaxSmallHeight: 189 mTempSmallHeight:0 -1|com.android.systemui|2131364006|charging_state|10060
03-14 00:19:16.692  2748  2748 D LocalImageResolver: Couldn't use ImageDecoder for drawable, falling back to non-resized load.
03-14 00:19:16.703  2748  2748 I LockscreenNotificationIconsOnlyController: onNotificationInfoUpdated 0
03-14 00:19:16.703  2748  2748 I AODNotificationManager: updateNotification() 
03-14 00:19:17.204  1830  1970 I bauth_FPBAuthService: pcf : 0x1012, 0 ,1 ,0 ,0 ,0 ,0, 16.0.0.3
03-14 00:19:17.204  1830  1970 I bauth_FPBAuthService: thread id : 1, preenroll_flag : 0, nd cnt : 0, cso : 0, et : 0
03-14 00:19:17.204  1830  1970 I bauth_FPBAuthService: FPBAuthService::timerHandler complete
03-14 00:19:17.568   582   582 D io_stats: !@   8,32 r 3706033 78901608 w 2438550 31712100 d 307656 187094324 f 205122 237312 iot 1160340 0 th 0 0 0 pt 0 inp 0 0 50570.853
03-14 00:19:17.568   582   582 D io_stats: !@ Write_top(KB): vendor.samsung.:normal(1528) 8
03-14 00:19:18.207  1830  1970 I bauth_FPBAuthService: pcf : 0x1012, 0 ,1 ,0 ,0 ,0 ,0, 16.0.0.3
03-14 00:19:18.207  1830  1970 I bauth_FPBAuthService: thread id : 1, preenroll_flag : 0, nd cnt : 0, cso : 0, et : 0
03-14 00:19:18.207  1830  1970 I bauth_FPBAuthService: FPBAuthService::timerHandler complete
03-14 00:19:18.329  1673  1692 E thermal_core: find_tz_idx_by_name:"Failed to find thermal zone index of ap_ntc\n"
03-14 00:19:18.330  1673  1692 E thermal_core: find_tz_idx_by_name:"Failed to find thermal zone index of mtk-master-charger\n"
03-14 00:19:18.778  2857  2857 I wpa_supplicant: Heartbeat 1389
03-14 00:19:19.209  1830  1970 I bauth_FPBAuthService: pcf : 0x1012, 0 ,1 ,0 ,0 ,0 ,0, 16.0.0.3
03-14 00:19:19.209  1830  1970 I bauth_FPBAuthService: thread id : 1, preenroll_flag : 0, nd cnt : 0, cso : 0, et : 0
03-14 00:19:19.209  1830  1970 I bauth_FPBAuthService: FPBAuthService::timerHandler complete
03-14 00:19:20.114   777  7110 I keystore2: system/security/keystore2/watchdog/src/lib.rs:377 - Watchdog thread idle -> terminating. Have a great day.
03-14 00:19:20.212  1830  1970 I bauth_FPBAuthService: pcf : 0x1012, 0 ,1 ,0 ,0 ,0 ,0, 16.0.0.3
03-14 00:19:20.212  1830  1970 I bauth_FPBAuthService: thread id : 1, preenroll_flag : 0, nd cnt : 0, cso : 0, et : 0
03-14 00:19:20.212  1830  1970 I bauth_FPBAuthService: FPBAuthService::timerHandler complete
03-14 00:19:20.794  2083  2164 D MARsPolicyManager: triggerAction called!
03-14 00:19:20.794  2083  2164 I NSLocationMonitor: getGPSUsingApps() called
03-14 00:19:20.795  3549  3566 I NSLocationManager_FLP: getGPSUsingApps, No change
03-14 00:19:21.214  1830  1970 I bauth_FPBAuthService: pcf : 0x1012, 0 ,1 ,0 ,0 ,0 ,0, 16.0.0.3
03-14 00:19:21.214  1830  1970 I bauth_FPBAuthService: thread id : 1, preenroll_flag : 0, nd cnt : 0, cso : 0, et : 0
03-14 00:19:21.214  1830  1970 I bauth_FPBAuthService: FPBAuthService::timerHandler complete
03-14 00:19:21.332  1673  1692 E thermal_core: find_tz_idx_by_name:"Failed to find thermal zone index of ap_ntc\n"
03-14 00:19:21.333  1673  1692 E thermal_core: find_tz_idx_by_name:"Failed to find thermal zone index of mtk-master-charger\n"
03-14 00:19:21.574   582   582 D io_stats: !@ Write_top(KB): kworker/u32:10:/(28446) 52
03-14 00:19:21.717  2083  3212 D PowerManagerService: [api] release WakeLock DRAW_WAKE_LOCK                    'charging_info' ACQ=-5s508ms (uid=10060 pid=2748 displayId=0 lock=79a5834)
03-14 00:19:21.719  2083  3212 D PowerManagerService: displayReady: false groupId=0
03-14 00:19:21.720  2083  2176 D DisplayPowerController[0]: animateScreenStateChange: target=DOZE_SUSPEND, mIsEnabled=true
03-14 00:19:21.723  2083  2176 I DisplayPowerController[0]: BrightnessEvent: brt=0.16470589 (65.0%), nits= 42.077, lux=-1.0, reason=manual, strat=FallbackBrightnessStrategy, state=DOZE_SUSPEND, stateReason=UNKNOWN, policy=DOZE, flags=, initBrt=0.16470589, rcmdBrt=NaN, preBrt=NaN, preLux=0.0, wasShortTermModelActive=false, autoBrightness=false (default), unclampedBrt=0.16470589, hbmMax=1.0, hbmMode=off, thrmMax=1.0, rbcStrength=-1, powerFactor=1.0, physDisp=Yerleşik Ekran(local:4627039422300187648), logicalId=0, slowChange=false, rampSpeed=0.0
03-14 00:19:21.725  1520  1550 I mtkpower@impl: [setMode] type:9, enabled:1
03-14 00:19:21.725  2083  2637 D DisplayManagerService: !@display_state requestDisplayStateInternal: DOZE -> DOZE_SUSPEND displayId=0
03-14 00:19:21.725  1520  1550 I mtkpower@impl: [setMode] Mode::DISPLAY_INACTIVE: 1
03-14 00:19:21.726  2083  2637 D SemInputDeviceManagerService: setDisplayState[1] EARLY: DOZE(3) -> DOZE_SUSPEND(4)
03-14 00:19:21.726  2083  2116 I DisplayDeviceRepository: Display device changed state: "Yerleşik Ekran", DOZE_SUSPEND
03-14 00:19:21.727  2083  2176 D BrightnessThermalClamper: Thermal status observer already started
03-14 00:19:21.728  2083  2637 D LocalDisplayAdapter: notifyStateChangeStart: com.samsung.android.hardware.secinputdev.external.DisplayStateListenerWrapper$1@c7e080a took 3 ms
03-14 00:19:21.728  2083  2114 D WindowManager: DeferredDisplayUpdater: partially applying DisplayInfo(1080 x 2340) immediately
03-14 00:19:21.728  2083  2637 D LocalDisplayAdapter: notifyStateChangeStart: com.android.server.biometrics.SemBiometricDisplayStateMonitor@478eea8 took 0 ms
03-14 00:19:21.728  2083  2476 I SemBiometricDisplayStateMonitor: DisplayStateListener#onStart : DOZE_SUSPEND, DOZE_SUSPEND, DEFAULT_DISPLAY
03-14 00:19:21.728  2083  2637 W LocalDisplayAdapter: !@display_state - 2346 : DOZE -> DOZE_SUSPEND (MAIN)
03-14 00:19:21.728 29780 29864 D AudioFlinger: setParameters: filtered dev setParameters keyvalue screen_state=off
03-14 00:19:21.729  1567  1567 D SurfaceFlinger: Setting power mode 2 on physical display 4627039422300187648
03-14 00:19:21.729  2083  2558 D SemInputDevice:TSP: ActivateTask: 4,0 [03-14 00:19:21.726]
03-14 00:19:21.729  2083  2083 D SGM:GameManager: onDisplayChanged. displyId: 0, state: 4
03-14 00:19:21.730  1534  1546 I sysinput:aidl: onReportInformation:93, 1, enabled@4,0:0
03-14 00:19:21.730  2083  2637 W LocalDisplayAdapter: !@display_state - 2346 : DOZE_SUSPEND (MAIN) took 2 ms
03-14 00:19:21.730  2083  2637 D SemInputDeviceManagerService: setDisplayState[1] LATE: DOZE_SUSPEND(4) -> DOZE_SUSPEND(4)
03-14 00:19:21.731 29783 29791 D AudioALSAHardware: +setParameters(): screen_state=off
03-14 00:19:21.731 29783 29791 D AudioALSAHardware: -setParameters(): screen_state=off
03-14 00:19:21.732  2083  2637 D LocalDisplayAdapter: notifyStateChangeFinish: com.samsung.android.hardware.secinputdev.external.DisplayStateListenerWrapper$1@c7e080a took 2 ms
03-14 00:19:21.732  2083  2637 D LocalDisplayAdapter: notifyStateChangeFinish: com.android.server.biometrics.SemBiometricDisplayStateMonitor@478eea8 took 0 ms
03-14 00:19:21.732  2083  2476 I SemBiometricDisplayStateMonitor: DisplayStateListener#onFinish : DOZE_SUSPEND, DOZE_SUSPEND, DEFAULT_DISPLAY
03-14 00:19:21.732  2083  2176 D DisplayPowerController[0]: setActualDisplayState: DOZE -> DOZE_SUSPEND
03-14 00:19:21.732  2083  2176 D DisplayPowerController[0]: animateScreenStateChange: target=DOZE_SUSPEND, mIsEnabled=true
03-14 00:19:21.733  2083  2558 D SysinputHAL_AIDL: activate(TSP(1)),4,0 ret=0
03-14 00:19:21.733  2083  2558 D SemInputDevice:TSP: ActivateTask: 4,1 [03-14 00:19:21.731]
03-14 00:19:21.733  1534  1546 I sysinput:Touch1: operator():133, 4,0 OK
03-14 00:19:21.734  1534  1546 I sysinput:aidl: onReportInformation:93, 1, enabled@4,1:0
03-14 00:19:21.734  5415  5415 I HBD     : DeX h DeX mode state change in non-main thread 
03-14 00:19:21.735  5415  5415 I HBD     : DeX h DeX mode state change: 3 
03-14 00:19:21.735  1534  1546 I sysinput:Touch1: operator():133, 4,1 OK
03-14 00:19:21.735  2083  2558 D SysinputHAL_AIDL: activate(TSP(1)),4,1 ret=0
03-14 00:19:21.735  2748  2748 D DisplayLifecycle: updateDisplay id = 0
03-14 00:19:21.735  2083  2176 D DisplayPowerController[0]: animateScreenStateChange: target=DOZE_SUSPEND, mIsEnabled=true
03-14 00:19:21.735  2748  2748 I Keyguard.AODTouchModeManager: onDisplayChanged newDisplayState=4, currentDisplayState=3, displayId=0
03-14 00:19:21.736  2083  2299 D SGM:FgCheckThread: onLooperPrepared(), msg: MSG_LCD_OFF
03-14 00:19:21.737  1567  1987 I VSyncReactor: Current= 90, Period= 90, hwcPeriod= 90
03-14 00:19:21.737  2083  2176 D PowerManagerService: displayReady: true groupId=0
03-14 00:19:21.738  3238 28281 I HoneySpace.Memory-Monitor: current state = 4, didTrim = true
03-14 00:19:21.740  5415  5415 I VRI[InputMethod]@e345dc8: onDisplayChanged oldDisplayState=3 newDisplayState=4
03-14 00:19:21.741  3238  3238 I VRI[LauncherActivity]@79a9058: onDisplayChanged oldDisplayState=3 newDisplayState=4
03-14 00:19:21.741  3238  3238 I VRI[RecentsTransitionOverlay]@815033c: onDisplayChanged oldDisplayState=3 newDisplayState=4
03-14 00:19:21.742  3238  3238 I VRI[CocktailBarService]@b870e79: onDisplayChanged oldDisplayState=3 newDisplayState=4
03-14 00:19:21.743  3238  3238 I VRI[RecentsActivity]@a5b1272: onDisplayChanged oldDisplayState=3 newDisplayState=4
03-14 00:19:21.744  2083  5136 D WifiDisplayAdapter: isFitToActiveDisplayLocked : false
03-14 00:19:21.744  5329  5329 I VRI[LauncherActivity]@9ba8716: onDisplayChanged oldDisplayState=3 newDisplayState=4
03-14 00:19:21.745  2748  2802 I VRI[ShellDropTarget]@92e3be9: onDisplayChanged oldDisplayState=3 newDisplayState=4
03-14 00:19:21.745  2748  2802 I VRI[View root of ReusableWindowDecorViewHost#0]@254be1d: onDisplayChanged oldDisplayState=3 newDisplayState=4
03-14 00:19:21.746  2748  2802 I VRI[View root of ReusableWindowDecorViewHost#1]@9ccb8b6: onDisplayChanged oldDisplayState=3 newDisplayState=4
03-14 00:19:21.748  2748  2882 D StackScroller: onDisplayChanged for predraw skip to 4
03-14 00:19:21.748  2748  2748 I VRI[LockscreenShortcutBlur]@f4e5155: onDisplayChanged oldDisplayState=3 newDisplayState=4
03-14 00:19:21.748  2748  2748 I VRI[NavigationBar0]@cb51d69: onDisplayChanged oldDisplayState=3 newDisplayState=4
03-14 00:19:21.748  2748  2748 I VRI[EdgeBackGestureHandler0]@e247b7f: onDisplayChanged oldDisplayState=3 newDisplayState=4
03-14 00:19:21.749  2748  2748 I VRI[NotificationShade]@ddcb5e0: onDisplayChanged oldDisplayState=3 newDisplayState=4
03-14 00:19:21.749  2748  2748 I VRI[StatusBar]@b5f60f8: onDisplayChanged oldDisplayState=3 newDisplayState=4
03-14 00:19:21.749  2748  2748 I VRI[SecondaryHomeHandle0]@fc3d736: onDisplayChanged oldDisplayState=3 newDisplayState=4
03-14 00:19:22.217  1830  1970 I bauth_FPBAuthService: pcf : 0x1012, 0 ,1 ,0 ,0 ,0 ,0, 16.0.0.3
03-14 00:19:22.217  1830  1970 I bauth_FPBAuthService: thread id : 1, preenroll_flag : 0, nd cnt : 0, cso : 0, et : 0
03-14 00:19:22.217  1830  1970 I bauth_FPBAuthService: FPBAuthService::timerHandler complete
03-14 00:19:22.380  5068  6278 I SDHMS:x : SIOP:: AP:363 BAT:334 USB:342 CHG:376 PA:358 WIFI:356 BLK:0 SUBBAT:0 SKIN:342 SKINF:334 SKINB:342 LRP2:342 LRF2:334 LRB2:342 AP2:342 CHG2:339 MEM2:342 WIFI2:342 SPK2:321 VAP05:364 AVGCUR:1246 AVGSYS:0 POWER:5381
03-14 00:19:23.219  1830  1970 I bauth_FPBAuthService: pcf : 0x1012, 0 ,1 ,0 ,0 ,0 ,0, 16.0.0.3
03-14 00:19:23.220  1830  1970 I bauth_FPBAuthService: thread id : 1, preenroll_flag : 0, nd cnt : 0, cso : 0, et : 0
03-14 00:19:23.220  1830  1970 I bauth_FPBAuthService: FPBAuthService::timerHandler complete
03-14 00:19:23.577   582   582 D io_stats: !@   8,32 r 3706033 78901608 w 2438559 31712212 d 307656 187094324 f 205122 237312 iot 1160348 0 th 0 0 0 pt 0 inp 0 0 50576.862
03-14 00:19:24.220  1830  1970 I bauth_FPBAuthService: pcf : 0x1012, 0 ,1 ,0 ,0 ,0 ,0, 16.0.0.3
03-14 00:19:24.220  1830  1970 I bauth_FPBAuthService: thread id : 1, preenroll_flag : 0, nd cnt : 0, cso : 0, et : 0
03-14 00:19:24.220  1830  1970 I bauth_FPBAuthService: FPBAuthService::timerHandler complete
03-14 00:19:24.335  1673  1692 E thermal_core: find_tz_idx_by_name:"Failed to find thermal zone index of ap_ntc\n"
03-14 00:19:24.336  1673  1692 E thermal_core: find_tz_idx_by_name:"Failed to find thermal zone index of mtk-master-charger\n"
03-14 00:19:25.223  1830  1970 I bauth_FPBAuthService: pcf : 0x1012, 0 ,1 ,0 ,0 ,0 ,0, 16.0.0.3
03-14 00:19:25.223  1830  1970 I bauth_FPBAuthService: thread id : 1, preenroll_flag : 0, nd cnt : 0, cso : 0, et : 0
03-14 00:19:25.223  1830  1970 I bauth_FPBAuthService: FPBAuthService::timerHandler complete
03-14 00:19:25.581   582   582 D io_stats: !@ Write_top(KB): sait.sohservice:low(1299) 40 kworker/u32:5:/(28442) 20
03-14 00:19:25.818  2083  2164 D MARsPolicyManager: triggerAction called!
03-14 00:19:25.818  2083  2164 I NSLocationMonitor: getGPSUsingApps() called
03-14 00:19:25.819  3549  3566 I NSLocationManager_FLP: getGPSUsingApps, No change
03-14 00:19:26.223  1830  1970 I bauth_FPBAuthService: pcf : 0x1012, 0 ,1 ,0 ,0 ,0 ,0, 16.0.0.3
03-14 00:19:26.223  1830  1970 I bauth_FPBAuthService: thread id : 1, preenroll_flag : 0, nd cnt : 0, cso : 0, et : 0
03-14 00:19:26.223  1830  1970 I bauth_FPBAuthService: FPBAuthService::timerHandler complete
03-14 00:19:26.290  1528  1554 E BatteryDump: !@new_battery_dump : 4320,1243,3000,3150,82,334,342,376,0,0,343,376,0,Charging,NO_CHARGING,Normal,Good,PDIC,0,Normal,0,0,9474,0x0,0x10000,0x0,0,0,0000,0000,00000000,0,0,0,0,486,4103,8130,980,0,
03-14 00:19:26.299  2083  5503 D [SS]BattFunctions: [sendRemainingChargingTimeChangedIntent]remainingChargingTime:1945 ,mLastRemainingChargingTime:1948
03-14 00:19:26.299  1536  1536 I seh_thermal_service: getTemperaturesWithType SehTemperatureType: 3
03-14 00:19:26.300  1528  1528 I sehhealth-service: updateLrpSysfs: write: 342
03-14 00:19:26.305  2748  2748 I AODBatteryManager: updateBatteryData: ACTION_BATTERY_CHANGED: false, isSleepModeChanged:false ,isRemainingTimeChanged: true, isUSBRestriction: false
03-14 00:19:26.305  2748  2748 I ChargingInfoManager: updateChargingInfo: newState = AOD ChargingInfo [mState=BATTERY_AND_REMAIN_TIME, mIsCharging=true, mIsPlugged=true, mIsFullyCharged=false, mIsBatteryProtectMode=false, mBetteryLevel=82, mBetteryProtectModeType3, mIsSlowChargingfalse], oldState = AOD ChargingInfo [mState=BATTERY_AND_REMAIN_TIME, mIsCharging=true, mIsPlugged=true, mIsFullyCharged=false, mIsBatteryProtectMode=false, mBetteryLevel=82, mBetteryProtectModeType3, mIsSlowChargingfalse]
03-14 00:19:26.307  2748  2748 D PowerUI : Remaining charging time : 1945
03-14 00:19:26.307  2748  2748 D PowerUI : Charging time is changed, check charging notification
03-14 00:19:26.309  1567  1987 I VSyncReactor: Current= 90, Period= 90, hwcPeriod= 90
03-14 00:19:26.309  2748  2748 D PowerUI.Notification: showChargingNotice - Battery Level : 82 -> 82, Charging Type : 11 -> 11, Charging Time : 1948 -> 1945, Maximum protection : false -> false, Maximum threshold : 80 -> 80
03-14 00:19:26.314  2748  2748 I NotificationManager: com.android.systemui: notify(2131364006, charging_state, Notification(channel=CHR shortcut=null contentView=null vibrate=null sound=null defaults=0 flags=ONGOING_EVENT|ONLY_ALERT_ONCE color=0x00000000 category=sys groupKey=CHARGING vis=PUBLIC semFlags=0x0 semPriority=0 semMissedCount=0)) as user
03-14 00:19:26.320  2083  5503 W PermissionService: getPermissionFlags: Unknown user -1
03-14 00:19:26.321  2083  5503 W PermissionService: getPermissionFlags: Unknown user -1
03-14 00:19:26.323  2748  2748 I ChargingInfoView: handleMessage: MSG_SHOW_CHARGING_INFO
03-14 00:19:26.323  2748  2748 I BottomChargingInfoView: updateContents: BATTERY_AND_REMAIN_TIME
03-14 00:19:26.324  2748  2748 I AOD_WAKELOCK@WakeLockManager: acquireIfExists: tag - charging_info, timeout - 1000, reason - Charging Info is updating, delay by 500, wakeLock = WakeLock{432cb95 held=false, refCount=0}
03-14 00:19:26.325  2083  5503 D PowerManagerService: [api] acquire WakeLock DRAW_WAKE_LOCK                    'charging_info' (uid=10060 pid=2748 displayId=0 lock=79a5834)
03-14 00:19:26.326  2083  5503 D PowerManagerService: displayReady: false groupId=0
03-14 00:19:26.326  2083  2176 D DisplayPowerController[0]: animateScreenStateChange: target=DOZE, mIsEnabled=true
03-14 00:19:26.327  2748  2748 I ChargingInfoManager: getDeviceRemainingTime: Dolmasına 32 dk
03-14 00:19:26.328  2748  2748 I AOD_WAKELOCK@WakeLockManager: acquireIfExists: tag - charging_info, timeout - 5500, reason - Charging Info is updating, delay by 5000, wakeLock = WakeLock{432cb95 held=true, refCount=1}
03-14 00:19:26.328  2748  2748 I AbsChargingInfoComponent: setVisibilityWithAnim: skipped true
03-14 00:19:26.329  2083  2176 I DisplayPowerController[0]: BrightnessEvent: brt=0.16470589 (65.0%), nits= 42.077, lux=-1.0, reason=manual, strat=FallbackBrightnessStrategy, state=DOZE, stateReason=DRAW_WAKE_LOCK, policy=DOZE, flags=, initBrt=0.16470589, rcmdBrt=NaN, preBrt=NaN, preLux=0.0, wasShortTermModelActive=false, autoBrightness=false (default), unclampedBrt=0.16470589, hbmMax=1.0, hbmMode=off, thrmMax=1.0, rbcStrength=-1, powerFactor=1.0, physDisp=Yerleşik Ekran(local:4627039422300187648), logicalId=0, slowChange=false, rampSpeed=0.0
03-14 00:19:26.331  1520  1550 I mtkpower@impl: [setMode] type:9, enabled:1
03-14 00:19:26.331  1520  1550 I mtkpower@impl: [setMode] Mode::DISPLAY_INACTIVE: 1
03-14 00:19:26.331  2083  2637 D DisplayManagerService: !@display_state requestDisplayStateInternal: DOZE_SUSPEND -> DOZE displayId=0
03-14 00:19:26.331  2748  2748 I SecKeyguardClockPositionAlgorithm: prepareClockContainerHeightChanging:
03-14 00:19:26.331  2083  2637 D SemInputDeviceManagerService: setDisplayState[1] EARLY: DOZE_SUSPEND(4) -> DOZE(3)
03-14 00:19:26.332  2083  2116 I DisplayDeviceRepository: Display device changed state: "Yerleşik Ekran", DOZE
03-14 00:19:26.332  2083  2176 D BrightnessThermalClamper: Thermal status observer already started
03-14 00:19:26.333  2083  2114 D WindowManager: DeferredDisplayUpdater: partially applying DisplayInfo(1080 x 2340) immediately
03-14 00:19:26.333  2083  2558 D SemInputDevice:TSP: ActivateTask: 3,0 [03-14 00:19:26.332]
03-14 00:19:26.334  1534  1546 I sysinput:aidl: onReportInformation:93, 1, enabled@3,0:0
03-14 00:19:26.334  2083  2083 D SGM:GameManager: onDisplayChanged. displyId: 0, state: 3
03-14 00:19:26.334  2748  2748 I SecKeyguardClockPositionAlgorithm: prepareClockContainerHeightChanging:
03-14 00:19:26.334  2083  2299 D SGM:FgCheckThread: onLooperPrepared(), msg: MSG_LCD_OFF
03-14 00:19:26.335  1534  1546 I sysinput:Touch1: operator():133, 3,0 OK
03-14 00:19:26.337  2748  2748 I MODManager: onShow ChargingInfoOnlyContainer
03-14 00:19:26.338  2748  2748 W MODManager: this device does not supports cover
03-14 00:19:26.338  2083  2558 D SysinputHAL_AIDL: activate(TSP(1)),3,0 ret=0
03-14 00:19:26.339  5415  5415 I HBD     : DeX h DeX mode state change in non-main thread 
03-14 00:19:26.339  5415  5415 I HBD     : DeX h DeX mode state change: 3 
03-14 00:19:26.340  5415  5415 I VRI[InputMethod]@e345dc8: onDisplayChanged oldDisplayState=4 newDisplayState=3
03-14 00:19:26.341  2083  2637 D LocalDisplayAdapter: notifyStateChangeStart: com.samsung.android.hardware.secinputdev.external.DisplayStateListenerWrapper$1@c7e080a took 10 ms
03-14 00:19:26.341 29780 29864 D AudioFlinger: setParameters: filtered dev setParameters keyvalue screen_state=off
03-14 00:19:26.341  2083  2637 D LocalDisplayAdapter: notifyStateChangeStart: com.android.server.biometrics.SemBiometricDisplayStateMonitor@478eea8 took 0 ms
03-14 00:19:26.342  2083  2637 W LocalDisplayAdapter: !@display_state - 2347 : DOZE_SUSPEND -> DOZE (MAIN)
03-14 00:19:26.342  1567  1567 D SurfaceFlinger: Setting power mode 2 on physical display 4627039422300187648
03-14 00:19:26.343 29783 29783 D AudioALSAHardware: +setParameters(): screen_state=off
03-14 00:19:26.343  2083  2476 I SemBiometricDisplayStateMonitor: DisplayStateListener#onStart : DOZE, DOZE, DEFAULT_DISPLAY
03-14 00:19:26.343  5329  5329 I VRI[LauncherActivity]@9ba8716: onDisplayChanged oldDisplayState=4 newDisplayState=3
03-14 00:19:26.344 29783 29783 D AudioALSAHardware: -setParameters(): screen_state=off
03-14 00:19:26.344  2083  2637 W LocalDisplayAdapter: !@display_state - 2347 : DOZE (MAIN) took 2 ms
03-14 00:19:26.344  2083  2637 D SemInputDeviceManagerService: setDisplayState[1] LATE: DOZE(3) -> DOZE(3)
03-14 00:19:26.344  3238  3238 I VRI[LauncherActivity]@79a9058: onDisplayChanged oldDisplayState=4 newDisplayState=3
03-14 00:19:26.345  2083  2637 D LocalDisplayAdapter: notifyStateChangeFinish: com.samsung.android.hardware.secinputdev.external.DisplayStateListenerWrapper$1@c7e080a took 1 ms
03-14 00:19:26.345  3238  3238 I VRI[RecentsTransitionOverlay]@815033c: onDisplayChanged oldDisplayState=4 newDisplayState=3
03-14 00:19:26.345  2083  2637 D LocalDisplayAdapter: notifyStateChangeFinish: com.android.server.biometrics.SemBiometricDisplayStateMonitor@478eea8 took 0 ms
03-14 00:19:26.345  2083  2176 D DisplayPowerController[0]: setActualDisplayState: DOZE_SUSPEND -> DOZE
03-14 00:19:26.346  2083  2176 D DisplayPowerController[0]: animateScreenStateChange: target=DOZE, mIsEnabled=true
03-14 00:19:26.346  2083  2558 D SemInputDevice:TSP: ActivateTask: 3,1 [03-14 00:19:26.344]
03-14 00:19:26.347  2083  2176 D DisplayPowerController[0]: animateScreenStateChange: target=DOZE, mIsEnabled=true
03-14 00:19:26.347  1534  1546 I sysinput:aidl: onReportInformation:93, 1, enabled@3,1:0
03-14 00:19:26.348  2083  2176 D PowerManagerService: displayReady: true groupId=0
03-14 00:19:26.348  3238 27254 I HoneySpace.Memory-Monitor: current state = 3, didTrim = true
03-14 00:19:26.349  3238  3238 I VRI[CocktailBarService]@b870e79: onDisplayChanged oldDisplayState=4 newDisplayState=3
03-14 00:19:26.349  3238  3238 I VRI[RecentsActivity]@a5b1272: onDisplayChanged oldDisplayState=4 newDisplayState=3
03-14 00:19:26.349  2083  2476 I SemBiometricDisplayStateMonitor: DisplayStateListener#onFinish : DOZE, DOZE, DEFAULT_DISPLAY
03-14 00:19:26.349  1534  1546 I sysinput:Touch1: operator():133, 3,1 OK
03-14 00:19:26.350  2748  2748 D DisplayLifecycle: updateDisplay id = 0
03-14 00:19:26.350  2748  2748 I Keyguard.AODTouchModeManager: onDisplayChanged newDisplayState=3, currentDisplayState=4, displayId=0
03-14 00:19:26.351  2083  2558 D SysinputHAL_AIDL: activate(TSP(1)),3,1 ret=0
03-14 00:19:26.354  1567  1567 I BufferQueueProducer: [NotificationShade$_2748#15421](this:0xb400006f877dc638,id:-1,api:0,p:-1,c:1567) queueBuffer: fps=0.10 dur=10108.54 max=10108.54 min=10108.54
03-14 00:19:26.355  2748  2802 I VRI[ShellDropTarget]@92e3be9: onDisplayChanged oldDisplayState=4 newDisplayState=3
03-14 00:19:26.355  2748  2802 I VRI[View root of ReusableWindowDecorViewHost#0]@254be1d: onDisplayChanged oldDisplayState=4 newDisplayState=3
03-14 00:19:26.356  2748  2802 I VRI[View root of ReusableWindowDecorViewHost#1]@9ccb8b6: onDisplayChanged oldDisplayState=4 newDisplayState=3
03-14 00:19:26.356  2083  2665 D WifiDisplayAdapter: isFitToActiveDisplayLocked : false
03-14 00:19:26.358  2748  2882 D StackScroller: onDisplayChanged for predraw skip to 3
03-14 00:19:26.358  1501  1501 I hwcomposer: [HWCDisplay] (0 updateFps():4131), (type:1, mode:2) fps:0.197894,dur:10106.41,max:10027.96,min:78.45  
03-14 00:19:26.358  2748  2748 I VRI[LockscreenShortcutBlur]@f4e5155: onDisplayChanged oldDisplayState=4 newDisplayState=3
03-14 00:19:26.359  2748  2748 I VRI[NavigationBar0]@cb51d69: onDisplayChanged oldDisplayState=4 newDisplayState=3
03-14 00:19:26.359  2748  2748 I VRI[EdgeBackGestureHandler0]@e247b7f: onDisplayChanged oldDisplayState=4 newDisplayState=3
03-14 00:19:26.359  2748  2748 I VRI[NotificationShade]@ddcb5e0: onDisplayChanged oldDisplayState=4 newDisplayState=3
03-14 00:19:26.359  2748  2748 I VRI[StatusBar]@b5f60f8: onDisplayChanged oldDisplayState=4 newDisplayState=3
03-14 00:19:26.359  2748  2748 I VRI[SecondaryHomeHandle0]@fc3d736: onDisplayChanged oldDisplayState=4 newDisplayState=3
03-14 00:19:26.427  1501  1884 I hwcomposer: [HWC] (0)fire a callback of refresh to SF[4]  
03-14 00:19:26.438  1567  1567 I BufferQueueProducer: [FramebufferSurface](this:0xb400006faf4f0370,id:-1,api:1,p:1567,c:1567) queueBuffer: fps=0.10 dur=10108.68 max=10108.68 min=10108.68
03-14 00:19:26.529  2083  2083 I Telecom : SamsungTelecomServiceImpl : isInManagedCall - callingPackage : android / callingUser : UserHandle{0} / hasCrossUserAccess : true
03-14 00:19:26.547  3238  6389 I HoneySpace.NotificationListener: onNotificationPosted com.android.systemui: -1|com.android.systemui|2131364006|charging_state|10060: 0
03-14 00:19:26.547  3238  6389 I HoneySpace.NotificationListener: invalid notification: com.android.systemui UserHandle{-1}: canShowBadge is false
03-14 00:19:26.557  2748  2748 I LockscreenNotificationIconsOnlyController: onNotificationInfoUpdated 0
03-14 00:19:26.558  2748  2748 I AODNotificationManager: updateNotification() 
03-14 00:19:26.749  2748  2748 D Bubbles : onEntryUpdated : shouldBubbleUp=true ,key=-1|com.android.systemui|2131364006|charging_state|10060
03-14 00:19:26.751  2748  2748 D InterruptionStateProvider:  no Heads up : edgelighting enabled app. -1|com.android.systemui|2131364006|charging_state|10060
03-14 00:19:26.752  2748  2748 I {OngoingActivityController}: onEntryUpdated and OA data is empty. So update latest task info
03-14 00:19:26.771  2748  2748 I LockscreenNotificationIconsOnlyController: onNotificationInfoUpdated 0
03-14 00:19:26.772  2748  2748 I AODNotificationManager: updateNotification() 
03-14 00:19:26.781  2748  3330 D LocalImageResolver: Couldn't use ImageDecoder for drawable, falling back to non-resized load.
03-14 00:19:26.784  2748  3330 D LocalImageResolver: Couldn't use ImageDecoder for drawable, falling back to non-resized load.
03-14 00:19:26.790  2748  2748 D LocalImageResolver: Couldn't use ImageDecoder for drawable, falling back to non-resized load.
03-14 00:19:26.803  2748  2748 D ExpandableNotifRow: mMaxSmallHeight different before reInflateViews mMaxSmallHeight: 189 mTempSmallHeight:0 -1|com.android.systemui|2131364006|charging_state|10060
03-14 00:19:26.803  2748  2748 D ExpandableNotifRow: mMaxSmallHeight different before reInflateViews mMaxSmallHeight: 189 mTempSmallHeight:0 -1|com.android.systemui|2131364006|charging_state|10060
03-14 00:19:26.803  2748  2748 D ExpandableNotifRow: mMaxSmallHeight different before reInflateViews mMaxSmallHeight: 189 mTempSmallHeight:0 -1|com.android.systemui|2131364006|charging_state|10060
03-14 00:19:26.803  2748  2748 D ExpandableNotifRow: mMaxSmallHeight different before reInflateViews mMaxSmallHeight: 189 mTempSmallHeight:0 -1|com.android.systemui|2131364006|charging_state|10060
03-14 00:19:26.811  2748  2748 D LocalImageResolver: Couldn't use ImageDecoder for drawable, falling back to non-resized load.
03-14 00:19:26.816  2748  2748 I LockscreenNotificationIconsOnlyController: onNotificationInfoUpdated 0
03-14 00:19:26.817  2748  2748 I AODNotificationManager: updateNotification() 
03-14 00:19:27.225  1830  1970 I bauth_FPBAuthService: pcf : 0x1012, 0 ,1 ,0 ,0 ,0 ,0, 16.0.0.3
03-14 00:19:27.226  1830  1970 I bauth_FPBAuthService: thread id : 1, preenroll_flag : 0, nd cnt : 0, cso : 0, et : 0
03-14 00:19:27.226  1830  1970 I bauth_FPBAuthService: FPBAuthService::timerHandler complete
03-14 00:19:27.338  1673  1692 E thermal_core: find_tz_idx_by_name:"Failed to find thermal zone index of ap_ntc\n"
03-14 00:19:27.338  1673  1692 E thermal_core: find_tz_idx_by_name:"Failed to find thermal zone index of mtk-master-charger\n"
03-14 00:19:27.338  1673  1692 E thermal_core: find_tz_idx_by_name:"Failed to find thermal zone index of camera0\n"
03-14 00:19:27.338  1673  1692 E thermal_core: find_tz_idx_by_name:"Failed to find thermal zone index of mtk-master-charger\n"
03-14 00:19:27.338  1673  1692 E thermal_core: find_tz_idx_by_name:"Failed to find thermal zone index of nrpa_ntc\n"
03-14 00:19:27.339  1673  1692 E thermal_core: dump_thermal_log:"Error: sccanf error, ret=9\n"
03-14 00:19:27.341  1673  1692 E thermal_core: node_read:"Failed to read /sys/class/thermal/thermal_zone2/temp: No data available\n"
03-14 00:19:27.341  1673  1692 I thermal_core: "soc/nr/lte/ap_ntc/tpcb/conn/chg/cam/c_ttj/g_ttj/a_ttj=0/-274000/35315/-274000/46000/30000/-274000/-274000/85000/85000/85000\n"
03-14 00:19:27.341  1673  1692 I thermal_core: "[C(l)(c)(i)][G(l)(c)][A(l)(c)][TH][D]=[(666666/666666/666666)(500/725/0)(0x0)][(666666)(666666)][(666666666)(666666666)][0][1200]\n"
03-14 00:19:27.341  1673  1692 E thermal_core: node_read:"Failed to open /sys/kernel/helio-dvfsrc/dvfsrc_therm_info: No such file or directory\n"
03-14 00:19:27.341  1673  1692 I thermal_core: "1200"
03-14 00:19:27.584   582   582 D io_stats: !@   8,32 r 3706033 78901608 w 2438561 31712220 d 307656 187094324 f 205122 237312 iot 1160352 0 th 0 0 0 pt 0 inp 0 0 50580.870
03-14 00:19:28.226  1830  1970 I bauth_FPBAuthService: pcf : 0x1012, 0 ,1 ,0 ,0 ,0 ,0, 16.0.0.3
03-14 00:19:28.226  1830  1970 I bauth_FPBAuthService: thread id : 1, preenroll_flag : 0, nd cnt : 0, cso : 0, et : 0
03-14 00:19:28.226  1830  1970 I bauth_FPBAuthService: FPBAuthService::timerHandler complete
03-14 00:19:28.791  2857  2857 I wpa_supplicant: Heartbeat 1390
03-14 00:19:29.229  1830  1970 I bauth_FPBAuthService: pcf : 0x1012, 0 ,1 ,0 ,0 ,0 ,0, 16.0.0.3
03-14 00:19:29.229  1830  1970 I bauth_FPBAuthService: thread id : 1, preenroll_flag : 0, nd cnt : 0, cso : 0, et : 0
03-14 00:19:29.229  1830  1970 I bauth_FPBAuthService: FPBAuthService::timerHandler complete
03-14 00:19:29.588   582   582 D io_stats: !@   8,32 r 3706033 78901608 w 2438578 31712340 d 307656 187094324 f 205122 237312 iot 1160360 0 th 0 0 0 pt 0 inp 0 0 50582.873
03-14 00:19:29.588   582   582 D io_stats: !@ Write_top(KB): kworker/u32:5:/(28442) 68 sait.sohservice:low(1299) 52 vendor.samsung.:normal(1528) 8
03-14 00:19:30.230  1830  1970 I bauth_FPBAuthService: pcf : 0x1012, 0 ,1 ,0 ,0 ,0 ,0, 16.0.0.3
03-14 00:19:30.230  1830  1970 I bauth_FPBAuthService: thread id : 1, preenroll_flag : 0, nd cnt : 0, cso : 0, et : 0
03-14 00:19:30.230  1830  1970 I bauth_FPBAuthService: FPBAuthService::timerHandler complete
03-14 00:19:30.344  1673  1692 E thermal_core: find_tz_idx_by_name:"Failed to find thermal zone index of ap_ntc\n"
03-14 00:19:30.344  1673  1692 E thermal_core: find_tz_idx_by_name:"Failed to find thermal zone index of mtk-master-charger\n"
03-14 00:19:30.844  2083  2164 D MARsPolicyManager: triggerAction called!
03-14 00:19:30.844  2083  2164 I NSLocationMonitor: getGPSUsingApps() called
03-14 00:19:30.845  3549  3566 I NSLocationManager_FLP: getGPSUsingApps, No change
03-14 00:19:31.230  1830  1970 I bauth_FPBAuthService: pcf : 0x1012, 0 ,1 ,0 ,0 ,0 ,0, 16.0.0.3
03-14 00:19:31.230  1830  1970 I bauth_FPBAuthService: thread id : 1, preenroll_flag : 0, nd cnt : 0, cso : 0, et : 0
03-14 00:19:31.230  1830  1970 I bauth_FPBAuthService: FPBAuthService::timerHandler complete
03-14 00:19:31.591   582   582 D io_stats: !@   8,32 r 3706033 78901608 w 2438579 31712344 d 307656 187094324 f 205122 237312 iot 1160364 0 th 0 0 0 pt 0 inp 0 0 50584.877
03-14 00:19:31.832  2083  2665 D PowerManagerService: [api] release WakeLock DRAW_WAKE_LOCK                    'charging_info' ACQ=-5s506ms (uid=10060 pid=2748 displayId=0 lock=79a5834)
03-14 00:19:31.833  2083  2665 D PowerManagerService: displayReady: false groupId=0
03-14 00:19:31.834  2083  2176 D DisplayPowerController[0]: animateScreenStateChange: target=DOZE_SUSPEND, mIsEnabled=true
03-14 00:19:31.838  2083  2176 I DisplayPowerController[0]: BrightnessEvent: brt=0.16470589 (65.0%), nits= 42.077, lux=-1.0, reason=manual, strat=FallbackBrightnessStrategy, state=DOZE_SUSPEND, stateReason=UNKNOWN, policy=DOZE, flags=, initBrt=0.16470589, rcmdBrt=NaN, preBrt=NaN, preLux=0.0, wasShortTermModelActive=false, autoBrightness=false (default), unclampedBrt=0.16470589, hbmMax=1.0, hbmMode=off, thrmMax=1.0, rbcStrength=-1, powerFactor=1.0, physDisp=Yerleşik Ekran(local:4627039422300187648), logicalId=0, slowChange=false, rampSpeed=0.0
03-14 00:19:31.840  1520  1550 I mtkpower@impl: [setMode] type:9, enabled:1
03-14 00:19:31.840  2083  2637 D DisplayManagerService: !@display_state requestDisplayStateInternal: DOZE -> DOZE_SUSPEND displayId=0
03-14 00:19:31.840  1520  1550 I mtkpower@impl: [setMode] Mode::DISPLAY_INACTIVE: 1
03-14 00:19:31.841  2083  2637 D SemInputDeviceManagerService: setDisplayState[1] EARLY: DOZE(3) -> DOZE_SUSPEND(4)
03-14 00:19:31.841  2083  2116 I DisplayDeviceRepository: Display device changed state: "Yerleşik Ekran", DOZE_SUSPEND
03-14 00:19:31.842  2083  2176 D BrightnessThermalClamper: Thermal status observer already started
03-14 00:19:31.843  2083  2637 D LocalDisplayAdapter: notifyStateChangeStart: com.samsung.android.hardware.secinputdev.external.DisplayStateListenerWrapper$1@c7e080a took 3 ms
03-14 00:19:31.843  2083  2114 D WindowManager: DeferredDisplayUpdater: partially applying DisplayInfo(1080 x 2340) immediately
03-14 00:19:31.843  2083  2637 D LocalDisplayAdapter: notifyStateChangeStart: com.android.server.biometrics.SemBiometricDisplayStateMonitor@478eea8 took 0 ms
03-14 00:19:31.843  2083  2637 W LocalDisplayAdapter: !@display_state - 2348 : DOZE -> DOZE_SUSPEND (MAIN)
03-14 00:19:31.844  2083  2476 I SemBiometricDisplayStateMonitor: DisplayStateListener#onStart : DOZE_SUSPEND, DOZE_SUSPEND, DEFAULT_DISPLAY
03-14 00:19:31.844  1567  1567 D SurfaceFlinger: Setting power mode 2 on physical display 4627039422300187648
03-14 00:19:31.844 29780 29864 D AudioFlinger: setParameters: filtered dev setParameters keyvalue screen_state=off
03-14 00:19:31.845  2083  2083 D SGM:GameManager: onDisplayChanged. displyId: 0, state: 4
03-14 00:19:31.845  2083  2637 W LocalDisplayAdapter: !@display_state - 2348 : DOZE_SUSPEND (MAIN) took 2 ms
03-14 00:19:31.845  2083  2637 D SemInputDeviceManagerService: setDisplayState[1] LATE: DOZE_SUSPEND(4) -> DOZE_SUSPEND(4)
03-14 00:19:31.845  2083  2299 D SGM:FgCheckThread: onLooperPrepared(), msg: MSG_LCD_OFF
03-14 00:19:31.845 29783 29783 D AudioALSAHardware: +setParameters(): screen_state=off
03-14 00:19:31.846  2083  2637 D LocalDisplayAdapter: notifyStateChangeFinish: com.samsung.android.hardware.secinputdev.external.DisplayStateListenerWrapper$1@c7e080a took 1 ms
03-14 00:19:31.846  2083  2637 D LocalDisplayAdapter: notifyStateChangeFinish: com.android.server.biometrics.SemBiometricDisplayStateMonitor@478eea8 took 0 ms
03-14 00:19:31.846  2083  2558 D SemInputDevice:TSP: ActivateTask: 4,0 [03-14 00:19:31.841]
03-14 00:19:31.847 29783 29783 D AudioALSAHardware: -setParameters(): screen_state=off
03-14 00:19:31.847  2083  2176 D DisplayPowerController[0]: setActualDisplayState: DOZE -> DOZE_SUSPEND
03-14 00:19:31.848  2083  2176 D DisplayPowerController[0]: animateScreenStateChange: target=DOZE_SUSPEND, mIsEnabled=true
03-14 00:19:31.848  1534  1546 I sysinput:aidl: onReportInformation:93, 1, enabled@4,0:0
03-14 00:19:31.849  2083  2476 I SemBiometricDisplayStateMonitor: DisplayStateListener#onFinish : DOZE_SUSPEND, DOZE_SUSPEND, DEFAULT_DISPLAY
03-14 00:19:31.849  3238 28404 I HoneySpace.Memory-Monitor: current state = 4, didTrim = true
03-14 00:19:31.852  1534  1546 I sysinput:Touch1: operator():133, 4,0 OK
03-14 00:19:31.852  2083  2558 D SysinputHAL_AIDL: activate(TSP(1)),4,0 ret=0
03-14 00:19:31.852  5415  5415 I HBD     : DeX h DeX mode state change in non-main thread 
03-14 00:19:31.853  5415  5415 I HBD     : DeX h DeX mode state change: 3 
03-14 00:19:31.853  2748  2748 D DisplayLifecycle: updateDisplay id = 0
03-14 00:19:31.852  2083  2558 D SemInputDevice:TSP: ActivateTask: 4,1 [03-14 00:19:31.845]
03-14 00:19:31.853  2748  2748 I Keyguard.AODTouchModeManager: onDisplayChanged newDisplayState=4, currentDisplayState=3, displayId=0
03-14 00:19:31.854  1534  1546 I sysinput:aidl: onReportInformation:93, 1, enabled@4,1:0
03-14 00:19:31.855  2083  2176 D DisplayPowerController[0]: animateScreenStateChange: target=DOZE_SUSPEND, mIsEnabled=true
03-14 00:19:31.856  1534  1546 I sysinput:Touch1: operator():133, 4,1 OK
03-14 00:19:31.856  2083  2176 D PowerManagerService: displayReady: true groupId=0
03-14 00:19:31.857  3238  3238 I VRI[LauncherActivity]@79a9058: onDisplayChanged oldDisplayState=3 newDisplayState=4
03-14 00:19:31.857  2083  2558 D SysinputHAL_AIDL: activate(TSP(1)),4,1 ret=0
03-14 00:19:31.857  3238  3238 I VRI[RecentsTransitionOverlay]@815033c: onDisplayChanged oldDisplayState=3 newDisplayState=4
03-14 00:19:31.857  1567  1613 I VSyncReactor: Current= 90, Period= 90, hwcPeriod= 90
03-14 00:19:31.859  5415  5415 I VRI[InputMethod]@e345dc8: onDisplayChanged oldDisplayState=3 newDisplayState=4
03-14 00:19:31.859  2748  2882 D StackScroller: onDisplayChanged for predraw skip to 4
03-14 00:19:31.862  3238  3238 I VRI[CocktailBarService]@b870e79: onDisplayChanged oldDisplayState=3 newDisplayState=4
03-14 00:19:31.862  2748  2802 I VRI[ShellDropTarget]@92e3be9: onDisplayChanged oldDisplayState=3 newDisplayState=4
03-14 00:19:31.862  2748  2802 I VRI[View root of ReusableWindowDecorViewHost#0]@254be1d: onDisplayChanged oldDisplayState=3 newDisplayState=4
03-14 00:19:31.862  3238  3238 I VRI[RecentsActivity]@a5b1272: onDisplayChanged oldDisplayState=3 newDisplayState=4
03-14 00:19:31.862  2748  2802 I VRI[View root of ReusableWindowDecorViewHost#1]@9ccb8b6: onDisplayChanged oldDisplayState=3 newDisplayState=4
03-14 00:19:31.862  5329  5329 I VRI[LauncherActivity]@9ba8716: onDisplayChanged oldDisplayState=3 newDisplayState=4
03-14 00:19:31.863  2748  2748 I VRI[LockscreenShortcutBlur]@f4e5155: onDisplayChanged oldDisplayState=3 newDisplayState=4
03-14 00:19:31.863  2748  2748 I VRI[NavigationBar0]@cb51d69: onDisplayChanged oldDisplayState=3 newDisplayState=4
03-14 00:19:31.863  2748  2748 I VRI[EdgeBackGestureHandler0]@e247b7f: onDisplayChanged oldDisplayState=3 newDisplayState=4
03-14 00:19:31.863  2748  2748 I VRI[NotificationShade]@ddcb5e0: onDisplayChanged oldDisplayState=3 newDisplayState=4
03-14 00:19:31.864  2748  2748 I VRI[StatusBar]@b5f60f8: onDisplayChanged oldDisplayState=3 newDisplayState=4
03-14 00:19:31.864  2748  2748 I VRI[SecondaryHomeHandle0]@fc3d736: onDisplayChanged oldDisplayState=3 newDisplayState=4
03-14 00:19:31.864  2083  5180 D WifiDisplayAdapter: isFitToActiveDisplayLocked : false
03-14 00:19:32.231  1830  1970 I bauth_FPBAuthService: pcf : 0x1012, 0 ,1 ,0 ,0 ,0 ,0, 16.0.0.3
03-14 00:19:32.231  1830  1970 I bauth_FPBAuthService: thread id : 1, preenroll_flag : 0, nd cnt : 0, cso : 0, et : 0
03-14 00:19:32.231  1830  1970 I bauth_FPBAuthService: FPBAuthService::timerHandler complete
03-14 00:19:32.385  5068  6278 I SDHMS:x : SIOP:: AP:362 BAT:333 USB:341 CHG:375 PA:357 WIFI:355 BLK:0 SUBBAT:0 SKIN:341 SKINF:334 SKINB:341 LRP2:341 LRF2:334 LRB2:341 AP2:341 CHG2:338 MEM2:341 WIFI2:341 SPK2:320 VAP05:363 AVGCUR:1228 AVGSYS:0 POWER:5303
03-14 00:19:33.234  1830  1970 I bauth_FPBAuthService: pcf : 0x1012, 0 ,1 ,0 ,0 ,0 ,0, 16.0.0.3
03-14 00:19:33.234  1830  1970 I bauth_FPBAuthService: thread id : 1, preenroll_flag : 0, nd cnt : 0, cso : 0, et : 0
03-14 00:19:33.234  1830  1970 I bauth_FPBAuthService: FPBAuthService::timerHandler complete
03-14 00:19:33.346  1673  1692 E thermal_core: find_tz_idx_by_name:"Failed to find thermal zone index of ap_ntc\n"
03-14 00:19:33.347  1673  1692 E thermal_core: find_tz_idx_by_name:"Failed to find thermal zone index of mtk-master-charger\n"
03-14 00:19:33.593   582   582 D io_stats: !@   8,32 r 3706033 78901608 w 2438586 31712420 d 307656 187094324 f 205122 237312 iot 1160368 0 th 0 0 0 pt 0 inp 0 0 50586.879
03-14 00:19:33.594   582   582 D io_stats: !@ Write_top(KB): kworker/u32:10:/(28446) 56 sait.sohservice:low(1299) 24
03-14 00:19:33.804  2083  2543 D UsbStatsMonitor: 0 0 0 0 0 0 0 0 0 0 0 0 7 0 0 0 0 0 0 0 0 0 0 0 0 0 0 0 0 0 0 0 0 0 0 0 0 0 0 0 0 0 0 10 0 0 0 0 0 0 0 0 0 0 0
03-14 00:19:34.234  1830  1970 I bauth_FPBAuthService: pcf : 0x1012, 0 ,1 ,0 ,0 ,0 ,0, 16.0.0.3
03-14 00:19:34.235  1830  1970 I bauth_FPBAuthService: thread id : 1, preenroll_flag : 0, nd cnt : 0, cso : 0, et : 0
03-14 00:19:34.235  1830  1970 I bauth_FPBAuthService: FPBAuthService::timerHandler complete
03-14 00:19:35.237  1830  1970 I bauth_FPBAuthService: pcf : 0x1012, 0 ,1 ,0 ,0 ,0 ,0, 16.0.0.3
03-14 00:19:35.237  1830  1970 I bauth_FPBAuthService: thread id : 1, preenroll_flag : 0, nd cnt : 0, cso : 0, et : 0
03-14 00:19:35.237  1830  1970 I bauth_FPBAuthService: FPBAuthService::timerHandler complete
03-14 00:19:35.866  2083  2164 D MARsPolicyManager: triggerAction called!
03-14 00:19:35.866  2083  2164 I NSLocationMonitor: getGPSUsingApps() called
03-14 00:19:35.867  3549  3566 I NSLocationManager_FLP: getGPSUsingApps, No change
03-14 00:19:36.238  1830  1970 I bauth_FPBAuthService: pcf : 0x1012, 0 ,1 ,0 ,0 ,0 ,0, 16.0.0.3
03-14 00:19:36.238  1830  1970 I bauth_FPBAuthService: thread id : 1, preenroll_flag : 0, nd cnt : 0, cso : 0, et : 0
03-14 00:19:36.238  1830  1970 I bauth_FPBAuthService: FPBAuthService::timerHandler complete
03-14 00:19:36.348  1673  1692 E thermal_core: find_tz_idx_by_name:"Failed to find thermal zone index of ap_ntc\n"
03-14 00:19:36.348  1673  1692 E thermal_core: find_tz_idx_by_name:"Failed to find thermal zone index of mtk-master-charger\n"
03-14 00:19:36.371  1528  1554 E BatteryDump: !@new_battery_dump : 4320,1217,3000,3150,83,333,342,375,0,0,342,375,0,Charging,NO_CHARGING,Normal,Good,PDIC,0,Normal,0,0,9474,0x0,0x10000,0x0,0,0,0000,0000,00000000,0,0,0,0,486,4104,8140,980,0,
03-14 00:19:36.378  2083  5180 D [SS]BattFunctions: [sendRemainingChargingTimeChangedIntent]remainingChargingTime:1938 ,mLastRemainingChargingTime:1945
03-14 00:19:36.378  1536  1536 I seh_thermal_service: getTemperaturesWithType SehTemperatureType: 3
03-14 00:19:36.378  2083  5180 D BatteryService: [processValuesLocked]batteryLevel:83 ,LastbatteryLevel:82 ,mPlugType:2 ,batteryStatus:2
03-14 00:19:36.378  2083  5180 D BatteryService: [countBatteryChangedConditions]mBatteryChangedConditionCounts:[60, 3, 1, 302, 66, 276, 69, 0, 0, 59, 59, 0, 59, 0, 0, 31, 585, 66, 0, 0, 0, 1]
03-14 00:19:36.379  1528  1528 I sehhealth-service: updateLrpSysfs: write: 341
03-14 00:19:36.379  2083  5180 D BatteryService: Sending ACTION_BATTERY_CHANGED: level:83, status:2, health:2, remain:1938, ac:false, usb:true, wireless:false, pogo:false, misc:0x10000, charge_type:1, charger_type:1, voltage:4320, temperature:333, online:19, charging_status:0, cycle_count:0, current_avg:1224, ps:false, hvc:true, current_event:0x0, mcc:0, mcv:0, cc:3316000, present:true, scale:100, technology:Li-ion, protection:0
03-14 00:19:36.381  2083  5180 D [SS]BattUtils: [readNode]path:/efs/FactoryApp/bsoh ,value:87
03-14 00:19:36.393  2748  2748 I AODBatteryManager: updateBatteryData: ACTION_BATTERY_CHANGED: true, isSleepModeChanged:false ,isRemainingTimeChanged: false, isUSBRestriction: false
