03-15 14:25:55.136 D/PerProcessNandswap$NandswapHandler(12320): nandswap end for non-activity com.instagram.android:sandboxed_process0:com.facebook.browser.helium.content.SandboxedProcessService0:0(pid 17022) ret:9070333952 adj:100
03-15 14:25:55.185 I/SDHMS:x (14190): SIOP:: AP:287 BAT:253 USB:261 CHG:290 PA:286 WIFI:283 BLK:0 SUBBAT:0 SKIN:279 SKINF:271 SKINB:279 LRP2:279 LRF2:271 LRB2:279 AP2:279 CHG2:270 MEM2:279 WIFI2:278 SPK2:261 VAP05:292 AVGCUR:517 AVGSYS:0 POWER:2233
03-15 14:25:55.413 W/AudioALSACaptureDataProviderNormal(12088): readThread, latency_in_s,0.000002,0.021554,0.000623, totalTime 0.022179 > logTimeout 0.022000 TIMEOUT!!
03-15 14:25:55.501 D/SemWifiUsabilityStatsMonitor(12320): onWifiUsabilityStats - seqNum 1626, isSameBssidAndFreq true
03-15 14:25:55.544 D/io_stats(  582): !@   8,32 r 7566751 164585080 w 5380702 70464336 d 598641 219329172 f 475128 528997 iot 2437080 0 th 0 0 0 pt 0 inp 0 0 118713.841
03-15 14:25:56.077 I/ActivityManager(12320): Changes in 90001 17 to 17, 128 to 0
03-15 14:25:56.077 I/ActivityManager(12320): Changes in 90000 10 to 10, 128 to 0
03-15 14:25:56.077 I/ActivityManager(12320): Changes in 10304 10 to 10, 128 to 0
03-15 14:25:56.079 V/APM_AudioPolicyManager(12081): setAppState(portId:159, state:1)
03-15 14:25:56.084 I/ActivityManager(12320): Changes in 90001 17 to 17, 0 to 128
03-15 14:25:56.085 I/ActivityManager(12320): Changes in 90000 10 to 10, 0 to 128
03-15 14:25:56.085 I/ActivityManager(12320): Changes in 10304 10 to 10, 0 to 128
03-15 14:25:56.086 V/APM_AudioPolicyManager(12081): setAppState(portId:159, state:1)
03-15 14:25:56.088 I/VSyncReactor( 1567): Current= 90, Period= 90, hwcPeriod= 90
03-15 14:25:56.188 D/SatelliteController(12732): isInCarrierRoamingNbIotNtn: satellite is disabled
03-15 14:25:56.221 W/SmApplication(30866): onTrimMemory : 40
03-15 14:25:56.222 I/DC.AppIconCache(30866): clear icon cache
03-15 14:25:56.222 W/SmApplication(26781): onTrimMemory : 40
03-15 14:25:56.222 I/DC.AppIconCache(26781): clear icon cache
03-15 14:25:56.225 D/PerProcessNandswap$NandswapHandler(12320): nandswap start for non-activity com.android.keychain(pid 29351) action:14 adj:915 type:1
03-15 14:25:56.275 D/PerProcessNandswap$NandswapHandler(12320): nandswap end for non-activity com.android.keychain(pid 29351) ret:6442438656 adj:915
03-15 14:25:56.378 I/SDHMS:LOAD(14190): type: LoadsFreqs, value: 0:0:0:725000:725000:725000:575999:2000000:500000:15:390:0
03-15 14:25:56.897 E/thermal_core( 1673): find_tz_idx_by_name:"Failed to find thermal zone index of ap_ntc\n"
03-15 14:25:56.898 E/thermal_core( 1673): find_tz_idx_by_name:"Failed to find thermal zone index of mtk-master-charger\n"
03-15 14:25:57.094 I/ActivityManager(12320): Changes in 90001 17 to 17, 128 to 0
03-15 14:25:57.095 I/ActivityManager(12320): Changes in 90000 10 to 10, 128 to 0
03-15 14:25:57.095 I/ActivityManager(12320): Changes in 10304 10 to 10, 128 to 0
03-15 14:25:57.096 V/APM_AudioPolicyManager(12081): setAppState(portId:159, state:1)
03-15 14:25:57.099 I/VSyncReactor( 1567): Current= 90, Period= 90, hwcPeriod= 90
03-15 14:25:57.104 I/ActivityManager(12320): Changes in 90001 17 to 17, 0 to 128
03-15 14:25:57.105 I/ActivityManager(12320): Changes in 90000 10 to 10, 0 to 128
03-15 14:25:57.105 I/ActivityManager(12320): Changes in 10304 10 to 10, 0 to 128
03-15 14:25:57.106 V/APM_AudioPolicyManager(12081): setAppState(portId:159, state:1)
03-15 14:25:57.545 D/io_stats(  582): !@ Write_top(KB): kworker/u32:0:/(29547) 5980
03-15 14:25:57.875 E/BatteryDump( 1528): !@new_battery_dump : 4319,516,3000,3150,97,252,261,290,0,0,281,290,0,Charging,NO_CHARGING,Normal,Good,PDIC,0,Normal,0,0,9600,0x0,0x10000,0x0,0,0,0000,0000,00000000,0,0,0,0,488,4200,9180,944,0,
03-15 14:25:57.886 D/[SS]BattFunctions(12320): [sendRemainingChargingTimeChangedIntent]remainingChargingTime:724 ,mLastRemainingChargingTime:752
03-15 14:25:57.886 I/seh_thermal_service(12107): getTemperaturesWithType SehTemperatureType: 3
03-15 14:25:57.887 I/sehhealth-service( 1528): updateLrpSysfs: write: 279
03-15 14:25:57.895 D/PowerUI (12757): Remaining charging time : 724
03-15 14:25:57.897 D/PowerUI (12757): Charging time is changed, check charging notification
03-15 14:25:57.904 D/PowerUI.Notification(12757): showChargingNotice - Battery Level : 97 -> 97, Charging Type : 11 -> 11, Charging Time : 752 -> 724, Maximum protection : false -> false, Maximum threshold : 80 -> 80
03-15 14:25:57.909 I/NotificationManager(12757): com.android.systemui: notify(2131364006, charging_state, Notification(channel=CHR shortcut=null contentView=null vibrate=null sound=null defaults=0 flags=ONGOING_EVENT|ONLY_ALERT_ONCE color=0x00000000 category=sys groupKey=CHARGING vis=PUBLIC semFlags=0x0 semPriority=0 semMissedCount=0)) as user
03-15 14:25:57.914 W/PermissionService(12320): getPermissionFlags: Unknown user -1
03-15 14:25:57.914 W/PermissionService(12320): getPermissionFlags: Unknown user -1
03-15 14:25:57.917 I/AODBatteryManager(12757): updateBatteryData: ACTION_BATTERY_CHANGED: false, isSleepModeChanged:false ,isRemainingTimeChanged: true, isUSBRestriction: false
03-15 14:25:57.917 I/ChargingInfoManager(12757): updateChargingInfo: newState = AOD ChargingInfo [mState=BATTERY_AND_REMAIN_TIME, mIsCharging=true, mIsPlugged=true, mIsFullyCharged=false, mIsBatteryProtectMode=false, mBetteryLevel=97, mBetteryProtectModeType3, mIsSlowChargingfalse], oldState = AOD ChargingInfo [mState=BATTERY_AND_REMAIN_TIME, mIsCharging=true, mIsPlugged=true, mIsFullyCharged=false, mIsBatteryProtectMode=false, mBetteryLevel=97, mBetteryProtectModeType3, mIsSlowChargingfalse]
03-15 14:25:58.112 I/ActivityManager(12320): Changes in 90001 17 to 17, 128 to 0
03-15 14:25:58.113 I/ActivityManager(12320): Changes in 90000 10 to 10, 128 to 0
03-15 14:25:58.113 I/ActivityManager(12320): Changes in 10304 10 to 10, 128 to 0
03-15 14:25:58.114 V/APM_AudioPolicyManager(12081): setAppState(portId:159, state:1)
03-15 14:25:58.120 I/VSyncReactor( 1567): Current= 90, Period= 90, hwcPeriod= 90
03-15 14:25:58.121 I/ActivityManager(12320): Changes in 90001 17 to 17, 0 to 128
03-15 14:25:58.121 I/ActivityManager(12320): Changes in 90000 10 to 10, 0 to 128
03-15 14:25:58.121 I/ActivityManager(12320): Changes in 10304 10 to 10, 0 to 128
03-15 14:25:58.122 I/Telecom (12320): SamsungTelecomServiceImpl : isInManagedCall - callingPackage : android / callingUser : UserHandle{0} / hasCrossUserAccess : true
03-15 14:25:58.122 V/APM_AudioPolicyManager(12081): setAppState(portId:159, state:1)
03-15 14:25:58.139 D/ActivityManager(12320): unpendingScheduleServiceRestart: u=10276, drop=false
03-15 14:25:58.142 I/HoneySpace.NotificationListener(13277): onNotificationPosted com.android.systemui: -1|com.android.systemui|2131364006|charging_state|10060: 0
03-15 14:25:58.142 I/HoneySpace.NotificationListener(13277): invalid notification: com.android.systemui UserHandle{-1}: canShowBadge is false
03-15 14:25:58.145 D/FreecessController(12320): UFZ : com.samsung.android.game.gamehome(10276) [19771, 15186, 5807] reason: Binder(1)-android.service.notification.INotificatio
03-15 14:25:58.146 W/LocationManagerService(12320): onFreezeStateChanged, uid[10276]=false
03-15 14:25:58.147 I/PowerManagerService(12320): [PWL] SetWakeLockEnableDisable uid = 10276 , disable= false
03-15 14:25:58.147 I/PowerManagerService(12320): [PWL] can not change uid =  10276
03-15 14:25:58.159 I/LockscreenNotificationIconsOnlyController(12757): onNotificationInfoUpdated 0
03-15 14:25:58.160 I/AODNotificationManager(12757): updateNotification() 
03-15 14:25:58.187 I/BufferQueueProducer( 1567): [StatusBar$_12757#28514](this:0xb400006f8846be38,id:-1,api:0,p:-1,c:1567) queueBuffer: fps=0.18 dur=5660.18 max=5660.18 min=5660.18
03-15 14:25:58.194 I/hwcomposer( 1501): [HWCDisplay] (0 updateFps():4131), (type:1, mode:2) fps:0.578738,dur:3455.79,max:3316.79,min:139.00  
03-15 14:25:58.197 I/SurfaceFlinger( 1567): Capture layer list: 	 com.example.kutuphane/com.example.kutuphane.goster$_1328#34095(seamlessTransition:0)
03-15 14:25:58.235 I/hwcomposer( 1501): [HWC] (0)fire a callback of refresh to SF[4]  
03-15 14:25:58.250 I/BufferQueueProducer( 1567): [FramebufferSurface](this:0xb400006faf4f0370,id:-1,api:1,p:1567,c:1567) queueBuffer: fps=0.30 dur=3373.28 max=3373.28 min=3373.28
03-15 14:25:58.299 I/SurfaceFlinger( 1567): Capture layer list: 	 com.example.kutuphane/com.example.kutuphane.goster$_1328#34095(seamlessTransition:0)
03-15 14:25:58.339 D/Bubbles (12757): onEntryUpdated : shouldBubbleUp=false ,key=-1|com.android.systemui|2131364006|charging_state|10060
03-15 14:25:58.341 D/InterruptionStateProvider(12757):  no Heads up : edgelighting enabled app. -1|com.android.systemui|2131364006|charging_state|10060
03-15 14:25:58.341 I/{OngoingActivityController}(12757): onEntryUpdated and OA data is empty. So update latest task info
03-15 14:25:58.357 W/RefactorFlag(12757): New code path expects SceneContainerFlag to be enabled.
03-15 14:25:58.357 D/ExpandableNotifRow(12757): mMaxSmallHeight different before reInflateViews mMaxSmallHeight: 189 mTempSmallHeight:0 -1|com.android.systemui|2131364006|charging_state|10060
03-15 14:25:58.357 D/ExpandableNotifRow(12757): mMaxSmallHeight different before reInflateViews mMaxSmallHeight: 189 mTempSmallHeight:0 -1|com.android.systemui|2131364006|charging_state|10060
03-15 14:25:58.359 I/LockscreenNotificationIconsOnlyController(12757): onNotificationInfoUpdated 0
03-15 14:25:58.359 I/AODNotificationManager(12757): updateNotification() 
03-15 14:25:58.366 D/LocalImageResolver(12757): Couldn't use ImageDecoder for drawable, falling back to non-resized load.
03-15 14:25:58.368 D/LocalImageResolver(12757): Couldn't use ImageDecoder for drawable, falling back to non-resized load.
03-15 14:25:58.371 D/LocalImageResolver(12757): Couldn't use ImageDecoder for drawable, falling back to non-resized load.
03-15 14:25:58.382 W/RefactorFlag(12757): New code path expects SceneContainerFlag to be enabled.
03-15 14:25:58.386 D/ExpandableNotifRow(12757): mMaxSmallHeight different before reInflateViews mMaxSmallHeight: 189 mTempSmallHeight:0 -1|com.android.systemui|2131364006|charging_state|10060
03-15 14:25:58.386 D/ExpandableNotifRow(12757): mMaxSmallHeight different before reInflateViews mMaxSmallHeight: 189 mTempSmallHeight:0 -1|com.android.systemui|2131364006|charging_state|10060
03-15 14:25:58.386 D/ExpandableNotifRow(12757): mMaxSmallHeight different before reInflateViews mMaxSmallHeight: 189 mTempSmallHeight:0 -1|com.android.systemui|2131364006|charging_state|10060
03-15 14:25:58.386 D/ExpandableNotifRow(12757): mMaxSmallHeight different before reInflateViews mMaxSmallHeight: 189 mTempSmallHeight:0 -1|com.android.systemui|2131364006|charging_state|10060
03-15 14:25:58.390 D/LocalImageResolver(12757): Couldn't use ImageDecoder for drawable, falling back to non-resized load.
03-15 14:25:58.393 W/RefactorFlag(12757): New code path expects SceneContainerFlag to be enabled.
03-15 14:25:58.394 D/ExpandableNotifRow(12757): mMaxSmallHeight different before reInflateViews mMaxSmallHeight: 189 mTempSmallHeight:0 -1|com.android.systemui|2131364006|charging_state|10060
03-15 14:25:58.394 D/ExpandableNotifRow(12757): mMaxSmallHeight different before reInflateViews mMaxSmallHeight: 189 mTempSmallHeight:0 -1|com.android.systemui|2131364006|charging_state|10060
03-15 14:25:58.395 I/LockscreenNotificationIconsOnlyController(12757): onNotificationInfoUpdated 0
03-15 14:25:58.395 I/AODNotificationManager(12757): updateNotification() 
03-15 14:25:58.400 I/SurfaceFlinger( 1567): Capture layer list: 	 com.example.kutuphane/com.example.kutuphane.goster$_1328#34095(seamlessTransition:0)
03-15 14:25:58.459 I/hwcomposer( 1501): [HWC] (0)fire a callback of refresh to SF[4]  
03-15 14:25:58.499 I/SurfaceFlinger( 1567): Capture layer list: 	 com.example.kutuphane/com.example.kutuphane.goster$_1328#34095(seamlessTransition:0)
03-15 14:25:58.513 D/SemWifiUsabilityStatsMonitor(12320): onWifiUsabilityStats - seqNum 1627, isSameBssidAndFreq true
03-15 14:25:58.748 D/SatelliteController(12732): isInCarrierRoamingNbIotNtn: satellite is disabled
03-15 14:25:59.135 I/ActivityManager(12320): Changes in 90001 17 to 17, 128 to 0
03-15 14:25:59.136 I/ActivityManager(12320): Changes in 90000 10 to 10, 128 to 0
03-15 14:25:59.136 I/ActivityManager(12320): Changes in 10304 10 to 10, 128 to 0
03-15 14:25:59.137 V/APM_AudioPolicyManager(12081): setAppState(portId:159, state:1)
03-15 14:25:59.147 I/ActivityManager(12320): Changes in 90001 17 to 17, 0 to 128
03-15 14:25:59.148 I/ActivityManager(12320): Changes in 90000 10 to 10, 0 to 128
03-15 14:25:59.148 I/ActivityManager(12320): Changes in 10304 10 to 10, 0 to 128
03-15 14:25:59.149 V/APM_AudioPolicyManager(12081): setAppState(portId:159, state:1)
03-15 14:25:59.547 D/io_stats(  582): !@   8,32 r 7566751 164585080 w 5380704 70464344 d 598641 219329172 f 475128 528997 iot 2437084 0 th 0 0 0 pt 0 inp 0 0 118717.844
03-15 14:25:59.595 I/NSLocationMonitor(12320): getGPSUsingApps() called
03-15 14:25:59.596 I/NSLocationManager_FLP(13876): getGPSUsingApps, No change
03-15 14:25:59.611 D/FreecessHandler(12320): freeze com.instagram.android(10304) result : 33
03-15 14:25:59.899 E/thermal_core( 1673): find_tz_idx_by_name:"Failed to find thermal zone index of ap_ntc\n"
03-15 14:25:59.899 E/thermal_core( 1673): find_tz_idx_by_name:"Failed to find thermal zone index of mtk-master-charger\n"
03-15 14:26:00.007 I/EyeComfortSolutionService(12320): action  :  android.intent.action.TIME_TICK
03-15 14:26:00.008 D/ClockFaceEvents(12757): onTimeTick. callers : com.android.keyguard.ClockEventController$keyguardUpdateMonitorCallback$1.refreshTime:19
03-15 14:26:00.008 D/ClockFaceEvents(12757): com.android.keyguard.ClockEventController$keyguardUpdateMonitorCallback$1.onTimeChanged:1
03-15 14:26:00.008 D/ClockFaceEvents(12757): com.android.keyguard.KeyguardUpdateMonitor$16.handleMessage:732
03-15 14:26:00.008 I/DateTimeView(12757): updateAll - getTimeFormat
03-15 14:26:00.008 D/ClockFaceEvents(12757): onTimeTick. callers : com.android.keyguard.ClockEventController$keyguardUpdateMonitorCallback$1.refreshTime:38
03-15 14:26:00.008 D/ClockFaceEvents(12757): com.android.keyguard.ClockEventController$keyguardUpdateMonitorCallback$1.onTimeChanged:1
03-15 14:26:00.008 D/ClockFaceEvents(12757): com.android.keyguard.KeyguardUpdateMonitor$16.handleMessage:732
03-15 14:26:00.008 D/FaceWidgetPagesController(12757): onTimeChanged()
03-15 14:26:00.010 D/QSClockBellTower(12757): onReceive(android.intent.action.TIME_TICK) mTimeZoneString:Europe/Istanbul
03-15 14:26:00.011 D/QSClockBellTower(12757): He is ready to ring the bell. (((QSClockBellSound - TimeText:14:26, TimeContentDescription:14:26, DateText:15 Mart Paz, ShortDateText:15 Mar Paz, Demo:false)))
03-15 14:26:00.012 D/QSClock (12757): StatusBar clock=14:26 notifyTimeChanged(QSClockBellSound - TimeText:14:26, TimeContentDescription:14:26, DateText:15 Mart Paz, ShortDateText:15 Mar Paz, Demo:false) clockVisibleByPolicy=true, clockVisibleByUser=true, visible=true, parent=android.widget.LinearLayout{5921926 V.E...... ......ID 0,0-100,72 #7f0a069b app:id/left_clock_container} caller=com.android.systemui.statusbar.phone.fragment.CollapsedStatusBarFragment.animateShow:52 com.android.systemui.statusbar.phone.fragment.CollapsedStatusBarFragment.updateStatusBarVisibilitiesInner:230 com.android.systemui.statusbar.phone.fragment.CollapsedStatusBarFragment.updateStatusBarVisibilities:65 com.android.systemui.statusbar.phone.fragment.CollapsedStatusBarFragment.disable:71 com.android.systemui.statusbar.CommandQueue$H.handleMessage:2997  
03-15 14:26:00.012 D/QSClockBellTower(12757): Everyone heard the bell. run(currentTime:1773573960010, getTime():Sun Mar 15 14:26:00 GMT+03:00 2026, getTimeZone():libcore.util.ZoneInfo[mDstSavings=0,mUseDst=false,mDelegate=[id="Europe/Istanbul",mRawOffset=10800000,mEarliestRawOffset=6952000,transitions=115]])
03-15 14:26:00.017 I/VSyncReactor( 1567): Current= 90, Period= 90, hwcPeriod= 90
03-15 14:26:00.022 D/{OngoingChipAdapter}(12757): updateEnableMaxWidth : 299 -:> 298
03-15 14:26:00.027 D/SatelliteController(12732): isInCarrierRoamingNbIotNtn: satellite is disabled
03-15 14:26:00.027 W/RefactorFlag(12757): New code path expects SceneContainerFlag to be enabled.
03-15 14:26:00.040 I/BufferQueueProducer( 1567): [StatusBar$_12757#28514](this:0xb400006f8846be38,id:-1,api:0,p:-1,c:1567) queueBuffer: fps=1.62 dur=1852.28 max=1631.59 min=33.26
03-15 14:26:00.044 I/hwcomposer( 1501): [HWCDisplay] (0 updateFps():4131), (type:1, mode:2) fps:2.702373,dur:1850.23,max:1572.44,min:31.44  
03-15 14:26:00.047 I/SurfaceFlinger( 1567): Capture layer list: 	 com.example.kutuphane/com.example.kutuphane.goster$_1328#34095(seamlessTransition:0)
03-15 14:26:00.131 I/hwcomposer( 1501): [HWC] (0)fire a callback of refresh to SF[4]  
03-15 14:26:00.147 I/BufferQueueProducer( 1567): [FramebufferSurface](this:0xb400006faf4f0370,id:-1,api:1,p:1567,c:1567) queueBuffer: fps=1.05 dur=1897.16 max=1675.90 min=221.26
03-15 14:26:00.152 I/SurfaceFlinger( 1567): Capture layer list: 	 com.example.kutuphane/com.example.kutuphane.goster$_1328#34095(seamlessTransition:0)
03-15 14:26:00.156 I/ActivityManager(12320): Changes in 90001 17 to 17, 128 to 0
03-15 14:26:00.157 I/ActivityManager(12320): Changes in 90000 10 to 10, 128 to 0
03-15 14:26:00.157 I/ActivityManager(12320): Changes in 10304 10 to 10, 128 to 0
03-15 14:26:00.159 V/APM_AudioPolicyManager(12081): setAppState(portId:159, state:1)
03-15 14:26:00.166 I/ActivityManager(12320): Changes in 90001 17 to 17, 0 to 128
03-15 14:26:00.167 I/ActivityManager(12320): Changes in 90000 10 to 10, 0 to 128
03-15 14:26:00.167 I/ActivityManager(12320): Changes in 10304 10 to 10, 0 to 128
03-15 14:26:00.167 V/APM_AudioPolicyManager(12081): setAppState(portId:159, state:1)
03-15 14:26:00.533 W/AudioALSACaptureDataProviderNormal(12088): readThread, latency_in_s,0.000001,0.022012,0.000059, totalTime 0.022072 > logTimeout 0.022000 TIMEOUT!!
03-15 14:26:00.893 W/AudioALSACaptureDataProviderNormal(12088): readThread, latency_in_s,0.000002,0.021968,0.000122, totalTime 0.022092 > logTimeout 0.022000 TIMEOUT!!
03-15 14:26:01.172 I/ActivityManager(12320): Changes in 90001 17 to 17, 128 to 0
03-15 14:26:01.173 I/ActivityManager(12320): Changes in 90000 10 to 10, 128 to 0
03-15 14:26:01.173 I/ActivityManager(12320): Changes in 10304 10 to 10, 128 to 0
03-15 14:26:01.176 V/APM_AudioPolicyManager(12081): setAppState(portId:159, state:1)
03-15 14:26:01.179 I/ActivityManager(12320): Changes in 90001 17 to 17, 0 to 128
03-15 14:26:01.180 I/ActivityManager(12320): Changes in 90000 10 to 10, 0 to 128
03-15 14:26:01.180 I/ActivityManager(12320): Changes in 10304 10 to 10, 0 to 128
03-15 14:26:01.180 V/APM_AudioPolicyManager(12081): setAppState(portId:159, state:1)
03-15 14:26:01.182 I/VSyncReactor( 1567): Current= 90, Period= 90, hwcPeriod= 90
03-15 14:26:01.503 I/wpa_supplicant(12721): Heartbeat 865
03-15 14:26:01.526 D/SemWifiUsabilityStatsMonitor(12320): onWifiUsabilityStats - seqNum 1628, isSameBssidAndFreq true
03-15 14:26:01.549 D/io_stats(  582): !@ Write_top(KB): vendor.samsung.:normal(1528) 8
03-15 14:26:02.133 W/AudioALSACaptureDataProviderNormal(12088): readThread, latency_in_s,0.000002,0.021916,0.000121, totalTime 0.022038 > logTimeout 0.022000 TIMEOUT!!
03-15 14:26:02.187 I/ActivityManager(12320): Changes in 90001 17 to 17, 128 to 0
03-15 14:26:02.188 I/ActivityManager(12320): Changes in 90000 10 to 10, 128 to 0
03-15 14:26:02.188 I/ActivityManager(12320): Changes in 10304 10 to 10, 128 to 0
03-15 14:26:02.189 V/APM_AudioPolicyManager(12081): setAppState(portId:159, state:1)
03-15 14:26:02.192 I/VSyncReactor( 1567): Current= 90, Period= 90, hwcPeriod= 90
03-15 14:26:02.196 I/ActivityManager(12320): Changes in 90001 17 to 17, 0 to 128
03-15 14:26:02.196 I/ActivityManager(12320): Changes in 90000 10 to 10, 0 to 128
03-15 14:26:02.197 I/ActivityManager(12320): Changes in 10304 10 to 10, 0 to 128
03-15 14:26:02.198 V/APM_AudioPolicyManager(12081): setAppState(portId:159, state:1)
03-15 14:26:02.367 D/ccci_mdinit( 1583): (1):monitor_time_update_thread round:5768 ########
03-15 14:26:02.899 E/thermal_core( 1673): find_tz_idx_by_name:"Failed to find thermal zone index of ap_ntc\n"
03-15 14:26:02.900 E/thermal_core( 1673): find_tz_idx_by_name:"Failed to find thermal zone index of mtk-master-charger\n"
03-15 14:26:02.900 E/thermal_core( 1673): find_tz_idx_by_name:"Failed to find thermal zone index of camera0\n"
03-15 14:26:02.900 E/thermal_core( 1673): find_tz_idx_by_name:"Failed to find thermal zone index of mtk-master-charger\n"
03-15 14:26:02.900 E/thermal_core( 1673): find_tz_idx_by_name:"Failed to find thermal zone index of nrpa_ntc\n"
03-15 14:26:02.900 E/thermal_core( 1673): dump_thermal_log:"Error: sccanf error, ret=9\n"
03-15 14:26:02.928 E/thermal_core( 1673): node_read:"Failed to read /sys/class/thermal/thermal_zone2/temp: No data available\n"
03-15 14:26:02.929 I/thermal_core( 1673): "soc/nr/lte/ap_ntc/tpcb/conn/chg/cam/c_ttj/g_ttj/a_ttj=0/-274000/28333/-274000/46000/23000/-274000/-274000/85000/85000/85000\n"
03-15 14:26:02.929 I/thermal_core( 1673): "[C(l)(c)(i)][G(l)(c)][A(l)(c)][TH][D]=[(666666/666666/666666)(500/725/0)(0x0)][(666666)(666666)][(666666666)(666666666)][0][1600]\n"
03-15 14:26:02.929 E/thermal_core( 1673): node_read:"Failed to open /sys/kernel/helio-dvfsrc/dvfsrc_therm_info: No such file or directory\n"
03-15 14:26:02.929 I/thermal_core( 1673): "1600"
03-15 14:26:02.953 D/IpClient/wlan0(12892): interfaceLinkStateChanged: ifindex 53 up
03-15 14:26:03.004 D/IpClient/wlan0(12892): addressUpdated: fd00::a0f6:c6ff:fe62:b331/64 on ifindex 53 flags 0x00000100 scope 0
03-15 14:26:03.005 D/IpClient/wlan0(12892): addressUpdated: fd00::1f48:ef84:bcb3:b7e1/64 on ifindex 53 flags 0x00000001 scope 0
03-15 14:26:03.005 W/AlarmManager(12892): Unrecognized alarm listener com.android.networkstack.android.net.ip.IpClientLinkObserver$Dhcp6PdPreferredPrefixAlarmListener@5c118d3
03-15 14:26:03.008 I/EPDG -- SIM0 [EpdgIntfCont](12923): sendInterfaceMessage, not mobile, ignore
03-15 14:26:03.010 I/EPDG -- SIM0 [EpdgIntfCont](12923): sendInterfaceMessage, not mobile, ignore
03-15 14:26:03.010 I/EPDG -- SIM1 [EpdgIntfCont](12923): sendInterfaceMessage, not mobile, ignore
03-15 14:26:03.011 I/EPDG -- SIM1 [EpdgIntfCont](12923): sendInterfaceMessage, not mobile, ignore
03-15 14:26:03.107 D/IpClient/wlan0(12892): addressUpdated: fd00::a0f6:c6ff:fe62:b331/64 on ifindex 53 flags 0x00000100 scope 0
03-15 14:26:03.108 D/IpClient/wlan0(12892): addressUpdated: fd00::1f48:ef84:bcb3:b7e1/64 on ifindex 53 flags 0x00000001 scope 0
03-15 14:26:03.108 I/EPDG -- SIM0 [EpdgIntfCont](12923): sendInterfaceMessage, not mobile, ignore
03-15 14:26:03.108 I/EPDG -- SIM0 [EpdgIntfCont](12923): sendInterfaceMessage, not mobile, ignore
03-15 14:26:03.109 W/AlarmManager(12892): Unrecognized alarm listener com.android.networkstack.android.net.ip.IpClientLinkObserver$Dhcp6PdPreferredPrefixAlarmListener@5c118d3
03-15 14:26:03.110 D/IpClient/wlan0(12892): addressUpdated: fd00::a0f6:c6ff:fe62:b331/64 on ifindex 53 flags 0x00000100 scope 0
03-15 14:26:03.111 D/IpClient/wlan0(12892): addressUpdated: fd00::1f48:ef84:bcb3:b7e1/64 on ifindex 53 flags 0x00000001 scope 0
03-15 14:26:03.111 W/AlarmManager(12892): Unrecognized alarm listener com.android.networkstack.android.net.ip.IpClientLinkObserver$Dhcp6PdPreferredPrefixAlarmListener@5c118d3
03-15 14:26:03.111 I/EPDG -- SIM1 [EpdgIntfCont](12923): sendInterfaceMessage, not mobile, ignore
03-15 14:26:03.111 I/EPDG -- SIM0 [EpdgIntfCont](12923): sendInterfaceMessage, not mobile, ignore
03-15 14:26:03.111 I/EPDG -- SIM1 [EpdgIntfCont](12923): sendInterfaceMessage, not mobile, ignore
03-15 14:26:03.112 D/IpClient/wlan0(12892): addressUpdated: fd00::a0f6:c6ff:fe62:b331/64 on ifindex 53 flags 0x00000100 scope 0
03-15 14:26:03.113 D/IpClient/wlan0(12892): addressUpdated: fd00::1f48:ef84:bcb3:b7e1/64 on ifindex 53 flags 0x00000001 scope 0
03-15 14:26:03.113 W/AlarmManager(12892): Unrecognized alarm listener com.android.networkstack.android.net.ip.IpClientLinkObserver$Dhcp6PdPreferredPrefixAlarmListener@5c118d3
03-15 14:26:03.114 I/EPDG -- SIM1 [EpdgIntfCont](12923): sendInterfaceMessage, not mobile, ignore
03-15 14:26:03.114 I/EPDG -- SIM0 [EpdgIntfCont](12923): sendInterfaceMessage, not mobile, ignore
03-15 14:26:03.114 I/EPDG -- SIM1 [EpdgIntfCont](12923): sendInterfaceMessage, not mobile, ignore
03-15 14:26:03.116 I/EPDG -- SIM0 [EpdgIntfCont](12923): sendInterfaceMessage, not mobile, ignore
03-15 14:26:03.116 I/EPDG -- SIM1 [EpdgIntfCont](12923): sendInterfaceMessage, not mobile, ignore
03-15 14:26:03.116 I/EPDG -- SIM0 [EpdgIntfCont](12923): sendInterfaceMessage, not mobile, ignore
03-15 14:26:03.117 I/EPDG -- SIM1 [EpdgIntfCont](12923): sendInterfaceMessage, not mobile, ignore
03-15 14:26:03.202 I/ActivityManager(12320): Changes in 90001 17 to 17, 128 to 0
03-15 14:26:03.203 I/ActivityManager(12320): Changes in 90000 10 to 10, 128 to 0
03-15 14:26:03.203 I/ActivityManager(12320): Changes in 10304 10 to 10, 128 to 0
03-15 14:26:03.205 V/APM_AudioPolicyManager(12081): setAppState(portId:159, state:1)
03-15 14:26:03.210 I/ActivityManager(12320): Changes in 90001 17 to 17, 0 to 128
03-15 14:26:03.211 I/ActivityManager(12320): Changes in 90000 10 to 10, 0 to 128
03-15 14:26:03.211 I/ActivityManager(12320): Changes in 10304 10 to 10, 0 to 128
03-15 14:26:03.212 V/APM_AudioPolicyManager(12081): setAppState(portId:159, state:1)
03-15 14:26:03.213 I/VSyncReactor( 1567): Current= 90, Period= 90, hwcPeriod= 90
03-15 14:26:03.414 W/AudioALSACaptureDataProviderNormal(12088): readThread, latency_in_s,0.000002,0.021858,0.000573, totalTime 0.022433 > logTimeout 0.022000 TIMEOUT!!
03-15 14:26:03.477 E/Watchdog(12320): !@Sync: 285 heap(MB): 141 / 146 FD: 1134 [2026-03-15 14:26:03.477]
03-15 14:26:03.667 D/ActivityManager(12320): Received BROADCAST intent 0x2a3e270 Key{broadcastIntent pkg=android intent=act=com.android.server.action.NETWORK_STATS_POLL xflg=0x4 flags=0x4000000 u=0} requestCode=0 sent=0 from uid 1000
03-15 14:26:03.673 D/ActivityManager(12320): Received BROADCAST intent 0x56e074d Key{broadcastIntent pkg=com.google.android.gms/com.google.android.gms.scheduler intent=act=com.google.android.gms.gcm.ACTION_CHECK_QUEUE xflg=0x4 cmp=com.google.android.gms/.gcm.nts.SchedulerInternalReceiver flags=0x2000000 u=0} requestCode=0 sent=0 from uid 1000
03-15 14:26:03.682 D/ActivityManager(12320): Received BROADCAST intent 0x1ef2635 Key{broadcastIntent pkg=com.instagram.android intent=act=com.instagram.warm_heartbeat xflg=0x4 cmp=com.instagram.android/com.instagram.util.startup.appwarmer.KeepWarmReceiver flags=0x4000000 u=0} requestCode=0 sent=0 from uid 1000
03-15 14:26:03.691 I/JobScheduler(12320): maybeQueueReadyJobsForExecutionLocked: [BatchNetworkJob] 1 batched network jobs meet requirement for 104
03-15 14:26:03.709 I/ActivityManager(12320): Changes in 10238 19 to 8, 0 to 128
03-15 14:26:03.711 V/APM_AudioPolicyManager(12081): setAppState(portId:159, state:1)
03-15 14:26:03.715 W/JobServiceContext(12320): Sending onNetworkChanged for a job that isn't started. JobStatus{7b22bb5 androidx.work.systemjobscheduler:u0a238/19010 @androidx.work.systemjobscheduler@com.google.android.youtube/androidx.work.impl.background.systemjob.SystemJobService u=0 s=10238 TIME=-9s391ms:none NET READY}
03-15 14:26:03.717 I/ecir    (14068): (REDACTED) appOpsListener %s %s
03-15 14:26:03.718 I/ecir    (14068): (REDACTED) Ignoring irrelevant audio permission changes for package %s
03-15 14:26:03.721 I/RequestManager_FLP(13876): onOpChanged, op=0 / packageName=com.google.android.youtube
03-15 14:26:03.723 V/APM_AudioPolicyManager(12081): setAppState(portId:159, state:1)
03-15 14:26:03.740 D/PhoneInterfaceManager(12732): setDataEnabledForReason() Reason=1 Pid=12320 App=system
03-15 14:26:03.746 I/ActivityManager(12320): Changes in 10238 8 to 10, 128 to 0
03-15 14:26:03.746 V/APM_AudioPolicyManager(12081): setAppState(portId:159, state:1)
03-15 14:26:03.746 W/JobScheduler(12320): Job didn't exist in JobStore: 7b22bb5 {androidx.work.systemjobscheduler} #u0a238/19010 @androidx.work.systemjobscheduler@com.google.android.youtube/androidx.work.impl.background.systemjob.SystemJobService
03-15 14:26:03.749 V/APM_AudioPolicyManager(12081): setAppState(portId:159, state:1)
03-15 14:26:03.756 D/BoundBrokerSvc(13922): onBind: Intent { act=com.google.android.gms.httpflags.service.PeriodicTaskGmsTaskBoundService.ACTION_TASK_READY dat=chimera-action:/... xflg=0x4 cmp=com.google.android.gms/.chimera.GmsInternalBoundBrokerService }
03-15 14:26:03.756 D/BoundBrokerSvc(13922): Loading bound service for intent: Intent { act=com.google.android.gms.httpflags.service.PeriodicTaskGmsTaskBoundService.ACTION_TASK_READY dat=chimera-action:/... xflg=0x4 cmp=com.google.android.gms/.chimera.GmsInternalBoundBrokerService }
03-15 14:26:03.757 I/AiAiAutofill(14024): Disconnected AiAiAugmentedAutofillService.
03-15 14:26:03.760 I/NetworkScheduler.Stats(13499): (REDACTED) Task %s/%s started execution. cause:%s exec_start_elapsed_seconds: %s
03-15 14:26:03.767 D/ConnectivityManager(28199): StackLog: [android.net.ConnectivityManager.unregisterNetworkCallback(ConnectivityManager.java:5579)] [afo.a(PG:392)] [euh.a(PG:394)] [atwu.aB(PG:107)] [boxa.b(PG:11)] [bonp.dV(PG:11)] [botm.run(PG:99)] [acgo.run(PG:58)] [taf.run(PG:7)] [auba.run(PG:44)] [tbd.run(PG:747)] [fcf.run(PG:1146)] [java.lang.Thread.run(Thread.java:1564)] [tbb.run(PG:61)]
03-15 14:26:03.769 D/ConnectivityService(12320):  Removing from current network [104 WIFI], leaving 167 requests.
03-15 14:26:03.770 I/NetworkScheduler.Stats(13499): (REDACTED) Task %s/%s finished executing. cause:%s result: %s elapsed_millis: %s uptime_millis: %s exec_start_elapsed_seconds: %s
03-15 14:26:03.772 D/BoundBrokerSvc(13922): onUnbind: Intent { act=com.google.android.gms.httpflags.service.PeriodicTaskGmsTaskBoundService.ACTION_TASK_READY dat=chimera-action:/... xflg=0x4 cmp=com.google.android.gms/.chimera.GmsInternalBoundBrokerService }
03-15 14:26:03.822 I/NetworkScheduler.Stats(13499): (REDACTED) Task %s/%s started execution. cause:%s exec_start_elapsed_seconds: %s
03-15 14:26:03.840 I/NetworkScheduler.Stats(13499): (REDACTED) Task %s/%s finished executing. cause:%s result: %s elapsed_millis: %s uptime_millis: %s exec_start_elapsed_seconds: %s
03-15 14:26:03.851 I/NetworkScheduler.Stats(13499): (REDACTED) Task %s/%s started execution. cause:%s exec_start_elapsed_seconds: %s
03-15 14:26:03.862 D/SatelliteController(12732): isInCarrierRoamingNbIotNtn: satellite is disabled
03-15 14:26:03.874 D/BoundBrokerSvc(13499): onRebind: Intent { act=com.google.android.gms.findmydevice.spot.locationreporting.LocationReportUploadGmsTaskService.ACTION_TASK_READY dat=chimera-action:/... xflg=0x4 cmp=com.google.android.gms/.chimera.PersistentInternalBoundBrokerService }
03-15 14:26:03.876 D/BoundBrokerSvc(13499): onRebind: Intent { act=com.google.android.gms.auth.aang.events.services.START dat=chimera-action:/... xflg=0x4 cmp=com.google.android.gms/.chimera.PersistentApiService }
03-15 14:26:03.877 I/NetworkScheduler.Stats(13499): (REDACTED) Task %s/%s started execution. cause:%s exec_start_elapsed_seconds: %s
03-15 14:26:03.884 D/BoundBrokerSvc(13499): onUnbind: Intent { act=com.google.android.gms.findmydevice.spot.locationreporting.LocationReportUploadGmsTaskService.ACTION_TASK_READY dat=chimera-action:/... xflg=0x4 cmp=com.google.android.gms/.chimera.PersistentInternalBoundBrokerService }
03-15 14:26:03.884 I/NetworkScheduler.Stats(13499): (REDACTED) Task %s/%s finished executing. cause:%s result: %s elapsed_millis: %s uptime_millis: %s exec_start_elapsed_seconds: %s
03-15 14:26:03.896 I/GmsCoreXrpcWrapper(13499): (REDACTED) Creating a custom channel provider with trafficStatsTag=%d trafficStatsUid=%d
03-15 14:26:03.899 D/BoundBrokerSvc(13922): onBind: Intent { act=com.google.android.gms.onboardingconsent.api.ConsentManagerApiService.START dat=chimera-action:/... xflg=0x4 cmp=com.google.android.gms/.chimera.GmsApiService }
03-15 14:26:03.900 D/BoundBrokerSvc(13922): Loading bound service for intent: Intent { act=com.google.android.gms.onboardingconsent.api.ConsentManagerApiService.START dat=chimera-action:/... xflg=0x4 cmp=com.google.android.gms/.chimera.GmsApiService }
03-15 14:26:03.905 W/ConsentManagerApiServic(13922): Consent Manager API is not enabled. [CONTEXT service_id=460 ]
03-15 14:26:03.906 I/LocationReportUplIntOp(13499): Uploading owner sightings. [CONTEXT service_id=284 ratelimit_period="5 MINUTES" ]
03-15 14:26:03.907 I/GmsCoreXrpcWrapper(13499): (REDACTED) Returning a channel provider with trafficStatsTag=%d trafficStatsUid=%d
03-15 14:26:03.948 E/jirz    (13499): *~*~*~ Previous channel {0} was garbage collected without being shut down! ~*~*~*
03-15 14:26:03.948 E/jirz    (13499):     Make sure to call shutdown()/shutdownNow()
03-15 14:26:03.948 E/jirz    (13499): java.lang.RuntimeException: ManagedChannel allocation site
03-15 14:26:03.948 E/jirz    (13499): 	at jiry.<init>(:com.google.android.gms@260931035@26.09.31 (260400-877989800):21)
03-15 14:26:03.948 E/jirz    (13499): 	at jirz.<init>(:com.google.android.gms@260931035@26.09.31 (260400-877989800):10)
03-15 14:26:03.948 E/jirz    (13499): 	at jirx.a(:com.google.android.gms@260931035@26.09.31 (260400-877989800):296)
03-15 14:26:03.948 E/jirz    (13499): 	at jhzq.a(:com.google.android.gms@260931035@26.09.31 (260400-877989800):5)
03-15 14:26:03.948 E/jirz    (13499): 	at cxav.h(:com.google.android.gms@260931035@26.09.31 (260400-877989800):150)
03-15 14:26:03.948 E/jirz    (13499): 	at hgtm.a(:com.google.android.gms@260931035@26.09.31 (260400-877989800):142)
03-15 14:26:03.948 E/jirz    (13499): 	at gukt.a(:com.google.android.gms@260931035@26.09.31 (260400-877989800):13)
03-15 14:26:03.948 E/jirz    (13499): 	at hdil.a(:com.google.android.gms@260931035@26.09.31 (260400-877989800):3)
03-15 14:26:03.948 E/jirz    (13499): 	at hdhm.run(:com.google.android.gms@260931035@26.09.31 (260400-877989800):19)
03-15 14:26:03.948 E/jirz    (13499): 	at hdin.run(:com.google.android.gms@260931035@26.09.31 (260400-877989800):5)
03-15 14:26:03.948 E/jirz    (13499): 	at bhur.c(:com.google.android.gms@260931035@26.09.31 (260400-877989800):50)
03-15 14:26:03.948 E/jirz    (13499): 	at bhur.run(:com.google.android.gms@260931035@26.09.31 (260400-877989800):73)
03-15 14:26:03.948 E/jirz    (13499): 	at java.util.concurrent.ThreadPoolExecutor.runWorker(ThreadPoolExecutor.java:1154)
03-15 14:26:03.948 E/jirz    (13499): 	at java.util.concurrent.ThreadPoolExecutor$Worker.run(ThreadPoolExecutor.java:652)
03-15 14:26:03.948 E/jirz    (13499): 	at biai.run(:com.google.android.gms@260931035@26.09.31 (260400-877989800):8)
03-15 14:26:03.948 E/jirz    (13499): 	at java.lang.Thread.run(Thread.java:1564)
03-15 14:26:03.965 D/NetdEventListenerService(12320): CSC Feature value: true
03-15 14:26:03.965 D/NetdEventListenerService(12320): CSC Feature value: true
03-15 14:26:03.966 D/NetdEventListenerService(12320): DNS Requested by 104, 10218(com.google.android.gms,...), SUCCESS, 10ms
03-15 14:26:03.991 D/NetdEventListenerService(12320): DNS Requested by 104, 10218(com.google.android.gms,...), SUCCESS, 10ms
03-15 14:26:04.147 I/NSLocationMonitor(12320): getGPSUsingApps() called
03-15 14:26:04.148 I/NSLocationManager_FLP(13876): getGPSUsingApps, No change
03-15 14:26:04.164 D/FreecessController(12320): FZ : com.samsung.android.game.gamehome(10276) [19771, 15186, 5807] reason: Bg [cached:X
03-15 14:26:04.164 D/FreecessHandler(12320): freeze com.samsung.android.game.gamehome(10276) result : 0
03-15 14:26:04.164 W/LocationManagerService(12320): onFreezeStateChanged, uid[10276]=true
03-15 14:26:04.165 I/PowerManagerService(12320): [PWL] SetWakeLockEnableDisable uid = 10276 , disable= true
03-15 14:26:04.165 I/PowerManagerService(12320): [PWL] can not change uid =  10276
03-15 14:26:04.493 I/cn_CronetUrlRequestContext(13499): destroyNativeStreamLocked org.chromium.net.impl.CronetBidirectionalStream@f3ec90b
03-15 14:26:04.537 D/SemWifiUsabilityStatsMonitor(12320): onWifiUsabilityStats - seqNum 1629, isSameBssidAndFreq true
03-15 14:26:04.723 D/ActivityManager(12320): freezing 28807 com.samsung.android.authfw
03-15 14:26:04.732 D/InetDiagMessage(12320): Destroyed 0 sockets, proto=IPPROTO_TCP, family=AF_INET, states=14
03-15 14:26:04.736 D/InetDiagMessage(12320): Destroyed 0 sockets, proto=IPPROTO_TCP, family=AF_INET6, states=14
03-15 14:26:04.736 D/InetDiagMessage(12320): Destroyed live tcp sockets for uids={5278} in 9ms
03-15 14:26:04.753 I/ecir    (14068): (REDACTED) appOpsListener %s %s
03-15 14:26:04.754 I/ecir    (14068): (REDACTED) Ignoring irrelevant audio permission changes for package %s
03-15 14:26:04.757 I/RequestManager_FLP(13876): onOpChanged, op=0 / packageName=com.google.android.youtube
03-15 14:26:04.758 V/APM_AudioPolicyManager(12081): setAppState(portId:159, state:1)
03-15 14:26:05.092 I/NetworkScheduler.Stats(13499): (REDACTED) Task %s/%s finished executing. cause:%s result: %s elapsed_millis: %s uptime_millis: %s exec_start_elapsed_seconds: %s
03-15 14:26:05.148 D/SatelliteController(12732): isInCarrierRoamingNbIotNtn: satellite is disabled
03-15 14:26:05.166 E/FreecessController(12320): can't read /proc/19771/comm/proc/19771/comm: open failed: ENOENT (No such file or directory)
03-15 14:26:05.167 E/FreecessController(12320): can't read /proc/5807/comm/proc/5807/comm: open failed: ENOENT (No such file or directory)
03-15 14:26:05.188 I/SDHMS:x (14190): SIOP:: AP:288 BAT:253 USB:261 CHG:289 PA:287 WIFI:285 BLK:0 SUBBAT:0 SKIN:279 SKINF:270 SKINB:279 LRP2:279 LRF2:270 LRB2:279 AP2:279 CHG2:270 MEM2:279 WIFI2:279 SPK2:261 VAP05:290 AVGCUR:519 AVGSYS:0 POWER:2242
03-15 14:26:05.232 I/ActivityManager(12320): Changes in 90001 17 to 17, 128 to 0
03-15 14:26:05.233 I/ActivityManager(12320): Changes in 90000 10 to 10, 128 to 0
03-15 14:26:05.233 I/ActivityManager(12320): Changes in 10304 10 to 10, 128 to 0
03-15 14:26:05.234 V/APM_AudioPolicyManager(12081): setAppState(portId:159, state:1)
03-15 14:26:05.241 I/ActivityManager(12320): Changes in 90001 17 to 17, 0 to 128
03-15 14:26:05.241 I/ActivityManager(12320): Changes in 90000 10 to 10, 0 to 128
03-15 14:26:05.242 I/ActivityManager(12320): Changes in 10304 10 to 10, 0 to 128
03-15 14:26:05.243 V/APM_AudioPolicyManager(12081): setAppState(portId:159, state:1)
03-15 14:26:05.244 I/VSyncReactor( 1567): Current= 90, Period= 90, hwcPeriod= 90
03-15 14:26:05.553 D/io_stats(  582): !@   8,32 r 7566912 164586416 w 5381441 70467420 d 598641 219329172 f 475150 529099 iot 2437212 0 th 0 0 0 pt 0 inp 0 0 118723.850
03-15 14:26:05.554 D/io_stats(  582): !@ Read_top(KB): ogle.android.as:high(14024) 720 .gms.persistent:high(13499) 260 gle.android.gms:low(13922) 108
03-15 14:26:05.554 D/io_stats(  582): !@ Write_top(KB): f2fs_ckpt-254:6:/(3359) 1096 kworker/6:0:/(31742) 596 .gms.persistent:high(13499) 316
03-15 14:26:05.612 I/NSLocationMonitor(12320): getGPSUsingApps() called
03-15 14:26:05.613 I/NSLocationManager_FLP(13876): getGPSUsingApps, No change
03-15 14:26:05.627 D/FreecessHandler(12320): freeze com.instagram.android(10304) result : 33
03-15 14:26:05.929 E/thermal_core( 1673): find_tz_idx_by_name:"Failed to find thermal zone index of ap_ntc\n"
03-15 14:26:05.930 E/thermal_core( 1673): find_tz_idx_by_name:"Failed to find thermal zone index of mtk-master-charger\n"
03-15 14:26:06.215 D/ActivityManager(12320): freezing 29552 com.samsung.android.dqagent
03-15 14:26:06.219 D/ActivityManager(12320): freezing 26781 com.samsung.android.lool
03-15 14:26:06.222 D/ActivityManager(12320): freezing 28886 com.samsung.android.smartface
03-15 14:26:06.225 D/ActivityManager(12320): freezing 32219 com.samsung.android.biometrics.app.setting
03-15 14:26:06.227 D/ActivityManager(12320): freezing 30130 com.samsung.sait.sohservice
03-15 14:26:06.228 D/ActivityManager(12320): freezing 30866 com.samsung.android.sm.provider
03-15 14:26:06.229 D/ActivityManager(12320): freezing 29361 com.samsung.android.provider.filterprovider
03-15 14:26:06.230 D/ActivityManager(12320): freezing 29351 com.android.keychain
03-15 14:26:06.237 I/UMR     (12320): B|Compact com.samsung.android.lool(26781)
03-15 14:26:06.248 I/ActivityManager(12320): Changes in 90001 17 to 17, 128 to 0
03-15 14:26:06.248 I/ActivityManager(12320): Changes in 90000 10 to 10, 128 to 0
03-15 14:26:06.248 I/ActivityManager(12320): Changes in 10304 10 to 10, 128 to 0
03-15 14:26:06.249 V/APM_AudioPolicyManager(12081): setAppState(portId:159, state:1)
03-15 14:26:06.252 I/ActivityManager(12320): Changes in 90001 17 to 17, 0 to 128
03-15 14:26:06.252 I/ActivityManager(12320): Changes in 90000 10 to 10, 0 to 128
03-15 14:26:06.252 I/ActivityManager(12320): Changes in 10304 10 to 10, 0 to 128
03-15 14:26:06.253 I/VSyncReactor( 1567): Current= 90, Period= 90, hwcPeriod= 90
03-15 14:26:06.254 V/APM_AudioPolicyManager(12081): setAppState(portId:159, state:1)
03-15 14:26:06.344 W/ample.kutuphane( 1328): userfaultfd: MOVE ioctl seems unsupported: Connection timed out
03-15 14:26:06.423 D/SatelliteController(12732): isInCarrierRoamingNbIotNtn: satellite is disabled
03-15 14:26:06.528 I/SDHMS:LOAD(14190): type: LoadsFreqs, value: 0:0:0:754499:2200000:725000:606999:2000000:500000:23:390:0
03-15 14:26:06.757 I/UMR     (12320): E|Compact d_rss=-1920KB
03-15 14:26:06.759 I/UMR     (12320): B|Compact com.samsung.android.biometrics.app.setting(32219)
03-15 14:26:07.201 I/UMR     (12320): E|Compact d_rss=-4096KB
03-15 14:26:07.203 I/UMR     (12320): B|Compact com.android.keychain(29351)
03-15 14:26:07.241 V/CpEventLog(u0)( 6609): [P] cp_state: [                 contacts = {contacts=50, raw_contacts=116, data=402, account={secphone(1)=27, google(2)=16, sim(3)=10, sim2(4)=0, agg(5)=0, google(6)=0, google(7)=0, samsung(8)=0, mobileservice(9)=0, coreapp(10)=4, com.samsung.android.email(11)=0, com.samsung.android.email(12)=0, com.samsung.android.email(13)=0, com.samsung.android.email(14)=0, google(18)=1, whatsapp(65)=45, google(79)=0, www.instagram.com(80)=0, google(81)=0, google(83)=0, google(84)=0, google(85)=0, google(86)=0, google(87)=0, google(88)=0, google(89)=0}, trash=0, trash_acc={}, trash_sync=13, database=contacts2.db} ]
03-15 14:26:07.241 V/CpEventLog(u0)( 6609): [P] cp_state: [               aggregated = {[1,10]=1, [1,65,3]=3, [1,65]=21, [1]=2, [2,65,10]=3, [2,65,3]=1, [2,65]=11, [2]=1, [3]=1, [65,18]=1, [65,3]=5} ]
03-15 14:26:07.241 V/CpEventLog(u0)( 6609): [P] cp_state: [                  request = {} ]
03-15 14:26:07.241 V/CpEventLog(u0)( 6609): [P] cp_state: [                    calls = {types={[100]=217, [300]=285, [500]=1, [1000]=1781, [1150]=1}, database=calllog.db} ]
03-15 14:26:07.241 V/CpEventLog(u0)( 6609): [P] cp_state: [                  profile = {contacts=0, raw_contacts=0, data=0, account={secphone(1)=0, google(2)=0, sim(3)=0, sim2(4)=0, agg(5)=0, google(6)=0, google(7)=0, samsung(8)=0, mobileservice(9)=0, coreapp(10)=0, com.samsung.android.email(11)=0, com.samsung.android.email(12)=0, com.samsung.android.email(13)=0, com.samsung.android.email(14)=0, google(18)=0, whatsapp(50)=0, google(64)=0, www.instagram.com(65)=0, google(66)=0, google(68)=0, google(69)=0, google(70)=0, google(71)=0, google(72)=0, google(73)=0, google(74)=0}, trash=0, trash_acc={}, trash_sync=0, database=profile.db} ]
03-15 14:26:07.241 V/CpEventLog(u0)( 6609): [P] cp_state: [               sa_profile = {contacts=1, raw_contacts=1, data=1, account={secphone(1)=1, google(2)=0, sim(3)=0, sim2(4)=0, agg(5)=0, google(6)=0, google(7)=0, samsung(8)=0, mobileservice(9)=0, coreapp(10)=0, com.samsung.android.email(11)=0, com.samsung.android.email(12)=0, com.samsung.android.email(13)=0, com.samsung.android.email(14)=0, google(18)=0, whatsapp(50)=0, google(64)=0, www.instagram.com(65)=0, google(66)=0, google(68)=0, google(69)=0, google(70)=0, google(71)=0, google(72)=0, google(73)=0, google(74)=0}, trash=0, trash_acc={}, trash_sync=0, database=profile_sa.db} ]
03-15 14:26:07.241 V/CpEventLog(u0)( 6609): [P] cp_state: [                      etc = {binders=0, country_iso=TR, version=15.6.28, db_version=2000, db_size=0, db_wal_size=0, csc=/, sec_enabled=false, is_roaming=false} ]
03-15 14:26:07.241 V/CpEventLog(u0)( 6609): [P] cp_state: ------------------------------------------------------------------------------
03-15 14:26:07.256 I/ActivityManager(12320): Changes in 90001 17 to 17, 128 to 0
03-15 14:26:07.256 I/ActivityManager(12320): Changes in 90000 10 to 10, 128 to 0
03-15 14:26:07.256 I/ActivityManager(12320): Changes in 10304 10 to 10, 128 to 0
03-15 14:26:07.257 V/APM_AudioPolicyManager(12081): setAppState(portId:159, state:1)
03-15 14:26:07.258 I/ActivityManager(12320): Changes in 90001 17 to 17, 0 to 128
03-15 14:26:07.259 I/ActivityManager(12320): Changes in 90000 10 to 10, 0 to 128
03-15 14:26:07.259 I/ActivityManager(12320): Changes in 10304 10 to 10, 0 to 128
03-15 14:26:07.259 V/APM_AudioPolicyManager(12081): setAppState(portId:159, state:1)
03-15 14:26:07.262 I/VSyncReactor( 1567): Current= 90, Period= 90, hwcPeriod= 90
03-15 14:26:07.503 I/UMR     (12320): E|Compact d_rss=-128KB
03-15 14:26:07.552 D/SemWifiUsabilityStatsMonitor(12320): onWifiUsabilityStats - seqNum 1630, isSameBssidAndFreq true
03-15 14:26:07.556 I/SemWifiLinkQualityMonitor(12320): Link stat: 0 / 0 / 1,00 (84) / 433 / -48.0 || 100.0 : 433,00 / 0.5 : 1,00 / 0.55 : 0,30 / G (G) || d2dfd1b45640: 0,121 / 65,934 / D || N N / 0 0 / Y 2.0 / Y X 0 / 118725851 0 || Invalid
03-15 14:26:07.708 D/SatelliteController(12732): isInCarrierRoamingNbIotNtn: satellite is disabled
03-15 14:26:07.963 E/BatteryDump( 1528): !@new_battery_dump : 4319,511,3000,3150,97,252,261,289,0,0,279,289,0,Charging,NO_CHARGING,Normal,Good,PDIC,0,Normal,0,0,9600,0x0,0x10000,0x0,0,0,0000,0000,00000000,0,0,0,0,488,4200,9180,944,0,
03-15 14:26:07.970 I/seh_thermal_service(12107): getTemperaturesWithType SehTemperatureType: 3
03-15 14:26:07.971 I/sehhealth-service( 1528): updateLrpSysfs: write: 279
03-15 14:26:08.133 D/WifiConnectivityMonitor(12320): start WCM Poll.
03-15 14:26:08.265 I/ActivityManager(12320): Changes in 90001 17 to 17, 128 to 0
03-15 14:26:08.265 I/ActivityManager(12320): Changes in 90000 10 to 10, 128 to 0
03-15 14:26:08.266 I/ActivityManager(12320): Changes in 10304 10 to 10, 128 to 0
03-15 14:26:08.266 V/APM_AudioPolicyManager(12081): setAppState(portId:159, state:1)
03-15 14:26:08.273 I/VSyncReactor( 1567): Current= 90, Period= 90, hwcPeriod= 90
03-15 14:26:08.274 I/ActivityManager(12320): Changes in 90001 17 to 17, 0 to 128
03-15 14:26:08.275 I/ActivityManager(12320): Changes in 90000 10 to 10, 0 to 128
03-15 14:26:08.275 I/ActivityManager(12320): Changes in 10304 10 to 10, 0 to 128
03-15 14:26:08.276 V/APM_AudioPolicyManager(12081): setAppState(portId:159, state:1)
03-15 14:26:08.767 D/InetDiagMessage(12320): Destroyed 3 sockets, proto=IPPROTO_TCP, family=AF_INET, states=14
03-15 14:26:08.771 D/InetDiagMessage(12320): Destroyed 0 sockets, proto=IPPROTO_TCP, family=AF_INET6, states=14
03-15 14:26:08.771 D/InetDiagMessage(12320): Destroyed live tcp sockets for uids={10238} in 13ms
03-15 14:26:08.773 D/InetDiagMessage(12320): Destroyed 0 sockets, proto=IPPROTO_TCP, family=AF_INET, states=14
03-15 14:26:08.775 D/InetDiagMessage(12320): Destroyed 0 sockets, proto=IPPROTO_TCP, family=AF_INET6, states=14
03-15 14:26:08.776 D/InetDiagMessage(12320): Destroyed live tcp sockets for uids={20238} in 4ms
03-15 14:26:08.909 D/BoundBrokerSvc(13922): onUnbind: Intent { act=com.google.android.gms.onboardingconsent.api.ConsentManagerApiService.START dat=chimera-action:/... xflg=0x4 cmp=com.google.android.gms/.chimera.GmsApiService }
03-15 14:26:08.931 E/thermal_core( 1673): find_tz_idx_by_name:"Failed to find thermal zone index of ap_ntc\n"
03-15 14:26:08.931 E/thermal_core( 1673): find_tz_idx_by_name:"Failed to find thermal zone index of mtk-master-charger\n"
03-15 14:26:08.987 D/SatelliteController(12732): isInCarrierRoamingNbIotNtn: satellite is disabled
03-15 14:26:09.286 I/ActivityManager(12320): Changes in 90001 17 to 17, 128 to 0
03-15 14:26:09.287 I/ActivityManager(12320): Changes in 90000 10 to 10, 128 to 0
03-15 14:26:09.287 I/ActivityManager(12320): Changes in 10304 10 to 10, 128 to 0
03-15 14:26:09.287 V/APM_AudioPolicyManager(12081): setAppState(portId:159, state:1)
03-15 14:26:09.293 I/ActivityManager(12320): Changes in 90001 17 to 17, 0 to 128
03-15 14:26:09.294 I/VSyncReactor( 1567): Current= 90, Period= 90, hwcPeriod= 90
03-15 14:26:09.294 I/ActivityManager(12320): Changes in 90000 10 to 10, 0 to 128
03-15 14:26:09.295 I/ActivityManager(12320): Changes in 10304 10 to 10, 0 to 128
03-15 14:26:09.297 V/APM_AudioPolicyManager(12081): setAppState(portId:159, state:1)
03-15 14:26:09.473 W/AudioALSACaptureDataProviderNormal(12088): readThread, latency_in_s,0.000001,0.021921,0.000131, totalTime 0.022053 > logTimeout 0.022000 TIMEOUT!!
03-15 14:26:09.557 D/io_stats(  582): !@ Read_top(KB): d.process.acore:low(6609) 8
03-15 14:26:09.557 D/io_stats(  582): !@ Write_top(KB): vendor.samsung.:normal(1528) 8
03-15 14:26:10.012 I/MdnsReplySender(12320): Sending {MdnsReplyInfo: /[fe80::a0f6:c6ff:fe62:b331%wlan0]:5353 to /[ff02::fb]:5353, answers: 1, additionalAnswers: 7, knownAnswers: 0, sendDelayMs 24}
03-15 14:26:10.060 V/APM_AudioPolicyManager(12081): setAppState(portId:159, state:1)
03-15 14:26:10.060 W/ActivityManager(12320): Stopping service due to app idle: u0a304 -1m40s544ms com.instagram.android/com.instagram.util.startup.tracking.TaskLifeDetectingService
03-15 14:26:10.061 V/APM_AudioPolicyManager(12081): setAppState(portId:159, state:1)
03-15 14:26:10.063 V/APM_AudioPolicyManager(12081): setAppState(portId:159, state:1)
03-15 14:26:10.063 D/SensorService(12320): setUidStateForConnection uid= 10304 , ident = 0xb400007117f33b00 , state= 1
03-15 14:26:10.064 V/APM_AudioPolicyManager(12081): setAppState(portId:159, state:1)
