--------- beginning of main
03-15 14:25:34.281 I/mtkpower_client(12099): perf_lock_rel, hdl:14072, pid: 12099, tid:12116
03-15 14:25:34.282 I/libPowerHal( 1520): [perfLockAcq] idx:1 hdl:14073 hint:-1 pid:12099 tid:12116 duration:0 lock_user:vendor.samsung. => ret_hdl:14073
03-15 14:25:34.282 I/libPowerHal( 1520): [set_cpuidle] enable:0, fd:17, scn:0xb4000078fe804178
03-15 14:25:34.282 I/libPowerHal( 1520): [get_cpu_dma_latency_value] 0
03-15 14:25:34.282 I/libPowerHal( 1520): [PE] vendor.samsung. update cmd:1c3c100 param:0 pr:3
03-15 14:25:34.282 I/libPowerHal( 1520): [perfLockAcq] Done for hdl : 14073
03-15 14:25:34.282 I/mtkpower_client(12099): perf_lock_acq, hdl:0, dur:0, num:2, pid:12099, tid:12116
03-15 14:25:34.282 I/libPowerHal( 1520): [perfLockRel] hdl:14072, idx:2
03-15 14:25:34.283 I/SurfaceFlinger( 1567): [Surface(name=605262f com.example.kutuphane/com.example.kutuphane.goster)/@0x4e35ee6 - animation-leash of starting_reveal#34098] attach to parent LayerHierarchy{RequestedLayerState{ActivityRecord{15935008 u0 com.example.kutuphane/.goster t621}#34046 parentId=33985} 4 children}
03-15 14:25:34.284 I/libPowerHal( 1520): [PD] vendor.samsung. update cmd:1000000 param:-1 pr:6
03-15 14:25:34.284 I/libPowerHal( 1520): [perfLockRel] Done for hdl : 14072
03-15 14:25:34.284 I/mtkpower_client(12099): ret_hdl:14074
03-15 14:25:34.285 I/mtkpower_client(12099): perf_lock_rel, hdl:14073, pid: 12099, tid:12116
03-15 14:25:34.285 I/libPowerHal( 1520): [perfLockAcq] idx:2 hdl:14074 hint:-1 pid:12099 tid:12116 duration:0 lock_user:vendor.samsung. => ret_hdl:14074
--------- beginning of system
03-15 14:25:34.286 D/BBA2    (12320): updateWindowVisible for pid : 1328, visible : 1
03-15 14:25:34.286 I/libPowerHal( 1520): [setDvfsrcDevFreqOpp] opp:1, freq:3200000000
03-15 14:25:34.286 I/libPowerHal( 1520): [PE] vendor.samsung. update cmd:1000000 param:1 pr:3
03-15 14:25:34.286 I/libPowerHal( 1520): [perfLockAcq] Done for hdl : 14074
03-15 14:25:34.286 I/VRI[kutuphane]@e64461(12757): mWNT: t=0xb40000704b162c00 mBlastBufferQueue=0xb40000704b0f4400 fn= 2 HdrRenderState mRenderHdrSdrRatio=1.0 caller= android.view.SyncRtSurfaceTransactionApplier.applyTransaction:100 android.view.SyncRtSurfaceTransactionApplier.lambda$scheduleApply$0:73 android.view.SyncRtSurfaceTransactionApplier.$r8$lambda$afI4fXg3U3-nBZQEDQMiNy-B06s:0 
03-15 14:25:34.286 I/mtkpower_client(12099): perf_lock_acq, hdl:0, dur:0, num:2, pid:12099, tid:12116
03-15 14:25:34.287 I/VRI[kutuphane]@e64461(12757): mWNT: t=0xb40000704b162d80 mBlastBufferQueue=0xb40000704b0f4400 fn= 2 HdrRenderState mRenderHdrSdrRatio=1.0 caller= android.view.SyncRtSurfaceTransactionApplier.applyTransaction:100 android.view.SyncRtSurfaceTransactionApplier.lambda$scheduleApply$0:73 android.view.SyncRtSurfaceTransactionApplier.$r8$lambda$afI4fXg3U3-nBZQEDQMiNy-B06s:0 
03-15 14:25:34.287 I/libPowerHal( 1520): [perfLockRel] hdl:14073, idx:1
03-15 14:25:34.287 I/libPowerHal( 1520): [set_cpuidle] enable:1, fd:17, scn:0xb4000078fe804178
03-15 14:25:34.287 I/libPowerHal( 1520): [PD] vendor.samsung. update cmd:1c3c100 param:1 pr:6
03-15 14:25:34.288 I/libPowerHal( 1520): [perfLockRel] Done for hdl : 14073
03-15 14:25:34.288 I/mtkpower_client(12099): ret_hdl:14075
03-15 14:25:34.288 I/libPowerHal( 1520): [perfLockAcq] idx:3 hdl:14075 hint:-1 pid:12099 tid:12116 duration:0 lock_user:vendor.samsung. => ret_hdl:14075
03-15 14:25:34.289 I/libPowerHal( 1520): [set_cpuidle] enable:0, fd:17, scn:0xb4000078fe80a868
03-15 14:25:34.289 I/libPowerHal( 1520): [get_cpu_dma_latency_value] 0
03-15 14:25:34.289 I/mtkpower_client(12099): perf_lock_rel, hdl:14074, pid: 12099, tid:12116
03-15 14:25:34.289 I/libPowerHal( 1520): [PE] vendor.samsung. update cmd:1c3c100 param:0 pr:3
03-15 14:25:34.289 I/libPowerHal( 1520): [perfLockAcq] Done for hdl : 14075
03-15 14:25:34.289 I/mtkpower_client(12099): perf_lock_acq, hdl:0, dur:0, num:2, pid:12099, tid:12116
03-15 14:25:34.289 I/libPowerHal( 1520): [perfLockRel] hdl:14074, idx:2
03-15 14:25:34.290 I/libPowerHal( 1520): [PD] vendor.samsung. update cmd:1000000 param:-1 pr:6
03-15 14:25:34.291 I/libPowerHal( 1520): [perfLockRel] Done for hdl : 14074
03-15 14:25:34.292 I/HoneySpace.EdgePanel.EdgeVisibilityRepository(13277): getComputedTrayVisible : keyguardState = 1
03-15 14:25:34.292 I/mtkpower_client(12099): ret_hdl:14076
03-15 14:25:34.292 I/HoneySpace.EdgePanel.EdgeVisibilityRepository(13277): updateTrayVisible: State = 0x1, visible = true, current containerState = 0, specificMode = 0
03-15 14:25:34.292 I/HoneySpace.EdgePanel.EdgeVisibilityRepository(13277): Same container state 0
03-15 14:25:34.292 I/libPowerHal( 1520): [perfLockAcq] idx:1 hdl:14076 hint:-1 pid:12099 tid:12116 duration:0 lock_user:vendor.samsung. => ret_hdl:14076
03-15 14:25:34.292 I/HYPER-HAL(12099): [RequestManager.cpp]releaseLocked(): Released ID : 76069959
03-15 14:25:34.292 I/libPowerHal( 1520): [setDvfsrcDevFreqOpp] opp:1, freq:3200000000
03-15 14:25:34.292 I/libPowerHal( 1520): [PE] vendor.samsung. update cmd:1000000 param:1 pr:3
03-15 14:25:34.292 I/libPowerHal( 1520): [perfLockAcq] Done for hdl : 14076
03-15 14:25:34.294 I/SurfaceFlinger( 1567): [Display 0 name="Yerleşik Ekran"#28458] setFrameRateCategory: High
03-15 14:25:34.294 I/SurfaceFlinger( 1567): RequestedLayer [com.example.kutuphane/com.example.kutuphane.goster$_1328#34095] hidden!! flag  from(1) --> to(0)
03-15 14:25:34.294 I/SurfaceFlinger( 1567): [LayerHierarchy{RequestedLayerState{605262f com.example.kutuphane/com.example.kutuphane.goster#34094 parentId=34098} 1 children}] reparent to LayerHierarchy{RequestedLayerState{Surface(name=605262f com.example.kutuphane/com.example.kutuphane.goster)/@0x4e35ee6 - animation-leash of starting_reveal#34098 parentId=34046} 1 children}
03-15 14:25:34.298 D/SurfaceFlinger( 1567): Display 4627039422300187648 HWC layers:
03-15 14:25:34.298 D/SurfaceFlinger( 1567):        DEVICE |            5703716569090 | 00002102 | RGBA_8888    |    0.0    0.0 1080.0 2340.0 |    0    0 1080 2340 | com.example.kutuphane/com.example.kutuphane.goster$_1328#34095 (1)
03-15 14:25:34.298 D/SurfaceFlinger( 1567):        DEVICE |           54790897796463 | 00002100 | RGBA_8888    |    0.0    0.0 1080.0 2340.0 |    0    0 1080 2340 | Splash Screen com.example.kutuphane$_12757#34088 (2)
03-15 14:25:34.298 D/SurfaceFlinger( 1567):        DEVICE |           54790897796221 | 00002100 | RGBA_8888    |    0.0    0.0 1080.0   80.0 |    0    0 1080   80 | StatusBar$_12757#28514 (8325)
03-15 14:25:34.298 D/SurfaceFlinger( 1567):        DEVICE |           57024280789813 | 00002100 | RGBA_8888    |    0.0    0.0   67.0  353.0 | 1013  269 1080  622 | com.sec.android.app.launcher/com.sam[...].app.CocktailBarService$_13277#33969 (1)
03-15 14:25:34.298 D/SurfaceFlinger( 1567):        DEVICE |           54790897796210 | 00002100 | RGBA_8888    |    0.0    0.0 1080.0  126.0 |    0 2214 1080 2340 | NavigationBar0$_12757#28510 (9136)
03-15 14:25:34.298 D/SurfaceFlinger( 1567): 
03-15 14:25:34.298 W/hwcomposer( 1501): [DRMDEV] paramIsSame(), id 9698, w 1080/1080, h 2340/2340, pitch 1088/1088, format 0x2/0x1, secure 0/0  
03-15 14:25:34.298 I/VRI[kutuphane]@e64461(12757): mWNT: t=0xb40000704b162f00 mBlastBufferQueue=0xb40000704b0f4400 fn= 3 HdrRenderState mRenderHdrSdrRatio=1.0 caller= android.view.SyncRtSurfaceTransactionApplier.applyTransaction:100 android.view.SyncRtSurfaceTransactionApplier.lambda$scheduleApply$0:73 android.view.SyncRtSurfaceTransactionApplier.$r8$lambda$afI4fXg3U3-nBZQEDQMiNy-B06s:0 
03-15 14:25:34.299 D/InputDispatcher(12320): Focus entered window (0): 605262f com.example.kutuphane/com.example.kutuphane.goster
03-15 14:25:34.300 D/VRI[goster]@cac3546( 1328): mThreadedRenderer.initializeIfNeeded()#2 mSurface={isValid=true 0xb4000070d83f6700}
03-15 14:25:34.301 D/InputMethodManagerUtils( 1328): startInputInner - Id : 0
03-15 14:25:34.301 I/InputMethodManager( 1328): startInputInner - IInputMethodManagerGlobalInvoker.startInputOrWindowGainedFocus
03-15 14:25:34.303 V/InputMethodManagerService(12320): startInputOrWindowGainedFocusInternalLocked: reason=WINDOW_FOCUS_GAIN client=android.os.BinderProxy@13e5fd3 inputContext=null editorInfo=android.view.inputmethod.EditorInfo@5c05ed4 startInputFlags=VIEW_HAS_FOCUS|INITIAL_CONNECTION softInputMode=STATE_UNSPECIFIED|ADJUST_PAN|IS_FORWARD_NAVIGATION windowFlags=#81810100 unverifiedTargetSdkVersion=31 bindingController=com.android.server.inputmethod.InputMethodBindingController@1cc1bc1 imeDispatcher=android.window.ImeOnBackInvokedDispatcher@bc5287d cs=ClientState{2f68372 mUid=10286 mPid=1328 mSelfReportedDisplayId=0} imeRequestedVisible=false
03-15 14:25:34.303 V/InputMethodManagerService(12320): setWindowStateInner, windowToken=android.os.BinderProxy@83dc0e, state=ImeTargetWindowState{ imeToken null imeFocusChanged true hasEditorFocused false requestedImeVisible false imeDisplayId 0 softInputModeState STATE_UNSPECIFIED|ADJUST_PAN|IS_FORWARD_NAVIGATION isStartInputByGainFocus true}
03-15 14:25:34.303 V/InputMethodManagerService(12320): Unspecified window will hide input
03-15 14:25:34.303 I/ImeTracker(12320): com.example.kutuphane:5d366bcd: onRequestHide at ORIGIN_SERVER reason HIDE_UNSPECIFIED_WINDOW fromUser false
03-15 14:25:34.304 V/InputMethodManagerService(12320): applyImeVisibility state=6
03-15 14:25:34.304 D/SemInputMethodManagerServiceUtil(12320): restorePreviousUsedInputMethod : failed to return the previous ime becuase the stored info is null or do not need restore
03-15 14:25:34.304 V/InputMethodManagerService(12320): semComputeImeDisplayIdForTarget: displayToShowIme=0
03-15 14:25:34.304 V/InputMethodManagerService(12320): Creating new session for client ClientState{2f68372 mUid=10286 mPid=1328 mSelfReportedDisplayId=0}
03-15 14:25:34.304 V/InputMethodManagerService(12320): Creating new session for client ClientState{2f68372 mUid=10286 mPid=1328 mSelfReportedDisplayId=0}
03-15 14:25:34.305 D/InputTransport(12320): Input channel constructed: 'ClientS', fd=1077
03-15 14:25:34.305 D/InputTransport(12320): Input channel constructed: 'ClientS', fd=1078
03-15 14:25:34.305 I/InputMethodManager( 1328): handleMessage: setImeVisibility visible=false
03-15 14:25:34.305 D/InsetsController( 1328): hide(ime(), fromIme=false)
03-15 14:25:34.306 I/ImeTracker( 1328): com.example.kutuphane:5d366bcd: onCancelled at PHASE_CLIENT_ALREADY_HIDDEN
03-15 14:25:34.307 I/VRI[kutuphane]@e64461(12757): mWNT: t=0xb40000704b163080 mBlastBufferQueue=0xb40000704b0f4400 fn= 4 HdrRenderState mRenderHdrSdrRatio=1.0 caller= android.view.SyncRtSurfaceTransactionApplier.applyTransaction:100 android.view.SyncRtSurfaceTransactionApplier.lambda$scheduleApply$0:73 android.view.SyncRtSurfaceTransactionApplier.$r8$lambda$afI4fXg3U3-nBZQEDQMiNy-B06s:0 
03-15 14:25:34.308 D/InputTransport(12320): Input channel destroyed: 'ClientS', fd=1078
03-15 14:25:34.308 V/InputMethodManagerService(12320): Creating new accessibility sessions for client ClientState{2f68372 mUid=10286 mPid=1328 mSelfReportedDisplayId=0}
03-15 14:25:34.311 D/InputMethodManagerService(12320): isImeSwitcherDisabledPackage : false
03-15 14:25:34.311 V/InputMethodManagerService(12320): Enabling: SessionState{uid=10286 pid=1328 method=655539e session=680cf79 channel=ClientState{2f68372 mUid=10286 mPid=1328 mSelfReportedDisplayId=0} userId=0}
03-15 14:25:34.312 D/InputMethodManagerService(12320): checkDisplayOfStartInputAndUpdateKeyboard: displayId=0, mFocusedDisplayId=0
03-15 14:25:34.312 D/InputTransport(12320): Input channel constructed: 'ClientS', fd=1078
03-15 14:25:34.312 D/InputTransport(12320): Input channel destroyed: 'ClientS', fd=1078
03-15 14:25:34.312 I/HBD     (30070): HoneyBoardService onFinishInput 
03-15 14:25:34.313 D/InputTransport( 1328): Input channel constructed: 'ClientS', fd=145
03-15 14:25:34.313 D/RestrictionPolicy(12320): isScreenCaptureEnabled : ret=true userId=0
03-15 14:25:34.313 I/WindowManager(12320): Cancelling animation restarting=true, leash=Surface(name=Surface(name=b1749ab InputMethod)/@0x6f02ba1 - animation-leash of insets_animation)/@0xb2df5e
03-15 14:25:34.313 I/HBD     (30070): a IC have been unbinding,  RemoteInputConnection{idHash=#ae1a256}
03-15 14:25:34.313 I/WindowManager(12320): Reparenting to original parent: Surface(name=WindowToken{d3fbecc type=2011 android.os.Binder@42f30ff})/@0x113d1c6, destroy=false, surface=Surface(name=b1749ab InputMethod)/@0x6f02ba1
03-15 14:25:34.313 I/HBD     (30070): HoneyBoardService [PF_CL][onFinishInput]  1 ms 
03-15 14:25:34.314 I/WindowManager(12320): Reparenting to leash, surface=Surface(name=b1749ab InputMethod)/@0x6f02ba1, leashParent=Surface(name=WindowToken{d3fbecc type=2011 android.os.Binder@42f30ff})/@0x113d1c6
03-15 14:25:34.314 I/HBD     (30070): HoneyBoardService [IMI] onStartInput - caller pid : 1328 , caller uid : 10286 
03-15 14:25:34.314 I/HBD     (30070): k updateConfigs 
03-15 14:25:34.314 I/HBD     (30070): k isEnabledNightMode : true 
03-15 14:25:34.314 I/HBD     (30070): a IC have been binding, RemoteInputConnection{idHash=#a012182} 
03-15 14:25:34.314 I/HBD     (30070): h [EditorInputType]setPrivateImeOptionsToTable privateImeOptions ( null )
03-15 14:25:34.314 I/HBD     (30070): b incognitoMode : false 
03-15 14:25:34.314 I/HBD     (30070): c needOff = true , isForceOff = false, isNullInputClass : true 
03-15 14:25:34.314 I/HBD     (30070): h getDefaultInputRange : UNKNOWN 
03-15 14:25:34.314 I/SurfaceFlinger( 1567): id=34099 createSurf, flag=24004, Surface(name=b1749ab InputMethod)/@0x6f02ba1 - animation-leash of insets_animation#34099
03-15 14:25:34.314 I/HBD     (30070): h getDefaultInputRange : UNKNOWN 
03-15 14:25:34.314 I/HBD     (30070): h getDefaultInputRange : UNKNOWN 
03-15 14:25:34.314 D/WindowManager(12320): makeSurface duration=1 leash=Surface(name=Surface(name=b1749ab InputMethod)/@0x6f02ba1 - animation-leash of insets_animation)/@0x811f91f
03-15 14:25:34.315 I/HBD     (30070): c needOff = true , isForceOff = false, isNullInputClass : true 
03-15 14:25:34.315 D/InsetsSourceProvider(12320): updateControlForTarget: control=InsetsSourceControl: {3 mType=ime mSurfacePosition=Point(0, 80) mInsetsHint=Insets{left=0, top=0, right=0, bottom=879}}, target=Window{605262f u0 com.example.kutuphane/com.example.kutuphane.goster}, from=com.android.server.wm.ImeInsetsSourceProvider.updateControlForTarget:17 com.android.server.wm.InsetsStateController.onControlTargetChanged:83 com.android.server.wm.DisplayContent.updateImeControlTarget:21 com.android.server.wm.DisplayContent.updateImeInputAndControlTarget:156 com.android.server.wm.WindowManagerService$LocalService.updateInputMethodTargetWindow:64 
03-15 14:25:34.315 I/HBD     (30070): c update cached prediction status : false 
03-15 14:25:34.315 I/HBD     (30070): h getDefaultInputRange : UNKNOWN 
03-15 14:25:34.315 I/HBD     (30070): a currentState : 0 
03-15 14:25:34.315 I/ImeTracker(12320): system_server:28561fa3: onRequestHide at ORIGIN_SERVER reason IME_REQUESTED_CHANGED_LISTENER fromUser false
03-15 14:25:34.315 I/HBD     (30070): a [UpdatePolicy] [post] a: 0 cl: 4325376 kit: [0/0] vt: 0 ir: 1 
03-15 14:25:34.316 V/InputMethodManagerService(12320): Client requesting input be hidden
03-15 14:25:34.316 V/InputMethodManagerService(12320): setWindowStateInner, windowToken=android.os.BinderProxy@83dc0e, state=ImeTargetWindowState{ imeToken android.os.Binder@6b5ea35 imeFocusChanged true hasEditorFocused false requestedImeVisible false imeDisplayId 0 softInputModeState STATE_UNSPECIFIED|ADJUST_PAN|IS_FORWARD_NAVIGATION isStartInputByGainFocus true}
03-15 14:25:34.316 I/ImeTracker(12320): system_server:28561fa3: onCancelled at PHASE_SERVER_SHOULD_HIDE
03-15 14:25:34.316 V/InputMethodManagerService(12320): hideCurrentInputLocked : canceled, shouldHideSoftInput=false, mInputShown=false, mImeWindowVis=0
03-15 14:25:34.316 I/SurfaceFlinger( 1567): [Surface(name=b1749ab InputMethod)/@0x6f02ba1 - animation-leash of insets_animation#34099] attach to parent LayerHierarchy{RequestedLayerState{WindowToken{d3fbecc type=2011 android.os.Binder@42f30ff}#28541 parentId=28424} 2 children}
03-15 14:25:34.317 I/HBD     (30070): a [NRIC] resetNoResponseState 
03-15 14:25:34.317 I/HBD     (30070): c needOff = true , isForceOff = false, isNullInputClass : true 
03-15 14:25:34.317 I/HBD     (30070): c update cached prediction status : false 
03-15 14:25:34.317 I/HBD     (30070): b [AiWriter] setContact : com.example.kutuphane
03-15 14:25:34.318 I/HBD     (30070): HoneyBoardService [PF_OP][onStartInput]  4 ms 
03-15 14:25:34.319 I/VRI[kutuphane]@e64461(12757): mWNT: t=0xb40000704b0bcf00 mBlastBufferQueue=0xb40000704b0f4400 fn= 5 HdrRenderState mRenderHdrSdrRatio=1.0 caller= android.view.SyncRtSurfaceTransactionApplier.applyTransaction:100 android.view.SyncRtSurfaceTransactionApplier.lambda$scheduleApply$0:73 android.view.SyncRtSurfaceTransactionApplier.$r8$lambda$afI4fXg3U3-nBZQEDQMiNy-B06s:0 
03-15 14:25:34.329 I/VRI[kutuphane]@e64461(12757): mWNT: t=0xb40000704b163200 mBlastBufferQueue=0xb40000704b0f4400 fn= 6 HdrRenderState mRenderHdrSdrRatio=1.0 caller= android.view.SyncRtSurfaceTransactionApplier.applyTransaction:100 android.view.SyncRtSurfaceTransactionApplier.lambda$scheduleApply$0:73 android.view.SyncRtSurfaceTransactionApplier.$r8$lambda$afI4fXg3U3-nBZQEDQMiNy-B06s:0 
03-15 14:25:34.333 I/SurfaceFlinger( 1567): Capture layer list: 	 com.example.kutuphane/com.example.kutuphane.goster$_1328#34095(seamlessTransition:0)
03-15 14:25:34.333 I/SurfaceFlinger( 1567): Capture layer list: 	 Splash Screen com.example.kutuphane$_12757#34088(seamlessTransition:0)
03-15 14:25:34.339 I/SurfaceFlinger( 1567): RequestedLayer [Surface(name=b1749ab InputMethod)/@0[...]tion-leash of insets_animation#34099] hidden!! flag  from(1) --> to(0)
03-15 14:25:34.339 E/SurfaceFlinger( 1567): alpha changed 1.000 -> 0.000 - Surface(name=b1749ab InputMethod)/@0x6f02ba1 - animation-leash of insets_animation#34099
03-15 14:25:34.339 I/SurfaceFlinger( 1567): [LayerHierarchy{RequestedLayerState{ImeContainer#28424 parentId=34046 relativeParentId=34046 z=3} 1 children}] reparent to LayerHierarchy{RequestedLayerState{ActivityRecord{15935008 u0 com.example.kutuphane/.goster t621}#34046 parentId=33985} 4 children}
03-15 14:25:34.339 I/SurfaceFlinger( 1567): [LayerHierarchy{RequestedLayerState{ImeContainer#28424 parentId=34046 relativeParentId=34046 z=3} 1 children}] RelativeParent to null
03-15 14:25:34.339 I/SurfaceFlinger( 1567): [LayerHierarchy{RequestedLayerState{b1749ab InputMethod#28543 parentId=34099} no children}] reparent to LayerHierarchy{RequestedLayerState{Surface(name=b1749ab InputMethod)/@0x6f02ba1 - animation-leash of insets_animation#34099 parentId=28541} 1 children}
03-15 14:25:34.339 I/SurfaceFlinger( 1567): [LayerHierarchy{RequestedLayerState{Surface(name=b1749ab InputMethod)/@0x6f02ba1 - animation-leash of insets_animation#34093} no children}] reparent to OffscreenRoot
03-15 14:25:34.339 I/SurfaceFlinger( 1567): [LayerHierarchy{RequestedLayerState{Surface(name=b1749ab InputMethod)/@0x6f02ba1 - animation-leash of insets_animation#34093} no children}] RelativeParent to null
03-15 14:25:34.340 I/SurfaceFlinger( 1567): onHandleDestroyed: layerId=34093, name=Surface(name=b1749ab InputMethod)/@0x6f02ba1 - animation-leash of insets_animation#34093
03-15 14:25:34.340 I/SurfaceFlinger( 1567): id=34093 Removed Surface(name=b1749ab InputMethod)/@0x6f02ba1 - animation-leash of insets_animation#34093 (218)
03-15 14:25:34.343 I/WindowManager(12320): Relayout Window{e9e93f0 u0 Splash Screen com.example.kutuphane}: viewVisibility=8 req=1080x2340 ty=3 d0
03-15 14:25:34.343 V/APM_AudioPolicyManager(12081): setAppState(portId:159, state:1)
03-15 14:25:34.344 I/CameraService(12082): onUidStateChanged: uid=10060, procState is changed. (1 -> 0)
03-15 14:25:34.344 I/InputMethodService(30070): scheduleImeSurfaceRemoval: removeImeSurface is posted.
03-15 14:25:34.345 W/IPCThreadState(12082): Sending oneway calls to frozen process.
03-15 14:25:34.346 I/WindowManager(12320): Relayout hash=e9e93f0, pid=12757, syncId=-1: mAttrs={(0,0)(fillxfill) sim={adjust=pan} ty=APPLICATION_STARTING fmt=TRANSLUCENT wanim=0x1030317
03-15 14:25:34.346 I/WindowManager(12320):   fl=81030118
03-15 14:25:34.346 I/WindowManager(12320):   pfl=10000010
03-15 14:25:34.346 I/WindowManager(12320):   apr=18
03-15 14:25:34.346 I/WindowManager(12320):   bhv=1
03-15 14:25:34.346 I/WindowManager(12320):   fitSides=0
03-15 14:25:34.346 I/WindowManager(12320):   frameRateBoostOnTouch=true
03-15 14:25:34.346 I/WindowManager(12320):   dvrrWindowFrameRateHint=true naviIconColor=0}
03-15 14:25:34.347 I/VRI[kutuphane]@e64461(12757): onActiveControlsChanged, removed=false, mAdded=true, caller=android.view.ViewRootImpl.handleInsetsControlChanged:3002 android.view.ViewRootImpl.relayoutWindow:11629 android.view.ViewRootImpl.performTraversals:4804 android.view.ViewRootImpl.doTraversal:3924 android.view.ViewRootImpl$TraversalRunnable.run:12903 
03-15 14:25:34.348 I/BLASTBufferQueue(12757): [VRI[kutuphane]@e64461#216](f:0,a:1,s:0) destructor()
03-15 14:25:34.348 D/BufferQueueConsumer(12757): [VRI[kutuphane]@e64461#216(BLAST Consumer)216](id:31d5000000dc,api:0,p:-1,c:12757) disconnect
03-15 14:25:34.348 I/VRI[kutuphane]@e64461(12757): Relayout returned: old=(0,0,1080,2340) new=(0,0,1080,2340) relayoutAsync=false req=(1080,2340)8 dur=6 res=0x2 s={false 0x0} ch=true seqId=0
03-15 14:25:34.349 D/VRI[kutuphane]@e64461(12757): Not drawing due to not visible. Reason=View.GONE
03-15 14:25:34.349 W/WindowOnBackDispatcher(12757): sendCancelIfRunning: isInProgress=false callback=android.view.ViewRootImpl$$ExternalSyntheticLambda16@3c52a12
03-15 14:25:34.349 I/VRI[kutuphane]@e64461(12757): dispatchDetachedFromWindow
03-15 14:25:34.350 D/CoreBackPreview(12320): Window{e9e93f0 u0 Splash Screen com.example.kutuphane}: Setting back callback null
03-15 14:25:34.350 I/SurfaceFlinger( 1567): destroyed Surface(name=b1749ab InputMethod)/@0x6f02ba1 - animation-leash of insets_animation#34093
03-15 14:25:34.350 D/WindowManager(12320): Starting window removed Window{e9e93f0 u0 Splash Screen com.example.kutuphane}
03-15 14:25:34.350 I/WindowManager(12320): Cancelling animation restarting=false, leash=Surface(name=Surface(name=605262f com.example.kutuphane/com.example.kutuphane.goster)/@0x4e35ee6 - animation-leash of starting_reveal)/@0x79dac27
03-15 14:25:34.350 D/SystemUIService(12757): SYSUI_RAM_OPTIMIZATION onTrimMemory=20
03-15 14:25:34.350 D/CentralSurfaces(12757): SYSUI_RAM_OPTIMIZATION onTrimMemory=20
03-15 14:25:34.350 I/WindowManager(12320): Reparenting to original parent: Surface(name=ActivityRecord{15935008 u0 com.example.kutuphane/.goster t621})/@0x1f87b14, destroy=false, surface=Surface(name=605262f com.example.kutuphane/com.example.kutuphane.goster)/@0x4e35ee6
03-15 14:25:34.350 I/Layer   ( 1567): id=34093 Destroyed Surface(name=b1749ab InputMethod)/@0x6f02ba1 - animation-leash of insets_animation#34093
03-15 14:25:34.351 D/HWUI    (12757): CacheManager::trimMemory(20)
03-15 14:25:34.351 D/InputTransport(12320): Input channel destroyed: 'e9e93f0', fd=1069
03-15 14:25:34.351 V/WindowManager(12320): Remove Window{e9e93f0 u0 Splash Screen com.example.kutuphane}: mSurfaceControl=Surface(name=Splash Screen com.example.kutuphane$_12757)/@0x2e7083b mAnimatingExit=false mRemoveOnExit=false mHasSurface=true surfaceShowing=true animating=false app-animation=false callers=com.android.server.wm.Session.remove:16 android.view.IWindowSession$Stub.onTransact:804 com.android.server.wm.Session.onTransact:1 android.os.Binder.execTransactInternal:1457 android.os.Binder.execTransact:1401 <bottom of call stack> 
03-15 14:25:34.356 D/WindowManager(12320): updateSystemBarAttributes: displayId=0, focusedCanBeNavColorWin=false, win=Window{605262f u0 com.example.kutuphane/com.example.kutuphane.goster}, navColorWin=Window{605262f u0 com.example.kutuphane/com.example.kutuphane.goster}, caller=com.android.server.wm.DisplayPolicy.finishPostLayoutPolicyLw:17 com.android.server.wm.RootWindowContainer.applySurfaceChangesTransaction$1:195 com.android.server.wm.RootWindowContainer.performSurfacePlacementNoTrace:59 
03-15 14:25:34.356 D/WindowManager(12320): updateSystemBarAttributes, bhv=1, apr=16, statusBarAprRegions=[AppearanceRegion{ bounds=[0,0][1080,2340]}], requestedVisibilities=-9
03-15 14:25:34.357 D/SamsungLightBarControlHelper(12757): updateStatusBar (WHITE icon) numStacks:1, StatusBarMode:MODE_TRANSPARENT, lightBarBounds:[], StatusBarState:SHADE, packageName:, isWhiteKeyguardStatusBar:false
03-15 14:25:34.357 D/SamsungLightBarControlHelper(12757): onStatusBarAppearanceChanged() -  sbModeChanged:false, statusBarMode:0, barState:MODE_TRANSPARENT, isKeyguardShowing:false, navbarColorManagedByIme:false, (AppearanceRegion{ bounds=[0,0][1080,2340]}, )
03-15 14:25:34.358 D/InputTransport(12757): Input channel destroyed: 'e9e93f0', fd=465
03-15 14:25:34.361 I/SurfaceFlinger( 1567): [Display 0 name="Yerleşik Ekran"#28458] setFrameRateCategory: Default
03-15 14:25:34.361 I/SurfaceFlinger( 1567): [LayerHierarchy{RequestedLayerState{ImeContainer#28424 parentId=34046 relativeParentId=34094 z=1} 1 children}] RelativeParent to LayerHierarchy{RequestedLayerState{605262f com.example.kutuphane/com.example.kutuphane.goster#34094 parentId=34046} 2 children}
03-15 14:25:34.361 I/SurfaceFlinger( 1567): [LayerHierarchy{RequestedLayerState{Splash Screen com.example.kutuphane$_12757#34088} no children}] reparent to OffscreenRoot
03-15 14:25:34.361 I/SurfaceFlinger( 1567): [LayerHierarchy{RequestedLayerState{Splash Screen com.example.kutuphane$_12757#34088} no children}] RelativeParent to null
03-15 14:25:34.361 I/SurfaceFlinger( 1567): [LayerHierarchy{RequestedLayerState{e9e93f0 Splash Screen com.example.kutuphane#34087 z=2147483647} no children}] reparent to OffscreenRoot
03-15 14:25:34.361 I/SurfaceFlinger( 1567): [LayerHierarchy{RequestedLayerState{e9e93f0 Splash Screen com.example.kutuphane#34087 z=2147483647} no children}] RelativeParent to null
03-15 14:25:34.361 I/SurfaceFlinger( 1567): [LayerHierarchy{RequestedLayerState{605262f com.example.kutuphane/com.example.kutuphane.goster#34094 parentId=34046} 2 children}] reparent to LayerHierarchy{RequestedLayerState{ActivityRecord{15935008 u0 com.example.kutuphane/.goster t621}#34046 parentId=33985} 4 children}
03-15 14:25:34.361 I/SurfaceFlinger( 1567): [LayerHierarchy{RequestedLayerState{Surface(name=605262f com.example.kutuphane/com.example.kutuphane.goster)/@0x4e35ee6 - animation-leash of starting_reveal#34098} no children}] reparent to OffscreenRoot
03-15 14:25:34.361 I/SurfaceFlinger( 1567): [LayerHierarchy{RequestedLayerState{Surface(name=605262f com.example.kutuphane/com.example.kutuphane.goster)/@0x4e35ee6 - animation-leash of starting_reveal#34098} no children}] RelativeParent to null
03-15 14:25:34.362 I/SurfaceFlinger( 1567): onHandleDestroyed: layerId=34088, name=Splash Screen com.example.kutuphane$_12757#34088
03-15 14:25:34.362 I/SurfaceFlinger( 1567): id=34088 Removed Splash Screen com.example.kutuphane$_12757#34088 (217)
03-15 14:25:34.362 I/SurfaceFlinger( 1567): onHandleDestroyed: layerId=34087, name=e9e93f0 Splash Screen com.example.kutuphane#34087
03-15 14:25:34.362 I/SurfaceFlinger( 1567): id=34087 Removed e9e93f0 Splash Screen com.example.kutuphane#34087 (217)
03-15 14:25:34.362 E/RefreshRateSelector( 1567): Can't find HRR max refresh rate by policy with the same group 0
03-15 14:25:34.364 D/SurfaceFlinger( 1567): Display 4627039422300187648 HWC layers:
03-15 14:25:34.364 D/SurfaceFlinger( 1567):        DEVICE |            5703716569090 | 00002102 | RGBA_8888    |    0.0    0.0 1080.0 2340.0 |    0    0 1080 2340 | com.example.kutuphane/com.example.kutuphane.goster$_1328#34095 (1)
03-15 14:25:34.364 D/SurfaceFlinger( 1567):        DEVICE |           54790897796221 | 00002100 | RGBA_8888    |    0.0    0.0 1080.0   80.0 |    0    0 1080   80 | StatusBar$_12757#28514 (8325)
03-15 14:25:34.364 D/SurfaceFlinger( 1567):        DEVICE |           57024280789813 | 00002100 | RGBA_8888    |    0.0    0.0   67.0  353.0 | 1013  269 1080  622 | com.sec.android.app.launcher/com.sam[...].app.CocktailBarService$_13277#33969 (1)
03-15 14:25:34.364 D/SurfaceFlinger( 1567):        DEVICE |           54790897796210 | 00002100 | RGBA_8888    |    0.0    0.0 1080.0  126.0 |    0 2214 1080 2340 | NavigationBar0$_12757#28510 (9136)
03-15 14:25:34.364 D/SurfaceFlinger( 1567): 
03-15 14:25:34.372 I/SurfaceFlinger( 1567): destroyed Splash Screen com.example.kutuphane$_12757#34088
03-15 14:25:34.372 I/SurfaceFlinger( 1567): destroyed e9e93f0 Splash Screen com.example.kutuphane#34087
03-15 14:25:34.373 I/Layer   ( 1567): id=34087 Destroyed e9e93f0 Splash Screen com.example.kutuphane#34087
03-15 14:25:34.373 I/Layer   ( 1567): id=34088 Destroyed Splash Screen com.example.kutuphane$_12757#34088
03-15 14:25:34.404 D/SemWifiUsabilityStatsMonitor(12320): onWifiUsabilityStats - seqNum 1619, isSameBssidAndFreq true
03-15 14:25:34.407 I/SemWifiLinkQualityMonitor(12320): Link stat: 0 / 0 / 1,00 (19) / 433 / -47.0 || 100.0 : 433,00 / 0.5 : 1,00 / 0.55 : 0,30 / G (G) || d2dfd1b45640: 0,121 / 65,934 / D || N N / 0 0 / Y 2.0 / Y X 0 / 118692703 0 || Invalid
03-15 14:25:34.418 I/SurfaceFlinger( 1567): onHandleDestroyed: layerId=34091, name=Surface(name=2aa07a4 StatusBar)/@0x2227e1b - animation-leash of insets_animation#34091
03-15 14:25:34.418 I/SurfaceFlinger( 1567): id=34091 Removed Surface(name=2aa07a4 StatusBar)/@0x2227e1b - animation-leash of insets_animation#34091 (215)
03-15 14:25:34.418 I/SurfaceFlinger( 1567): onHandleDestroyed: layerId=34092, name=Surface(name=3c1eb49 NavigationBar0)/@0x13224f6 - animation-leash of insets_animation#34092
03-15 14:25:34.418 I/SurfaceFlinger( 1567): id=34092 Removed Surface(name=3c1eb49 NavigationBar0)/@0x13224f6 - animation-leash of insets_animation#34092 (215)
03-15 14:25:34.424 D/SatelliteController(12732): isInCarrierRoamingNbIotNtn: satellite is disabled
03-15 14:25:34.427 I/SurfaceFlinger( 1567): destroyed Surface(name=3c1eb49 NavigationBar0)/@0x13224f6 - animation-leash of insets_animation#34092
03-15 14:25:34.427 I/SurfaceFlinger( 1567): destroyed Surface(name=2aa07a4 StatusBar)/@0x2227e1b - animation-leash of insets_animation#34091
03-15 14:25:34.428 I/Layer   ( 1567): id=34092 Destroyed Surface(name=3c1eb49 NavigationBar0)/@0x13224f6 - animation-leash of insets_animation#34092
03-15 14:25:34.428 I/Layer   ( 1567): id=34091 Destroyed Surface(name=2aa07a4 StatusBar)/@0x2227e1b - animation-leash of insets_animation#34091
03-15 14:25:34.433 I/SurfaceFlinger( 1567): Capture layer list: 	 com.example.kutuphane/com.example.kutuphane.goster$_1328#34095(seamlessTransition:0)
03-15 14:25:34.472 D/QSClock (12757): onDarkChanged tint=WHITE
03-15 14:25:34.533 I/SurfaceFlinger( 1567): Capture layer list: 	 com.example.kutuphane/com.example.kutuphane.goster$_1328#34095(seamlessTransition:0)
03-15 14:25:34.566 I/hwcomposer( 1501): [HWC] (0)fire a callback of refresh to SF[4]  
03-15 14:25:34.585 I/mtkpower_client(12099): perf_lock_rel, hdl:14075, pid: 12099, tid:1384
03-15 14:25:34.586 I/mtkpower_client(12099): perf_lock_rel, hdl:14076, pid: 12099, tid:1384
03-15 14:25:34.586 I/libPowerHal( 1520): [perfLockRel] hdl:14075, idx:3
03-15 14:25:34.587 I/libPowerHal( 1520): [set_cpuidle] enable:1, fd:17, scn:0xb4000078fe80a868
03-15 14:25:34.587 I/libPowerHal( 1520): [PD] vendor.samsung. update cmd:1c3c100 param:1 pr:6
03-15 14:25:34.587 I/libPowerHal( 1520): [perfLockRel] Done for hdl : 14075
03-15 14:25:34.588 I/libPowerHal( 1520): [perfLockRel] hdl:14076, idx:1
03-15 14:25:34.589 I/HYPER-HAL(12099): [RequestManager.cpp]releaseLocked(): Released ID : 76094632
03-15 14:25:34.589 I/libPowerHal( 1520): [PD] vendor.samsung. update cmd:1000000 param:-1 pr:6
03-15 14:25:34.590 I/libPowerHal( 1520): [perfLockRel] Done for hdl : 14076
03-15 14:25:34.627 I/Pageboost(12320): Launcher App Execution
03-15 14:25:34.635 I/SurfaceFlinger( 1567): Capture layer list: 	 com.example.kutuphane/com.example.kutuphane.goster$_1328#34095(seamlessTransition:0)
03-15 14:25:34.689 E/TaskPersister(12320): File error accessing recents directory (directory doesn't exist?).
03-15 14:25:34.695 I/ample.kutuphane( 1328): Compiler allocated 5066KB to compile void android.view.ViewRootImpl.performTraversals()
03-15 14:25:34.707 W/WindowManager(12320): Unable to start animation, surface is null or no children.
03-15 14:25:34.734 I/ActivityManager(12320): Changes in 90001 17 to 17, 128 to 0
03-15 14:25:34.735 I/ActivityManager(12320): Changes in 90000 10 to 10, 128 to 0
03-15 14:25:34.735 I/ActivityManager(12320): Changes in 10304 10 to 10, 128 to 0
03-15 14:25:34.736 V/APM_AudioPolicyManager(12081): setAppState(portId:159, state:1)
03-15 14:25:34.740 I/ActivityManager(12320): Changes in 90001 17 to 17, 0 to 128
03-15 14:25:34.741 I/ActivityManager(12320): Changes in 90000 10 to 10, 0 to 128
03-15 14:25:34.742 I/ActivityManager(12320): Changes in 10304 10 to 10, 0 to 128
03-15 14:25:34.743 V/APM_AudioPolicyManager(12081): setAppState(portId:159, state:1)
03-15 14:25:34.815 D/SGM:GameManager(12320): identifyForegroundApp. com.example.kutuphane, mCurrentUserId: 0, callerUserId: 0
03-15 14:25:34.815 D/SGM:SemGameManager(12320): isForegroundGame(), ret=false
03-15 14:25:34.821 I/HYPER-HAL(12099): [RequestManager.cpp]releaseLocked(): Released ID : 100983387
03-15 14:25:34.822 I/mtkpower_client(12099): perf_lock_rel, hdl:14056, pid: 12099, tid:1305
03-15 14:25:34.823 I/HYPER-HAL(12099): [RequestManager.cpp]releaseLocked(): Released ID : 100997600
03-15 14:25:34.823 I/libPowerHal( 1520): [perfLockRel] hdl:14056, idx:0
03-15 14:25:34.823 I/libPowerHal( 1520): [PD] vendor.samsung. update cmd:300c000 param:0, pr:6
03-15 14:25:34.826 I/libPowerHal( 1520): [perfLockRel] Done for hdl : 14056
03-15 14:25:34.846 I/InputMethodService(30070): removeImeSurface
03-15 14:25:34.846 I/InputMethodService(30070): cancelImeSurfaceRemoval: removeCallbacks
03-15 14:25:35.175 I/SDHMS:x (14190): SIOP:: AP:305 BAT:252 USB:261 CHG:296 PA:291 WIFI:288 BLK:0 SUBBAT:0 SKIN:283 SKINF:274 SKINB:283 LRP2:283 LRF2:274 LRB2:283 AP2:283 CHG2:271 MEM2:283 WIFI2:282 SPK2:262 VAP05:302 AVGCUR:524 AVGSYS:0 POWER:2263
03-15 14:25:35.523 D/io_stats(  582): !@   8,32 r 7566747 164585064 w 5380645 70457828 d 597581 219306652 f 475128 528995 iot 2436904 0 th 0 0 0 pt 0 inp 0 0 118693.820
03-15 14:25:35.523 I/NSLocationMonitor(12320): getGPSUsingApps() called
03-15 14:25:35.524 I/NSLocationManager_FLP(13876): getGPSUsingApps, No change
03-15 14:25:35.540 D/FreecessHandler(12320): freeze com.instagram.android(10304) result : 33
03-15 14:25:35.748 I/ActivityManager(12320): Changes in 90001 17 to 17, 128 to 0
03-15 14:25:35.748 I/ActivityManager(12320): Changes in 90000 10 to 10, 128 to 0
03-15 14:25:35.749 I/ActivityManager(12320): Changes in 10304 10 to 10, 128 to 0
03-15 14:25:35.750 V/APM_AudioPolicyManager(12081): setAppState(portId:159, state:1)
03-15 14:25:35.755 I/ActivityManager(12320): Changes in 90001 17 to 17, 0 to 128
03-15 14:25:35.755 I/ActivityManager(12320): Changes in 90000 10 to 10, 0 to 128
03-15 14:25:35.756 V/APM_AudioPolicyManager(12081): setAppState(portId:159, state:1)
03-15 14:25:35.756 I/ActivityManager(12320): Changes in 10304 10 to 10, 0 to 128
03-15 14:25:35.834 D/WifiConnectivityMonitor.DnsThread(12320):  [|207]
03-15 14:25:35.835 D/WifiConnectivityMonitor.NetworkStatsAnalyzer(12320): DNS resultType : 0, responseTime : 207
03-15 14:25:35.836 D/OpenNetworkQos[4.00](12320): updateBssidLatestDnsResultType - result: 0
03-15 14:25:35.836 D/OpenNetworkQos[4.00](12320): updateBssidNoInternet: mBssidNoInternet = false
03-15 14:25:35.837 D/OpenNetworkQos[4.00](12320): getOpenNetworkQosNoInternetStatus: false
03-15 14:25:35.837 D/OpenNetworkQos[4.00](12320): getOpenNetworkQosScores: 26 0 0 
03-15 14:25:35.837 D/KNOX_MDM_SettingsProvider(12320): isChangeAllowed() : name = wifi_wcm_qos_sharing_score_summary
03-15 14:25:35.839 I/WifiProfileShare(12320): network QoS data was changed (internet), updateQoSData networkType: true, qosData: false
03-15 14:25:35.840 V/WifiProfileShare.Caster(12320): update wips network, size: 0
03-15 14:25:35.841 D/WifiProfileShare(12320): nearby scanning settings run
03-15 14:25:35.841 D/WifiProfileShare(12320): network score provider settings enabled
03-15 14:25:35.841 D/OpenNetworkQos[4.00](12320): getOpenNetworkQosScores: 26 0 0 
03-15 14:25:35.842 D/OpenNetworkQos[4.00](12320): getOpenNetworkQosNoInternetStatus: false
03-15 14:25:35.842 I/WifiProfileShare.Caster(12320): current network type: 0, score: [26, 0, 0]
03-15 14:25:35.843 V/WifiProfileShare.Cache(12320): update network score 3c:6a:d2:**:**:b4
03-15 14:25:35.844 D/WifiProfileShare.ScanMatcher(12320): getMcfDataList size:2
03-15 14:25:35.845 I/WifiProfileShare.Caster(12320): qos data was updated , before:type:QOS, pBssid:b5:03:88, qosData:64 after:type:QOS, pBssid:b5:03:88, qosData:64
03-15 14:25:35.846 I/[MCFSDK_android_1.3.7026]_4_McfCasterImpl(12320): isNetworkEnabled - type : 1 ret : true
03-15 14:25:35.846 D/WifiProfileShare.McfCast(12320): -ME--- mIsNetworkEnabled :true
03-15 14:25:35.846 D/WifiProfileShare.McfCast(12320): updateQoSData ignored, same contents
03-15 14:25:35.846 D/WifiProfileShare.MCF(12320): success update QosData !
03-15 14:25:35.847 I/[MCFSDK_android_1.3.7026]_4_McfCasterImpl(12320): isNetworkEnabled - type : 1 ret : true
03-15 14:25:35.848 D/WifiProfileShare.McfCast(12320): -ME--- mIsNetworkEnabled :true
03-15 14:25:35.848 D/WifiProfileShare.McfCast(12320): -ME--- updatePasswordDate pwdData size:2
03-15 14:25:35.856 I/Pageboost(12320): Launcher App Execution
03-15 14:25:35.885 E/thermal_core( 1673): find_tz_idx_by_name:"Failed to find thermal zone index of ap_ntc\n"
03-15 14:25:35.885 E/thermal_core( 1673): find_tz_idx_by_name:"Failed to find thermal zone index of mtk-master-charger\n"
03-15 14:25:36.006 I/BluetoothCounterMetrics(13628): system/gd/metrics/counter_metrics.cc:91 DrainBufferedCounters: Draining buffered counters
03-15 14:25:36.023 E/bluetooth(13628): system/gd/os/linux_generic/files.cc:223 FileCreatedTime: unable to read '/data/log/bt/btsnooz_hci.log' file metadata, error: No such file or directory
03-15 14:25:36.075 I/SDHMS:LOAD(14190): type: LoadsFreqs, value: 0:0:6:1348499:2200000:0:949999:2000000:0:222:467:0
03-15 14:25:36.319 D/PowerManagerService(12320): UserActivityStateListenerState: 0
03-15 14:25:36.320 I/ActivityManager(12320): Changes in 10185 6 to 10, 128 to 0
03-15 14:25:36.321 I/ActivityManager(12320): Changes in 10114 6 to 10, 128 to 0
03-15 14:25:36.322 V/APM_AudioPolicyManager(12081): setAppState(portId:159, state:1)
03-15 14:25:36.322 I/ActivityManager(12320): Changes in 5278 6 to 10, 128 to 0
03-15 14:25:36.324 V/APM_AudioPolicyManager(12081): setAppState(portId:159, state:1)
03-15 14:25:36.332 V/APM_AudioPolicyManager(12081): setAppState(portId:159, state:1)
03-15 14:25:36.332 V/APM_AudioPolicyManager(12081): setAppState(portId:159, state:1)
03-15 14:25:36.337 I/[PASS][CMN]DrawableCache(29584): clearData: clearing cache (current size=0KB)
03-15 14:25:36.766 I/ActivityManager(12320): Changes in 90001 17 to 17, 128 to 0
03-15 14:25:36.767 I/ActivityManager(12320): Changes in 90000 10 to 10, 128 to 0
03-15 14:25:36.767 I/ActivityManager(12320): Changes in 10304 10 to 10, 128 to 0
03-15 14:25:36.767 V/APM_AudioPolicyManager(12081): setAppState(portId:159, state:1)
03-15 14:25:36.773 I/ActivityManager(12320): Changes in 90001 17 to 17, 0 to 128
03-15 14:25:36.775 I/ActivityManager(12320): Changes in 90000 10 to 10, 0 to 128
03-15 14:25:36.775 I/ActivityManager(12320): Changes in 10304 10 to 10, 0 to 128
03-15 14:25:36.775 V/APM_AudioPolicyManager(12081): setAppState(portId:159, state:1)
03-15 14:25:36.893 D/IpClient/wlan0(12892): addressUpdated: fd00::a0f6:c6ff:fe62:b331/64 on ifindex 53 flags 0x00000100 scope 0
03-15 14:25:36.894 D/IpClient/wlan0(12892): addressUpdated: fd00::1f48:ef84:bcb3:b7e1/64 on ifindex 53 flags 0x00000001 scope 0
03-15 14:25:36.895 W/AlarmManager(12892): Unrecognized alarm listener com.android.networkstack.android.net.ip.IpClientLinkObserver$Dhcp6PdPreferredPrefixAlarmListener@5c118d3
03-15 14:25:36.899 I/EPDG -- SIM0 [EpdgIntfCont](12923): sendInterfaceMessage, not mobile, ignore
03-15 14:25:36.899 I/EPDG -- SIM0 [EpdgIntfCont](12923): sendInterfaceMessage, not mobile, ignore
03-15 14:25:36.899 I/EPDG -- SIM1 [EpdgIntfCont](12923): sendInterfaceMessage, not mobile, ignore
03-15 14:25:36.899 I/EPDG -- SIM1 [EpdgIntfCont](12923): sendInterfaceMessage, not mobile, ignore
03-15 14:25:37.419 D/SemWifiUsabilityStatsMonitor(12320): onWifiUsabilityStats - seqNum 1620, isSameBssidAndFreq true
03-15 14:25:37.421 I/SemWifiLinkQualityMonitor(12320): Link stat: 0 / 0 / 1,00 (14) / 433 / -48.0 || 100.0 : 433,00 / 0.5 : 1,00 / 0.55 : 0,30 / G (G) || d2dfd1b45640: 0,121 / 65,934 / D || N N / 0 0 / Y 2.0 / Y X 0 / 118695717 0 || Invalid
03-15 14:25:37.524 D/io_stats(  582): !@   8,32 r 7566748 164585068 w 5380648 70457840 d 597581 219306652 f 475128 528996 iot 2436912 0 th 0 0 0 pt 0 inp 0 0 118695.822
03-15 14:25:37.525 D/io_stats(  582): !@ Read_top(KB): kworker/u32:0:/(29547) 780 kworker/u32:2:/(31744) 708 kworker/u32:4:/(31822) 332
03-15 14:25:37.526 D/io_stats(  582): !@ Write_top(KB): kworker/u32:0:/(29547) 3680 .adservices.api:high(3669) 312 system_server:high(12320) 36
03-15 14:25:37.594 D/SemInputMotionEventDispatcher(12320): registerMotionEventListener: already registered: com.samsung.android.hardware.secinputdev.taas.ExternalApi$5@9f81b66
03-15 14:25:37.631 I/keystore2(  777): system/security/keystore2/watchdog/src/lib.rs:377 - Watchdog thread idle -> terminating. Have a great day.
03-15 14:25:37.664 E/BatteryDump( 1528): !@new_battery_dump : 4320,515,3000,3150,97,252,261,295,0,0,283,295,0,Charging,NO_CHARGING,Normal,Good,PDIC,0,Normal,0,0,9600,0x0,0x10000,0x0,0,0,0000,0000,00000000,0,0,0,0,488,4199,9170,944,0,
03-15 14:25:37.672 D/[SS]BattFunctions(12320): [sendRemainingChargingTimeChangedIntent]remainingChargingTime:752 ,mLastRemainingChargingTime:780
03-15 14:25:37.672 I/seh_thermal_service(12107): getTemperaturesWithType SehTemperatureType: 3
03-15 14:25:37.673 I/sehhealth-service( 1528): updateLrpSysfs: write: 283
03-15 14:25:37.678 I/AODBatteryManager(12757): updateBatteryData: ACTION_BATTERY_CHANGED: false, isSleepModeChanged:false ,isRemainingTimeChanged: true, isUSBRestriction: false
03-15 14:25:37.679 I/ChargingInfoManager(12757): updateChargingInfo: newState = AOD ChargingInfo [mState=BATTERY_AND_REMAIN_TIME, mIsCharging=true, mIsPlugged=true, mIsFullyCharged=false, mIsBatteryProtectMode=false, mBetteryLevel=97, mBetteryProtectModeType3, mIsSlowChargingfalse], oldState = AOD ChargingInfo [mState=BATTERY_AND_REMAIN_TIME, mIsCharging=true, mIsPlugged=true, mIsFullyCharged=false, mIsBatteryProtectMode=false, mBetteryLevel=97, mBetteryProtectModeType3, mIsSlowChargingfalse]
03-15 14:25:37.679 D/PowerUI (12757): Remaining charging time : 752
03-15 14:25:37.680 D/PowerUI (12757): Charging time is changed, check charging notification
03-15 14:25:37.684 D/PowerUI.Notification(12757): showChargingNotice - Battery Level : 97 -> 97, Charging Type : 11 -> 11, Charging Time : 780 -> 752, Maximum protection : false -> false, Maximum threshold : 80 -> 80
03-15 14:25:37.690 I/NotificationManager(12757): com.android.systemui: notify(2131364006, charging_state, Notification(channel=CHR shortcut=null contentView=null vibrate=null sound=null defaults=0 flags=ONGOING_EVENT|ONLY_ALERT_ONCE color=0x00000000 category=sys groupKey=CHARGING vis=PUBLIC semFlags=0x0 semPriority=0 semMissedCount=0)) as user
03-15 14:25:37.696 W/PermissionService(12320): getPermissionFlags: Unknown user -1
03-15 14:25:37.697 W/PermissionService(12320): getPermissionFlags: Unknown user -1
03-15 14:25:37.781 I/ActivityManager(12320): Changes in 90001 17 to 17, 128 to 0
03-15 14:25:37.782 I/ActivityManager(12320): Changes in 90000 10 to 10, 128 to 0
03-15 14:25:37.782 I/ActivityManager(12320): Changes in 10304 10 to 10, 128 to 0
03-15 14:25:37.783 V/APM_AudioPolicyManager(12081): setAppState(portId:159, state:1)
03-15 14:25:37.790 I/ActivityManager(12320): Changes in 90001 17 to 17, 0 to 128
03-15 14:25:37.791 I/VSyncReactor( 1567): Current= 90, Period= 90, hwcPeriod= 90
03-15 14:25:37.791 I/ActivityManager(12320): Changes in 90000 10 to 10, 0 to 128
03-15 14:25:37.791 I/ActivityManager(12320): Changes in 10304 10 to 10, 0 to 128
03-15 14:25:37.792 V/APM_AudioPolicyManager(12081): setAppState(portId:159, state:1)
03-15 14:25:37.902 I/Telecom (12320): SamsungTelecomServiceImpl : isInManagedCall - callingPackage : android / callingUser : UserHandle{0} / hasCrossUserAccess : true
03-15 14:25:37.919 D/ActivityManager(12320): unpendingScheduleServiceRestart: u=10276, drop=false
03-15 14:25:37.924 D/FreecessController(12320): UFZ : com.samsung.android.game.gamehome(10276) [19771, 15186, 5807] reason: Binder(1)-android.service.notification.INotificatio
03-15 14:25:37.925 W/LocationManagerService(12320): onFreezeStateChanged, uid[10276]=false
03-15 14:25:37.926 I/PowerManagerService(12320): [PWL] SetWakeLockEnableDisable uid = 10276 , disable= false
03-15 14:25:37.926 I/PowerManagerService(12320): [PWL] can not change uid =  10276
03-15 14:25:37.927 I/HoneySpace.NotificationListener(13277): onNotificationPosted com.android.systemui: -1|com.android.systemui|2131364006|charging_state|10060: 0
03-15 14:25:37.927 I/HoneySpace.NotificationListener(13277): invalid notification: com.android.systemui UserHandle{-1}: canShowBadge is false
03-15 14:25:37.928 I/LockscreenNotificationIconsOnlyController(12757): onNotificationInfoUpdated 0
03-15 14:25:37.929 I/AODNotificationManager(12757): updateNotification() 
03-15 14:25:37.946 I/BufferQueueProducer( 1567): [StatusBar$_12757#28514](this:0xb400006f8846be38,id:-1,api:0,p:-1,c:1567) queueBuffer: fps=6.45 dur=3873.22 max=3452.24 min=10.64
03-15 14:25:37.953 I/hwcomposer( 1501): [HWCDisplay] (0 updateFps():4131), (type:1, mode:2) fps:17.489063,dur:4288.39,max:3377.23,min:9.29  
03-15 14:25:37.957 I/SurfaceFlinger( 1567): Capture layer list: 	 com.example.kutuphane/com.example.kutuphane.goster$_1328#34095(seamlessTransition:0)
03-15 14:25:37.995 I/hwcomposer( 1501): [HWC] (0)fire a callback of refresh to SF[4]  
03-15 14:25:38.008 I/BufferQueueProducer( 1567): [FramebufferSurface](this:0xb400006faf4f0370,id:-1,api:1,p:1567,c:1567) queueBuffer: fps=4.11 dur=4133.06 max=3432.74 min=10.87
03-15 14:25:38.058 I/SurfaceFlinger( 1567): Capture layer list: 	 com.example.kutuphane/com.example.kutuphane.goster$_1328#34095(seamlessTransition:0)
03-15 14:25:38.119 D/Bubbles (12757): onEntryUpdated : shouldBubbleUp=false ,key=-1|com.android.systemui|2131364006|charging_state|10060
03-15 14:25:38.121 D/InterruptionStateProvider(12757):  no Heads up : edgelighting enabled app. -1|com.android.systemui|2131364006|charging_state|10060
03-15 14:25:38.122 I/{OngoingActivityController}(12757): onEntryUpdated and OA data is empty. So update latest task info
03-15 14:25:38.126 I/{OngoingActivityDataHelper}(12757): setBaseActivityComponentName:ComponentInfo{com.example.kutuphane/com.example.kutuphane.goster}
03-15 14:25:38.138 W/RefactorFlag(12757): New code path expects SceneContainerFlag to be enabled.
03-15 14:25:38.138 D/ExpandableNotifRow(12757): mMaxSmallHeight different before reInflateViews mMaxSmallHeight: 189 mTempSmallHeight:0 -1|com.android.systemui|2131364006|charging_state|10060
03-15 14:25:38.138 D/ExpandableNotifRow(12757): mMaxSmallHeight different before reInflateViews mMaxSmallHeight: 189 mTempSmallHeight:0 -1|com.android.systemui|2131364006|charging_state|10060
03-15 14:25:38.141 I/LockscreenNotificationIconsOnlyController(12757): onNotificationInfoUpdated 0
03-15 14:25:38.141 I/AODNotificationManager(12757): updateNotification() 
03-15 14:25:38.148 D/LocalImageResolver(12757): Couldn't use ImageDecoder for drawable, falling back to non-resized load.
03-15 14:25:38.150 D/LocalImageResolver(12757): Couldn't use ImageDecoder for drawable, falling back to non-resized load.
03-15 14:25:38.154 D/LocalImageResolver(12757): Couldn't use ImageDecoder for drawable, falling back to non-resized load.
03-15 14:25:38.163 W/RefactorFlag(12757): New code path expects SceneContainerFlag to be enabled.
03-15 14:25:38.163 I/SurfaceFlinger( 1567): Capture layer list: 	 com.example.kutuphane/com.example.kutuphane.goster$_1328#34095(seamlessTransition:0)
03-15 14:25:38.166 D/ExpandableNotifRow(12757): mMaxSmallHeight different before reInflateViews mMaxSmallHeight: 189 mTempSmallHeight:0 -1|com.android.systemui|2131364006|charging_state|10060
03-15 14:25:38.166 D/ExpandableNotifRow(12757): mMaxSmallHeight different before reInflateViews mMaxSmallHeight: 189 mTempSmallHeight:0 -1|com.android.systemui|2131364006|charging_state|10060
03-15 14:25:38.166 D/ExpandableNotifRow(12757): mMaxSmallHeight different before reInflateViews mMaxSmallHeight: 189 mTempSmallHeight:0 -1|com.android.systemui|2131364006|charging_state|10060
03-15 14:25:38.166 D/ExpandableNotifRow(12757): mMaxSmallHeight different before reInflateViews mMaxSmallHeight: 189 mTempSmallHeight:0 -1|com.android.systemui|2131364006|charging_state|10060
03-15 14:25:38.170 D/LocalImageResolver(12757): Couldn't use ImageDecoder for drawable, falling back to non-resized load.
03-15 14:25:38.175 W/RefactorFlag(12757): New code path expects SceneContainerFlag to be enabled.
03-15 14:25:38.175 D/ExpandableNotifRow(12757): mMaxSmallHeight different before reInflateViews mMaxSmallHeight: 189 mTempSmallHeight:0 -1|com.android.systemui|2131364006|charging_state|10060
03-15 14:25:38.176 D/ExpandableNotifRow(12757): mMaxSmallHeight different before reInflateViews mMaxSmallHeight: 189 mTempSmallHeight:0 -1|com.android.systemui|2131364006|charging_state|10060
03-15 14:25:38.177 I/LockscreenNotificationIconsOnlyController(12757): onNotificationInfoUpdated 0
03-15 14:25:38.177 I/AODNotificationManager(12757): updateNotification() 
