03-14 00:21:38.933  2857  2857 I wpa_supplicant: Heartbeat 1403
03-14 00:21:39.459  1830  1970 I bauth_FPBAuthService: pcf : 0x1012, 0 ,1 ,0 ,0 ,0 ,0, 16.0.0.3
03-14 00:21:39.459  1830  1970 I bauth_FPBAuthService: thread id : 1, preenroll_flag : 0, nd cnt : 0, cso : 0, et : 0
03-14 00:21:39.459  1830  1970 I bauth_FPBAuthService: FPBAuthService::timerHandler complete
03-14 00:21:39.464  1673  1692 E thermal_core: find_tz_idx_by_name:"Failed to find thermal zone index of ap_ntc\n"
03-14 00:21:39.464  1673  1692 E thermal_core: find_tz_idx_by_name:"Failed to find thermal zone index of mtk-master-charger\n"
03-14 00:21:39.464  1673  1692 E thermal_core: find_tz_idx_by_name:"Failed to find thermal zone index of camera0\n"
03-14 00:21:39.464  1673  1692 E thermal_core: find_tz_idx_by_name:"Failed to find thermal zone index of mtk-master-charger\n"
03-14 00:21:39.464  1673  1692 E thermal_core: find_tz_idx_by_name:"Failed to find thermal zone index of nrpa_ntc\n"
03-14 00:21:39.465  1673  1692 E thermal_core: dump_thermal_log:"Error: sccanf error, ret=9\n"
03-14 00:21:39.466  1673  1692 E thermal_core: node_read:"Failed to read /sys/class/thermal/thermal_zone2/temp: No data available\n"
03-14 00:21:39.466  1673  1692 I thermal_core: "soc/nr/lte/ap_ntc/tpcb/conn/chg/cam/c_ttj/g_ttj/a_ttj=0/-274000/34578/-274000/46000/32000/-274000/-274000/85000/85000/85000\n"
03-14 00:21:39.466  1673  1692 I thermal_core: "[C(l)(c)(i)][G(l)(c)][A(l)(c)][TH][D]=[(666666/666666/666666)(500/725/0)(0x0)][(666666)(666666)][(666666666)(666666666)][0][1200]\n"
03-14 00:21:39.466  1673  1692 E thermal_core: node_read:"Failed to open /sys/kernel/helio-dvfsrc/dvfsrc_therm_info: No such file or directory\n"
03-14 00:21:39.466  1673  1692 I thermal_core: "1200"
03-14 00:21:40.456  1583  1596 D ccci_mdinit: (1):monitor_time_update_thread round:2248 ########
03-14 00:21:40.459  1830  1970 I bauth_FPBAuthService: pcf : 0x1012, 0 ,1 ,0 ,0 ,0 ,0, 16.0.0.3
03-14 00:21:40.459  1830  1970 I bauth_FPBAuthService: thread id : 1, preenroll_flag : 0, nd cnt : 0, cso : 0, et : 0
03-14 00:21:40.459  1830  1970 I bauth_FPBAuthService: FPBAuthService::timerHandler complete
03-14 00:21:41.393  2083  2125 E Watchdog: !@Sync: 1689 heap(MB): 151 / 156 FD: 1162 [2026-03-14 00:21:41.393]
03-14 00:21:41.461  1830  1970 I bauth_FPBAuthService: pcf : 0x1012, 0 ,1 ,0 ,0 ,0 ,0, 16.0.0.3
03-14 00:21:41.462  1830  1970 I bauth_FPBAuthService: thread id : 1, preenroll_flag : 0, nd cnt : 0, cso : 0, et : 0
03-14 00:21:41.462  1830  1970 I bauth_FPBAuthService: FPBAuthService::timerHandler complete
03-14 00:21:41.511  2083  2164 D MARsPolicyManager: triggerAction called!
03-14 00:21:41.511  2083  2164 I NSLocationMonitor: getGPSUsingApps() called
03-14 00:21:41.512  3549  3566 I NSLocationManager_FLP: getGPSUsingApps, No change
03-14 00:21:41.769   582   582 D io_stats: !@   8,32 r 3706059 78901956 w 2439151 31716904 d 307664 187098224 f 205132 237342 iot 1160564 0 th 0 0 0 pt 0 inp 0 0 50715.054
03-14 00:21:41.770   582   582 D io_stats: !@ Write_top(KB): kworker/u32:5:/(28442) 60
03-14 00:21:42.457  5068  6278 I SDHMS:x : SIOP:: AP:355 BAT:330 USB:338 CHG:367 PA:350 WIFI:349 BLK:0 SUBBAT:0 SKIN:335 SKINF:328 SKINB:335 LRP2:335 LRF2:328 LRB2:335 AP2:335 CHG2:333 MEM2:335 WIFI2:335 SPK2:320 VAP05:355 AVGCUR:1122 AVGSYS:0 POWER:4847
03-14 00:21:42.462  1830  1970 I bauth_FPBAuthService: pcf : 0x1012, 0 ,1 ,0 ,0 ,0 ,0, 16.0.0.3
03-14 00:21:42.463  1830  1970 I bauth_FPBAuthService: thread id : 1, preenroll_flag : 0, nd cnt : 0, cso : 0, et : 0
03-14 00:21:42.463  1830  1970 I bauth_FPBAuthService: FPBAuthService::timerHandler complete
03-14 00:21:42.467  1673  1692 E thermal_core: find_tz_idx_by_name:"Failed to find thermal zone index of ap_ntc\n"
03-14 00:21:42.467  1673  1692 E thermal_core: find_tz_idx_by_name:"Failed to find thermal zone index of mtk-master-charger\n"
03-14 00:21:43.298  2083  2665 D PowerManagerService: [api] release WakeLock DRAW_WAKE_LOCK                    'charging_info' ACQ=-5s505ms (uid=10060 pid=2748 displayId=0 lock=79a5834)
03-14 00:21:43.299  2083  2665 D PowerManagerService: displayReady: false groupId=0
03-14 00:21:43.300  2083  2176 D DisplayPowerController[0]: animateScreenStateChange: target=DOZE_SUSPEND, mIsEnabled=true
03-14 00:21:43.303  2083  2176 I DisplayPowerController[0]: BrightnessEvent: brt=0.16470589 (65.0%), nits= 42.077, lux=-1.0, reason=manual, strat=FallbackBrightnessStrategy, state=DOZE_SUSPEND, stateReason=UNKNOWN, policy=DOZE, flags=, initBrt=0.16470589, rcmdBrt=NaN, preBrt=NaN, preLux=0.0, wasShortTermModelActive=false, autoBrightness=false (default), unclampedBrt=0.16470589, hbmMax=1.0, hbmMode=off, thrmMax=1.0, rbcStrength=-1, powerFactor=1.0, physDisp=Yerleşik Ekran(local:4627039422300187648), logicalId=0, slowChange=false, rampSpeed=0.0
03-14 00:21:43.305  1520  1550 I mtkpower@impl: [setMode] type:9, enabled:1
03-14 00:21:43.305  1520  1550 I mtkpower@impl: [setMode] Mode::DISPLAY_INACTIVE: 1
03-14 00:21:43.305  2083  2637 D DisplayManagerService: !@display_state requestDisplayStateInternal: DOZE -> DOZE_SUSPEND displayId=0
03-14 00:21:43.306  2083  2637 D SemInputDeviceManagerService: setDisplayState[1] EARLY: DOZE(3) -> DOZE_SUSPEND(4)
03-14 00:21:43.306  2083  2116 I DisplayDeviceRepository: Display device changed state: "Yerleşik Ekran", DOZE_SUSPEND
03-14 00:21:43.307  2083  2176 D BrightnessThermalClamper: Thermal status observer already started
03-14 00:21:43.308  2083  2637 D LocalDisplayAdapter: notifyStateChangeStart: com.samsung.android.hardware.secinputdev.external.DisplayStateListenerWrapper$1@c7e080a took 2 ms
03-14 00:21:43.308  2083  2637 D LocalDisplayAdapter: notifyStateChangeStart: com.android.server.biometrics.SemBiometricDisplayStateMonitor@478eea8 took 0 ms
03-14 00:21:43.309  2083  2476 I SemBiometricDisplayStateMonitor: DisplayStateListener#onStart : DOZE_SUSPEND, DOZE_SUSPEND, DEFAULT_DISPLAY
03-14 00:21:43.309  2083  2637 W LocalDisplayAdapter: !@display_state - 2372 : DOZE -> DOZE_SUSPEND (MAIN)
03-14 00:21:43.309  2083  2558 D SemInputDevice:TSP: ActivateTask: 4,0 [03-14 00:21:43.306]
03-14 00:21:43.309 29780 29864 D AudioFlinger: setParameters: filtered dev setParameters keyvalue screen_state=off
03-14 00:21:43.309  2083  2083 D SGM:GameManager: onDisplayChanged. displyId: 0, state: 4
03-14 00:21:43.310  1567  1567 D SurfaceFlinger: Setting power mode 2 on physical display 4627039422300187648
03-14 00:21:43.310  2083  2114 D WindowManager: DeferredDisplayUpdater: partially applying DisplayInfo(1080 x 2340) immediately
03-14 00:21:43.311  2083  2299 D SGM:FgCheckThread: onLooperPrepared(), msg: MSG_LCD_OFF
03-14 00:21:43.311  1534  1546 I sysinput:aidl: onReportInformation:93, 1, enabled@4,0:0
03-14 00:21:43.313 29783 29791 D AudioALSAHardware: +setParameters(): screen_state=off
03-14 00:21:43.313 29783 29791 D AudioALSAHardware: -setParameters(): screen_state=off
03-14 00:21:43.315  1534  1546 I sysinput:Touch1: operator():133, 4,0 OK
03-14 00:21:43.316  2083  2558 D SysinputHAL_AIDL: activate(TSP(1)),4,0 ret=0
03-14 00:21:43.316  3238 28404 I HoneySpace.Memory-Monitor: current state = 4, didTrim = true
03-14 00:21:43.317  2083  2637 W LocalDisplayAdapter: !@display_state - 2372 : DOZE_SUSPEND (MAIN) took 2 ms
03-14 00:21:43.317  2083  2637 D SemInputDeviceManagerService: setDisplayState[1] LATE: DOZE_SUSPEND(4) -> DOZE_SUSPEND(4)
03-14 00:21:43.317  5415  5415 I HBD     : DeX h DeX mode state change in non-main thread 
03-14 00:21:43.318  5415  5415 I HBD     : DeX h DeX mode state change: 3 
03-14 00:21:43.318  3238  3238 I VRI[LauncherActivity]@79a9058: onDisplayChanged oldDisplayState=3 newDisplayState=4
03-14 00:21:43.318  3238  3238 I VRI[RecentsTransitionOverlay]@815033c: onDisplayChanged oldDisplayState=3 newDisplayState=4
03-14 00:21:43.319  3238  3238 I VRI[CocktailBarService]@b870e79: onDisplayChanged oldDisplayState=3 newDisplayState=4
03-14 00:21:43.319  2083  2637 D LocalDisplayAdapter: notifyStateChangeFinish: com.samsung.android.hardware.secinputdev.external.DisplayStateListenerWrapper$1@c7e080a took 2 ms
03-14 00:21:43.319  3238  3238 I VRI[RecentsActivity]@a5b1272: onDisplayChanged oldDisplayState=3 newDisplayState=4
03-14 00:21:43.319  2083  2637 D LocalDisplayAdapter: notifyStateChangeFinish: com.android.server.biometrics.SemBiometricDisplayStateMonitor@478eea8 took 0 ms
03-14 00:21:43.319  2083  2558 D SemInputDevice:TSP: ActivateTask: 4,1 [03-14 00:21:43.317]
03-14 00:21:43.320  1567  2260 I VSyncReactor: Current= 90, Period= 90, hwcPeriod= 90
03-14 00:21:43.320  2748  2748 D DisplayLifecycle: updateDisplay id = 0
03-14 00:21:43.320  2083  2176 D DisplayPowerController[0]: setActualDisplayState: DOZE -> DOZE_SUSPEND
03-14 00:21:43.322  1534  1546 I sysinput:aidl: onReportInformation:93, 1, enabled@4,1:0
03-14 00:21:43.322  2083  2476 I SemBiometricDisplayStateMonitor: DisplayStateListener#onFinish : DOZE_SUSPEND, DOZE_SUSPEND, DEFAULT_DISPLAY
03-14 00:21:43.322  2083  2558 D SysinputHAL_AIDL: activate(TSP(1)),4,1 ret=0
03-14 00:21:43.322  1534  1546 I sysinput:Touch1: operator():133, 4,1 OK
03-14 00:21:43.323  2748  2802 I VRI[ShellDropTarget]@92e3be9: onDisplayChanged oldDisplayState=3 newDisplayState=4
03-14 00:21:43.324  5329  5329 I VRI[LauncherActivity]@9ba8716: onDisplayChanged oldDisplayState=3 newDisplayState=4
03-14 00:21:43.324  5415  5415 I VRI[InputMethod]@e345dc8: onDisplayChanged oldDisplayState=3 newDisplayState=4
03-14 00:21:43.324  2748  2802 I VRI[View root of ReusableWindowDecorViewHost#0]@254be1d: onDisplayChanged oldDisplayState=3 newDisplayState=4
03-14 00:21:43.325  2748  2802 I VRI[View root of ReusableWindowDecorViewHost#1]@9ccb8b6: onDisplayChanged oldDisplayState=3 newDisplayState=4
03-14 00:21:43.325  2083  2176 D DisplayPowerController[0]: animateScreenStateChange: target=DOZE_SUSPEND, mIsEnabled=true
03-14 00:21:43.326  2083  2176 D DisplayPowerController[0]: animateScreenStateChange: target=DOZE_SUSPEND, mIsEnabled=true
03-14 00:21:43.326  2083  2176 D PowerManagerService: displayReady: true groupId=0
03-14 00:21:43.329  2748  2882 D StackScroller: onDisplayChanged for predraw skip to 4
03-14 00:21:43.329  2083  5136 D WifiDisplayAdapter: isFitToActiveDisplayLocked : false
03-14 00:21:43.331  2748  2748 I Keyguard.AODTouchModeManager: onDisplayChanged newDisplayState=4, currentDisplayState=3, displayId=0
03-14 00:21:43.333  2748  2748 I VRI[LockscreenShortcutBlur]@f4e5155: onDisplayChanged oldDisplayState=3 newDisplayState=4
03-14 00:21:43.333  2748  2748 I VRI[NavigationBar0]@cb51d69: onDisplayChanged oldDisplayState=3 newDisplayState=4
03-14 00:21:43.333  2748  2748 I VRI[EdgeBackGestureHandler0]@e247b7f: onDisplayChanged oldDisplayState=3 newDisplayState=4
03-14 00:21:43.333  2748  2748 I VRI[NotificationShade]@ddcb5e0: onDisplayChanged oldDisplayState=3 newDisplayState=4
03-14 00:21:43.333  2748  2748 I VRI[StatusBar]@b5f60f8: onDisplayChanged oldDisplayState=3 newDisplayState=4
03-14 00:21:43.333  2748  2748 I VRI[SecondaryHomeHandle0]@fc3d736: onDisplayChanged oldDisplayState=3 newDisplayState=4
03-14 00:21:43.463  1830  1970 I bauth_FPBAuthService: pcf : 0x1012, 0 ,1 ,0 ,0 ,0 ,0, 16.0.0.3
03-14 00:21:43.463  1830  1970 I bauth_FPBAuthService: thread id : 1, preenroll_flag : 0, nd cnt : 0, cso : 0, et : 0
03-14 00:21:43.463  1830  1970 I bauth_FPBAuthService: FPBAuthService::timerHandler complete
03-14 00:21:43.773   582   582 D io_stats: !@   8,32 r 3706059 78901956 w 2439154 31716920 d 307664 187098224 f 205132 237342 iot 1160568 0 th 0 0 0 pt 0 inp 0 0 50717.059
03-14 00:21:44.466  1830  1970 I bauth_FPBAuthService: pcf : 0x1012, 0 ,1 ,0 ,0 ,0 ,0, 16.0.0.3
03-14 00:21:44.466  1830  1970 I bauth_FPBAuthService: thread id : 1, preenroll_flag : 0, nd cnt : 0, cso : 0, et : 0
03-14 00:21:44.466  1830  1970 I bauth_FPBAuthService: FPBAuthService::timerHandler complete
03-14 00:21:45.468  1830  1970 I bauth_FPBAuthService: pcf : 0x1012, 0 ,1 ,0 ,0 ,0 ,0, 16.0.0.3
03-14 00:21:45.468  1830  1970 I bauth_FPBAuthService: thread id : 1, preenroll_flag : 0, nd cnt : 0, cso : 0, et : 0
03-14 00:21:45.468  1673  1692 E thermal_core: find_tz_idx_by_name:"Failed to find thermal zone index of ap_ntc\n"
03-14 00:21:45.469  1830  1970 I bauth_FPBAuthService: FPBAuthService::timerHandler complete
03-14 00:21:45.469  1673  1692 E thermal_core: find_tz_idx_by_name:"Failed to find thermal zone index of mtk-master-charger\n"
03-14 00:21:45.775   582   582 D io_stats: !@ Write_top(KB): sait.sohservice:low(1299) 16
03-14 00:21:46.471  1830  1970 I bauth_FPBAuthService: pcf : 0x1012, 0 ,1 ,0 ,0 ,0 ,0, 16.0.0.3
03-14 00:21:46.471  1830  1970 I bauth_FPBAuthService: thread id : 1, preenroll_flag : 0, nd cnt : 0, cso : 0, et : 0
03-14 00:21:46.471  1830  1970 I bauth_FPBAuthService: FPBAuthService::timerHandler complete
03-14 00:21:46.538  2083  2164 D MARsPolicyManager: triggerAction called!
03-14 00:21:46.539  2083  2164 I NSLocationMonitor: getGPSUsingApps() called
03-14 00:21:46.540  3549  3566 I NSLocationManager_FLP: getGPSUsingApps, No change
03-14 00:21:47.228  1483  1490 W statsd  : Failed to enforce ttl: no such table: metric_6030121734662762106
03-14 00:21:47.235  1483  1490 W statsd  : Failed to enforce ttl: no such table: metric_7162059460816968599
03-14 00:21:47.235  1483  1490 W statsd  : Failed to enforce ttl: no such table: metric_1438751853209320724
03-14 00:21:47.236  1483  1490 W statsd  : Failed to enforce ttl: no such table: metric_8356095735508471469
03-14 00:21:47.236  1483  1490 W statsd  : Failed to enforce ttl: no such table: metric_n8174129471428418736
03-14 00:21:47.236  1483  1490 W statsd  : Failed to enforce ttl: no such table: metric_n4604575110367576648
03-14 00:21:47.236  1483  1490 W statsd  : Failed to enforce ttl: no such table: metric_7942495166981902636
03-14 00:21:47.236  1483  1490 W statsd  : Failed to enforce ttl: no such table: metric_7335472669636796790
03-14 00:21:47.473  1830  1970 I bauth_FPBAuthService: pcf : 0x1012, 0 ,1 ,0 ,0 ,0 ,0, 16.0.0.3
03-14 00:21:47.474  1830  1970 I bauth_FPBAuthService: thread id : 1, preenroll_flag : 0, nd cnt : 0, cso : 0, et : 0
03-14 00:21:47.474  1830  1970 I bauth_FPBAuthService: FPBAuthService::timerHandler complete
03-14 00:21:47.777   582   582 D io_stats: !@   8,32 r 3706093 78902184 w 2439161 31716976 d 307664 187098224 f 205136 237343 iot 1160576 0 th 0 0 0 pt 0 inp 0 0 50721.063
03-14 00:21:47.848  1528  1554 E BatteryDump: !@new_battery_dump : 4319,1090,3000,3150,84,329,338,367,0,0,336,367,0,Charging,NO_CHARGING,Normal,Good,PDIC,0,Normal,0,0,9350,0x0,0x10000,0x0,0,0,0000,0000,00000000,0,0,0,0,486,4117,8260,980,0,
03-14 00:21:47.849  2083  3122 D [SS]BattFunctions: [sendRemainingChargingTimeChangedIntent]remainingChargingTime:1869 ,mLastRemainingChargingTime:1873
03-14 00:21:47.849  1536  1536 I seh_thermal_service: getTemperaturesWithType SehTemperatureType: 3
03-14 00:21:47.850  1528  1528 I sehhealth-service: updateLrpSysfs: write: 335
03-14 00:21:47.852  2748  2748 I AODBatteryManager: updateBatteryData: ACTION_BATTERY_CHANGED: false, isSleepModeChanged:false ,isRemainingTimeChanged: true, isUSBRestriction: false
03-14 00:21:47.853  2748  2748 I ChargingInfoManager: updateChargingInfo: newState = AOD ChargingInfo [mState=BATTERY_AND_REMAIN_TIME, mIsCharging=true, mIsPlugged=true, mIsFullyCharged=false, mIsBatteryProtectMode=false, mBetteryLevel=84, mBetteryProtectModeType3, mIsSlowChargingfalse], oldState = AOD ChargingInfo [mState=BATTERY_AND_REMAIN_TIME, mIsCharging=true, mIsPlugged=true, mIsFullyCharged=false, mIsBatteryProtectMode=false, mBetteryLevel=84, mBetteryProtectModeType3, mIsSlowChargingfalse]
03-14 00:21:47.854  2748  2748 D PowerUI : Remaining charging time : 1869
03-14 00:21:47.854  2748  2748 D PowerUI : Charging time is changed, check charging notification
03-14 00:21:47.856  2748  2748 D PowerUI.Notification: showChargingNotice - Battery Level : 84 -> 84, Charging Type : 11 -> 11, Charging Time : 1873 -> 1869, Maximum protection : false -> false, Maximum threshold : 80 -> 80
03-14 00:21:47.858  1567  1612 I VSyncReactor: Current= 90, Period= 90, hwcPeriod= 90
03-14 00:21:47.860  2748  2748 I NotificationManager: com.android.systemui: notify(2131364006, charging_state, Notification(channel=CHR shortcut=null contentView=null vibrate=null sound=null defaults=0 flags=ONGOING_EVENT|ONLY_ALERT_ONCE color=0x00000000 category=sys groupKey=CHARGING vis=PUBLIC semFlags=0x0 semPriority=0 semMissedCount=0)) as user
03-14 00:21:47.863  2083  5464 W PermissionService: getPermissionFlags: Unknown user -1
03-14 00:21:47.863  2083  5464 W PermissionService: getPermissionFlags: Unknown user -1
03-14 00:21:47.864  2748  2748 I ChargingInfoView: handleMessage: MSG_SHOW_CHARGING_INFO
03-14 00:21:47.864  2748  2748 I BottomChargingInfoView: updateContents: BATTERY_AND_REMAIN_TIME
03-14 00:21:47.865  2748  2748 I AOD_WAKELOCK@WakeLockManager: acquireIfExists: tag - charging_info, timeout - 1000, reason - Charging Info is updating, delay by 500, wakeLock = WakeLock{432cb95 held=false, refCount=0}
03-14 00:21:47.866  2083  3122 D PowerManagerService: [api] acquire WakeLock DRAW_WAKE_LOCK                    'charging_info' (uid=10060 pid=2748 displayId=0 lock=79a5834)
03-14 00:21:47.867  2083  3122 D PowerManagerService: displayReady: false groupId=0
03-14 00:21:47.868  2083  2176 D DisplayPowerController[0]: animateScreenStateChange: target=DOZE, mIsEnabled=true
03-14 00:21:47.869  2748  2748 I ChargingInfoManager: getDeviceRemainingTime: Dolmasına 31 dk
03-14 00:21:47.871  2748  2748 I AOD_WAKELOCK@WakeLockManager: acquireIfExists: tag - charging_info, timeout - 5500, reason - Charging Info is updating, delay by 5000, wakeLock = WakeLock{432cb95 held=true, refCount=1}
03-14 00:21:47.872  2083  2176 I DisplayPowerController[0]: BrightnessEvent: brt=0.16470589 (65.0%), nits= 42.077, lux=-1.0, reason=manual, strat=FallbackBrightnessStrategy, state=DOZE, stateReason=DRAW_WAKE_LOCK, policy=DOZE, flags=, initBrt=0.16470589, rcmdBrt=NaN, preBrt=NaN, preLux=0.0, wasShortTermModelActive=false, autoBrightness=false (default), unclampedBrt=0.16470589, hbmMax=1.0, hbmMode=off, thrmMax=1.0, rbcStrength=-1, powerFactor=1.0, physDisp=Yerleşik Ekran(local:4627039422300187648), logicalId=0, slowChange=false, rampSpeed=0.0
03-14 00:21:47.872  2748  2748 I AbsChargingInfoComponent: setVisibilityWithAnim: skipped true
03-14 00:21:47.873  1520  1550 I mtkpower@impl: [setMode] type:9, enabled:1
03-14 00:21:47.873  1520  1550 I mtkpower@impl: [setMode] Mode::DISPLAY_INACTIVE: 1
03-14 00:21:47.873  2083  2637 D DisplayManagerService: !@display_state requestDisplayStateInternal: DOZE_SUSPEND -> DOZE displayId=0
03-14 00:21:47.874  2083  2637 D SemInputDeviceManagerService: setDisplayState[1] EARLY: DOZE_SUSPEND(4) -> DOZE(3)
03-14 00:21:47.874  2083  2116 I DisplayDeviceRepository: Display device changed state: "Yerleşik Ekran", DOZE
03-14 00:21:47.875  2083  2176 D BrightnessThermalClamper: Thermal status observer already started
03-14 00:21:47.875  2083  2637 D LocalDisplayAdapter: notifyStateChangeStart: com.samsung.android.hardware.secinputdev.external.DisplayStateListenerWrapper$1@c7e080a took 2 ms
03-14 00:21:47.875  2748  2748 I SecKeyguardClockPositionAlgorithm: prepareClockContainerHeightChanging:
03-14 00:21:47.875  2083  2637 D LocalDisplayAdapter: notifyStateChangeStart: com.android.server.biometrics.SemBiometricDisplayStateMonitor@478eea8 took 0 ms
03-14 00:21:47.875  2083  2114 D WindowManager: DeferredDisplayUpdater: partially applying DisplayInfo(1080 x 2340) immediately
03-14 00:21:47.875  2083  2637 W LocalDisplayAdapter: !@display_state - 2373 : DOZE_SUSPEND -> DOZE (MAIN)
03-14 00:21:47.876  2083  2476 I SemBiometricDisplayStateMonitor: DisplayStateListener#onStart : DOZE, DOZE, DEFAULT_DISPLAY
03-14 00:21:47.876 29780 29864 D AudioFlinger: setParameters: filtered dev setParameters keyvalue screen_state=off
03-14 00:21:47.876  2083  2558 D SemInputDevice:TSP: ActivateTask: 3,0 [03-14 00:21:47.874]
03-14 00:21:47.876  1567  1567 D SurfaceFlinger: Setting power mode 2 on physical display 4627039422300187648
03-14 00:21:47.877 29783 29791 D AudioALSAHardware: +setParameters(): screen_state=off
03-14 00:21:47.877 29783 29791 D AudioALSAHardware: -setParameters(): screen_state=off
03-14 00:21:47.877  1534  1546 I sysinput:aidl: onReportInformation:93, 1, enabled@3,0:0
03-14 00:21:47.877  2083  2083 D SGM:GameManager: onDisplayChanged. displyId: 0, state: 3
03-14 00:21:47.878  1534  1546 I sysinput:Touch1: operator():133, 3,0 OK
03-14 00:21:47.878  2083  2299 D SGM:FgCheckThread: onLooperPrepared(), msg: MSG_LCD_OFF
03-14 00:21:47.879  2083  2637 W LocalDisplayAdapter: !@display_state - 2373 : DOZE (MAIN) took 3 ms
03-14 00:21:47.879  2748  2748 I SecKeyguardClockPositionAlgorithm: prepareClockContainerHeightChanging:
03-14 00:21:47.880  5415  5415 I HBD     : DeX h DeX mode state change in non-main thread 
03-14 00:21:47.881  5415  5415 I HBD     : DeX h DeX mode state change: 3 
03-14 00:21:47.881  2083  2637 D SemInputDeviceManagerService: setDisplayState[1] LATE: DOZE(3) -> DOZE(3)
03-14 00:21:47.882  3238 29084 I HoneySpace.Memory-Monitor: current state = 3, didTrim = true
03-14 00:21:47.882  2083  2558 D SysinputHAL_AIDL: activate(TSP(1)),3,0 ret=0
03-14 00:21:47.883  2083  2558 D SemInputDevice:TSP: ActivateTask: 3,1 [03-14 00:21:47.881]
03-14 00:21:47.883  2083  2637 D LocalDisplayAdapter: notifyStateChangeFinish: com.samsung.android.hardware.secinputdev.external.DisplayStateListenerWrapper$1@c7e080a took 2 ms
03-14 00:21:47.883  2083  2637 D LocalDisplayAdapter: notifyStateChangeFinish: com.android.server.biometrics.SemBiometricDisplayStateMonitor@478eea8 took 0 ms
03-14 00:21:47.883  5415  5415 I VRI[InputMethod]@e345dc8: onDisplayChanged oldDisplayState=4 newDisplayState=3
03-14 00:21:47.883  3238  3238 I VRI[LauncherActivity]@79a9058: onDisplayChanged oldDisplayState=4 newDisplayState=3
03-14 00:21:47.883  1534  1546 I sysinput:aidl: onReportInformation:93, 1, enabled@3,1:0
03-14 00:21:47.884  1534  1546 I sysinput:Touch1: operator():133, 3,1 OK
03-14 00:21:47.884  2083  2476 I SemBiometricDisplayStateMonitor: DisplayStateListener#onFinish : DOZE, DOZE, DEFAULT_DISPLAY
03-14 00:21:47.885  2083  2176 D DisplayPowerController[0]: setActualDisplayState: DOZE_SUSPEND -> DOZE
03-14 00:21:47.885  2083  2176 D DisplayPowerController[0]: animateScreenStateChange: target=DOZE, mIsEnabled=true
03-14 00:21:47.885  2083  2176 D DisplayPowerController[0]: animateScreenStateChange: target=DOZE, mIsEnabled=true
03-14 00:21:47.885  2083  2176 D PowerManagerService: displayReady: true groupId=0
03-14 00:21:47.886  2083  2558 D SysinputHAL_AIDL: activate(TSP(1)),3,1 ret=0
03-14 00:21:47.887  3238  3238 I VRI[RecentsTransitionOverlay]@815033c: onDisplayChanged oldDisplayState=4 newDisplayState=3
03-14 00:21:47.887  2748  2748 I MODManager: onShow ChargingInfoOnlyContainer
03-14 00:21:47.887  2748  2748 W MODManager: this device does not supports cover
03-14 00:21:47.887  3238  3238 I VRI[CocktailBarService]@b870e79: onDisplayChanged oldDisplayState=4 newDisplayState=3
03-14 00:21:47.887  3238  3238 I VRI[RecentsActivity]@a5b1272: onDisplayChanged oldDisplayState=4 newDisplayState=3
03-14 00:21:47.887  2748  2748 D DisplayLifecycle: updateDisplay id = 0
03-14 00:21:47.889  5329  5329 I VRI[LauncherActivity]@9ba8716: onDisplayChanged oldDisplayState=4 newDisplayState=3
03-14 00:21:47.892  2748  2882 D StackScroller: onDisplayChanged for predraw skip to 3
03-14 00:21:47.892  2748  2802 I VRI[ShellDropTarget]@92e3be9: onDisplayChanged oldDisplayState=4 newDisplayState=3
03-14 00:21:47.893  2748  2802 I VRI[View root of ReusableWindowDecorViewHost#0]@254be1d: onDisplayChanged oldDisplayState=4 newDisplayState=3
03-14 00:21:47.893  2748  2802 I VRI[View root of ReusableWindowDecorViewHost#1]@9ccb8b6: onDisplayChanged oldDisplayState=4 newDisplayState=3
03-14 00:21:47.893  2748  2748 I Keyguard.AODTouchModeManager: onDisplayChanged newDisplayState=3, currentDisplayState=4, displayId=0
03-14 00:21:47.896  2083  5503 D WifiDisplayAdapter: isFitToActiveDisplayLocked : false
03-14 00:21:47.896  2748  2748 I VRI[LockscreenShortcutBlur]@f4e5155: onDisplayChanged oldDisplayState=4 newDisplayState=3
03-14 00:21:47.896  2748  2748 I VRI[NavigationBar0]@cb51d69: onDisplayChanged oldDisplayState=4 newDisplayState=3
03-14 00:21:47.896  2748  2748 I VRI[EdgeBackGestureHandler0]@e247b7f: onDisplayChanged oldDisplayState=4 newDisplayState=3
03-14 00:21:47.896  2748  2748 I VRI[NotificationShade]@ddcb5e0: onDisplayChanged oldDisplayState=4 newDisplayState=3
03-14 00:21:47.896  2748  2748 I VRI[StatusBar]@b5f60f8: onDisplayChanged oldDisplayState=4 newDisplayState=3
03-14 00:21:47.896  2748  2748 I VRI[SecondaryHomeHandle0]@fc3d736: onDisplayChanged oldDisplayState=4 newDisplayState=3
03-14 00:21:47.903  1567  1567 I BufferQueueProducer: [NotificationShade$_2748#15421](this:0xb400006f877dc638,id:-1,api:0,p:-1,c:1567) queueBuffer: fps=0.10 dur=10087.08 max=10087.08 min=10087.08
03-14 00:21:47.907  1501  1501 I hwcomposer: [HWCDisplay] (0 updateFps():4131), (type:1, mode:2) fps:0.198286,dur:10086.44,max:10006.30,min:80.14  
03-14 00:21:47.978  1501  1884 I hwcomposer: [HWC] (0)fire a callback of refresh to SF[4]  
03-14 00:21:47.988  1567  1567 I BufferQueueProducer: [FramebufferSurface](this:0xb400006faf4f0370,id:-1,api:1,p:1567,c:1567) queueBuffer: fps=0.10 dur=10088.14 max=10088.14 min=10088.14
03-14 00:21:48.069  2083  2083 I Telecom : SamsungTelecomServiceImpl : isInManagedCall - callingPackage : android / callingUser : UserHandle{0} / hasCrossUserAccess : true
03-14 00:21:48.087  3238  6389 I HoneySpace.NotificationListener: onNotificationPosted com.android.systemui: -1|com.android.systemui|2131364006|charging_state|10060: 0
03-14 00:21:48.087  3238  6389 I HoneySpace.NotificationListener: invalid notification: com.android.systemui UserHandle{-1}: canShowBadge is false
03-14 00:21:48.096  2748  2748 I LockscreenNotificationIconsOnlyController: onNotificationInfoUpdated 0
03-14 00:21:48.096  2748  2748 I AODNotificationManager: updateNotification() 
03-14 00:21:48.287  2748  2748 D Bubbles : onEntryUpdated : shouldBubbleUp=true ,key=-1|com.android.systemui|2131364006|charging_state|10060
03-14 00:21:48.289  2748  2748 D InterruptionStateProvider:  no Heads up : edgelighting enabled app. -1|com.android.systemui|2131364006|charging_state|10060
03-14 00:21:48.289  2748  2748 I {OngoingActivityController}: onEntryUpdated and OA data is empty. So update latest task info
03-14 00:21:48.309  2748  2748 I LockscreenNotificationIconsOnlyController: onNotificationInfoUpdated 0
03-14 00:21:48.309  2748  2748 I AODNotificationManager: updateNotification() 
03-14 00:21:48.318  2748  3330 D LocalImageResolver: Couldn't use ImageDecoder for drawable, falling back to non-resized load.
03-14 00:21:48.320  2748  3330 D LocalImageResolver: Couldn't use ImageDecoder for drawable, falling back to non-resized load.
03-14 00:21:48.327  2748  2748 D LocalImageResolver: Couldn't use ImageDecoder for drawable, falling back to non-resized load.
03-14 00:21:48.339  2748  2748 D ExpandableNotifRow: mMaxSmallHeight different before reInflateViews mMaxSmallHeight: 189 mTempSmallHeight:0 -1|com.android.systemui|2131364006|charging_state|10060
03-14 00:21:48.339  2748  2748 D ExpandableNotifRow: mMaxSmallHeight different before reInflateViews mMaxSmallHeight: 189 mTempSmallHeight:0 -1|com.android.systemui|2131364006|charging_state|10060
03-14 00:21:48.339  2748  2748 D ExpandableNotifRow: mMaxSmallHeight different before reInflateViews mMaxSmallHeight: 189 mTempSmallHeight:0 -1|com.android.systemui|2131364006|charging_state|10060
03-14 00:21:48.339  2748  2748 D ExpandableNotifRow: mMaxSmallHeight different before reInflateViews mMaxSmallHeight: 189 mTempSmallHeight:0 -1|com.android.systemui|2131364006|charging_state|10060
03-14 00:21:48.346  2748  2748 D LocalImageResolver: Couldn't use ImageDecoder for drawable, falling back to non-resized load.
03-14 00:21:48.351  2748  2748 I LockscreenNotificationIconsOnlyController: onNotificationInfoUpdated 0
03-14 00:21:48.352  2748  2748 I AODNotificationManager: updateNotification() 
03-14 00:21:48.471  1673  1692 E thermal_core: find_tz_idx_by_name:"Failed to find thermal zone index of ap_ntc\n"
03-14 00:21:48.471  1673  1692 E thermal_core: find_tz_idx_by_name:"Failed to find thermal zone index of mtk-master-charger\n"
03-14 00:21:48.474  1830  1970 I bauth_FPBAuthService: pcf : 0x1012, 0 ,1 ,0 ,0 ,0 ,0, 16.0.0.3
03-14 00:21:48.474  1830  1970 I bauth_FPBAuthService: thread id : 1, preenroll_flag : 0, nd cnt : 0, cso : 0, et : 0
03-14 00:21:48.474  1830  1970 I bauth_FPBAuthService: FPBAuthService::timerHandler complete
03-14 00:21:48.945  2857  2857 I wpa_supplicant: Heartbeat 1404
03-14 00:21:49.476  1830  1970 I bauth_FPBAuthService: pcf : 0x1012, 0 ,1 ,0 ,0 ,0 ,0, 16.0.0.3
03-14 00:21:49.476  1830  1970 I bauth_FPBAuthService: thread id : 1, preenroll_flag : 0, nd cnt : 0, cso : 0, et : 0
03-14 00:21:49.477  1830  1970 I bauth_FPBAuthService: FPBAuthService::timerHandler complete
03-14 00:21:49.779   582   582 D io_stats: !@   8,32 r 3706093 78902184 w 2439163 31716984 d 307664 187098224 f 205136 237343 iot 1160580 0 th 0 0 0 pt 0 inp 0 0 50723.064
03-14 00:21:49.779   582   582 D io_stats: !@ Read_top(KB): binder:1483_2:normal(1483) 112 kworker/u32:12:/(28470) 96 kworker/u32:5:/(28442) 20
03-14 00:21:49.779   582   582 D io_stats: !@ Write_top(KB): kworker/u32:5:/(28442) 44 vendor.samsung.:normal(1528) 8 binder:1483_2:normal(1483) 8
03-14 00:21:50.477  1830  1970 I bauth_FPBAuthService: pcf : 0x1012, 0 ,1 ,0 ,0 ,0 ,0, 16.0.0.3
03-14 00:21:50.477  1830  1970 I bauth_FPBAuthService: thread id : 1, preenroll_flag : 0, nd cnt : 0, cso : 0, et : 0
03-14 00:21:50.477  1830  1970 I bauth_FPBAuthService: FPBAuthService::timerHandler complete
03-14 00:21:51.474  1673  1692 E thermal_core: find_tz_idx_by_name:"Failed to find thermal zone index of ap_ntc\n"
03-14 00:21:51.474  1673  1692 E thermal_core: find_tz_idx_by_name:"Failed to find thermal zone index of mtk-master-charger\n"
03-14 00:21:51.474  1673  1692 E thermal_core: find_tz_idx_by_name:"Failed to find thermal zone index of camera0\n"
03-14 00:21:51.474  1673  1692 E thermal_core: find_tz_idx_by_name:"Failed to find thermal zone index of mtk-master-charger\n"
03-14 00:21:51.474  1673  1692 E thermal_core: find_tz_idx_by_name:"Failed to find thermal zone index of nrpa_ntc\n"
03-14 00:21:51.475  1673  1692 E thermal_core: dump_thermal_log:"Error: sccanf error, ret=9\n"
03-14 00:21:51.476  1673  1692 E thermal_core: node_read:"Failed to read /sys/class/thermal/thermal_zone2/temp: No data available\n"
03-14 00:21:51.476  1673  1692 I thermal_core: "soc/nr/lte/ap_ntc/tpcb/conn/chg/cam/c_ttj/g_ttj/a_ttj=0/-274000/34526/-274000/46000/32000/-274000/-274000/85000/85000/85000\n"
03-14 00:21:51.476  1673  1692 I thermal_core: "[C(l)(c)(i)][G(l)(c)][A(l)(c)][TH][D]=[(666666/666666/666666)(500/725/0)(0x0)][(666666)(666666)][(666666666)(666666666)][0][1600]\n"
03-14 00:21:51.476  1673  1692 E thermal_core: node_read:"Failed to open /sys/kernel/helio-dvfsrc/dvfsrc_therm_info: No such file or directory\n"
03-14 00:21:51.476  1673  1692 I thermal_core: "1600"
03-14 00:21:51.479  1830  1970 I bauth_FPBAuthService: pcf : 0x1012, 0 ,1 ,0 ,0 ,0 ,0, 16.0.0.3
03-14 00:21:51.479  1830  1970 I bauth_FPBAuthService: thread id : 1, preenroll_flag : 0, nd cnt : 0, cso : 0, et : 0
03-14 00:21:51.479  1830  1970 I bauth_FPBAuthService: FPBAuthService::timerHandler complete
03-14 00:21:51.563  2083  2164 D MARsPolicyManager: triggerAction called!
03-14 00:21:51.564  2083  2164 I NSLocationMonitor: getGPSUsingApps() called
03-14 00:21:51.565  3549  3566 I NSLocationManager_FLP: getGPSUsingApps, No change
03-14 00:21:51.781   582   582 D io_stats: !@   8,32 r 3706093 78902184 w 2439166 31717036 d 307664 187098224 f 205136 237343 iot 1160584 0 th 0 0 0 pt 0 inp 0 0 50725.067
03-14 00:21:52.257  2083  2519 W DeviceStorageMonitorService: updateBroadcasts(/data) oldLevel:0, newLevel:0, seq:1
03-14 00:21:52.260  2083  2519 D DeviceStorageMonitorService: Available File Node Number is [12580619]
03-14 00:21:52.260  2083  2519 W DeviceStorageMonitorService: updateBroadcasts_filenode(/data) fn_oldLevel:0, fn_newLevel:0, seq:1
03-14 00:21:52.463  5068  6278 I SDHMS:x : SIOP:: AP:355 BAT:329 USB:337 CHG:366 PA:349 WIFI:348 BLK:0 SUBBAT:0 SKIN:335 SKINF:327 SKINB:335 LRP2:335 LRF2:327 LRB2:335 AP2:335 CHG2:332 MEM2:335 WIFI2:335 SPK2:320 VAP05:355 AVGCUR:1109 AVGSYS:0 POWER:4790
03-14 00:21:52.480  1830  1970 I bauth_FPBAuthService: pcf : 0x1012, 0 ,1 ,0 ,0 ,0 ,0, 16.0.0.3
03-14 00:21:52.480  1830  1970 I bauth_FPBAuthService: thread id : 1, preenroll_flag : 0, nd cnt : 0, cso : 0, et : 0
03-14 00:21:52.480  1830  1970 I bauth_FPBAuthService: FPBAuthService::timerHandler complete
03-14 00:21:53.375  2083  5413 D PowerManagerService: [api] release WakeLock DRAW_WAKE_LOCK                    'charging_info' ACQ=-5s506ms (uid=10060 pid=2748 displayId=0 lock=79a5834)
03-14 00:21:53.376  2083  5413 D PowerManagerService: displayReady: false groupId=0
03-14 00:21:53.377  2083  2176 D DisplayPowerController[0]: animateScreenStateChange: target=DOZE_SUSPEND, mIsEnabled=true
03-14 00:21:53.380  2083  2176 I DisplayPowerController[0]: BrightnessEvent: brt=0.16470589 (65.0%), nits= 42.077, lux=-1.0, reason=manual, strat=FallbackBrightnessStrategy, state=DOZE_SUSPEND, stateReason=UNKNOWN, policy=DOZE, flags=, initBrt=0.16470589, rcmdBrt=NaN, preBrt=NaN, preLux=0.0, wasShortTermModelActive=false, autoBrightness=false (default), unclampedBrt=0.16470589, hbmMax=1.0, hbmMode=off, thrmMax=1.0, rbcStrength=-1, powerFactor=1.0, physDisp=Yerleşik Ekran(local:4627039422300187648), logicalId=0, slowChange=false, rampSpeed=0.0
03-14 00:21:53.382  1520  1550 I mtkpower@impl: [setMode] type:9, enabled:1
03-14 00:21:53.382  2083  2637 D DisplayManagerService: !@display_state requestDisplayStateInternal: DOZE -> DOZE_SUSPEND displayId=0
03-14 00:21:53.382  1520  1550 I mtkpower@impl: [setMode] Mode::DISPLAY_INACTIVE: 1
03-14 00:21:53.383  2083  2637 D SemInputDeviceManagerService: setDisplayState[1] EARLY: DOZE(3) -> DOZE_SUSPEND(4)
03-14 00:21:53.384  2083  2116 I DisplayDeviceRepository: Display device changed state: "Yerleşik Ekran", DOZE_SUSPEND
03-14 00:21:53.385  2083  2637 D LocalDisplayAdapter: notifyStateChangeStart: com.samsung.android.hardware.secinputdev.external.DisplayStateListenerWrapper$1@c7e080a took 2 ms
03-14 00:21:53.385  2083  2083 D SGM:GameManager: onDisplayChanged. displyId: 0, state: 4
03-14 00:21:53.385  2083  2558 D SemInputDevice:TSP: ActivateTask: 4,0 [03-14 00:21:53.383]
03-14 00:21:53.386  2083  2114 D WindowManager: DeferredDisplayUpdater: partially applying DisplayInfo(1080 x 2340) immediately
03-14 00:21:53.386  2083  2476 I SemBiometricDisplayStateMonitor: DisplayStateListener#onStart : DOZE_SUSPEND, DOZE_SUSPEND, DEFAULT_DISPLAY
03-14 00:21:53.386 29780 29864 D AudioFlinger: setParameters: filtered dev setParameters keyvalue screen_state=off
03-14 00:21:53.387  2083  2637 D LocalDisplayAdapter: notifyStateChangeStart: com.android.server.biometrics.SemBiometricDisplayStateMonitor@478eea8 took 0 ms
03-14 00:21:53.387  2083  2637 W LocalDisplayAdapter: !@display_state - 2374 : DOZE -> DOZE_SUSPEND (MAIN)
03-14 00:21:53.388  2083  2176 D BrightnessThermalClamper: Thermal status observer already started
03-14 00:21:53.388  1567  1567 D SurfaceFlinger: Setting power mode 2 on physical display 4627039422300187648
03-14 00:21:53.388  2083  2299 D SGM:FgCheckThread: onLooperPrepared(), msg: MSG_LCD_OFF
03-14 00:21:53.389 29783 29791 D AudioALSAHardware: +setParameters(): screen_state=off
03-14 00:21:53.389  2083  2637 W LocalDisplayAdapter: !@display_state - 2374 : DOZE_SUSPEND (MAIN) took 2 ms
03-14 00:21:53.390 29783 29791 D AudioALSAHardware: -setParameters(): screen_state=off
03-14 00:21:53.390  2083  2637 D SemInputDeviceManagerService: setDisplayState[1] LATE: DOZE_SUSPEND(4) -> DOZE_SUSPEND(4)
03-14 00:21:53.391  2083  2637 D LocalDisplayAdapter: notifyStateChangeFinish: com.samsung.android.hardware.secinputdev.external.DisplayStateListenerWrapper$1@c7e080a took 2 ms
03-14 00:21:53.392  2083  2637 D LocalDisplayAdapter: notifyStateChangeFinish: com.android.server.biometrics.SemBiometricDisplayStateMonitor@478eea8 took 1 ms
03-14 00:21:53.392  2083  2176 D DisplayPowerController[0]: setActualDisplayState: DOZE -> DOZE_SUSPEND
03-14 00:21:53.392  2083  2176 D DisplayPowerController[0]: animateScreenStateChange: target=DOZE_SUSPEND, mIsEnabled=true
03-14 00:21:53.393  1534  1546 I sysinput:aidl: onReportInformation:93, 1, enabled@4,0:0
03-14 00:21:53.393  2083  2476 I SemBiometricDisplayStateMonitor: DisplayStateListener#onFinish : DOZE_SUSPEND, DOZE_SUSPEND, DEFAULT_DISPLAY
03-14 00:21:53.394  1534  1546 I sysinput:Touch1: operator():133, 4,0 OK
03-14 00:21:53.394  2083  2558 D SysinputHAL_AIDL: activate(TSP(1)),4,0 ret=0
03-14 00:21:53.394  2083  2558 D SemInputDevice:TSP: ActivateTask: 4,1 [03-14 00:21:53.390]
03-14 00:21:53.395  1567  1987 I VSyncReactor: Current= 90, Period= 90, hwcPeriod= 90
03-14 00:21:53.395  2748  2748 D DisplayLifecycle: updateDisplay id = 0
03-14 00:21:53.396  1534  1546 I sysinput:aidl: onReportInformation:93, 1, enabled@4,1:0
03-14 00:21:53.397  5415  5415 I HBD     : DeX h DeX mode state change in non-main thread 
03-14 00:21:53.397  2748  2882 D StackScroller: onDisplayChanged for predraw skip to 4
03-14 00:21:53.397  5415  5415 I HBD     : DeX h DeX mode state change: 3 
03-14 00:21:53.397  2748  2748 I Keyguard.AODTouchModeManager: onDisplayChanged newDisplayState=4, currentDisplayState=3, displayId=0
03-14 00:21:53.398  1534  1546 I sysinput:Touch1: operator():133, 4,1 OK
03-14 00:21:53.398  5415  5415 I VRI[InputMethod]@e345dc8: onDisplayChanged oldDisplayState=3 newDisplayState=4
03-14 00:21:53.400  2083  2558 D SysinputHAL_AIDL: activate(TSP(1)),4,1 ret=0
03-14 00:21:53.400  5329  5329 I VRI[LauncherActivity]@9ba8716: onDisplayChanged oldDisplayState=3 newDisplayState=4
03-14 00:21:53.401  2083  2176 D DisplayPowerController[0]: animateScreenStateChange: target=DOZE_SUSPEND, mIsEnabled=true
03-14 00:21:53.402  2748  2802 I VRI[ShellDropTarget]@92e3be9: onDisplayChanged oldDisplayState=3 newDisplayState=4
03-14 00:21:53.402  2748  2748 I VRI[LockscreenShortcutBlur]@f4e5155: onDisplayChanged oldDisplayState=3 newDisplayState=4
03-14 00:21:53.402  2748  2802 I VRI[View root of ReusableWindowDecorViewHost#0]@254be1d: onDisplayChanged oldDisplayState=3 newDisplayState=4
03-14 00:21:53.402  2748  2748 I VRI[NavigationBar0]@cb51d69: onDisplayChanged oldDisplayState=3 newDisplayState=4
03-14 00:21:53.402  2748  2802 I VRI[View root of ReusableWindowDecorViewHost#1]@9ccb8b6: onDisplayChanged oldDisplayState=3 newDisplayState=4
03-14 00:21:53.402  2748  2748 I VRI[EdgeBackGestureHandler0]@e247b7f: onDisplayChanged oldDisplayState=3 newDisplayState=4
03-14 00:21:53.403  2748  2748 I VRI[NotificationShade]@ddcb5e0: onDisplayChanged oldDisplayState=3 newDisplayState=4
03-14 00:21:53.403  2748  2748 I VRI[StatusBar]@b5f60f8: onDisplayChanged oldDisplayState=3 newDisplayState=4
03-14 00:21:53.403  2748  2748 I VRI[SecondaryHomeHandle0]@fc3d736: onDisplayChanged oldDisplayState=3 newDisplayState=4
03-14 00:21:53.404  2083  2176 D PowerManagerService: displayReady: true groupId=0
03-14 00:21:53.405  3238  3238 I VRI[LauncherActivity]@79a9058: onDisplayChanged oldDisplayState=3 newDisplayState=4
03-14 00:21:53.405  3238  3238 I VRI[RecentsTransitionOverlay]@815033c: onDisplayChanged oldDisplayState=3 newDisplayState=4
03-14 00:21:53.405  3238  8281 I HoneySpace.Memory-Monitor: current state = 4, didTrim = true
03-14 00:21:53.405  2083  5413 D WifiDisplayAdapter: isFitToActiveDisplayLocked : false
03-14 00:21:53.406  3238  3238 I VRI[CocktailBarService]@b870e79: onDisplayChanged oldDisplayState=3 newDisplayState=4
03-14 00:21:53.409  3238  3238 I VRI[RecentsActivity]@a5b1272: onDisplayChanged oldDisplayState=3 newDisplayState=4
03-14 00:21:53.482  1830  1970 I bauth_FPBAuthService: pcf : 0x1012, 0 ,1 ,0 ,0 ,0 ,0, 16.0.0.3
03-14 00:21:53.483  1830  1970 I bauth_FPBAuthService: thread id : 1, preenroll_flag : 0, nd cnt : 0, cso : 0, et : 0
03-14 00:21:53.483  1830  1970 I bauth_FPBAuthService: FPBAuthService::timerHandler complete
03-14 00:21:53.784   582   582 D io_stats: !@   8,32 r 3706093 78902184 w 2439169 31717052 d 307664 187098224 f 205136 237343 iot 1160588 0 th 0 0 0 pt 0 inp 0 0 50727.069
03-14 00:21:53.784   582   582 D io_stats: !@ Write_top(KB): kworker/u32:12:/(28470) 52 sait.sohservice:low(1299) 16
03-14 00:21:54.477  1673  1692 E thermal_core: find_tz_idx_by_name:"Failed to find thermal zone index of ap_ntc\n"
03-14 00:21:54.477  1673  1692 E thermal_core: find_tz_idx_by_name:"Failed to find thermal zone index of mtk-master-charger\n"
03-14 00:21:54.483  1830  1970 I bauth_FPBAuthService: pcf : 0x1012, 0 ,1 ,0 ,0 ,0 ,0, 16.0.0.3
03-14 00:21:54.483  1830  1970 I bauth_FPBAuthService: thread id : 1, preenroll_flag : 0, nd cnt : 0, cso : 0, et : 0
03-14 00:21:54.483  1830  1970 I bauth_FPBAuthService: FPBAuthService::timerHandler complete
03-14 00:21:55.485  1830  1970 I bauth_FPBAuthService: pcf : 0x1012, 0 ,1 ,0 ,0 ,0 ,0, 16.0.0.3
03-14 00:21:55.485  1830  1970 I bauth_FPBAuthService: thread id : 1, preenroll_flag : 0, nd cnt : 0, cso : 0, et : 0
03-14 00:21:55.486  1830  1970 I bauth_FPBAuthService: FPBAuthService::timerHandler complete
03-14 00:21:56.486  1830  1970 I bauth_FPBAuthService: pcf : 0x1012, 0 ,1 ,0 ,0 ,0 ,0, 16.0.0.3
03-14 00:21:56.487  1830  1970 I bauth_FPBAuthService: thread id : 1, preenroll_flag : 0, nd cnt : 0, cso : 0, et : 0
03-14 00:21:56.487  1830  1970 I bauth_FPBAuthService: FPBAuthService::timerHandler complete
03-14 00:21:56.590  2083  2164 D MARsPolicyManager: triggerAction called!
03-14 00:21:56.590  2083  2164 I NSLocationMonitor: getGPSUsingApps() called
03-14 00:21:56.591  3549  3566 I NSLocationManager_FLP: getGPSUsingApps, No change
03-14 00:21:57.480  1673  1692 E thermal_core: find_tz_idx_by_name:"Failed to find thermal zone index of ap_ntc\n"
03-14 00:21:57.480  1673  1692 E thermal_core: find_tz_idx_by_name:"Failed to find thermal zone index of mtk-master-charger\n"
03-14 00:21:57.489  1830  1970 I bauth_FPBAuthService: pcf : 0x1012, 0 ,1 ,0 ,0 ,0 ,0, 16.0.0.3
03-14 00:21:57.489  1830  1970 I bauth_FPBAuthService: thread id : 1, preenroll_flag : 0, nd cnt : 0, cso : 0, et : 0
03-14 00:21:57.489  1830  1970 I bauth_FPBAuthService: FPBAuthService::timerHandler complete
03-14 00:21:57.793   582   582 D io_stats: !@   8,32 r 3706093 78902184 w 2439172 31717112 d 307664 187098224 f 205136 237343 iot 1160592 0 th 0 0 0 pt 0 inp 0 0 50731.078
03-14 00:21:57.793   582   582 D io_stats: !@ Write_top(KB): kworker/u32:5:/(28442) 60
03-14 00:21:57.954  1528  1554 E BatteryDump: !@new_battery_dump : 4320,1095,3000,3150,84,329,337,366,0,0,335,366,0,Charging,NO_CHARGING,Normal,Good,PDIC,0,Normal,0,0,9350,0x0,0x10000,0x0,0,0,0000,0000,00000000,0,0,0,0,486,4117,8270,980,0,
03-14 00:21:57.964  2083  5136 D [SS]BattFunctions: [sendRemainingChargingTimeChangedIntent]remainingChargingTime:1862 ,mLastRemainingChargingTime:1869
03-14 00:21:57.965  1536  1536 I seh_thermal_service: getTemperaturesWithType SehTemperatureType: 3
03-14 00:21:57.965  1528  1528 I sehhealth-service: updateLrpSysfs: write: 335
03-14 00:21:57.970  2748  2748 I AODBatteryManager: updateBatteryData: ACTION_BATTERY_CHANGED: false, isSleepModeChanged:false ,isRemainingTimeChanged: true, isUSBRestriction: false
03-14 00:21:57.970  2748  2748 I ChargingInfoManager: updateChargingInfo: newState = AOD ChargingInfo [mState=BATTERY_AND_REMAIN_TIME, mIsCharging=true, mIsPlugged=true, mIsFullyCharged=false, mIsBatteryProtectMode=false, mBetteryLevel=84, mBetteryProtectModeType3, mIsSlowChargingfalse], oldState = AOD ChargingInfo [mState=BATTERY_AND_REMAIN_TIME, mIsCharging=true, mIsPlugged=true, mIsFullyCharged=false, mIsBatteryProtectMode=false, mBetteryLevel=84, mBetteryProtectModeType3, mIsSlowChargingfalse]
03-14 00:21:57.972  2748  2748 D PowerUI : Remaining charging time : 1862
03-14 00:21:57.973  2748  2748 D PowerUI : Charging time is changed, check charging notification
03-14 00:21:57.975  2748  2748 D PowerUI.Notification: showChargingNotice - Battery Level : 84 -> 84, Charging Type : 11 -> 11, Charging Time : 1869 -> 1862, Maximum protection : false -> false, Maximum threshold : 80 -> 80
03-14 00:21:57.979  1567  3371 I VSyncReactor: Current= 90, Period= 90, hwcPeriod= 90
03-14 00:21:57.980  2748  2748 I NotificationManager: com.android.systemui: notify(2131364006, charging_state, Notification(channel=CHR shortcut=null contentView=null vibrate=null sound=null defaults=0 flags=ONGOING_EVENT|ONLY_ALERT_ONCE color=0x00000000 category=sys groupKey=CHARGING vis=PUBLIC semFlags=0x0 semPriority=0 semMissedCount=0)) as user
03-14 00:21:57.987  2083  5136 W PermissionService: getPermissionFlags: Unknown user -1
03-14 00:21:57.987  2083  5136 W PermissionService: getPermissionFlags: Unknown user -1
03-14 00:21:57.991  2748  2748 I ChargingInfoView: handleMessage: MSG_SHOW_CHARGING_INFO
03-14 00:21:57.992  2748  2748 I BottomChargingInfoView: updateContents: BATTERY_AND_REMAIN_TIME
03-14 00:21:57.992  2748  2748 I AOD_WAKELOCK@WakeLockManager: acquireIfExists: tag - charging_info, timeout - 1000, reason - Charging Info is updating, delay by 500, wakeLock = WakeLock{432cb95 held=false, refCount=0}
03-14 00:21:57.993  2083  5136 D PowerManagerService: [api] acquire WakeLock DRAW_WAKE_LOCK                    'charging_info' (uid=10060 pid=2748 displayId=0 lock=79a5834)
03-14 00:21:57.994  2083  5136 D PowerManagerService: displayReady: false groupId=0
03-14 00:21:57.995  2083  2176 D DisplayPowerController[0]: animateScreenStateChange: target=DOZE, mIsEnabled=true
03-14 00:21:57.996  2748  2748 I ChargingInfoManager: getDeviceRemainingTime: Dolmasına 31 dk
03-14 00:21:57.996  2748  2748 I AOD_WAKELOCK@WakeLockManager: acquireIfExists: tag - charging_info, timeout - 5500, reason - Charging Info is updating, delay by 5000, wakeLock = WakeLock{432cb95 held=true, refCount=1}
03-14 00:21:57.997  2083  2176 I DisplayPowerController[0]: BrightnessEvent: brt=0.16470589 (65.0%), nits= 42.077, lux=-1.0, reason=manual, strat=FallbackBrightnessStrategy, state=DOZE, stateReason=DRAW_WAKE_LOCK, policy=DOZE, flags=, initBrt=0.16470589, rcmdBrt=NaN, preBrt=NaN, preLux=0.0, wasShortTermModelActive=false, autoBrightness=false (default), unclampedBrt=0.16470589, hbmMax=1.0, hbmMode=off, thrmMax=1.0, rbcStrength=-1, powerFactor=1.0, physDisp=Yerleşik Ekran(local:4627039422300187648), logicalId=0, slowChange=false, rampSpeed=0.0
03-14 00:21:57.997  2748  2748 I AbsChargingInfoComponent: setVisibilityWithAnim: skipped true
03-14 00:21:57.999  2083  2637 D DisplayManagerService: !@display_state requestDisplayStateInternal: DOZE_SUSPEND -> DOZE displayId=0
03-14 00:21:58.000  1520  1550 I mtkpower@impl: [setMode] type:9, enabled:1
03-14 00:21:58.000  1520  1550 I mtkpower@impl: [setMode] Mode::DISPLAY_INACTIVE: 1
03-14 00:21:58.001  2083  2637 D SemInputDeviceManagerService: setDisplayState[1] EARLY: DOZE_SUSPEND(4) -> DOZE(3)
03-14 00:21:58.000  2748  2748 I SecKeyguardClockPositionAlgorithm: prepareClockContainerHeightChanging:
03-14 00:21:58.002  2083  2116 I DisplayDeviceRepository: Display device changed state: "Yerleşik Ekran", DOZE
03-14 00:21:58.002  2083  2637 D LocalDisplayAdapter: notifyStateChangeStart: com.samsung.android.hardware.secinputdev.external.DisplayStateListenerWrapper$1@c7e080a took 2 ms
03-14 00:21:58.002  2083  2637 D LocalDisplayAdapter: notifyStateChangeStart: com.android.server.biometrics.SemBiometricDisplayStateMonitor@478eea8 took 0 ms
03-14 00:21:58.003  2083  2476 I SemBiometricDisplayStateMonitor: DisplayStateListener#onStart : DOZE, DOZE, DEFAULT_DISPLAY
03-14 00:21:58.003  2083  2176 D BrightnessThermalClamper: Thermal status observer already started
03-14 00:21:58.003  2083  2558 D SemInputDevice:TSP: ActivateTask: 3,0 [03-14 00:21:58.001]
03-14 00:21:58.003  2083  2114 D WindowManager: DeferredDisplayUpdater: partially applying DisplayInfo(1080 x 2340) immediately
03-14 00:21:58.004  2083  2083 D SGM:GameManager: onDisplayChanged. displyId: 0, state: 3
03-14 00:21:58.004  2083  2637 W LocalDisplayAdapter: !@display_state - 2375 : DOZE_SUSPEND -> DOZE (MAIN)
03-14 00:21:58.004  1534  1546 I sysinput:aidl: onReportInformation:93, 1, enabled@3,0:0
03-14 00:21:58.005  1567  1567 D SurfaceFlinger: Setting power mode 2 on physical display 4627039422300187648
03-14 00:21:58.005 29780 29864 D AudioFlinger: setParameters: filtered dev setParameters keyvalue screen_state=off
03-14 00:21:58.005  2748  2748 I SecKeyguardClockPositionAlgorithm: prepareClockContainerHeightChanging:
03-14 00:21:58.005  2083  2637 W LocalDisplayAdapter: !@display_state - 2375 : DOZE (MAIN) took 1 ms
03-14 00:21:58.006  2083  2637 D SemInputDeviceManagerService: setDisplayState[1] LATE: DOZE(3) -> DOZE(3)
03-14 00:21:58.006 29783 29791 D AudioALSAHardware: +setParameters(): screen_state=off
03-14 00:21:58.006 29783 29791 D AudioALSAHardware: -setParameters(): screen_state=off
03-14 00:21:58.006  1534  1546 I sysinput:Touch1: operator():133, 3,0 OK
03-14 00:21:58.006  2083  2558 D SysinputHAL_AIDL: activate(TSP(1)),3,0 ret=0
03-14 00:21:58.008  2083  2637 D LocalDisplayAdapter: notifyStateChangeFinish: com.samsung.android.hardware.secinputdev.external.DisplayStateListenerWrapper$1@c7e080a took 2 ms
03-14 00:21:58.008  2083  2558 D SemInputDevice:TSP: ActivateTask: 3,1 [03-14 00:21:58.006]
03-14 00:21:58.008  2083  2637 D LocalDisplayAdapter: notifyStateChangeFinish: com.android.server.biometrics.SemBiometricDisplayStateMonitor@478eea8 took 0 ms
