03-14 00:21:07.928  2748  2748 I AODNotificationManager: updateNotification() 
03-14 00:21:08.406  1830  1970 I bauth_FPBAuthService: pcf : 0x1012, 0 ,1 ,0 ,0 ,0 ,0, 16.0.0.3
03-14 00:21:08.406  1830  1970 I bauth_FPBAuthService: thread id : 1, preenroll_flag : 0, nd cnt : 0, cso : 0, et : 0
03-14 00:21:08.406  1830  1970 I bauth_FPBAuthService: FPBAuthService::timerHandler complete
03-14 00:21:08.898  2857  2857 I wpa_supplicant: Heartbeat 1400
03-14 00:21:09.406  1830  1970 I bauth_FPBAuthService: pcf : 0x1012, 0 ,1 ,0 ,0 ,0 ,0, 16.0.0.3
03-14 00:21:09.407  1830  1970 I bauth_FPBAuthService: thread id : 1, preenroll_flag : 0, nd cnt : 0, cso : 0, et : 0
03-14 00:21:09.407  1830  1970 I bauth_FPBAuthService: FPBAuthService::timerHandler complete
03-14 00:21:09.436  1673  1692 E thermal_core: find_tz_idx_by_name:"Failed to find thermal zone index of ap_ntc\n"
03-14 00:21:09.436  1673  1692 E thermal_core: find_tz_idx_by_name:"Failed to find thermal zone index of mtk-master-charger\n"
03-14 00:21:09.725   582   582 D io_stats: !@ Write_top(KB): sait.sohservice:low(1299) 68 vendor.samsung.:normal(1528) 8
03-14 00:21:10.409  1830  1970 I bauth_FPBAuthService: pcf : 0x1012, 0 ,1 ,0 ,0 ,0 ,0, 16.0.0.3
03-14 00:21:10.409  1830  1970 I bauth_FPBAuthService: thread id : 1, preenroll_flag : 0, nd cnt : 0, cso : 0, et : 0
03-14 00:21:10.409  1830  1970 I bauth_FPBAuthService: FPBAuthService::timerHandler complete
03-14 00:21:10.423  1583  1596 D ccci_mdinit: (1):monitor_time_update_thread round:2247 ########
03-14 00:21:11.339  2083  2164 D MARsPolicyManager: triggerAction called!
03-14 00:21:11.344  2083  2164 I NSLocationMonitor: getGPSUsingApps() called
03-14 00:21:11.347  3549  3566 I NSLocationManager_FLP: getGPSUsingApps, No change
03-14 00:21:11.385  2083  2125 E Watchdog: !@Sync: 1688 heap(MB): 149 / 156 FD: 1162 [2026-03-14 00:21:11.385]
03-14 00:21:11.412  1830  1970 I bauth_FPBAuthService: pcf : 0x1012, 0 ,1 ,0 ,0 ,0 ,0, 16.0.0.3
03-14 00:21:11.412  1830  1970 I bauth_FPBAuthService: thread id : 1, preenroll_flag : 0, nd cnt : 0, cso : 0, et : 0
03-14 00:21:11.412  1830  1970 I bauth_FPBAuthService: FPBAuthService::timerHandler complete
03-14 00:21:12.414  1830  1970 I bauth_FPBAuthService: pcf : 0x1012, 0 ,1 ,0 ,0 ,0 ,0, 16.0.0.3
03-14 00:21:12.415  1830  1970 I bauth_FPBAuthService: thread id : 1, preenroll_flag : 0, nd cnt : 0, cso : 0, et : 0
03-14 00:21:12.415  1830  1970 I bauth_FPBAuthService: FPBAuthService::timerHandler complete
03-14 00:21:12.437  1673  1692 E thermal_core: find_tz_idx_by_name:"Failed to find thermal zone index of ap_ntc\n"
03-14 00:21:12.438  1673  1692 E thermal_core: find_tz_idx_by_name:"Failed to find thermal zone index of mtk-master-charger\n"
03-14 00:21:12.440  5068  6278 I SDHMS:x : SIOP:: AP:356 BAT:330 USB:339 CHG:369 PA:351 WIFI:350 BLK:0 SUBBAT:0 SKIN:337 SKINF:329 SKINB:337 LRP2:337 LRF2:329 LRB2:337 AP2:337 CHG2:334 MEM2:337 WIFI2:337 SPK2:319 VAP05:357 AVGCUR:1152 AVGSYS:0 POWER:4976
03-14 00:21:12.957  2083  2665 D PowerManagerService: [api] release WakeLock DRAW_WAKE_LOCK                    'charging_info' ACQ=-5s506ms (uid=10060 pid=2748 displayId=0 lock=79a5834)
03-14 00:21:12.958  2083  2665 D PowerManagerService: displayReady: false groupId=0
03-14 00:21:12.959  2083  2176 D DisplayPowerController[0]: animateScreenStateChange: target=DOZE_SUSPEND, mIsEnabled=true
03-14 00:21:12.963  2083  2176 I DisplayPowerController[0]: BrightnessEvent: brt=0.16470589 (65.0%), nits= 42.077, lux=-1.0, reason=manual, strat=FallbackBrightnessStrategy, state=DOZE_SUSPEND, stateReason=UNKNOWN, policy=DOZE, flags=, initBrt=0.16470589, rcmdBrt=NaN, preBrt=NaN, preLux=0.0, wasShortTermModelActive=false, autoBrightness=false (default), unclampedBrt=0.16470589, hbmMax=1.0, hbmMode=off, thrmMax=1.0, rbcStrength=-1, powerFactor=1.0, physDisp=Yerleşik Ekran(local:4627039422300187648), logicalId=0, slowChange=false, rampSpeed=0.0
03-14 00:21:12.966  2083  2637 D DisplayManagerService: !@display_state requestDisplayStateInternal: DOZE -> DOZE_SUSPEND displayId=0
03-14 00:21:12.966  1520  1550 I mtkpower@impl: [setMode] type:9, enabled:1
03-14 00:21:12.966  1520  1550 I mtkpower@impl: [setMode] Mode::DISPLAY_INACTIVE: 1
03-14 00:21:12.967  2083  2637 D SemInputDeviceManagerService: setDisplayState[1] EARLY: DOZE(3) -> DOZE_SUSPEND(4)
03-14 00:21:12.968  2083  2116 I DisplayDeviceRepository: Display device changed state: "Yerleşik Ekran", DOZE_SUSPEND
03-14 00:21:12.968  2083  2637 D LocalDisplayAdapter: notifyStateChangeStart: com.samsung.android.hardware.secinputdev.external.DisplayStateListenerWrapper$1@c7e080a took 1 ms
03-14 00:21:12.969  2083  2558 D SemInputDevice:TSP: ActivateTask: 4,0 [03-14 00:21:12.967]
03-14 00:21:12.969  2083  2637 D LocalDisplayAdapter: notifyStateChangeStart: com.android.server.biometrics.SemBiometricDisplayStateMonitor@478eea8 took 1 ms
03-14 00:21:12.969  2083  2637 W LocalDisplayAdapter: !@display_state - 2366 : DOZE -> DOZE_SUSPEND (MAIN)
03-14 00:21:12.969  2083  2476 I SemBiometricDisplayStateMonitor: DisplayStateListener#onStart : DOZE_SUSPEND, DOZE_SUSPEND, DEFAULT_DISPLAY
03-14 00:21:12.970  2083  2176 D BrightnessThermalClamper: Thermal status observer already started
03-14 00:21:12.970  1534  1546 I sysinput:aidl: onReportInformation:93, 1, enabled@4,0:0
03-14 00:21:12.970  2083  2083 D SGM:GameManager: onDisplayChanged. displyId: 0, state: 4
03-14 00:21:12.971 29780 29864 D AudioFlinger: setParameters: filtered dev setParameters keyvalue screen_state=off
03-14 00:21:12.971  2083  2299 D SGM:FgCheckThread: onLooperPrepared(), msg: MSG_LCD_OFF
03-14 00:21:12.971  2083  2114 D WindowManager: DeferredDisplayUpdater: partially applying DisplayInfo(1080 x 2340) immediately
03-14 00:21:12.972 29783 29791 D AudioALSAHardware: +setParameters(): screen_state=off
03-14 00:21:12.972 29783 29791 D AudioALSAHardware: -setParameters(): screen_state=off
03-14 00:21:12.974  1567  1567 D SurfaceFlinger: Setting power mode 2 on physical display 4627039422300187648
03-14 00:21:12.974  1534  1546 I sysinput:Touch1: operator():133, 4,0 OK
03-14 00:21:12.974  2083  2558 D SysinputHAL_AIDL: activate(TSP(1)),4,0 ret=0
03-14 00:21:12.975  2083  2637 W LocalDisplayAdapter: !@display_state - 2366 : DOZE_SUSPEND (MAIN) took 6 ms
03-14 00:21:12.975  2083  2637 D SemInputDeviceManagerService: setDisplayState[1] LATE: DOZE_SUSPEND(4) -> DOZE_SUSPEND(4)
03-14 00:21:12.976  2083  2637 D LocalDisplayAdapter: notifyStateChangeFinish: com.samsung.android.hardware.secinputdev.external.DisplayStateListenerWrapper$1@c7e080a took 1 ms
03-14 00:21:12.976  2083  2637 D LocalDisplayAdapter: notifyStateChangeFinish: com.android.server.biometrics.SemBiometricDisplayStateMonitor@478eea8 took 0 ms
03-14 00:21:12.976  2083  2476 I SemBiometricDisplayStateMonitor: DisplayStateListener#onFinish : DOZE_SUSPEND, DOZE_SUSPEND, DEFAULT_DISPLAY
03-14 00:21:12.977  2083  2558 D SemInputDevice:TSP: ActivateTask: 4,1 [03-14 00:21:12.975]
03-14 00:21:12.977  1534  1546 I sysinput:aidl: onReportInformation:93, 1, enabled@4,1:0
03-14 00:21:12.978  1534  1546 I sysinput:Touch1: operator():133, 4,1 OK
03-14 00:21:12.978  2083  2176 D DisplayPowerController[0]: setActualDisplayState: DOZE -> DOZE_SUSPEND
03-14 00:21:12.978  2083  2176 D DisplayPowerController[0]: animateScreenStateChange: target=DOZE_SUSPEND, mIsEnabled=true
03-14 00:21:12.978  2748  2748 D DisplayLifecycle: updateDisplay id = 0
03-14 00:21:12.979  2083  2176 D DisplayPowerController[0]: animateScreenStateChange: target=DOZE_SUSPEND, mIsEnabled=true
03-14 00:21:12.979  2748  2748 I Keyguard.AODTouchModeManager: onDisplayChanged newDisplayState=4, currentDisplayState=3, displayId=0
03-14 00:21:12.979  5415  5415 I HBD     : DeX h DeX mode state change in non-main thread 
03-14 00:21:12.979  5415  5415 I HBD     : DeX h DeX mode state change: 3 
03-14 00:21:12.981  2083  2558 D SysinputHAL_AIDL: activate(TSP(1)),4,1 ret=0
03-14 00:21:12.982  3238 28280 I HoneySpace.Memory-Monitor: current state = 4, didTrim = true
03-14 00:21:12.982  1567  1987 I VSyncReactor: Current= 90, Period= 90, hwcPeriod= 90
03-14 00:21:12.983  5415  5415 I VRI[InputMethod]@e345dc8: onDisplayChanged oldDisplayState=3 newDisplayState=4
03-14 00:21:12.984  2083  2176 D PowerManagerService: displayReady: true groupId=0
03-14 00:21:12.985  2748  2882 D StackScroller: onDisplayChanged for predraw skip to 4
03-14 00:21:12.985  5329  5329 I VRI[LauncherActivity]@9ba8716: onDisplayChanged oldDisplayState=3 newDisplayState=4
03-14 00:21:12.986  3238  3238 I VRI[LauncherActivity]@79a9058: onDisplayChanged oldDisplayState=3 newDisplayState=4
03-14 00:21:12.986  3238  3238 I VRI[RecentsTransitionOverlay]@815033c: onDisplayChanged oldDisplayState=3 newDisplayState=4
03-14 00:21:12.986  3238  3238 I VRI[CocktailBarService]@b870e79: onDisplayChanged oldDisplayState=3 newDisplayState=4
03-14 00:21:12.986  3238  3238 I VRI[RecentsActivity]@a5b1272: onDisplayChanged oldDisplayState=3 newDisplayState=4
03-14 00:21:12.987  2083  5413 D WifiDisplayAdapter: isFitToActiveDisplayLocked : false
03-14 00:21:12.990  2748  2802 I VRI[ShellDropTarget]@92e3be9: onDisplayChanged oldDisplayState=3 newDisplayState=4
03-14 00:21:12.991  2748  2748 I VRI[LockscreenShortcutBlur]@f4e5155: onDisplayChanged oldDisplayState=3 newDisplayState=4
03-14 00:21:12.991  2748  2748 I VRI[NavigationBar0]@cb51d69: onDisplayChanged oldDisplayState=3 newDisplayState=4
03-14 00:21:12.991  2748  2748 I VRI[EdgeBackGestureHandler0]@e247b7f: onDisplayChanged oldDisplayState=3 newDisplayState=4
03-14 00:21:12.992  2748  2748 I VRI[NotificationShade]@ddcb5e0: onDisplayChanged oldDisplayState=3 newDisplayState=4
03-14 00:21:12.992  2748  2748 I VRI[StatusBar]@b5f60f8: onDisplayChanged oldDisplayState=3 newDisplayState=4
03-14 00:21:12.992  2748  2802 I VRI[View root of ReusableWindowDecorViewHost#0]@254be1d: onDisplayChanged oldDisplayState=3 newDisplayState=4
03-14 00:21:12.992  2748  2802 I VRI[View root of ReusableWindowDecorViewHost#1]@9ccb8b6: onDisplayChanged oldDisplayState=3 newDisplayState=4
03-14 00:21:12.992  2748  2748 I VRI[SecondaryHomeHandle0]@fc3d736: onDisplayChanged oldDisplayState=3 newDisplayState=4
03-14 00:21:13.417  1830  1970 I bauth_FPBAuthService: pcf : 0x1012, 0 ,1 ,0 ,0 ,0 ,0, 16.0.0.3
03-14 00:21:13.417  1830  1970 I bauth_FPBAuthService: thread id : 1, preenroll_flag : 0, nd cnt : 0, cso : 0, et : 0
03-14 00:21:13.417  1830  1970 I bauth_FPBAuthService: FPBAuthService::timerHandler complete
03-14 00:21:13.461  2083  5414 D NetdEventListenerService: CSC Feature value: true
03-14 00:21:13.463  2083  5414 D NetdEventListenerService: CSC Feature value: true
03-14 00:21:13.731   582   582 D io_stats: !@   8,32 r 3706056 78901924 w 2439104 31716424 d 307664 187098224 f 205132 237342 iot 1160520 0 th 0 0 0 pt 0 inp 0 0 50687.016
03-14 00:21:13.732   582   582 D io_stats: !@ Write_top(KB): kworker/u32:3:/(31888) 60 sait.sohservice:low(1299) 28
03-14 00:21:14.417  1830  1970 I bauth_FPBAuthService: pcf : 0x1012, 0 ,1 ,0 ,0 ,0 ,0, 16.0.0.3
03-14 00:21:14.418  1830  1970 I bauth_FPBAuthService: thread id : 1, preenroll_flag : 0, nd cnt : 0, cso : 0, et : 0
03-14 00:21:14.418  1830  1970 I bauth_FPBAuthService: FPBAuthService::timerHandler complete
03-14 00:21:15.009  1517  1556 I libPerfCtl: xgfGetFPS pid:-1 fps:0
03-14 00:21:15.009  1517  1556 I libPerfCtl: xgfGetFPS ioctl_valid:-2
03-14 00:21:15.103  1607  1607 I libPerfCtl: xgfGetCmd ioctl_valid:-2
03-14 00:21:15.420  1830  1970 I bauth_FPBAuthService: pcf : 0x1012, 0 ,1 ,0 ,0 ,0 ,0, 16.0.0.3
03-14 00:21:15.420  1830  1970 I bauth_FPBAuthService: thread id : 1, preenroll_flag : 0, nd cnt : 0, cso : 0, et : 0
03-14 00:21:15.420  1830  1970 I bauth_FPBAuthService: FPBAuthService::timerHandler complete
03-14 00:21:15.438  1673  1692 E thermal_core: find_tz_idx_by_name:"Failed to find thermal zone index of ap_ntc\n"
03-14 00:21:15.438  1673  1692 E thermal_core: find_tz_idx_by_name:"Failed to find thermal zone index of mtk-master-charger\n"
03-14 00:21:15.438  1673  1692 E thermal_core: find_tz_idx_by_name:"Failed to find thermal zone index of camera0\n"
03-14 00:21:15.439  1673  1692 E thermal_core: find_tz_idx_by_name:"Failed to find thermal zone index of mtk-master-charger\n"
03-14 00:21:15.439  1673  1692 E thermal_core: find_tz_idx_by_name:"Failed to find thermal zone index of nrpa_ntc\n"
03-14 00:21:15.439  1673  1692 E thermal_core: dump_thermal_log:"Error: sccanf error, ret=9\n"
03-14 00:21:15.441  1673  1692 E thermal_core: node_read:"Failed to read /sys/class/thermal/thermal_zone2/temp: No data available\n"
03-14 00:21:15.441  1673  1692 I thermal_core: "soc/nr/lte/ap_ntc/tpcb/conn/chg/cam/c_ttj/g_ttj/a_ttj=0/-274000/34684/-274000/46000/30000/-274000/-274000/85000/85000/85000\n"
03-14 00:21:15.441  1673  1692 I thermal_core: "[C(l)(c)(i)][G(l)(c)][A(l)(c)][TH][D]=[(666666/666666/666666)(500/725/0)(0x0)][(666666)(666666)][(666666666)(666666666)][0][1200]\n"
03-14 00:21:15.441  1673  1692 E thermal_core: node_read:"Failed to open /sys/kernel/helio-dvfsrc/dvfsrc_therm_info: No such file or directory\n"
03-14 00:21:15.442  1673  1692 I thermal_core: "1200"
03-14 00:21:16.379  2083  2164 D MARsPolicyManager: triggerAction called!
03-14 00:21:16.379  2083  2164 I NSLocationMonitor: getGPSUsingApps() called
03-14 00:21:16.380  3549  3566 I NSLocationManager_FLP: getGPSUsingApps, No change
03-14 00:21:16.422  1830  1970 I bauth_FPBAuthService: pcf : 0x1012, 0 ,1 ,0 ,0 ,0 ,0, 16.0.0.3
03-14 00:21:16.423  1830  1970 I bauth_FPBAuthService: thread id : 1, preenroll_flag : 0, nd cnt : 0, cso : 0, et : 0
03-14 00:21:16.423  1830  1970 I bauth_FPBAuthService: FPBAuthService::timerHandler complete
03-14 00:21:17.423  1830  1970 I bauth_FPBAuthService: pcf : 0x1012, 0 ,1 ,0 ,0 ,0 ,0, 16.0.0.3
03-14 00:21:17.423  1830  1970 I bauth_FPBAuthService: thread id : 1, preenroll_flag : 0, nd cnt : 0, cso : 0, et : 0
03-14 00:21:17.423  1830  1970 I bauth_FPBAuthService: FPBAuthService::timerHandler complete
03-14 00:21:17.513  1528  1554 E BatteryDump: !@new_battery_dump : 4320,1139,3000,3150,83,330,338,368,0,0,337,368,0,Charging,NO_CHARGING,Normal,Good,PDIC,0,Normal,0,0,9374,0x0,0x10000,0x0,0,0,0000,0000,00000000,0,0,0,0,486,4114,8230,980,0,
03-14 00:21:17.520  2083  5414 D [SS]BattFunctions: [sendRemainingChargingTimeChangedIntent]remainingChargingTime:1884 ,mLastRemainingChargingTime:1891
03-14 00:21:17.520  1536  1536 I seh_thermal_service: getTemperaturesWithType SehTemperatureType: 3
03-14 00:21:17.521  1528  1528 I sehhealth-service: updateLrpSysfs: write: 337
03-14 00:21:17.527  2748  2748 I AODBatteryManager: updateBatteryData: ACTION_BATTERY_CHANGED: false, isSleepModeChanged:false ,isRemainingTimeChanged: true, isUSBRestriction: false
03-14 00:21:17.527  2748  2748 I ChargingInfoManager: updateChargingInfo: newState = AOD ChargingInfo [mState=BATTERY_AND_REMAIN_TIME, mIsCharging=true, mIsPlugged=true, mIsFullyCharged=false, mIsBatteryProtectMode=false, mBetteryLevel=83, mBetteryProtectModeType3, mIsSlowChargingfalse], oldState = AOD ChargingInfo [mState=BATTERY_AND_REMAIN_TIME, mIsCharging=true, mIsPlugged=true, mIsFullyCharged=false, mIsBatteryProtectMode=false, mBetteryLevel=83, mBetteryProtectModeType3, mIsSlowChargingfalse]
03-14 00:21:17.531  2748  2748 D PowerUI : Remaining charging time : 1884
03-14 00:21:17.531  2748  2748 D PowerUI : Charging time is changed, check charging notification
03-14 00:21:17.536  2748  2748 D PowerUI.Notification: showChargingNotice - Battery Level : 83 -> 83, Charging Type : 11 -> 11, Charging Time : 1891 -> 1884, Maximum protection : false -> false, Maximum threshold : 80 -> 80
03-14 00:21:17.541  2748  2748 I NotificationManager: com.android.systemui: notify(2131364006, charging_state, Notification(channel=CHR shortcut=null contentView=null vibrate=null sound=null defaults=0 flags=ONGOING_EVENT|ONLY_ALERT_ONCE color=0x00000000 category=sys groupKey=CHARGING vis=PUBLIC semFlags=0x0 semPriority=0 semMissedCount=0)) as user
03-14 00:21:17.542  1567  1613 I VSyncReactor: Current= 90, Period= 90, hwcPeriod= 90
03-14 00:21:17.547  2083  5463 W PermissionService: getPermissionFlags: Unknown user -1
03-14 00:21:17.547  2083  5463 W PermissionService: getPermissionFlags: Unknown user -1
03-14 00:21:17.550  2748  2748 I ChargingInfoView: handleMessage: MSG_SHOW_CHARGING_INFO
03-14 00:21:17.551  2748  2748 I BottomChargingInfoView: updateContents: BATTERY_AND_REMAIN_TIME
03-14 00:21:17.552  2748  2748 I AOD_WAKELOCK@WakeLockManager: acquireIfExists: tag - charging_info, timeout - 1000, reason - Charging Info is updating, delay by 500, wakeLock = WakeLock{432cb95 held=false, refCount=0}
03-14 00:21:17.553  2083  5463 D PowerManagerService: [api] acquire WakeLock DRAW_WAKE_LOCK                    'charging_info' (uid=10060 pid=2748 displayId=0 lock=79a5834)
03-14 00:21:17.554  2083  5463 D PowerManagerService: displayReady: false groupId=0
03-14 00:21:17.554  2083  2176 D DisplayPowerController[0]: animateScreenStateChange: target=DOZE, mIsEnabled=true
03-14 00:21:17.555  2748  2748 I ChargingInfoManager: getDeviceRemainingTime: Dolmasına 31 dk
03-14 00:21:17.555  2748  2748 I AOD_WAKELOCK@WakeLockManager: acquireIfExists: tag - charging_info, timeout - 5500, reason - Charging Info is updating, delay by 5000, wakeLock = WakeLock{432cb95 held=true, refCount=1}
03-14 00:21:17.556  2748  2748 I AbsChargingInfoComponent: setVisibilityWithAnim: skipped true
03-14 00:21:17.556  2083  2176 I DisplayPowerController[0]: BrightnessEvent: brt=0.16470589 (65.0%), nits= 42.077, lux=-1.0, reason=manual, strat=FallbackBrightnessStrategy, state=DOZE, stateReason=DRAW_WAKE_LOCK, policy=DOZE, flags=, initBrt=0.16470589, rcmdBrt=NaN, preBrt=NaN, preLux=0.0, wasShortTermModelActive=false, autoBrightness=false (default), unclampedBrt=0.16470589, hbmMax=1.0, hbmMode=off, thrmMax=1.0, rbcStrength=-1, powerFactor=1.0, physDisp=Yerleşik Ekran(local:4627039422300187648), logicalId=0, slowChange=false, rampSpeed=0.0
03-14 00:21:17.557  1520  1550 I mtkpower@impl: [setMode] type:9, enabled:1
03-14 00:21:17.557  2083  2637 D DisplayManagerService: !@display_state requestDisplayStateInternal: DOZE_SUSPEND -> DOZE displayId=0
03-14 00:21:17.557  1520  1550 I mtkpower@impl: [setMode] Mode::DISPLAY_INACTIVE: 1
03-14 00:21:17.558  2083  2637 D SemInputDeviceManagerService: setDisplayState[1] EARLY: DOZE_SUSPEND(4) -> DOZE(3)
03-14 00:21:17.558  2083  2116 I DisplayDeviceRepository: Display device changed state: "Yerleşik Ekran", DOZE
03-14 00:21:17.559  2083  2637 D LocalDisplayAdapter: notifyStateChangeStart: com.samsung.android.hardware.secinputdev.external.DisplayStateListenerWrapper$1@c7e080a took 2 ms
03-14 00:21:17.559  2748  2748 I SecKeyguardClockPositionAlgorithm: prepareClockContainerHeightChanging:
03-14 00:21:17.560 29780 29864 D AudioFlinger: setParameters: filtered dev setParameters keyvalue screen_state=off
03-14 00:21:17.561  2083  2558 D SemInputDevice:TSP: ActivateTask: 3,0 [03-14 00:21:17.558]
03-14 00:21:17.561  2083  2176 D BrightnessThermalClamper: Thermal status observer already started
03-14 00:21:17.561  2083  2114 D WindowManager: DeferredDisplayUpdater: partially applying DisplayInfo(1080 x 2340) immediately
03-14 00:21:17.563  3238 26563 I HoneySpace.Memory-Monitor: current state = 3, didTrim = true
03-14 00:21:17.563  2748  2748 I SecKeyguardClockPositionAlgorithm: prepareClockContainerHeightChanging:
03-14 00:21:17.563  1534  1546 I sysinput:aidl: onReportInformation:93, 1, enabled@3,0:0
03-14 00:21:17.563 29783 29819 D AudioALSAHardware: +setParameters(): screen_state=off
03-14 00:21:17.564 29783 29819 D AudioALSAHardware: -setParameters(): screen_state=off
03-14 00:21:17.565  2083  2083 D SGM:GameManager: onDisplayChanged. displyId: 0, state: 3
03-14 00:21:17.566  2083  2299 D SGM:FgCheckThread: onLooperPrepared(), msg: MSG_LCD_OFF
03-14 00:21:17.567  2083  2637 D LocalDisplayAdapter: notifyStateChangeStart: com.android.server.biometrics.SemBiometricDisplayStateMonitor@478eea8 took 7 ms
03-14 00:21:17.567  2083  2637 W LocalDisplayAdapter: !@display_state - 2367 : DOZE_SUSPEND -> DOZE (MAIN)
03-14 00:21:17.567  1534  1546 I sysinput:Touch1: operator():133, 3,0 OK
03-14 00:21:17.567  2083  2476 I SemBiometricDisplayStateMonitor: DisplayStateListener#onStart : DOZE, DOZE, DEFAULT_DISPLAY
03-14 00:21:17.567  2083  2558 D SysinputHAL_AIDL: activate(TSP(1)),3,0 ret=0
03-14 00:21:17.568  1567  1567 D SurfaceFlinger: Setting power mode 2 on physical display 4627039422300187648
03-14 00:21:17.568  3238  3238 I VRI[LauncherActivity]@79a9058: onDisplayChanged oldDisplayState=4 newDisplayState=3
03-14 00:21:17.568  3238  3238 I VRI[RecentsTransitionOverlay]@815033c: onDisplayChanged oldDisplayState=4 newDisplayState=3
03-14 00:21:17.568  2083  2637 W LocalDisplayAdapter: !@display_state - 2367 : DOZE (MAIN) took 1 ms
03-14 00:21:17.568  3238  3238 I VRI[CocktailBarService]@b870e79: onDisplayChanged oldDisplayState=4 newDisplayState=3
03-14 00:21:17.569  3238  3238 I VRI[RecentsActivity]@a5b1272: onDisplayChanged oldDisplayState=4 newDisplayState=3
03-14 00:21:17.569  2083  2637 D SemInputDeviceManagerService: setDisplayState[1] LATE: DOZE(3) -> DOZE(3)
03-14 00:21:17.569  2748  2802 I VRI[ShellDropTarget]@92e3be9: onDisplayChanged oldDisplayState=4 newDisplayState=3
03-14 00:21:17.569  2083  2637 D LocalDisplayAdapter: notifyStateChangeFinish: com.samsung.android.hardware.secinputdev.external.DisplayStateListenerWrapper$1@c7e080a took 0 ms
03-14 00:21:17.569  2083  2637 D LocalDisplayAdapter: notifyStateChangeFinish: com.android.server.biometrics.SemBiometricDisplayStateMonitor@478eea8 took 0 ms
03-14 00:21:17.570  5415  5415 I HBD     : DeX h DeX mode state change in non-main thread 
03-14 00:21:17.570  5415  5415 I HBD     : DeX h DeX mode state change: 3 
03-14 00:21:17.570  2083  2176 D DisplayPowerController[0]: setActualDisplayState: DOZE_SUSPEND -> DOZE
03-14 00:21:17.570  2083  2176 D DisplayPowerController[0]: animateScreenStateChange: target=DOZE, mIsEnabled=true
03-14 00:21:17.570  2083  2476 I SemBiometricDisplayStateMonitor: DisplayStateListener#onFinish : DOZE, DOZE, DEFAULT_DISPLAY
03-14 00:21:17.570  2083  2176 D DisplayPowerController[0]: animateScreenStateChange: target=DOZE, mIsEnabled=true
03-14 00:21:17.570  2083  2176 D PowerManagerService: displayReady: true groupId=0
03-14 00:21:17.572  5415  5415 I VRI[InputMethod]@e345dc8: onDisplayChanged oldDisplayState=4 newDisplayState=3
03-14 00:21:17.572  5329  5329 I VRI[LauncherActivity]@9ba8716: onDisplayChanged oldDisplayState=4 newDisplayState=3
03-14 00:21:17.572  2748  2748 I MODManager: onShow ChargingInfoOnlyContainer
03-14 00:21:17.572  2748  2748 W MODManager: this device does not supports cover
03-14 00:21:17.573  2748  2802 I VRI[View root of ReusableWindowDecorViewHost#0]@254be1d: onDisplayChanged oldDisplayState=4 newDisplayState=3
03-14 00:21:17.573  2748  2802 I VRI[View root of ReusableWindowDecorViewHost#1]@9ccb8b6: onDisplayChanged oldDisplayState=4 newDisplayState=3
03-14 00:21:17.573  2748  2748 D DisplayLifecycle: updateDisplay id = 0
03-14 00:21:17.573  2748  2748 I Keyguard.AODTouchModeManager: onDisplayChanged newDisplayState=3, currentDisplayState=4, displayId=0
03-14 00:21:17.574  2083  2558 D SemInputDevice:TSP: ActivateTask: 3,1 [03-14 00:21:17.569]
03-14 00:21:17.575  1534  1546 I sysinput:aidl: onReportInformation:93, 1, enabled@3,1:0
03-14 00:21:17.575  1567  1567 I BufferQueueProducer: [NotificationShade$_2748#15421](this:0xb400006f877dc638,id:-1,api:0,p:-1,c:1567) queueBuffer: fps=0.10 dur=10097.42 max=10097.42 min=10097.42
03-14 00:21:17.576  2748  2748 I VRI[LockscreenShortcutBlur]@f4e5155: onDisplayChanged oldDisplayState=4 newDisplayState=3
03-14 00:21:17.576  2748  2748 I VRI[NavigationBar0]@cb51d69: onDisplayChanged oldDisplayState=4 newDisplayState=3
03-14 00:21:17.576  2748  2748 I VRI[EdgeBackGestureHandler0]@e247b7f: onDisplayChanged oldDisplayState=4 newDisplayState=3
03-14 00:21:17.576  2748  2748 I VRI[NotificationShade]@ddcb5e0: onDisplayChanged oldDisplayState=4 newDisplayState=3
03-14 00:21:17.576  2748  2748 I VRI[StatusBar]@b5f60f8: onDisplayChanged oldDisplayState=4 newDisplayState=3
03-14 00:21:17.576  2748  2748 I VRI[SecondaryHomeHandle0]@fc3d736: onDisplayChanged oldDisplayState=4 newDisplayState=3
03-14 00:21:17.577  1534  1546 I sysinput:Touch1: operator():133, 3,1 OK
03-14 00:21:17.577  2083  2558 D SysinputHAL_AIDL: activate(TSP(1)),3,1 ret=0
03-14 00:21:17.578  2748  2882 D StackScroller: onDisplayChanged for predraw skip to 3
03-14 00:21:17.579  1501  1501 I hwcomposer: [HWCDisplay] (0 updateFps():4131), (type:1, mode:2) fps:0.198055,dur:10098.19,max:9993.16,min:105.03  
03-14 00:21:17.579  2083  2846 D WifiDisplayAdapter: isFitToActiveDisplayLocked : false
03-14 00:21:17.652  1501  1884 I hwcomposer: [HWC] (0)fire a callback of refresh to SF[4]  
03-14 00:21:17.672  1567  1567 I BufferQueueProducer: [FramebufferSurface](this:0xb400006faf4f0370,id:-1,api:1,p:1567,c:1567) queueBuffer: fps=0.10 dur=10087.63 max=10087.63 min=10087.63
03-14 00:21:17.735   582   582 D io_stats: !@   8,32 r 3706059 78901956 w 2439109 31716468 d 307664 187098224 f 205132 237342 iot 1160524 0 th 0 0 0 pt 0 inp 0 0 50691.020
03-14 00:21:17.735   582   582 D io_stats: !@ Read_top(KB): rControlService:low(19994) 32
03-14 00:21:17.735   582   582 D io_stats: !@ Write_top(KB): kworker/u32:3:/(31888) 36 vendor.samsung.:normal(1528) 8
03-14 00:21:17.755  2083  2083 I Telecom : SamsungTelecomServiceImpl : isInManagedCall - callingPackage : android / callingUser : UserHandle{0} / hasCrossUserAccess : true
03-14 00:21:17.773  3238  6389 I HoneySpace.NotificationListener: onNotificationPosted com.android.systemui: -1|com.android.systemui|2131364006|charging_state|10060: 0
03-14 00:21:17.773  3238  6389 I HoneySpace.NotificationListener: invalid notification: com.android.systemui UserHandle{-1}: canShowBadge is false
03-14 00:21:17.777  2748  2748 I LockscreenNotificationIconsOnlyController: onNotificationInfoUpdated 0
03-14 00:21:17.777  2748  2748 I AODNotificationManager: updateNotification() 
03-14 00:21:17.975  2748  2748 D Bubbles : onEntryUpdated : shouldBubbleUp=true ,key=-1|com.android.systemui|2131364006|charging_state|10060
03-14 00:21:17.977  2748  2748 D InterruptionStateProvider:  no Heads up : edgelighting enabled app. -1|com.android.systemui|2131364006|charging_state|10060
03-14 00:21:17.977  2748  2748 I {OngoingActivityController}: onEntryUpdated and OA data is empty. So update latest task info
03-14 00:21:17.989  2748  2748 I LockscreenNotificationIconsOnlyController: onNotificationInfoUpdated 0
03-14 00:21:17.989  2748  2748 I AODNotificationManager: updateNotification() 
03-14 00:21:17.998  2748  3330 D LocalImageResolver: Couldn't use ImageDecoder for drawable, falling back to non-resized load.
03-14 00:21:17.999  2748  3330 D LocalImageResolver: Couldn't use ImageDecoder for drawable, falling back to non-resized load.
03-14 00:21:18.007  2748  2748 D LocalImageResolver: Couldn't use ImageDecoder for drawable, falling back to non-resized load.
03-14 00:21:18.019  2748  2748 D ExpandableNotifRow: mMaxSmallHeight different before reInflateViews mMaxSmallHeight: 189 mTempSmallHeight:0 -1|com.android.systemui|2131364006|charging_state|10060
03-14 00:21:18.019  2748  2748 D ExpandableNotifRow: mMaxSmallHeight different before reInflateViews mMaxSmallHeight: 189 mTempSmallHeight:0 -1|com.android.systemui|2131364006|charging_state|10060
03-14 00:21:18.019  2748  2748 D ExpandableNotifRow: mMaxSmallHeight different before reInflateViews mMaxSmallHeight: 189 mTempSmallHeight:0 -1|com.android.systemui|2131364006|charging_state|10060
03-14 00:21:18.019  2748  2748 D ExpandableNotifRow: mMaxSmallHeight different before reInflateViews mMaxSmallHeight: 189 mTempSmallHeight:0 -1|com.android.systemui|2131364006|charging_state|10060
03-14 00:21:18.027  2748  2748 D LocalImageResolver: Couldn't use ImageDecoder for drawable, falling back to non-resized load.
03-14 00:21:18.034  2748  2748 I LockscreenNotificationIconsOnlyController: onNotificationInfoUpdated 0
03-14 00:21:18.034  2748  2748 I AODNotificationManager: updateNotification() 
03-14 00:21:18.052  2083  2140 D BatteryExternalStatsWorker: update stats : procstate-change (10)
03-14 00:21:18.052  2083  2140 D BatteryExternalStatsWorker: Update Rail Energy data
03-14 00:21:18.052  2083  2140 D BatteryExternalStatsWorker: mStats lock released
03-14 00:21:18.053  2083  2140 D BatteryExternalStatsWorker: done updateExternalStatsLocked
03-14 00:21:18.426  1830  1970 I bauth_FPBAuthService: pcf : 0x1012, 0 ,1 ,0 ,0 ,0 ,0, 16.0.0.3
03-14 00:21:18.426  1830  1970 I bauth_FPBAuthService: thread id : 1, preenroll_flag : 0, nd cnt : 0, cso : 0, et : 0
03-14 00:21:18.426  1830  1970 I bauth_FPBAuthService: FPBAuthService::timerHandler complete
03-14 00:21:18.444  1673  1692 E thermal_core: find_tz_idx_by_name:"Failed to find thermal zone index of ap_ntc\n"
03-14 00:21:18.445  1673  1692 E thermal_core: find_tz_idx_by_name:"Failed to find thermal zone index of mtk-master-charger\n"
03-14 00:21:18.910  2857  2857 I wpa_supplicant: Heartbeat 1401
03-14 00:21:19.428  1830  1970 I bauth_FPBAuthService: pcf : 0x1012, 0 ,1 ,0 ,0 ,0 ,0, 16.0.0.3
03-14 00:21:19.428  1830  1970 I bauth_FPBAuthService: thread id : 1, preenroll_flag : 0, nd cnt : 0, cso : 0, et : 0
03-14 00:21:19.428  1830  1970 I bauth_FPBAuthService: FPBAuthService::timerHandler complete
03-14 00:21:20.429  1830  1970 I bauth_FPBAuthService: pcf : 0x1012, 0 ,1 ,0 ,0 ,0 ,0, 16.0.0.3
03-14 00:21:20.429  1830  1970 I bauth_FPBAuthService: thread id : 1, preenroll_flag : 0, nd cnt : 0, cso : 0, et : 0
03-14 00:21:20.429  1830  1970 I bauth_FPBAuthService: FPBAuthService::timerHandler complete
03-14 00:21:21.405  2083  2164 D MARsPolicyManager: triggerAction called!
03-14 00:21:21.405  2083  2164 I NSLocationMonitor: getGPSUsingApps() called
03-14 00:21:21.407  3549  3566 I NSLocationManager_FLP: getGPSUsingApps, No change
03-14 00:21:21.430  1830  1970 I bauth_FPBAuthService: pcf : 0x1012, 0 ,1 ,0 ,0 ,0 ,0, 16.0.0.3
03-14 00:21:21.430  1830  1970 I bauth_FPBAuthService: thread id : 1, preenroll_flag : 0, nd cnt : 0, cso : 0, et : 0
03-14 00:21:21.430  1830  1970 I bauth_FPBAuthService: FPBAuthService::timerHandler complete
03-14 00:21:21.446  1673  1692 E thermal_core: find_tz_idx_by_name:"Failed to find thermal zone index of ap_ntc\n"
03-14 00:21:21.446  1673  1692 E thermal_core: find_tz_idx_by_name:"Failed to find thermal zone index of mtk-master-charger\n"
03-14 00:21:21.742   582   582 D io_stats: !@   8,32 r 3706059 78901956 w 2439112 31716520 d 307664 187098224 f 205132 237342 iot 1160528 0 th 0 0 0 pt 0 inp 0 0 50695.027
03-14 00:21:21.743   582   582 D io_stats: !@ Write_top(KB): kworker/u32:5:/(28442) 52
03-14 00:21:22.432  1830  1970 I bauth_FPBAuthService: pcf : 0x1012, 0 ,1 ,0 ,0 ,0 ,0, 16.0.0.3
03-14 00:21:22.432  1830  1970 I bauth_FPBAuthService: thread id : 1, preenroll_flag : 0, nd cnt : 0, cso : 0, et : 0
03-14 00:21:22.432  1830  1970 I bauth_FPBAuthService: FPBAuthService::timerHandler complete
03-14 00:21:22.444  5068  6278 I SDHMS:x : SIOP:: AP:355 BAT:330 USB:338 CHG:368 PA:351 WIFI:350 BLK:0 SUBBAT:0 SKIN:336 SKINF:328 SKINB:336 LRP2:336 LRF2:328 LRB2:336 AP2:336 CHG2:334 MEM2:336 WIFI2:336 SPK2:320 VAP05:356 AVGCUR:1152 AVGSYS:0 POWER:4976
03-14 00:21:22.711 24620 24711 I DGW     : I[notifyPingFailure:2144] StreamGroupTransport[notifgateway] kill connection on ping timeout
03-14 00:21:22.712 24620 24711 W DGW     : W[closeNetworkConnection:61] DGW Closing MNS connection based on throttling rate 5000ms
03-14 00:21:22.712 24620 24711 I DGW     : I[notifyStreamGroupError:1806] StreamGroupTransport[notifgateway] notify StreamGroup error: StreamGroupNetworkRequest failed - ping timeout error
03-14 00:21:22.715 24620 24711 W DGW     : W[onPingFailure:618] ConnectivityManager ping failure Error Domain=MNSHTTPClient Code=3 UserInfo=0xb400007a499054c0 {MCFErrorDirectLocalizedFailureReasonKey=Host session was closed, pending transactions: non-zero}
03-14 00:21:22.945  2083  2640 D NetdEventListenerService: DNS Requested by 126, 10071(com.facebook.services), SUCCESS, 20ms
03-14 00:21:23.058  2083  5464 D PowerManagerService: [api] release WakeLock DRAW_WAKE_LOCK                    'charging_info' ACQ=-5s503ms (uid=10060 pid=2748 displayId=0 lock=79a5834)
03-14 00:21:23.059  2083  5464 D PowerManagerService: displayReady: false groupId=0
03-14 00:21:23.059  2083  2176 D DisplayPowerController[0]: animateScreenStateChange: target=DOZE_SUSPEND, mIsEnabled=true
03-14 00:21:23.062  2083  2176 I DisplayPowerController[0]: BrightnessEvent: brt=0.16470589 (65.0%), nits= 42.077, lux=-1.0, reason=manual, strat=FallbackBrightnessStrategy, state=DOZE_SUSPEND, stateReason=UNKNOWN, policy=DOZE, flags=, initBrt=0.16470589, rcmdBrt=NaN, preBrt=NaN, preLux=0.0, wasShortTermModelActive=false, autoBrightness=false (default), unclampedBrt=0.16470589, hbmMax=1.0, hbmMode=off, thrmMax=1.0, rbcStrength=-1, powerFactor=1.0, physDisp=Yerleşik Ekran(local:4627039422300187648), logicalId=0, slowChange=false, rampSpeed=0.0
03-14 00:21:23.063  1520  1550 I mtkpower@impl: [setMode] type:9, enabled:1
03-14 00:21:23.063  1520  1550 I mtkpower@impl: [setMode] Mode::DISPLAY_INACTIVE: 1
03-14 00:21:23.063  2083  2637 D DisplayManagerService: !@display_state requestDisplayStateInternal: DOZE -> DOZE_SUSPEND displayId=0
03-14 00:21:23.064  2083  2637 D SemInputDeviceManagerService: setDisplayState[1] EARLY: DOZE(3) -> DOZE_SUSPEND(4)
03-14 00:21:23.064  2083  2116 I DisplayDeviceRepository: Display device changed state: "Yerleşik Ekran", DOZE_SUSPEND
03-14 00:21:23.064  2083  2637 D LocalDisplayAdapter: notifyStateChangeStart: com.samsung.android.hardware.secinputdev.external.DisplayStateListenerWrapper$1@c7e080a took 0 ms
03-14 00:21:23.065  2083  2637 D LocalDisplayAdapter: notifyStateChangeStart: com.android.server.biometrics.SemBiometricDisplayStateMonitor@478eea8 took 0 ms
03-14 00:21:23.065  2083  2637 W LocalDisplayAdapter: !@display_state - 2368 : DOZE -> DOZE_SUSPEND (MAIN)
03-14 00:21:23.065  2083  2114 D WindowManager: DeferredDisplayUpdater: partially applying DisplayInfo(1080 x 2340) immediately
03-14 00:21:23.065  1567  1567 D SurfaceFlinger: Setting power mode 2 on physical display 4627039422300187648
03-14 00:21:23.066  2083  2476 I SemBiometricDisplayStateMonitor: DisplayStateListener#onStart : DOZE_SUSPEND, DOZE_SUSPEND, DEFAULT_DISPLAY
03-14 00:21:23.066  2083  2637 W LocalDisplayAdapter: !@display_state - 2368 : DOZE_SUSPEND (MAIN) took 1 ms
03-14 00:21:23.066  2083  2176 D BrightnessThermalClamper: Thermal status observer already started
03-14 00:21:23.066  2083  2637 D SemInputDeviceManagerService: setDisplayState[1] LATE: DOZE_SUSPEND(4) -> DOZE_SUSPEND(4)
03-14 00:21:23.067  2083  2083 D SGM:GameManager: onDisplayChanged. displyId: 0, state: 4
03-14 00:21:23.067  2083  2637 D LocalDisplayAdapter: notifyStateChangeFinish: com.samsung.android.hardware.secinputdev.external.DisplayStateListenerWrapper$1@c7e080a took 1 ms
03-14 00:21:23.067  2083  2637 D LocalDisplayAdapter: notifyStateChangeFinish: com.android.server.biometrics.SemBiometricDisplayStateMonitor@478eea8 took 0 ms
03-14 00:21:23.067  2083  2476 I SemBiometricDisplayStateMonitor: DisplayStateListener#onFinish : DOZE_SUSPEND, DOZE_SUSPEND, DEFAULT_DISPLAY
03-14 00:21:23.067  2083  2176 D DisplayPowerController[0]: setActualDisplayState: DOZE -> DOZE_SUSPEND
03-14 00:21:23.067 29780 29864 D AudioFlinger: setParameters: filtered dev setParameters keyvalue screen_state=off
03-14 00:21:23.068  2083  2176 D DisplayPowerController[0]: animateScreenStateChange: target=DOZE_SUSPEND, mIsEnabled=true
03-14 00:21:23.068 29783 29791 D AudioALSAHardware: +setParameters(): screen_state=off
03-14 00:21:23.068 29783 29791 D AudioALSAHardware: -setParameters(): screen_state=off
03-14 00:21:23.068  2083  2176 D DisplayPowerController[0]: animateScreenStateChange: target=DOZE_SUSPEND, mIsEnabled=true
03-14 00:21:23.069  2083  2558 D SemInputDevice:TSP: ActivateTask: 4,0 [03-14 00:21:23.064]
03-14 00:21:23.069  1534  1546 I sysinput:aidl: onReportInformation:93, 1, enabled@4,0:0
03-14 00:21:23.069  2083  2299 D SGM:FgCheckThread: onLooperPrepared(), msg: MSG_LCD_OFF
03-14 00:21:23.070  2083  2558 D SysinputHAL_AIDL: activate(TSP(1)),4,0 ret=0
03-14 00:21:23.070  2083  2558 D SemInputDevice:TSP: ActivateTask: 4,1 [03-14 00:21:23.066]
03-14 00:21:23.070  1534  1546 I sysinput:Touch1: operator():133, 4,0 OK
03-14 00:21:23.071  1534  1546 I sysinput:aidl: onReportInformation:93, 1, enabled@4,1:0
03-14 00:21:23.072  1534  1546 I sysinput:Touch1: operator():133, 4,1 OK
03-14 00:21:23.072  2083  2558 D SysinputHAL_AIDL: activate(TSP(1)),4,1 ret=0
03-14 00:21:23.075  5415  5415 I HBD     : DeX h DeX mode state change in non-main thread 
03-14 00:21:23.075  5415  5415 I HBD     : DeX h DeX mode state change: 3 
03-14 00:21:23.075  5415  5415 I VRI[InputMethod]@e345dc8: onDisplayChanged oldDisplayState=3 newDisplayState=4
03-14 00:21:23.076  2083  2176 D PowerManagerService: displayReady: true groupId=0
03-14 00:21:23.076  3238 28404 I HoneySpace.Memory-Monitor: current state = 4, didTrim = true
03-14 00:21:23.077  3238  3238 I VRI[LauncherActivity]@79a9058: onDisplayChanged oldDisplayState=3 newDisplayState=4
03-14 00:21:23.077  3238  3238 I VRI[RecentsTransitionOverlay]@815033c: onDisplayChanged oldDisplayState=3 newDisplayState=4
03-14 00:21:23.077  3238  3238 I VRI[CocktailBarService]@b870e79: onDisplayChanged oldDisplayState=3 newDisplayState=4
03-14 00:21:23.078  3238  3238 I VRI[RecentsActivity]@a5b1272: onDisplayChanged oldDisplayState=3 newDisplayState=4
03-14 00:21:23.079  1567  1987 I VSyncReactor: Current= 90, Period= 90, hwcPeriod= 90
03-14 00:21:23.080  2748  2748 D DisplayLifecycle: updateDisplay id = 0
03-14 00:21:23.081  2748  2802 I VRI[ShellDropTarget]@92e3be9: onDisplayChanged oldDisplayState=3 newDisplayState=4
03-14 00:21:23.082  2748  2748 I Keyguard.AODTouchModeManager: onDisplayChanged newDisplayState=4, currentDisplayState=3, displayId=0
03-14 00:21:23.082  5329  5329 I VRI[LauncherActivity]@9ba8716: onDisplayChanged oldDisplayState=3 newDisplayState=4
03-14 00:21:23.082  2748  2802 I VRI[View root of ReusableWindowDecorViewHost#0]@254be1d: onDisplayChanged oldDisplayState=3 newDisplayState=4
03-14 00:21:23.083  2748  2802 I VRI[View root of ReusableWindowDecorViewHost#1]@9ccb8b6: onDisplayChanged oldDisplayState=3 newDisplayState=4
03-14 00:21:23.083  2748  2748 I VRI[LockscreenShortcutBlur]@f4e5155: onDisplayChanged oldDisplayState=3 newDisplayState=4
03-14 00:21:23.083  2748  2748 I VRI[NavigationBar0]@cb51d69: onDisplayChanged oldDisplayState=3 newDisplayState=4
03-14 00:21:23.083  2748  2748 I VRI[EdgeBackGestureHandler0]@e247b7f: onDisplayChanged oldDisplayState=3 newDisplayState=4
03-14 00:21:23.083  2748  2748 I VRI[NotificationShade]@ddcb5e0: onDisplayChanged oldDisplayState=3 newDisplayState=4
03-14 00:21:23.084  2748  2748 I VRI[StatusBar]@b5f60f8: onDisplayChanged oldDisplayState=3 newDisplayState=4
03-14 00:21:23.084  2748  2748 I VRI[SecondaryHomeHandle0]@fc3d736: onDisplayChanged oldDisplayState=3 newDisplayState=4
03-14 00:21:23.084  2748  2882 D StackScroller: onDisplayChanged for predraw skip to 4
03-14 00:21:23.085  2083  2910 D WifiDisplayAdapter: isFitToActiveDisplayLocked : false
03-14 00:21:23.433  1830  1970 I bauth_FPBAuthService: pcf : 0x1012, 0 ,1 ,0 ,0 ,0 ,0, 16.0.0.3
03-14 00:21:23.433  1830  1970 I bauth_FPBAuthService: thread id : 1, preenroll_flag : 0, nd cnt : 0, cso : 0, et : 0
03-14 00:21:23.433  1830  1970 I bauth_FPBAuthService: FPBAuthService::timerHandler complete
03-14 00:21:23.746   582   582 D io_stats: !@   8,32 r 3706059 78901956 w 2439116 31716544 d 307664 187098224 f 205132 237342 iot 1160532 0 th 0 0 0 pt 0 inp 0 0 50697.032
03-14 00:21:24.218 24620 24711 I DGW     : I[sendRequest:90] StreamGroupConnectivityAwareNetworkLayer[notifgateway] processing request with connection state: 1
03-14 00:21:24.218 24620 24711 I DGW     : I[sendRequest:109] StreamGroupMNSNetworkLayer[notifgateway] DGW Connecting to https://z-m-gateway.facebook.com/notifgateway
03-14 00:21:24.221 24620 24711 W fbservices-stub:NotificationDeliveryStorePreferences: [AI] Failed to deserialize notification item
03-14 00:21:24.221 24620 24711 W fbservices-stub:NotificationDeliveryStorePreferences: [AI] Failed to deserialize notification item
03-14 00:21:24.224   778   778 W keymint_tee: [WRN]begin req PARAMS: A3, D4, 
03-14 00:21:24.231   778   778 D android.hardware.security.keymint-service: begin: ret 0
03-14 00:21:24.233   777   777 I keystore2: system/security/keystore2/src/security_level.rs:466 - In create_operation. Success to create IKeystoreOperation. 10071, None
03-14 00:21:24.239   778   778 D android.hardware.security.keymint-service: finish: ret 0
03-14 00:21:24.387 24620 24711 W DGW     : W[onSuccessfulResponse:884] StreamGroupTransport[notifgateway] on successful response. DGW is now connected.
03-14 00:21:24.433  1830  1970 I bauth_FPBAuthService: pcf : 0x1012, 0 ,1 ,0 ,0 ,0 ,0, 16.0.0.3
03-14 00:21:24.434  1830  1970 I bauth_FPBAuthService: thread id : 1, preenroll_flag : 0, nd cnt : 0, cso : 0, et : 0
03-14 00:21:24.434  1830  1970 I bauth_FPBAuthService: FPBAuthService::timerHandler complete
03-14 00:21:24.449  1673  1692 E thermal_core: find_tz_idx_by_name:"Failed to find thermal zone index of ap_ntc\n"
03-14 00:21:24.449  1673  1692 E thermal_core: find_tz_idx_by_name:"Failed to find thermal zone index of mtk-master-charger\n"
03-14 00:21:24.949  2083  2640 D NetdEventListenerService: DNS Requested by 126, 10071(com.facebook.services), 255(TIMEOUT), isBlocked=false, 6013ms
03-14 00:21:25.434  1830  1970 I bauth_FPBAuthService: pcf : 0x1012, 0 ,1 ,0 ,0 ,0 ,0, 16.0.0.3
03-14 00:21:25.434  1830  1970 I bauth_FPBAuthService: thread id : 1, preenroll_flag : 0, nd cnt : 0, cso : 0, et : 0
03-14 00:21:25.434  1830  1970 I bauth_FPBAuthService: FPBAuthService::timerHandler complete
03-14 00:21:25.752   582   582 D io_stats: !@   8,32 r 3706059 78901956 w 2439119 31716580 d 307664 187098224 f 205132 237342 iot 1160536 0 th 0 0 0 pt 0 inp 0 0 50699.037
03-14 00:21:25.752   582   582 D io_stats: !@ Write_top(KB): kworker/u32:3:/(31888) 36 sait.sohservice:low(1299) 24
03-14 00:21:26.432  2083  2164 D MARsPolicyManager: triggerAction called!
03-14 00:21:26.433  2083  2164 I NSLocationMonitor: getGPSUsingApps() called
03-14 00:21:26.434  3549  3566 I NSLocationManager_FLP: getGPSUsingApps, No change
03-14 00:21:26.435  1830  1970 I bauth_FPBAuthService: pcf : 0x1012, 0 ,1 ,0 ,0 ,0 ,0, 16.0.0.3
03-14 00:21:26.435  1830  1970 I bauth_FPBAuthService: thread id : 1, preenroll_flag : 0, nd cnt : 0, cso : 0, et : 0
03-14 00:21:26.435  1830  1970 I bauth_FPBAuthService: FPBAuthService::timerHandler complete
03-14 00:21:27.435  1830  1970 I bauth_FPBAuthService: pcf : 0x1012, 0 ,1 ,0 ,0 ,0 ,0, 16.0.0.3
03-14 00:21:27.435  1830  1970 I bauth_FPBAuthService: thread id : 1, preenroll_flag : 0, nd cnt : 0, cso : 0, et : 0
03-14 00:21:27.435  1830  1970 I bauth_FPBAuthService: FPBAuthService::timerHandler complete
03-14 00:21:27.451  1673  1692 E thermal_core: find_tz_idx_by_name:"Failed to find thermal zone index of ap_ntc\n"
03-14 00:21:27.451  1673  1692 E thermal_core: find_tz_idx_by_name:"Failed to find thermal zone index of mtk-master-charger\n"
03-14 00:21:27.451  1673  1692 E thermal_core: find_tz_idx_by_name:"Failed to find thermal zone index of camera0\n"
03-14 00:21:27.451  1673  1692 E thermal_core: find_tz_idx_by_name:"Failed to find thermal zone index of mtk-master-charger\n"
03-14 00:21:27.452  1673  1692 E thermal_core: find_tz_idx_by_name:"Failed to find thermal zone index of nrpa_ntc\n"
03-14 00:21:27.452  1673  1692 E thermal_core: dump_thermal_log:"Error: sccanf error, ret=9\n"
03-14 00:21:27.453  1673  1692 E thermal_core: node_read:"Failed to read /sys/class/thermal/thermal_zone2/temp: No data available\n"
03-14 00:21:27.453  1673  1692 I thermal_core: "soc/nr/lte/ap_ntc/tpcb/conn/chg/cam/c_ttj/g_ttj/a_ttj=0/-274000/34736/-274000/46000/32000/-274000/-274000/85000/85000/85000\n"
03-14 00:21:27.453  1673  1692 I thermal_core: "[C(l)(c)(i)][G(l)(c)][A(l)(c)][TH][D]=[(666666/666666/666666)(500/725/0)(0x0)][(666666)(666666)][(666666666)(666666666)][0][1200]\n"
03-14 00:21:27.453  1673  1692 E thermal_core: node_read:"Failed to open /sys/kernel/helio-dvfsrc/dvfsrc_therm_info: No such file or directory\n"
03-14 00:21:27.454  1673  1692 I thermal_core: "1200"
03-14 00:21:27.633  1528  1554 E BatteryDump: !@new_battery_dump : 4320,1115,3000,3150,84,330,338,368,0,0,337,368,0,Charging,NO_CHARGING,Normal,Good,PDIC,0,Normal,0,0,9374,0x0,0x10000,0x0,0,0,0000,0000,00000000,0,0,0,0,486,4115,8240,980,0,
03-14 00:21:27.641  2083  5503 D [SS]BattFunctions: [sendRemainingChargingTimeChangedIntent]remainingChargingTime:1880 ,mLastRemainingChargingTime:1884
03-14 00:21:27.641  1536  1536 I seh_thermal_service: getTemperaturesWithType SehTemperatureType: 3
03-14 00:21:27.641  2083  5503 D BatteryService: [processValuesLocked]batteryLevel:84 ,LastbatteryLevel:83 ,mPlugType:2 ,batteryStatus:2
03-14 00:21:27.641  2083  5503 D BatteryService: [countBatteryChangedConditions]mBatteryChangedConditionCounts:[60, 3, 1, 303, 66, 276, 69, 0, 0, 59, 59, 0, 59, 0, 0, 31, 585, 66, 0, 0, 0, 1]
03-14 00:21:27.642  1528  1528 I sehhealth-service: updateLrpSysfs: write: 336
03-14 00:21:27.642  2083  5503 D BatteryService: Sending ACTION_BATTERY_CHANGED: level:84, status:2, health:2, remain:1880, ac:false, usb:true, wireless:false, pogo:false, misc:0x10000, charge_type:1, charger_type:1, voltage:4320, temperature:330, online:19, charging_status:0, cycle_count:0, current_avg:1125, ps:false, hvc:true, current_event:0x0, mcc:0, mcv:0, cc:3356000, present:true, scale:100, technology:Li-ion, protection:0
03-14 00:21:27.644  2083  5503 D [SS]BattUtils: [readNode]path:/efs/FactoryApp/bsoh ,value:87
03-14 00:21:27.646  2748  2748 I AODBatteryManager: updateBatteryData: ACTION_BATTERY_CHANGED: false, isSleepModeChanged:false ,isRemainingTimeChanged: true, isUSBRestriction: false
03-14 00:21:27.647  2748  2748 I ChargingInfoManager: updateChargingInfo: newState = AOD ChargingInfo [mState=BATTERY_AND_REMAIN_TIME, mIsCharging=true, mIsPlugged=true, mIsFullyCharged=false, mIsBatteryProtectMode=false, mBetteryLevel=83, mBetteryProtectModeType3, mIsSlowChargingfalse], oldState = AOD ChargingInfo [mState=BATTERY_AND_REMAIN_TIME, mIsCharging=true, mIsPlugged=true, mIsFullyCharged=false, mIsBatteryProtectMode=false, mBetteryLevel=83, mBetteryProtectModeType3, mIsSlowChargingfalse]
03-14 00:21:27.649  2748  2748 D PowerUI : Remaining charging time : 1880
03-14 00:21:27.649  2748  2748 D PowerUI : Charging time is changed, check charging notification
03-14 00:21:27.651  1567  1613 I VSyncReactor: Current= 90, Period= 90, hwcPeriod= 90
03-14 00:21:27.652  2748  2748 D PowerUI.Notification: showChargingNotice - Battery Level : 83 -> 83, Charging Type : 11 -> 11, Charging Time : 1884 -> 1880, Maximum protection : false -> false, Maximum threshold : 80 -> 80
03-14 00:21:27.656  2748  2748 I NotificationManager: com.android.systemui: notify(2131364006, charging_state, Notification(channel=CHR shortcut=null contentView=null vibrate=null sound=null defaults=0 flags=ONGOING_EVENT|ONLY_ALERT_ONCE color=0x00000000 category=sys groupKey=CHARGING vis=PUBLIC semFlags=0x0 semPriority=0 semMissedCount=0)) as user
03-14 00:21:27.657  2083  2633 I DeviceBatteryInfoService: action: android.intent.action.BATTERY_CHANGED
03-14 00:21:27.657  2083  2633 I DeviceBatteryInfoService: phone battery level: 84
03-14 00:21:27.657  2083  2633 I DeviceBatteryInfoService: phone battery status: 2
03-14 00:21:27.657  2083  2633 D DeviceBatteryInfoService: setBatteryStatus : 2
03-14 00:21:27.662  2083  2489 D MotionRecognitionService: [SAR]  onReceive : ACTION_BATTERY_CHANGED, Plugged: 2
03-14 00:21:27.667  2728  2728 D SemBigDataInfoController: Intent: android.intent.action.BATTERY_CHANGED
03-14 00:21:27.668  2728  2728 D SemBigDataInfoController: Intent: android.intent.action.BATTERY_CHANGED
03-14 00:21:27.669  2083  2083 D AdaptiveBrightnessLongtermModelBuilder[0]: Received android.intent.action.BATTERY_CHANGED
03-14 00:21:27.670  2083  5503 W PermissionService: getPermissionFlags: Unknown user -1
03-14 00:21:27.671  2083  5503 W PermissionService: getPermissionFlags: Unknown user -1
03-14 00:21:27.672  2083  2083 D SemWifiApIntentHandler: rcvd:android.intent.action.BATTERY_LEVEL_CHANGED
03-14 00:21:27.673  5068  5068 I SDHMS:RutCore: Current options : ScreenBrightness(90), sScreenResolutionLevel(1), PerformanceRestricted, DataRestricted(PSM), AOD(Off), DarkMode, 
03-14 00:21:27.674  5068  5068 I SDHMS:RutCore: PSM gain = 114 -> Default(101), Brightness(4), Resolution(0), PerfRestrict(3), DarkMode(6), 
03-14 00:21:27.674  5068  5068 I SDHMS:RutCore: UPSM gain = 258 -> Default(245), Brightness(4), Resolution(0), PerfRestrict(3), DarkMode(6), 
03-14 00:21:27.675  2083  2128 I ActivityManager: Changes in 10216 19 to 11, 0 to 128
03-14 00:21:27.679  2748  2748 I ChargingInfoView: handleMessage: MSG_SHOW_CHARGING_INFO
03-14 00:21:27.679  2748  2748 I BottomChargingInfoView: updateContents: BATTERY_AND_REMAIN_TIME
03-14 00:21:27.680  2748  2748 I AOD_WAKELOCK@WakeLockManager: acquireIfExists: tag - charging_info, timeout - 1000, reason - Charging Info is updating, delay by 500, wakeLock = WakeLock{432cb95 held=false, refCount=0}
03-14 00:21:27.680  2083  5503 I ActivityManager: Changes in 10216 11 to 19, 128 to 0
03-14 00:21:27.681  2083  5464 D PowerManagerService: [api] acquire WakeLock DRAW_WAKE_LOCK                    'charging_info' (uid=10060 pid=2748 displayId=0 lock=79a5834)
03-14 00:21:27.681  2083  5464 D PowerManagerService: displayReady: false groupId=0
