03-14 00:20:16.873  2083  5136 D PowerManagerService: [api] acquire WakeLock DRAW_WAKE_LOCK                    'charging_info' (uid=10060 pid=2748 displayId=0 lock=79a5834)
03-14 00:20:16.873  2083  5136 D PowerManagerService: displayReady: false groupId=0
03-14 00:20:16.873  2083  2176 D DisplayPowerController[0]: animateScreenStateChange: target=DOZE, mIsEnabled=true
03-14 00:20:16.874  2748  2748 I ChargingInfoManager: getDeviceRemainingTime: Dolmasına 32 dk
03-14 00:20:16.875  2748  2748 I AOD_WAKELOCK@WakeLockManager: acquireIfExists: tag - charging_info, timeout - 5500, reason - Charging Info is updating, delay by 5000, wakeLock = WakeLock{432cb95 held=true, refCount=1}
03-14 00:20:16.876  2748  2748 I AbsChargingInfoComponent: setVisibilityWithAnim: skipped true
03-14 00:20:16.877  2083  2176 I DisplayPowerController[0]: BrightnessEvent: brt=0.16470589 (65.0%), nits= 42.077, lux=-1.0, reason=manual, strat=FallbackBrightnessStrategy, state=DOZE, stateReason=DRAW_WAKE_LOCK, policy=DOZE, flags=, initBrt=0.16470589, rcmdBrt=NaN, preBrt=NaN, preLux=0.0, wasShortTermModelActive=false, autoBrightness=false (default), unclampedBrt=0.16470589, hbmMax=1.0, hbmMode=off, thrmMax=1.0, rbcStrength=-1, powerFactor=1.0, physDisp=Yerleşik Ekran(local:4627039422300187648), logicalId=0, slowChange=false, rampSpeed=0.0
03-14 00:20:16.879  2083  2637 D DisplayManagerService: !@display_state requestDisplayStateInternal: DOZE_SUSPEND -> DOZE displayId=0
03-14 00:20:16.879  1520  1550 I mtkpower@impl: [setMode] type:9, enabled:1
03-14 00:20:16.879  1520  1550 I mtkpower@impl: [setMode] Mode::DISPLAY_INACTIVE: 1
03-14 00:20:16.880  2083  2637 D SemInputDeviceManagerService: setDisplayState[1] EARLY: DOZE_SUSPEND(4) -> DOZE(3)
03-14 00:20:16.880  2748  2748 I SecKeyguardClockPositionAlgorithm: prepareClockContainerHeightChanging:
03-14 00:20:16.880  2083  2116 I DisplayDeviceRepository: Display device changed state: "Yerleşik Ekran", DOZE
03-14 00:20:16.881  2083  2637 D LocalDisplayAdapter: notifyStateChangeStart: com.samsung.android.hardware.secinputdev.external.DisplayStateListenerWrapper$1@c7e080a took 1 ms
03-14 00:20:16.881  2083  2637 D LocalDisplayAdapter: notifyStateChangeStart: com.android.server.biometrics.SemBiometricDisplayStateMonitor@478eea8 took 0 ms
03-14 00:20:16.881  2083  2176 D BrightnessThermalClamper: Thermal status observer already started
03-14 00:20:16.883  2083  2637 W LocalDisplayAdapter: !@display_state - 2357 : DOZE_SUSPEND -> DOZE (MAIN)
03-14 00:20:16.883  2083  2114 D WindowManager: DeferredDisplayUpdater: partially applying DisplayInfo(1080 x 2340) immediately
03-14 00:20:16.883  2083  2476 I SemBiometricDisplayStateMonitor: DisplayStateListener#onStart : DOZE, DOZE, DEFAULT_DISPLAY
03-14 00:20:16.883  2083  2083 D SGM:GameManager: onDisplayChanged. displyId: 0, state: 3
03-14 00:20:16.883 29780 29864 D AudioFlinger: setParameters: filtered dev setParameters keyvalue screen_state=off
03-14 00:20:16.885  2748  2748 I SecKeyguardClockPositionAlgorithm: prepareClockContainerHeightChanging:
03-14 00:20:16.889  2748  2882 D StackScroller: onDisplayChanged for predraw skip to 3
03-14 00:20:16.889 29783 29791 D AudioALSAHardware: +setParameters(): screen_state=off
03-14 00:20:16.889 29783 29791 D AudioALSAHardware: -setParameters(): screen_state=off
03-14 00:20:16.889  3238  3238 I VRI[LauncherActivity]@79a9058: onDisplayChanged oldDisplayState=4 newDisplayState=3
03-14 00:20:16.889  2083  2558 D SemInputDevice:TSP: ActivateTask: 3,0 [03-14 00:20:16.880]
03-14 00:20:16.889  3238  3238 I VRI[RecentsTransitionOverlay]@815033c: onDisplayChanged oldDisplayState=4 newDisplayState=3
03-14 00:20:16.889  5415  5415 I HBD     : DeX h DeX mode state change in non-main thread 
03-14 00:20:16.889  3238  3238 I VRI[CocktailBarService]@b870e79: onDisplayChanged oldDisplayState=4 newDisplayState=3
03-14 00:20:16.889  5415  5415 I HBD     : DeX h DeX mode state change: 3 
03-14 00:20:16.889  3238  3238 I VRI[RecentsActivity]@a5b1272: onDisplayChanged oldDisplayState=4 newDisplayState=3
03-14 00:20:16.890  2083  2299 D SGM:FgCheckThread: onLooperPrepared(), msg: MSG_LCD_OFF
03-14 00:20:16.890  1534  1546 I sysinput:aidl: onReportInformation:93, 1, enabled@3,0:0
03-14 00:20:16.890  3238 28281 I HoneySpace.Memory-Monitor: current state = 3, didTrim = true
03-14 00:20:16.891  5415  5415 I VRI[InputMethod]@e345dc8: onDisplayChanged oldDisplayState=4 newDisplayState=3
03-14 00:20:16.891  1567  1567 D SurfaceFlinger: Setting power mode 2 on physical display 4627039422300187648
03-14 00:20:16.891  1534  1546 I sysinput:Touch1: operator():133, 3,0 OK
03-14 00:20:16.892  2083  2637 W LocalDisplayAdapter: !@display_state - 2357 : DOZE (MAIN) took 9 ms
03-14 00:20:16.892  2083  2637 D SemInputDeviceManagerService: setDisplayState[1] LATE: DOZE(3) -> DOZE(3)
03-14 00:20:16.892  2083  2637 D LocalDisplayAdapter: notifyStateChangeFinish: com.samsung.android.hardware.secinputdev.external.DisplayStateListenerWrapper$1@c7e080a took 0 ms
03-14 00:20:16.893  2083  2637 D LocalDisplayAdapter: notifyStateChangeFinish: com.android.server.biometrics.SemBiometricDisplayStateMonitor@478eea8 took 1 ms
03-14 00:20:16.893  2083  2476 I SemBiometricDisplayStateMonitor: DisplayStateListener#onFinish : DOZE, DOZE, DEFAULT_DISPLAY
03-14 00:20:16.894  2083  5180 D WifiDisplayAdapter: isFitToActiveDisplayLocked : false
03-14 00:20:16.894  2748  2802 I VRI[ShellDropTarget]@92e3be9: onDisplayChanged oldDisplayState=4 newDisplayState=3
03-14 00:20:16.894  2083  2176 D DisplayPowerController[0]: setActualDisplayState: DOZE_SUSPEND -> DOZE
03-14 00:20:16.894  2083  2176 D DisplayPowerController[0]: animateScreenStateChange: target=DOZE, mIsEnabled=true
03-14 00:20:16.894  2083  2558 D SysinputHAL_AIDL: activate(TSP(1)),3,0 ret=0
03-14 00:20:16.894  2748  2802 I VRI[View root of ReusableWindowDecorViewHost#0]@254be1d: onDisplayChanged oldDisplayState=4 newDisplayState=3
03-14 00:20:16.894  2083  2558 D SemInputDevice:TSP: ActivateTask: 3,1 [03-14 00:20:16.892]
03-14 00:20:16.894  2748  2802 I VRI[View root of ReusableWindowDecorViewHost#1]@9ccb8b6: onDisplayChanged oldDisplayState=4 newDisplayState=3
03-14 00:20:16.894  2083  2176 D DisplayPowerController[0]: animateScreenStateChange: target=DOZE, mIsEnabled=true
03-14 00:20:16.895  2748  2748 I MODManager: onShow ChargingInfoOnlyContainer
03-14 00:20:16.895  1534  1546 I sysinput:aidl: onReportInformation:93, 1, enabled@3,1:0
03-14 00:20:16.895  2748  2748 W MODManager: this device does not supports cover
03-14 00:20:16.895  2748  2748 D DisplayLifecycle: updateDisplay id = 0
03-14 00:20:16.895  2083  2176 D PowerManagerService: displayReady: true groupId=0
03-14 00:20:16.896  2748  2748 I Keyguard.AODTouchModeManager: onDisplayChanged newDisplayState=3, currentDisplayState=4, displayId=0
03-14 00:20:16.896  1534  1546 I sysinput:Touch1: operator():133, 3,1 OK
03-14 00:20:16.896  2083  2558 D SysinputHAL_AIDL: activate(TSP(1)),3,1 ret=0
03-14 00:20:16.897  5329  5329 I VRI[LauncherActivity]@9ba8716: onDisplayChanged oldDisplayState=4 newDisplayState=3
03-14 00:20:16.898  2748  2748 I VRI[LockscreenShortcutBlur]@f4e5155: onDisplayChanged oldDisplayState=4 newDisplayState=3
03-14 00:20:16.898  2748  2748 I VRI[NavigationBar0]@cb51d69: onDisplayChanged oldDisplayState=4 newDisplayState=3
03-14 00:20:16.898  2748  2748 I VRI[EdgeBackGestureHandler0]@e247b7f: onDisplayChanged oldDisplayState=4 newDisplayState=3
03-14 00:20:16.898  2748  2748 I VRI[NotificationShade]@ddcb5e0: onDisplayChanged oldDisplayState=4 newDisplayState=3
03-14 00:20:16.898  2748  2748 I VRI[StatusBar]@b5f60f8: onDisplayChanged oldDisplayState=4 newDisplayState=3
03-14 00:20:16.899  2748  2748 I VRI[SecondaryHomeHandle0]@fc3d736: onDisplayChanged oldDisplayState=4 newDisplayState=3
03-14 00:20:16.910  1567  1567 I BufferQueueProducer: [NotificationShade$_2748#15421](this:0xb400006f877dc638,id:-1,api:0,p:-1,c:1567) queueBuffer: fps=0.10 dur=10153.60 max=10153.60 min=10153.60
03-14 00:20:16.915  1501  1501 I hwcomposer: [HWCDisplay] (0 updateFps():4131), (type:1, mode:2) fps:0.196953,dur:10154.68,max:10049.10,min:105.59  
03-14 00:20:16.975  1501  1884 I hwcomposer: [HWC] (0)fire a callback of refresh to SF[4]  
03-14 00:20:16.994  1567  1567 I BufferQueueProducer: [FramebufferSurface](this:0xb400006faf4f0370,id:-1,api:1,p:1567,c:1567) queueBuffer: fps=0.10 dur=10128.40 max=10128.40 min=10128.40
03-14 00:20:16.995  2083  2640 D NetdEventListenerService: DNS Requested by 126, 10071(com.facebook.services), SUCCESS, 222ms
03-14 00:20:17.077  2083  2083 I Telecom : SamsungTelecomServiceImpl : isInManagedCall - callingPackage : android / callingUser : UserHandle{0} / hasCrossUserAccess : true
03-14 00:20:17.099  3238  6389 I HoneySpace.NotificationListener: onNotificationPosted com.android.systemui: -1|com.android.systemui|2131364006|charging_state|10060: 0
03-14 00:20:17.099  3238  6389 I HoneySpace.NotificationListener: invalid notification: com.android.systemui UserHandle{-1}: canShowBadge is false
03-14 00:20:17.100  2748  2748 I LockscreenNotificationIconsOnlyController: onNotificationInfoUpdated 0
03-14 00:20:17.101  2748  2748 I AODNotificationManager: updateNotification() 
03-14 00:20:17.300  2748  2748 D Bubbles : onEntryUpdated : shouldBubbleUp=true ,key=-1|com.android.systemui|2131364006|charging_state|10060
03-14 00:20:17.301  2748  2748 D InterruptionStateProvider:  no Heads up : edgelighting enabled app. -1|com.android.systemui|2131364006|charging_state|10060
03-14 00:20:17.301  2748  2748 I {OngoingActivityController}: onEntryUpdated and OA data is empty. So update latest task info
03-14 00:20:17.309  1830  1970 I bauth_FPBAuthService: pcf : 0x1012, 0 ,1 ,0 ,0 ,0 ,0, 16.0.0.3
03-14 00:20:17.310  1830  1970 I bauth_FPBAuthService: thread id : 1, preenroll_flag : 0, nd cnt : 0, cso : 0, et : 0
03-14 00:20:17.310  1830  1970 I bauth_FPBAuthService: FPBAuthService::timerHandler complete
03-14 00:20:17.314  2748  2748 I LockscreenNotificationIconsOnlyController: onNotificationInfoUpdated 0
03-14 00:20:17.315  2748  2748 I AODNotificationManager: updateNotification() 
03-14 00:20:17.322  2748  3330 D LocalImageResolver: Couldn't use ImageDecoder for drawable, falling back to non-resized load.
03-14 00:20:17.324  2748  3330 D LocalImageResolver: Couldn't use ImageDecoder for drawable, falling back to non-resized load.
03-14 00:20:17.327  2748  2748 D LocalImageResolver: Couldn't use ImageDecoder for drawable, falling back to non-resized load.
03-14 00:20:17.335  2748  2748 D ExpandableNotifRow: mMaxSmallHeight different before reInflateViews mMaxSmallHeight: 189 mTempSmallHeight:0 -1|com.android.systemui|2131364006|charging_state|10060
03-14 00:20:17.335  2748  2748 D ExpandableNotifRow: mMaxSmallHeight different before reInflateViews mMaxSmallHeight: 189 mTempSmallHeight:0 -1|com.android.systemui|2131364006|charging_state|10060
03-14 00:20:17.335  2748  2748 D ExpandableNotifRow: mMaxSmallHeight different before reInflateViews mMaxSmallHeight: 189 mTempSmallHeight:0 -1|com.android.systemui|2131364006|charging_state|10060
03-14 00:20:17.335  2748  2748 D ExpandableNotifRow: mMaxSmallHeight different before reInflateViews mMaxSmallHeight: 189 mTempSmallHeight:0 -1|com.android.systemui|2131364006|charging_state|10060
03-14 00:20:17.342  2748  2748 D LocalImageResolver: Couldn't use ImageDecoder for drawable, falling back to non-resized load.
03-14 00:20:17.348  2748  2748 I LockscreenNotificationIconsOnlyController: onNotificationInfoUpdated 0
03-14 00:20:17.348  2748  2748 I AODNotificationManager: updateNotification() 
03-14 00:20:17.433  1753  1753 E vendor.samsung.hardware.gnss-service: gpsinf_inject_best_location: flags:51, speed:0.000000, bearing:0.000000, h_accuracy:100.000000, v_accuracy:100.000000, s_accuracy:0.000000, b_accuracy:0.000000, timestamp:-384675820 
03-14 00:20:17.434  1699  1743 E mnl2hal : hal2mnl_hdlr: HAL2MNL_GPS_INJECT_BEST_LOCATION h_accuracy:100.000000, timestamp:-384675820 
03-14 00:20:17.435  1747  1762 D agps    : [agps][n][AGPS] [MNL] mnl2agps [153]
03-14 00:20:17.435  1747  1762 D agps    : Xed[V_8;|(7C0x)+x\HWcp=;h[Zi=R7&%D`L;2$5=8=-2LG1C`L-5q0+&!*("%$pL:5d/)%(*&&(uA$&`.! pA-@q-xx~~     yiSBDG5(b.yO5AFp-pN:<m.qS83ABAo-yiUI7"3=62b%x|lpyiSI5(7CH8$-CBj%x|lpy
03-14 00:20:17.435  1699  1743 D MNLD    : mnld_nfw_mnl2agps_location_sync: mnl2agps_location_sync success, ret = 51
03-14 00:20:17.440  2083  2974 D SLocation: PositionManager - Passive handleLocationChanged [N, A : 100.00, T : 1773436817428, ET : 106103448, h : 22/20]
03-14 00:20:17.441  2083  2974 W SLocation: GeopointGeofenceManger - refresh wifi to receive loc
03-14 00:20:17.441  2083  2974 D SLocation: GeopointGeofenceManger - Location reported : fix method = 4 / 100.0
03-14 00:20:17.441  2083  2974 D SLocation: SLocationCoreSem - send to coreSem, packet length : 23 / [2, 22, 222, 248, 169, 16, 50, 82, 100, 0, 0, 0, 100, 2, 0, 0, 1, 156, 233, 18, 80, 20, 0]
03-14 00:20:17.441  2083  2974 D SemContextLocationCoreAttribute: setAttribute() mode : 0 action : 23
03-14 00:20:17.442  2083  2974 D SemContextService: lock : changeParameters
03-14 00:20:17.442  2083  2974 D SemContext.CaeProvider.LocationCoreImpl: setAttribute() mode : 0 action : 23
03-14 00:20:17.442  2083  2974 W CAE     : setCAProperty(ContextAwareService.java:509) - [setProperty 01] Mutex is locked for SLOCATION_RUNNER
03-14 00:20:17.442  2083  2974 I CAE     : setPropertyValue(SLocationRunner.java:116) - SLocationRunner setProperty header : 2, len : 23
03-14 00:20:17.443  2083  2486 D SensorService: setSContextDataLocked ints length 8 , byte length 26
03-14 00:20:17.443  2083  2486 D SensorService: setSContextDataLocked 23717c1
03-14 00:20:17.444  1503  1503 I SensorsHub: SContextSensor::injecet_sensor_data
03-14 00:20:17.444  1503  1503 D SensorsHub: c1 17 37 02 16 de f8 a9 10 32 52 64 00 00 00 64  
03-14 00:20:17.444  1503  1503 D SensorsHub: 02 00 00 01 9c e9 12 50 14 00  
03-14 00:20:17.445  1503  1503 D SensorsHub: inject_scontext_data: New ssp_data_injection_fd(25)
03-14 00:20:17.445  1503  1503 D SensorsHub: SContext Data Injection return 26
03-14 00:20:17.446  1503  1564 I SensorsHub: context 10 0 9 1,1,55,0,5,2,2,0,0,0, 106103465786011
03-14 00:20:17.448  2083  2974 W CAE     : setCAProperty(ContextAwareService.java:515) - [setProperty 02] Mutex is unlocked for SLOCATION_RUNNER
03-14 00:20:17.448  2083  2974 D SemContextService: unlock : changeParameters
03-14 00:20:17.448  2083  2974 D SemContextManager:   .changeParameters : listener = Z.i@6612771, service=SLocation Core
03-14 00:20:17.448  2083  2974 D SLocation: ReceiverPair - ignore direction of location due to wifi, id = 16, reason = 400
03-14 00:20:17.449  2083  2974 D SLocation: GeopointReceiver - cancel delay & hold gf id : 28
03-14 00:20:17.449  2083  2974 D SLocation: GeopointReceiver - cancel delay & hold gf id : 33
03-14 00:20:17.449  2083  2974 D SLocation: ReceiverPair - ignore direction of location due to wifi, id = 40, reason = 400
03-14 00:20:17.450  2083  2486 D SensorService: setSContextDataLocked ints length 3 , byte length 5
03-14 00:20:17.450  1503  1564 I SensorsHub: context 26 0 25 1,1,55,0,21,5,7,2,0,0,0,8,4,147,243,136,7,2,0,0,0,0,4,148,30,128, 106103469738318
03-14 00:20:17.450  2083  2486 D SensorService: setSContextDataLocked 14150ec1
03-14 00:20:17.451  2083  2974 D SLocation: AlarmManagerWrapper - next alarm time : 109703460 (WK)
03-14 00:20:17.451  1503  1503 I SensorsHub: SContextSensor::injecet_sensor_data
03-14 00:20:17.451  1503  1503 D SensorsHub: c1 0e 15 14 11  
03-14 00:20:17.451  1503  1503 D SensorsHub: inject_scontext_data: New ssp_data_injection_fd(25)
03-14 00:20:17.452  1503  1503 D SensorsHub: SContext Data Injection return 5
03-14 00:20:17.454  2083  2484 D CAE     : onGetSensorHubData(SensorHubParserProvider.java:92) - onGetSensorHubData Event [event buffer len :10], AP_SLEEP
03-14 00:20:17.454  2083  2484 I CAE     : parse(SensorHubParserProvider.java:188) - buffer size = 10
03-14 00:20:17.455  2083  2484 I CAE     : parse(SensorHubParserProvider.java:199) - 1, 1, 55, 0, 5, 2, 2, 0, 0, 0,
03-14 00:20:17.455  2083  2484 I CAE     : parse(SLocationRunner.java:88) - SLocationRunner parse start : 3
03-14 00:20:17.455  2083  2484 D CAE     : display(ContextProvider.java:375) - ================= SLOCATION_RUNNER =================
03-14 00:20:17.456  2083  2484 I CAE     : display(ContextProvider.java:391) - ExtraDataArray=[1, 1, 55, 0, 5, 2, 2, 0, 0, 0]
03-14 00:20:17.457  2083  2484 I CAE     : parse(SLocationRunner.java:96) - SLocationRunner parse end:10
03-14 00:20:17.458  2083  2481 D SemContextService: Service.updateContext() : service = SLocation Core
03-14 00:20:17.458  2083  2486 D SensorService: setSContextDataLocked ints length 3 , byte length 5
03-14 00:20:17.458  2083  2486 D SensorService: setSContextDataLocked 14150ec1
03-14 00:20:17.458  2083  2083 D SemContextManager: onSemContextChanged() : event = SLocation Core
03-14 00:20:17.459  2083  2083 D SLocation: SensorHubWrapper - SemContextChanged type = 47, packet received
03-14 00:20:17.459  1503  1503 I SensorsHub: SContextSensor::injecet_sensor_data
03-14 00:20:17.459  2083  2974 D SLocation: GeofenceCoreManager - received Extra Data from core, len : 5
03-14 00:20:17.459  2083  2974 D SLocation: GeofenceCoreManager - handleCommandCallback - UNKNOWN_CALLBACK 2 SUCCESS
03-14 00:20:17.459  2083  2974 D SLocation: CommonCoreManager - received Extra Data from core, len : 5
03-14 00:20:17.460  2083  2974 D SLocation: CommonCoreManager - handleCommandCallback - FUNC_TYPE : SET_LOCATION  ERROR_CODE : ERROR_NONE
03-14 00:20:17.460  1503  1503 D SensorsHub: c1 0e 15 14 11  
03-14 00:20:17.460  1503  1503 D SensorsHub: inject_scontext_data: New ssp_data_injection_fd(25)
03-14 00:20:17.460  1503  1503 D SensorsHub: SContext Data Injection return 5
03-14 00:20:17.462  2083  2484 D CAE     : onGetSensorHubData(SensorHubParserProvider.java:92) - onGetSensorHubData Event [event buffer len :26], AP_SLEEP
03-14 00:20:17.462  2083  2484 I CAE     : parse(SensorHubParserProvider.java:188) - buffer size = 26
03-14 00:20:17.463  2083  2484 I CAE     : parse(SensorHubParserProvider.java:199) - 1, 1, 55, 0, 21, 5, 7, 2, 0, 0, 0, 8, 4, -109, -13, -120, 7, 2, 0, 0, 0, 0, 4, -108, 30, -128,
03-14 00:20:17.463  2083  2484 I CAE     : parse(SLocationRunner.java:88) - SLocationRunner parse start : 3
03-14 00:20:17.464  2083  2484 D CAE     : display(ContextProvider.java:375) - ================= SLOCATION_RUNNER =================
03-14 00:20:17.464  2083  2484 I CAE     : display(ContextProvider.java:391) - ExtraDataArray=[1, 1, 55, 0, 21, 5, 7, 2, 0, 0, 0, 8, 4, -109, -13, -120, 7, 2, 0, 0, 0, 0, 4, -108, 30, -128]
03-14 00:20:17.465  2083  2484 I CAE     : parse(SLocationRunner.java:96) - SLocationRunner parse end:26
03-14 00:20:17.466  2083  2481 D SemContextService: Service.updateContext() : service = SLocation Core
03-14 00:20:17.467  2083  2083 D SemContextManager: onSemContextChanged() : event = SLocation Core
03-14 00:20:17.467  2083  2083 D SLocation: SensorHubWrapper - SemContextChanged type = 47, packet received
03-14 00:20:17.468  2083  2974 D SLocation: GeofenceCoreManager - received Extra Data from core, len : 21
03-14 00:20:17.468  2083  2974 D SLocation: CommonCoreManager - received Extra Data from core, len : 21
03-14 00:20:17.550   778   778 W keymint_tee: [WRN]begin req PARAMS: A3, D4, 
03-14 00:20:17.553   778   778 D android.hardware.security.keymint-service: begin: ret 0
03-14 00:20:17.554   777  7847 I keystore2: system/security/keystore2/src/security_level.rs:466 - In create_operation. Success to create IKeystoreOperation. 10071, None
03-14 00:20:17.556   778   778 D android.hardware.security.keymint-service: finish: ret 0
03-14 00:20:17.559 24620 24711 W DGW     : W[operator():418] DGW Connected to 57.144.126.3
03-14 00:20:17.651   582   582 D io_stats: !@   8,32 r 3706039 78901668 w 2438670 31713412 d 307656 187094324 f 205123 237314 iot 1160400 0 th 0 0 0 pt 0 inp 0 0 50630.936
03-14 00:20:17.651   582   582 D io_stats: !@ Write_top(KB): kworker/u32:3:/(31888) 36 vendor.samsung.:normal(1528) 8
03-14 00:20:17.705 24620 24711 W DGW     : W[onSuccessfulResponse:884] StreamGroupTransport[notifgateway] on successful response. DGW is now connected.
03-14 00:20:17.932 19994 20019 I [+0300]oneconnect[1.8.41.23_01][BEACON_MANAGER_CONTROL_SERVICE]: BeaconManagerControlService.stopService - begin stopSelf
03-14 00:20:17.945  2083  2974 D SLocation: WifiBssidMonitor - requestRefresh
03-14 00:20:17.947  2083  2974 W SLocation: WifiBssidMonitor - connected wifi : (a8:6e:84:**:**:a7/865)
03-14 00:20:18.006 11908 11908 I BCMGR[11.2.04.4]: (ST)] disconnectService - unbind Service
03-14 00:20:18.012 19994 19994 I [+0300]oneconnect[1.8.41.23_01][BEACON_MANAGER_CONTROL_SERVICE]: BeaconManagerControlService.onUnbind - 
03-14 00:20:18.013 19994 19994 I [+0300]oneconnect[1.8.41.23_01][BEACON_MANAGER_CONTROL_SERVICE]: BeaconManagerControlService.onDestroy - 
03-14 00:20:18.014 19994 19994 I [+0300]oneconnect[1.8.41.23_01][BEACON_MANAGER_CONTROL_SERVICE]: ProcessUtil.setProcessForeground - [myPid]19994isForeground:false
03-14 00:20:18.031 19994 19994 I [+0300]oneconnect[1.8.41.23_01][BEACON_MANAGER_CONTROL_SERVICE]: EasySetupHistoryUtil.clearOutDatedEasySetupBlockList - 1773436818
03-14 00:20:18.041 19994 19994 I [+0300]oneconnect[1.8.41.23_01][BEACON_MANAGER_CONTROL_SERVICE]: QcApplication.onTrimMemory - ************** lvl=40 elapsed=0ms
03-14 00:20:18.045  2083  5180 I ActivityManager: Killing 1274:com.samsung.android.app.sharelive/5026 (adj 995): empty #33
03-14 00:20:18.091  2083  2130 I libprocessgroup: Removed cgroup /sys/fs/cgroup/system/uid_5026/pid_1274
03-14 00:20:18.092  1484  1484 I Zygote  : Process 1274 exited due to signal 9 (Killed)
03-14 00:20:18.157 19994 19998 W rControlService: Reducing the number of considered missed Gc histogram windows from 343 to 100
03-14 00:20:18.311  1830  1970 I bauth_FPBAuthService: pcf : 0x1012, 0 ,1 ,0 ,0 ,0 ,0, 16.0.0.3
03-14 00:20:18.311  1830  1970 I bauth_FPBAuthService: thread id : 1, preenroll_flag : 0, nd cnt : 0, cso : 0, et : 0
03-14 00:20:18.311  1830  1970 I bauth_FPBAuthService: FPBAuthService::timerHandler complete
03-14 00:20:18.392  1673  1692 E thermal_core: find_tz_idx_by_name:"Failed to find thermal zone index of ap_ntc\n"
03-14 00:20:18.392  1673  1692 E thermal_core: find_tz_idx_by_name:"Failed to find thermal zone index of mtk-master-charger\n"
03-14 00:20:18.845  2857  2857 I wpa_supplicant: Heartbeat 1395
03-14 00:20:19.313  1830  1970 I bauth_FPBAuthService: pcf : 0x1012, 0 ,1 ,0 ,0 ,0 ,0, 16.0.0.3
03-14 00:20:19.314  1830  1970 I bauth_FPBAuthService: thread id : 1, preenroll_flag : 0, nd cnt : 0, cso : 0, et : 0
03-14 00:20:19.314  1830  1970 I bauth_FPBAuthService: FPBAuthService::timerHandler complete
03-14 00:20:19.654   582   582 D io_stats: !@   8,32 r 3706048 78901884 w 2438675 31713472 d 307656 187094324 f 205123 237314 iot 1160416 0 th 0 0 0 pt 0 inp 0 0 50632.940
03-14 00:20:20.314  1830  1970 I bauth_FPBAuthService: pcf : 0x1012, 0 ,1 ,0 ,0 ,0 ,0, 16.0.0.3
03-14 00:20:20.314  1830  1970 I bauth_FPBAuthService: thread id : 1, preenroll_flag : 0, nd cnt : 0, cso : 0, et : 0
03-14 00:20:20.315  1830  1970 I bauth_FPBAuthService: FPBAuthService::timerHandler complete
03-14 00:20:21.094  2083  2164 D MARsPolicyManager: triggerAction called!
03-14 00:20:21.095  2083  2164 I NSLocationMonitor: getGPSUsingApps() called
03-14 00:20:21.096  3549  3566 I NSLocationManager_FLP: getGPSUsingApps, No change
03-14 00:20:21.316  1830  1970 I bauth_FPBAuthService: pcf : 0x1012, 0 ,1 ,0 ,0 ,0 ,0, 16.0.0.3
03-14 00:20:21.316  1830  1970 I bauth_FPBAuthService: thread id : 1, preenroll_flag : 0, nd cnt : 0, cso : 0, et : 0
03-14 00:20:21.316  1830  1970 I bauth_FPBAuthService: FPBAuthService::timerHandler complete
03-14 00:20:21.394  1673  1692 E thermal_core: find_tz_idx_by_name:"Failed to find thermal zone index of ap_ntc\n"
03-14 00:20:21.395  1673  1692 E thermal_core: find_tz_idx_by_name:"Failed to find thermal zone index of mtk-master-charger\n"
03-14 00:20:21.656   582   582 D io_stats: !@   8,32 r 3706048 78901884 w 2438683 31713504 d 307656 187094324 f 205123 237314 iot 1160420 0 th 0 0 0 pt 0 inp 0 0 50634.941
03-14 00:20:21.656   582   582 D io_stats: !@ Read_top(KB): rControlService:low(19994) 212 rControlService:high(19994) 4
03-14 00:20:21.656   582   582 D io_stats: !@ Write_top(KB): kworker/u32:3:/(31888) 52 sait.sohservice:low(1299) 32 rControlService:low(19994) 8
03-14 00:20:22.317  1830  1970 I bauth_FPBAuthService: pcf : 0x1012, 0 ,1 ,0 ,0 ,0 ,0, 16.0.0.3
03-14 00:20:22.317  1830  1970 I bauth_FPBAuthService: thread id : 1, preenroll_flag : 0, nd cnt : 0, cso : 0, et : 0
03-14 00:20:22.317  1830  1970 I bauth_FPBAuthService: FPBAuthService::timerHandler complete
03-14 00:20:22.379  2083  5463 D PowerManagerService: [api] release WakeLock DRAW_WAKE_LOCK                    'charging_info' ACQ=-5s506ms (uid=10060 pid=2748 displayId=0 lock=79a5834)
03-14 00:20:22.380  2083  5463 D PowerManagerService: displayReady: false groupId=0
03-14 00:20:22.381  2083  2176 D DisplayPowerController[0]: animateScreenStateChange: target=DOZE_SUSPEND, mIsEnabled=true
03-14 00:20:22.385  2083  2176 I DisplayPowerController[0]: BrightnessEvent: brt=0.16470589 (65.0%), nits= 42.077, lux=-1.0, reason=manual, strat=FallbackBrightnessStrategy, state=DOZE_SUSPEND, stateReason=UNKNOWN, policy=DOZE, flags=, initBrt=0.16470589, rcmdBrt=NaN, preBrt=NaN, preLux=0.0, wasShortTermModelActive=false, autoBrightness=false (default), unclampedBrt=0.16470589, hbmMax=1.0, hbmMode=off, thrmMax=1.0, rbcStrength=-1, powerFactor=1.0, physDisp=Yerleşik Ekran(local:4627039422300187648), logicalId=0, slowChange=false, rampSpeed=0.0
03-14 00:20:22.387  1520  1550 I mtkpower@impl: [setMode] type:9, enabled:1
03-14 00:20:22.387  1520  1550 I mtkpower@impl: [setMode] Mode::DISPLAY_INACTIVE: 1
03-14 00:20:22.387  2083  2637 D DisplayManagerService: !@display_state requestDisplayStateInternal: DOZE -> DOZE_SUSPEND displayId=0
03-14 00:20:22.388  2083  2637 D SemInputDeviceManagerService: setDisplayState[1] EARLY: DOZE(3) -> DOZE_SUSPEND(4)
03-14 00:20:22.388  2083  2116 I DisplayDeviceRepository: Display device changed state: "Yerleşik Ekran", DOZE_SUSPEND
03-14 00:20:22.389  2083  2176 D BrightnessThermalClamper: Thermal status observer already started
03-14 00:20:22.390  2083  2637 D LocalDisplayAdapter: notifyStateChangeStart: com.samsung.android.hardware.secinputdev.external.DisplayStateListenerWrapper$1@c7e080a took 2 ms
03-14 00:20:22.390  2083  2114 D WindowManager: DeferredDisplayUpdater: partially applying DisplayInfo(1080 x 2340) immediately
03-14 00:20:22.391  2083  2558 D SemInputDevice:TSP: ActivateTask: 4,0 [03-14 00:20:22.388]
03-14 00:20:22.391  2083  2083 D SGM:GameManager: onDisplayChanged. displyId: 0, state: 4
03-14 00:20:22.392  2083  2476 I SemBiometricDisplayStateMonitor: DisplayStateListener#onStart : DOZE_SUSPEND, DOZE_SUSPEND, DEFAULT_DISPLAY
03-14 00:20:22.392  1534  1546 I sysinput:aidl: onReportInformation:93, 1, enabled@4,0:0
03-14 00:20:22.393  2083  2299 D SGM:FgCheckThread: onLooperPrepared(), msg: MSG_LCD_OFF
03-14 00:20:22.394  1534  1546 I sysinput:Touch1: operator():133, 4,0 OK
03-14 00:20:22.394 29780 29864 D AudioFlinger: setParameters: filtered dev setParameters keyvalue screen_state=off
03-14 00:20:22.394  2083  2637 D LocalDisplayAdapter: notifyStateChangeStart: com.android.server.biometrics.SemBiometricDisplayStateMonitor@478eea8 took 1 ms
03-14 00:20:22.394  2083  2637 W LocalDisplayAdapter: !@display_state - 2358 : DOZE -> DOZE_SUSPEND (MAIN)
03-14 00:20:22.395  3238 28404 I HoneySpace.Memory-Monitor: current state = 4, didTrim = true
03-14 00:20:22.396 29783 29791 D AudioALSAHardware: +setParameters(): screen_state=off
03-14 00:20:22.396 29783 29791 D AudioALSAHardware: -setParameters(): screen_state=off
03-14 00:20:22.396  2748  2748 D DisplayLifecycle: updateDisplay id = 0
03-14 00:20:22.396  5415  5415 I HBD     : DeX h DeX mode state change in non-main thread 
03-14 00:20:22.396  5415  5415 I HBD     : DeX h DeX mode state change: 3 
03-14 00:20:22.397  1567  1567 D SurfaceFlinger: Setting power mode 2 on physical display 4627039422300187648
03-14 00:20:22.397  5415  5415 I VRI[InputMethod]@e345dc8: onDisplayChanged oldDisplayState=3 newDisplayState=4
03-14 00:20:22.398  2083  2637 W LocalDisplayAdapter: !@display_state - 2358 : DOZE_SUSPEND (MAIN) took 1 ms
03-14 00:20:22.398  2083  2637 D SemInputDeviceManagerService: setDisplayState[1] LATE: DOZE_SUSPEND(4) -> DOZE_SUSPEND(4)
03-14 00:20:22.400  2083  2558 D SysinputHAL_AIDL: activate(TSP(1)),4,0 ret=0
03-14 00:20:22.401  2083  2637 D LocalDisplayAdapter: notifyStateChangeFinish: com.samsung.android.hardware.secinputdev.external.DisplayStateListenerWrapper$1@c7e080a took 3 ms
03-14 00:20:22.402  2083  2637 D LocalDisplayAdapter: notifyStateChangeFinish: com.android.server.biometrics.SemBiometricDisplayStateMonitor@478eea8 took 1 ms
03-14 00:20:22.402  2083  2476 I SemBiometricDisplayStateMonitor: DisplayStateListener#onFinish : DOZE_SUSPEND, DOZE_SUSPEND, DEFAULT_DISPLAY
03-14 00:20:22.402  2083  2558 D SemInputDevice:TSP: ActivateTask: 4,1 [03-14 00:20:22.399]
03-14 00:20:22.402  2083  2176 D DisplayPowerController[0]: setActualDisplayState: DOZE -> DOZE_SUSPEND
03-14 00:20:22.402  2083  2176 D DisplayPowerController[0]: animateScreenStateChange: target=DOZE_SUSPEND, mIsEnabled=true
03-14 00:20:22.402  1567  1613 I VSyncReactor: Current= 90, Period= 90, hwcPeriod= 90
03-14 00:20:22.403  1534  1546 I sysinput:aidl: onReportInformation:93, 1, enabled@4,1:0
03-14 00:20:22.403  2083  2176 D DisplayPowerController[0]: animateScreenStateChange: target=DOZE_SUSPEND, mIsEnabled=true
03-14 00:20:22.404  1534  1546 I sysinput:Touch1: operator():133, 4,1 OK
03-14 00:20:22.404  2083  2558 D SysinputHAL_AIDL: activate(TSP(1)),4,1 ret=0
03-14 00:20:22.404  3238  3238 I VRI[LauncherActivity]@79a9058: onDisplayChanged oldDisplayState=3 newDisplayState=4
03-14 00:20:22.404  3238  3238 I VRI[RecentsTransitionOverlay]@815033c: onDisplayChanged oldDisplayState=3 newDisplayState=4
03-14 00:20:22.404  3238  3238 I VRI[CocktailBarService]@b870e79: onDisplayChanged oldDisplayState=3 newDisplayState=4
03-14 00:20:22.404  3238  3238 I VRI[RecentsActivity]@a5b1272: onDisplayChanged oldDisplayState=3 newDisplayState=4
03-14 00:20:22.405  2748  2748 I Keyguard.AODTouchModeManager: onDisplayChanged newDisplayState=4, currentDisplayState=3, displayId=0
03-14 00:20:22.406  2083  2176 D PowerManagerService: displayReady: true groupId=0
03-14 00:20:22.406  5329  5329 I VRI[LauncherActivity]@9ba8716: onDisplayChanged oldDisplayState=3 newDisplayState=4
03-14 00:20:22.406  2083  5503 D WifiDisplayAdapter: isFitToActiveDisplayLocked : false
03-14 00:20:22.407  2748  2802 I VRI[ShellDropTarget]@92e3be9: onDisplayChanged oldDisplayState=3 newDisplayState=4
03-14 00:20:22.407  2748  2802 I VRI[View root of ReusableWindowDecorViewHost#0]@254be1d: onDisplayChanged oldDisplayState=3 newDisplayState=4
03-14 00:20:22.407  2748  2802 I VRI[View root of ReusableWindowDecorViewHost#1]@9ccb8b6: onDisplayChanged oldDisplayState=3 newDisplayState=4
03-14 00:20:22.410  2748  2748 I VRI[LockscreenShortcutBlur]@f4e5155: onDisplayChanged oldDisplayState=3 newDisplayState=4
03-14 00:20:22.411  2748  2748 I VRI[NavigationBar0]@cb51d69: onDisplayChanged oldDisplayState=3 newDisplayState=4
03-14 00:20:22.411  2748  2748 I VRI[EdgeBackGestureHandler0]@e247b7f: onDisplayChanged oldDisplayState=3 newDisplayState=4
03-14 00:20:22.411  2748  2748 I VRI[NotificationShade]@ddcb5e0: onDisplayChanged oldDisplayState=3 newDisplayState=4
03-14 00:20:22.411  2748  2748 I VRI[StatusBar]@b5f60f8: onDisplayChanged oldDisplayState=3 newDisplayState=4
03-14 00:20:22.411  2748  2748 I VRI[SecondaryHomeHandle0]@fc3d736: onDisplayChanged oldDisplayState=3 newDisplayState=4
03-14 00:20:22.412  5068  6278 I SDHMS:x : SIOP:: AP:359 BAT:332 USB:340 CHG:372 PA:354 WIFI:353 BLK:0 SUBBAT:0 SKIN:339 SKINF:331 SKINB:339 LRP2:339 LRF2:331 LRB2:339 AP2:339 CHG2:336 MEM2:339 WIFI2:339 SPK2:321 VAP05:360 AVGCUR:1192 AVGSYS:0 POWER:5149
03-14 00:20:22.414  2748  2882 D StackScroller: onDisplayChanged for predraw skip to 4
03-14 00:20:22.512  5068  6274 I SDHMS:n : Periodic event 'saveLog' will starts soon.
03-14 00:20:22.513  5068  6274 I SDHMS:x : Polling event syncDatabaseLocked will starts.
03-14 00:20:22.524  5068  6274 I SDHMS:x : Polling event syncDatabaseLocked finished.
03-14 00:20:22.524  5068  6274 I SDHMS:x : Polling event checkDatabaseLocked will starts.
03-14 00:20:22.557  5068  6274 I SDHMS:x : Polling event checkDatabaseLocked finished.
03-14 00:20:22.558  5068  6274 I SDHMS:x : Polling event checkDatabaseOverflow will starts.
03-14 00:20:22.561  5068  6274 I SDHMS:x : Polling event checkDatabaseOverflow finished.
03-14 00:20:23.067  2083  2509 D InetDiagMessage: Destroyed 0 sockets, proto=IPPROTO_TCP, family=AF_INET, states=14
03-14 00:20:23.072  2083  2509 D InetDiagMessage: Destroyed 0 sockets, proto=IPPROTO_TCP, family=AF_INET6, states=14
03-14 00:20:23.072  2083  2509 D InetDiagMessage: Destroyed live tcp sockets for uids={10361} in 8ms
03-14 00:20:23.076  2083  2509 D InetDiagMessage: Destroyed 0 sockets, proto=IPPROTO_TCP, family=AF_INET, states=14
03-14 00:20:23.079  2083  2509 D InetDiagMessage: Destroyed 0 sockets, proto=IPPROTO_TCP, family=AF_INET6, states=14
03-14 00:20:23.080  2083  2509 D InetDiagMessage: Destroyed live tcp sockets for uids={20361} in 7ms
03-14 00:20:23.319  1830  1970 I bauth_FPBAuthService: pcf : 0x1012, 0 ,1 ,0 ,0 ,0 ,0, 16.0.0.3
03-14 00:20:23.320  1830  1970 I bauth_FPBAuthService: thread id : 1, preenroll_flag : 0, nd cnt : 0, cso : 0, et : 0
03-14 00:20:23.320  1830  1970 I bauth_FPBAuthService: FPBAuthService::timerHandler complete
03-14 00:20:23.660   582   582 D io_stats: !@   8,32 r 3706056 78901924 w 2438703 31713684 d 307656 187094324 f 205123 237314 iot 1160440 0 th 0 0 0 pt 0 inp 0 0 50636.945
03-14 00:20:24.320  1830  1970 I bauth_FPBAuthService: pcf : 0x1012, 0 ,1 ,0 ,0 ,0 ,0, 16.0.0.3
03-14 00:20:24.320  1830  1970 I bauth_FPBAuthService: thread id : 1, preenroll_flag : 0, nd cnt : 0, cso : 0, et : 0
03-14 00:20:24.320  1830  1970 I bauth_FPBAuthService: FPBAuthService::timerHandler complete
03-14 00:20:24.395  1673  1692 E thermal_core: find_tz_idx_by_name:"Failed to find thermal zone index of ap_ntc\n"
03-14 00:20:24.396  1673  1692 E thermal_core: find_tz_idx_by_name:"Failed to find thermal zone index of mtk-master-charger\n"
03-14 00:20:25.322  1830  1970 I bauth_FPBAuthService: pcf : 0x1012, 0 ,1 ,0 ,0 ,0 ,0, 16.0.0.3
03-14 00:20:25.323  1830  1970 I bauth_FPBAuthService: thread id : 1, preenroll_flag : 0, nd cnt : 0, cso : 0, et : 0
03-14 00:20:25.323  1830  1970 I bauth_FPBAuthService: FPBAuthService::timerHandler complete
03-14 00:20:25.663   582   582 D io_stats: !@   8,32 r 3706056 78901924 w 2438705 31713736 d 307656 187094324 f 205123 237314 iot 1160444 0 th 0 0 0 pt 0 inp 0 0 50638.949
03-14 00:20:25.664   582   582 D io_stats: !@ Read_top(KB): c.android.sdhms:high(5068) 40
03-14 00:20:25.664   582   582 D io_stats: !@ Write_top(KB): c.android.sdhms:high(5068) 160 kworker/u32:3:/(31888) 52 sait.sohservice:low(1299) 20
03-14 00:20:26.120  2083  2164 D MARsPolicyManager: triggerAction called!
03-14 00:20:26.121  2083  2164 I NSLocationMonitor: getGPSUsingApps() called
03-14 00:20:26.122  3549  3566 I NSLocationManager_FLP: getGPSUsingApps, No change
03-14 00:20:26.325  1830  1970 I bauth_FPBAuthService: pcf : 0x1012, 0 ,1 ,0 ,0 ,0 ,0, 16.0.0.3
03-14 00:20:26.325  1830  1970 I bauth_FPBAuthService: thread id : 1, preenroll_flag : 0, nd cnt : 0, cso : 0, et : 0
03-14 00:20:26.325  1830  1970 I bauth_FPBAuthService: FPBAuthService::timerHandler complete
03-14 00:20:26.931  1528  1554 E BatteryDump: !@new_battery_dump : 4320,1159,3000,3150,83,332,340,371,0,0,339,371,0,Charging,NO_CHARGING,Normal,Good,PDIC,0,Normal,0,0,9425,0x0,0x10000,0x0,0,0,0000,0000,00000000,0,0,0,0,486,4109,8190,980,0,
03-14 00:20:26.940  2083  5503 D [SS]BattFunctions: [sendRemainingChargingTimeChangedIntent]remainingChargingTime:1909 ,mLastRemainingChargingTime:1916
03-14 00:20:26.940  1536  1536 I seh_thermal_service: getTemperaturesWithType SehTemperatureType: 3
03-14 00:20:26.941  1528  1528 I sehhealth-service: updateLrpSysfs: write: 339
03-14 00:20:26.946  2748  2748 I AODBatteryManager: updateBatteryData: ACTION_BATTERY_CHANGED: false, isSleepModeChanged:false ,isRemainingTimeChanged: true, isUSBRestriction: false
03-14 00:20:26.947  2748  2748 I ChargingInfoManager: updateChargingInfo: newState = AOD ChargingInfo [mState=BATTERY_AND_REMAIN_TIME, mIsCharging=true, mIsPlugged=true, mIsFullyCharged=false, mIsBatteryProtectMode=false, mBetteryLevel=83, mBetteryProtectModeType3, mIsSlowChargingfalse], oldState = AOD ChargingInfo [mState=BATTERY_AND_REMAIN_TIME, mIsCharging=true, mIsPlugged=true, mIsFullyCharged=false, mIsBatteryProtectMode=false, mBetteryLevel=83, mBetteryProtectModeType3, mIsSlowChargingfalse]
03-14 00:20:26.949  2748  2748 D PowerUI : Remaining charging time : 1909
03-14 00:20:26.949  2748  2748 D PowerUI : Charging time is changed, check charging notification
03-14 00:20:26.951  2748  2748 D PowerUI.Notification: showChargingNotice - Battery Level : 83 -> 83, Charging Type : 11 -> 11, Charging Time : 1916 -> 1909, Maximum protection : false -> false, Maximum threshold : 80 -> 80
03-14 00:20:26.952  1567  1613 I VSyncReactor: Current= 90, Period= 90, hwcPeriod= 90
03-14 00:20:26.955  2748  2748 I NotificationManager: com.android.systemui: notify(2131364006, charging_state, Notification(channel=CHR shortcut=null contentView=null vibrate=null sound=null defaults=0 flags=ONGOING_EVENT|ONLY_ALERT_ONCE color=0x00000000 category=sys groupKey=CHARGING vis=PUBLIC semFlags=0x0 semPriority=0 semMissedCount=0)) as user
03-14 00:20:26.961  2083  5503 W PermissionService: getPermissionFlags: Unknown user -1
03-14 00:20:26.961  2083  5503 W PermissionService: getPermissionFlags: Unknown user -1
03-14 00:20:26.964  2748  2748 I ChargingInfoView: handleMessage: MSG_SHOW_CHARGING_INFO
03-14 00:20:26.964  2748  2748 I BottomChargingInfoView: updateContents: BATTERY_AND_REMAIN_TIME
03-14 00:20:26.964  2748  2748 I AOD_WAKELOCK@WakeLockManager: acquireIfExists: tag - charging_info, timeout - 1000, reason - Charging Info is updating, delay by 500, wakeLock = WakeLock{432cb95 held=false, refCount=0}
03-14 00:20:26.966  2083  5503 D PowerManagerService: [api] acquire WakeLock DRAW_WAKE_LOCK                    'charging_info' (uid=10060 pid=2748 displayId=0 lock=79a5834)
03-14 00:20:26.967  2083  5503 D PowerManagerService: displayReady: false groupId=0
03-14 00:20:26.967  2083  2176 D DisplayPowerController[0]: animateScreenStateChange: target=DOZE, mIsEnabled=true
03-14 00:20:26.968  2748  2748 I ChargingInfoManager: getDeviceRemainingTime: Dolmasına 32 dk
03-14 00:20:26.968  2748  2748 I AOD_WAKELOCK@WakeLockManager: acquireIfExists: tag - charging_info, timeout - 5500, reason - Charging Info is updating, delay by 5000, wakeLock = WakeLock{432cb95 held=true, refCount=1}
03-14 00:20:26.969  2748  2748 I AbsChargingInfoComponent: setVisibilityWithAnim: skipped true
03-14 00:20:26.970  2083  2176 I DisplayPowerController[0]: BrightnessEvent: brt=0.16470589 (65.0%), nits= 42.077, lux=-1.0, reason=manual, strat=FallbackBrightnessStrategy, state=DOZE, stateReason=DRAW_WAKE_LOCK, policy=DOZE, flags=, initBrt=0.16470589, rcmdBrt=NaN, preBrt=NaN, preLux=0.0, wasShortTermModelActive=false, autoBrightness=false (default), unclampedBrt=0.16470589, hbmMax=1.0, hbmMode=off, thrmMax=1.0, rbcStrength=-1, powerFactor=1.0, physDisp=Yerleşik Ekran(local:4627039422300187648), logicalId=0, slowChange=false, rampSpeed=0.0
03-14 00:20:26.971  1520  1550 I mtkpower@impl: [setMode] type:9, enabled:1
03-14 00:20:26.972  1520  1550 I mtkpower@impl: [setMode] Mode::DISPLAY_INACTIVE: 1
03-14 00:20:26.972  2083  2637 D DisplayManagerService: !@display_state requestDisplayStateInternal: DOZE_SUSPEND -> DOZE displayId=0
03-14 00:20:26.972  2748  2748 I SecKeyguardClockPositionAlgorithm: prepareClockContainerHeightChanging:
03-14 00:20:26.972  2083  2637 D SemInputDeviceManagerService: setDisplayState[1] EARLY: DOZE_SUSPEND(4) -> DOZE(3)
03-14 00:20:26.973  2083  2116 I DisplayDeviceRepository: Display device changed state: "Yerleşik Ekran", DOZE
03-14 00:20:26.973  2083  2637 D LocalDisplayAdapter: notifyStateChangeStart: com.samsung.android.hardware.secinputdev.external.DisplayStateListenerWrapper$1@c7e080a took 1 ms
03-14 00:20:26.973  2083  2637 D LocalDisplayAdapter: notifyStateChangeStart: com.android.server.biometrics.SemBiometricDisplayStateMonitor@478eea8 took 0 ms
03-14 00:20:26.973  2083  2637 W LocalDisplayAdapter: !@display_state - 2359 : DOZE_SUSPEND -> DOZE (MAIN)
03-14 00:20:26.973  2083  2114 D WindowManager: DeferredDisplayUpdater: partially applying DisplayInfo(1080 x 2340) immediately
03-14 00:20:26.975  2083  2176 D BrightnessThermalClamper: Thermal status observer already started
03-14 00:20:26.975  2748  2748 I SecKeyguardClockPositionAlgorithm: prepareClockContainerHeightChanging:
03-14 00:20:26.976  2083  2476 I SemBiometricDisplayStateMonitor: DisplayStateListener#onStart : DOZE, DOZE, DEFAULT_DISPLAY
03-14 00:20:26.977  2083  2558 D SemInputDevice:TSP: ActivateTask: 3,0 [03-14 00:20:26.972]
03-14 00:20:26.977  3238 27254 I HoneySpace.Memory-Monitor: current state = 3, didTrim = true
03-14 00:20:26.978  2083  2083 D SGM:GameManager: onDisplayChanged. displyId: 0, state: 3
03-14 00:20:26.978  1567  1567 D SurfaceFlinger: Setting power mode 2 on physical display 4627039422300187648
03-14 00:20:26.979  1534  1546 I sysinput:aidl: onReportInformation:93, 1, enabled@3,0:0
03-14 00:20:26.979  2083  2637 W LocalDisplayAdapter: !@display_state - 2359 : DOZE (MAIN) took 6 ms
03-14 00:20:26.979  2083  2637 D SemInputDeviceManagerService: setDisplayState[1] LATE: DOZE(3) -> DOZE(3)
03-14 00:20:26.979  1534  1546 I sysinput:Touch1: operator():133, 3,0 OK
03-14 00:20:26.979 29780 29864 D AudioFlinger: setParameters: filtered dev setParameters keyvalue screen_state=off
03-14 00:20:26.980  5415  5415 I HBD     : DeX h DeX mode state change in non-main thread 
03-14 00:20:26.980  5415  5415 I HBD     : DeX h DeX mode state change: 3 
03-14 00:20:26.980 29783 29819 D AudioALSAHardware: +setParameters(): screen_state=off
03-14 00:20:26.980  2083  2637 D LocalDisplayAdapter: notifyStateChangeFinish: com.samsung.android.hardware.secinputdev.external.DisplayStateListenerWrapper$1@c7e080a took 1 ms
03-14 00:20:26.980 29783 29819 D AudioALSAHardware: -setParameters(): screen_state=off
03-14 00:20:26.980  2083  2637 D LocalDisplayAdapter: notifyStateChangeFinish: com.android.server.biometrics.SemBiometricDisplayStateMonitor@478eea8 took 0 ms
03-14 00:20:26.981  2083  2176 D DisplayPowerController[0]: setActualDisplayState: DOZE_SUSPEND -> DOZE
03-14 00:20:26.981  2748  2882 D StackScroller: onDisplayChanged for predraw skip to 3
03-14 00:20:26.981  2083  2176 D DisplayPowerController[0]: animateScreenStateChange: target=DOZE, mIsEnabled=true
03-14 00:20:26.981  2083  2176 D DisplayPowerController[0]: animateScreenStateChange: target=DOZE, mIsEnabled=true
03-14 00:20:26.982  2083  2476 I SemBiometricDisplayStateMonitor: DisplayStateListener#onFinish : DOZE, DOZE, DEFAULT_DISPLAY
03-14 00:20:26.982  2083  2558 D SysinputHAL_AIDL: activate(TSP(1)),3,0 ret=0
03-14 00:20:26.982  2083  2558 D SemInputDevice:TSP: ActivateTask: 3,1 [03-14 00:20:26.979]
03-14 00:20:26.983  1534  1546 I sysinput:aidl: onReportInformation:93, 1, enabled@3,1:0
03-14 00:20:26.983  2083  2299 D SGM:FgCheckThread: onLooperPrepared(), msg: MSG_LCD_OFF
03-14 00:20:26.983  1534  1546 I sysinput:Touch1: operator():133, 3,1 OK
03-14 00:20:26.983  2748  2748 I MODManager: onShow ChargingInfoOnlyContainer
03-14 00:20:26.983  2748  2748 W MODManager: this device does not supports cover
03-14 00:20:26.983  2748  2748 D DisplayLifecycle: updateDisplay id = 0
03-14 00:20:26.984  2748  2748 I Keyguard.AODTouchModeManager: onDisplayChanged newDisplayState=3, currentDisplayState=4, displayId=0
03-14 00:20:26.984  2083  2176 D PowerManagerService: displayReady: true groupId=0
03-14 00:20:26.986  2083  2558 D SysinputHAL_AIDL: activate(TSP(1)),3,1 ret=0
03-14 00:20:26.986  2083  2846 D WifiDisplayAdapter: isFitToActiveDisplayLocked : false
03-14 00:20:26.986  2748  2748 I VRI[LockscreenShortcutBlur]@f4e5155: onDisplayChanged oldDisplayState=4 newDisplayState=3
03-14 00:20:26.986  2748  2802 I VRI[ShellDropTarget]@92e3be9: onDisplayChanged oldDisplayState=4 newDisplayState=3
03-14 00:20:26.986  2748  2748 I VRI[NavigationBar0]@cb51d69: onDisplayChanged oldDisplayState=4 newDisplayState=3
03-14 00:20:26.986  2748  2748 I VRI[EdgeBackGestureHandler0]@e247b7f: onDisplayChanged oldDisplayState=4 newDisplayState=3
03-14 00:20:26.986  2748  2748 I VRI[NotificationShade]@ddcb5e0: onDisplayChanged oldDisplayState=4 newDisplayState=3
03-14 00:20:26.986  2748  2748 I VRI[StatusBar]@b5f60f8: onDisplayChanged oldDisplayState=4 newDisplayState=3
03-14 00:20:26.986  2748  2802 I VRI[View root of ReusableWindowDecorViewHost#0]@254be1d: onDisplayChanged oldDisplayState=4 newDisplayState=3
03-14 00:20:26.988  2748  2802 I VRI[View root of ReusableWindowDecorViewHost#1]@9ccb8b6: onDisplayChanged oldDisplayState=4 newDisplayState=3
03-14 00:20:26.988  3238  3238 I VRI[LauncherActivity]@79a9058: onDisplayChanged oldDisplayState=4 newDisplayState=3
03-14 00:20:26.988  2748  2748 I VRI[SecondaryHomeHandle0]@fc3d736: onDisplayChanged oldDisplayState=4 newDisplayState=3
03-14 00:20:26.988  3238  3238 I VRI[RecentsTransitionOverlay]@815033c: onDisplayChanged oldDisplayState=4 newDisplayState=3
03-14 00:20:26.989  3238  3238 I VRI[CocktailBarService]@b870e79: onDisplayChanged oldDisplayState=4 newDisplayState=3
03-14 00:20:26.989  3238  3238 I VRI[RecentsActivity]@a5b1272: onDisplayChanged oldDisplayState=4 newDisplayState=3
03-14 00:20:26.990  5329  5329 I VRI[LauncherActivity]@9ba8716: onDisplayChanged oldDisplayState=4 newDisplayState=3
03-14 00:20:26.991  5415  5415 I VRI[InputMethod]@e345dc8: onDisplayChanged oldDisplayState=4 newDisplayState=3
03-14 00:20:26.997  1567  1567 I BufferQueueProducer: [NotificationShade$_2748#15421](this:0xb400006f877dc638,id:-1,api:0,p:-1,c:1567) queueBuffer: fps=0.10 dur=10086.88 max=10086.88 min=10086.88
03-14 00:20:27.002  1501  1501 I hwcomposer: [HWCDisplay] (0 updateFps():4131), (type:1, mode:2) fps:0.198276,dur:10086.94,max:10007.55,min:79.40  
03-14 00:20:27.072  1501  1884 I hwcomposer: [HWC] (0)fire a callback of refresh to SF[4]  
03-14 00:20:27.081  1567  1567 I BufferQueueProducer: [FramebufferSurface](this:0xb400006faf4f0370,id:-1,api:1,p:1567,c:1567) queueBuffer: fps=0.10 dur=10087.23 max=10087.23 min=10087.23
03-14 00:20:27.171  2083  2083 I Telecom : SamsungTelecomServiceImpl : isInManagedCall - callingPackage : android / callingUser : UserHandle{0} / hasCrossUserAccess : true
03-14 00:20:27.187  3238  6389 I HoneySpace.NotificationListener: onNotificationPosted com.android.systemui: -1|com.android.systemui|2131364006|charging_state|10060: 0
03-14 00:20:27.187  3238  6389 I HoneySpace.NotificationListener: invalid notification: com.android.systemui UserHandle{-1}: canShowBadge is false
03-14 00:20:27.199  2748  2748 I LockscreenNotificationIconsOnlyController: onNotificationInfoUpdated 0
03-14 00:20:27.200  2748  2748 I AODNotificationManager: updateNotification() 
03-14 00:20:27.327  1830  1970 I bauth_FPBAuthService: pcf : 0x1012, 0 ,1 ,0 ,0 ,0 ,0, 16.0.0.3
03-14 00:20:27.328  1830  1970 I bauth_FPBAuthService: thread id : 1, preenroll_flag : 0, nd cnt : 0, cso : 0, et : 0
03-14 00:20:27.328  1830  1970 I bauth_FPBAuthService: FPBAuthService::timerHandler complete
03-14 00:20:27.389  2748  2748 D Bubbles : onEntryUpdated : shouldBubbleUp=true ,key=-1|com.android.systemui|2131364006|charging_state|10060
03-14 00:20:27.391  2748  2748 D InterruptionStateProvider:  no Heads up : edgelighting enabled app. -1|com.android.systemui|2131364006|charging_state|10060
03-14 00:20:27.391  2748  2748 I {OngoingActivityController}: onEntryUpdated and OA data is empty. So update latest task info
03-14 00:20:27.396  1673  1692 E thermal_core: find_tz_idx_by_name:"Failed to find thermal zone index of ap_ntc\n"
03-14 00:20:27.396  1673  1692 E thermal_core: find_tz_idx_by_name:"Failed to find thermal zone index of mtk-master-charger\n"
03-14 00:20:27.396  1673  1692 E thermal_core: find_tz_idx_by_name:"Failed to find thermal zone index of camera0\n"
03-14 00:20:27.396  1673  1692 E thermal_core: find_tz_idx_by_name:"Failed to find thermal zone index of mtk-master-charger\n"
03-14 00:20:27.396  1673  1692 E thermal_core: find_tz_idx_by_name:"Failed to find thermal zone index of nrpa_ntc\n"
03-14 00:20:27.397  1673  1692 E thermal_core: dump_thermal_log:"Error: sccanf error, ret=9\n"
03-14 00:20:27.398  1673  1692 E thermal_core: node_read:"Failed to read /sys/class/thermal/thermal_zone2/temp: No data available\n"
03-14 00:20:27.399  1673  1692 I thermal_core: "soc/nr/lte/ap_ntc/tpcb/conn/chg/cam/c_ttj/g_ttj/a_ttj=0/-274000/34894/-274000/46000/30000/-274000/-274000/85000/85000/85000\n"
03-14 00:20:27.399  1673  1692 I thermal_core: "[C(l)(c)(i)][G(l)(c)][A(l)(c)][TH][D]=[(666666/666666/666666)(500/725/0)(0x0)][(666666)(666666)][(666666666)(666666666)][0][1600]\n"
03-14 00:20:27.399  1673  1692 E thermal_core: node_read:"Failed to open /sys/kernel/helio-dvfsrc/dvfsrc_therm_info: No such file or directory\n"
03-14 00:20:27.399  1673  1692 I thermal_core: "1600"
03-14 00:20:27.400  2748  2748 I LockscreenNotificationIconsOnlyController: onNotificationInfoUpdated 0
03-14 00:20:27.400  2748  2748 I AODNotificationManager: updateNotification() 
