03-15 14:25:38.239 I/hwcomposer( 1501): [HWC] (0)fire a callback of refresh to SF[4]  
03-15 14:25:38.264 I/SurfaceFlinger( 1567): Capture layer list: 	 com.example.kutuphane/com.example.kutuphane.goster$_1328#34095(seamlessTransition:0)
03-15 14:25:38.800 I/ActivityManager(12320): Changes in 90001 17 to 17, 128 to 0
03-15 14:25:38.800 I/ActivityManager(12320): Changes in 90000 10 to 10, 128 to 0
03-15 14:25:38.801 I/ActivityManager(12320): Changes in 10304 10 to 10, 128 to 0
03-15 14:25:38.802 V/APM_AudioPolicyManager(12081): setAppState(portId:159, state:1)
03-15 14:25:38.807 I/ActivityManager(12320): Changes in 90001 17 to 17, 0 to 128
03-15 14:25:38.808 I/ActivityManager(12320): Changes in 90000 10 to 10, 0 to 128
03-15 14:25:38.808 I/ActivityManager(12320): Changes in 10304 10 to 10, 0 to 128
03-15 14:25:38.809 V/APM_AudioPolicyManager(12081): setAppState(portId:159, state:1)
03-15 14:25:38.886 E/thermal_core( 1673): find_tz_idx_by_name:"Failed to find thermal zone index of ap_ntc\n"
03-15 14:25:38.886 E/thermal_core( 1673): find_tz_idx_by_name:"Failed to find thermal zone index of mtk-master-charger\n"
03-15 14:25:38.886 E/thermal_core( 1673): find_tz_idx_by_name:"Failed to find thermal zone index of camera0\n"
03-15 14:25:38.886 E/thermal_core( 1673): find_tz_idx_by_name:"Failed to find thermal zone index of mtk-master-charger\n"
03-15 14:25:38.886 E/thermal_core( 1673): find_tz_idx_by_name:"Failed to find thermal zone index of nrpa_ntc\n"
03-15 14:25:38.887 E/thermal_core( 1673): dump_thermal_log:"Error: sccanf error, ret=9\n"
03-15 14:25:38.889 E/thermal_core( 1673): node_read:"Failed to read /sys/class/thermal/thermal_zone2/temp: No data available\n"
03-15 14:25:38.889 I/thermal_core( 1673): "soc/nr/lte/ap_ntc/tpcb/conn/chg/cam/c_ttj/g_ttj/a_ttj=0/-274000/28761/-274000/46000/25000/-274000/-274000/85000/85000/85000\n"
03-15 14:25:38.889 I/thermal_core( 1673): "[C(l)(c)(i)][G(l)(c)][A(l)(c)][TH][D]=[(666666/666666/666666)(500/725/0)(0x0)][(666666)(666666)][(666666666)(666666666)][0][1200]\n"
03-15 14:25:38.889 E/thermal_core( 1673): node_read:"Failed to open /sys/kernel/helio-dvfsrc/dvfsrc_therm_info: No such file or directory\n"
03-15 14:25:38.889 I/thermal_core( 1673): "1200"
03-15 14:25:39.094 W/AudioALSACaptureDataProviderNormal(12088): readThread, latency_in_s,0.000002,0.022144,0.000126, totalTime 0.022272 > logTimeout 0.022000 TIMEOUT!!
03-15 14:25:39.527 D/io_stats(  582): !@   8,32 r 7566749 164585072 w 5380650 70457848 d 597581 219306652 f 475128 528996 iot 2436916 0 th 0 0 0 pt 0 inp 0 0 118697.825
03-15 14:25:39.548 D/SatelliteController(12732): isInCarrierRoamingNbIotNtn: satellite is disabled
03-15 14:25:39.649 D/BoundBrokerSvc(13922): onUnbind: Intent { act=com.google.android.gms.inappreach.service.START dat=chimera-action:/... xflg=0x4 cmp=com.google.android.gms/.chimera.GmsApiService }
03-15 14:25:39.816 I/ActivityManager(12320): Changes in 90001 17 to 17, 128 to 0
03-15 14:25:39.816 I/ActivityManager(12320): Changes in 90000 10 to 10, 128 to 0
03-15 14:25:39.816 I/ActivityManager(12320): Changes in 10304 10 to 10, 128 to 0
03-15 14:25:39.817 V/APM_AudioPolicyManager(12081): setAppState(portId:159, state:1)
03-15 14:25:39.821 I/VSyncReactor( 1567): Current= 90, Period= 90, hwcPeriod= 90
03-15 14:25:39.823 I/ActivityManager(12320): Changes in 90001 17 to 17, 0 to 128
03-15 14:25:39.824 I/ActivityManager(12320): Changes in 90000 10 to 10, 0 to 128
03-15 14:25:39.825 I/ActivityManager(12320): Changes in 10304 10 to 10, 0 to 128
03-15 14:25:39.825 V/APM_AudioPolicyManager(12081): setAppState(portId:159, state:1)
03-15 14:25:39.854 W/AudioALSACaptureDataProviderNormal(12088): readThread, latency_in_s,0.000001,0.022450,0.000122, totalTime 0.022574 > logTimeout 0.022000 TIMEOUT!!
03-15 14:25:40.434 D/SemWifiUsabilityStatsMonitor(12320): onWifiUsabilityStats - seqNum 1621, isSameBssidAndFreq true
03-15 14:25:40.827 D/SatelliteController(12732): isInCarrierRoamingNbIotNtn: satellite is disabled
03-15 14:25:40.832 I/ActivityManager(12320): Changes in 90001 17 to 17, 128 to 0
03-15 14:25:40.833 I/ActivityManager(12320): Changes in 90000 10 to 10, 128 to 0
03-15 14:25:40.833 I/ActivityManager(12320): Changes in 10304 10 to 10, 128 to 0
03-15 14:25:40.835 V/APM_AudioPolicyManager(12081): setAppState(portId:159, state:1)
03-15 14:25:40.841 I/ActivityManager(12320): Changes in 90001 17 to 17, 0 to 128
03-15 14:25:40.842 I/VSyncReactor( 1567): Current= 90, Period= 90, hwcPeriod= 90
03-15 14:25:40.842 I/ActivityManager(12320): Changes in 90000 10 to 10, 0 to 128
03-15 14:25:40.842 I/ActivityManager(12320): Changes in 10304 10 to 10, 0 to 128
03-15 14:25:40.843 V/APM_AudioPolicyManager(12081): setAppState(portId:159, state:1)
03-15 14:25:41.340 D/InetDiagMessage(12320): Destroyed 0 sockets, proto=IPPROTO_TCP, family=AF_INET, states=14
03-15 14:25:41.345 D/InetDiagMessage(12320): Destroyed 0 sockets, proto=IPPROTO_TCP, family=AF_INET6, states=14
03-15 14:25:41.345 D/InetDiagMessage(12320): Destroyed live tcp sockets for uids={10185} in 10ms
03-15 14:25:41.350 D/InetDiagMessage(12320): Destroyed 0 sockets, proto=IPPROTO_TCP, family=AF_INET, states=14
03-15 14:25:41.353 D/InetDiagMessage(12320): Destroyed 0 sockets, proto=IPPROTO_TCP, family=AF_INET6, states=14
03-15 14:25:41.354 D/InetDiagMessage(12320): Destroyed live tcp sockets for uids={20185} in 8ms
03-15 14:25:41.498 I/wpa_supplicant(12721): Heartbeat 863
03-15 14:25:41.529 D/io_stats(  582): !@   8,32 r 7566749 164585072 w 5380663 70458188 d 597581 219306652 f 475128 528996 iot 2436920 0 th 0 0 0 pt 0 inp 0 0 118699.827
03-15 14:25:41.530 D/io_stats(  582): !@ Read_top(KB): vendor.samsung.:normal(1528) 4
03-15 14:25:41.530 D/io_stats(  582): !@ Write_top(KB): kworker/u32:4:/(31822) 340 vendor.samsung.:normal(1528) 8
03-15 14:25:41.543 I/NSLocationMonitor(12320): getGPSUsingApps() called
03-15 14:25:41.544 I/NSLocationManager_FLP(13876): getGPSUsingApps, No change
03-15 14:25:41.557 D/FreecessHandler(12320): freeze com.instagram.android(10304) result : 33
03-15 14:25:41.849 I/ActivityManager(12320): Changes in 90001 17 to 17, 128 to 0
03-15 14:25:41.850 I/ActivityManager(12320): Changes in 90000 10 to 10, 128 to 0
03-15 14:25:41.850 I/ActivityManager(12320): Changes in 10304 10 to 10, 128 to 0
03-15 14:25:41.851 V/APM_AudioPolicyManager(12081): setAppState(portId:159, state:1)
03-15 14:25:41.852 I/VSyncReactor( 1567): Current= 90, Period= 90, hwcPeriod= 90
03-15 14:25:41.859 I/ActivityManager(12320): Changes in 90001 17 to 17, 0 to 128
03-15 14:25:41.859 I/ActivityManager(12320): Changes in 90000 10 to 10, 0 to 128
03-15 14:25:41.860 I/ActivityManager(12320): Changes in 10304 10 to 10, 0 to 128
03-15 14:25:41.861 V/APM_AudioPolicyManager(12081): setAppState(portId:159, state:1)
03-15 14:25:41.890 E/thermal_core( 1673): find_tz_idx_by_name:"Failed to find thermal zone index of ap_ntc\n"
03-15 14:25:41.890 E/thermal_core( 1673): find_tz_idx_by_name:"Failed to find thermal zone index of mtk-master-charger\n"
03-15 14:25:42.108 D/SatelliteController(12732): isInCarrierRoamingNbIotNtn: satellite is disabled
03-15 14:25:42.423 D/IpClient/wlan0(12892): addressUpdated: fd00::a0f6:c6ff:fe62:b331/64 on ifindex 53 flags 0x00000100 scope 0
03-15 14:25:42.425 D/IpClient/wlan0(12892): addressUpdated: fd00::1f48:ef84:bcb3:b7e1/64 on ifindex 53 flags 0x00000001 scope 0
03-15 14:25:42.425 I/EPDG -- SIM1 [EpdgIntfCont](12923): sendInterfaceMessage, not mobile, ignore
03-15 14:25:42.425 I/EPDG -- SIM0 [EpdgIntfCont](12923): sendInterfaceMessage, not mobile, ignore
03-15 14:25:42.425 I/EPDG -- SIM0 [EpdgIntfCont](12923): sendInterfaceMessage, not mobile, ignore
03-15 14:25:42.426 W/AlarmManager(12892): Unrecognized alarm listener com.android.networkstack.android.net.ip.IpClientLinkObserver$Dhcp6PdPreferredPrefixAlarmListener@5c118d3
03-15 14:25:42.427 I/EPDG -- SIM1 [EpdgIntfCont](12923): sendInterfaceMessage, not mobile, ignore
03-15 14:25:42.866 I/ActivityManager(12320): Changes in 90001 17 to 17, 128 to 0
03-15 14:25:42.867 I/ActivityManager(12320): Changes in 90000 10 to 10, 128 to 0
03-15 14:25:42.867 I/ActivityManager(12320): Changes in 10304 10 to 10, 128 to 0
03-15 14:25:42.869 V/APM_AudioPolicyManager(12081): setAppState(portId:159, state:1)
03-15 14:25:42.872 I/VSyncReactor( 1567): Current= 90, Period= 90, hwcPeriod= 90
03-15 14:25:42.873 I/ActivityManager(12320): Changes in 90001 17 to 17, 0 to 128
03-15 14:25:42.874 I/ActivityManager(12320): Changes in 90000 10 to 10, 0 to 128
03-15 14:25:42.874 I/ActivityManager(12320): Changes in 10304 10 to 10, 0 to 128
03-15 14:25:42.874 V/APM_AudioPolicyManager(12081): setAppState(portId:159, state:1)
03-15 14:25:43.387 D/SatelliteController(12732): isInCarrierRoamingNbIotNtn: satellite is disabled
03-15 14:25:43.448 D/SemWifiUsabilityStatsMonitor(12320): onWifiUsabilityStats - seqNum 1622, isSameBssidAndFreq true
03-15 14:25:43.487 I/BufferQueueProducer( 1567): [StatusBar$_12757#28514](this:0xb400006f8846be38,id:-1,api:0,p:-1,c:1567) queueBuffer: fps=0.54 dur=5540.94 max=5297.54 min=33.41
03-15 14:25:43.493 I/hwcomposer( 1501): [HWCDisplay] (0 updateFps():4131), (type:1, mode:2) fps:0.902527,dur:5540.00,max:5239.31,min:31.33  
03-15 14:25:43.496 I/SurfaceFlinger( 1567): Capture layer list: 	 com.example.kutuphane/com.example.kutuphane.goster$_1328#34095(seamlessTransition:0)
03-15 14:25:43.532 D/io_stats(  582): !@   8,32 r 7566749 164585072 w 5380663 70458188 d 598641 219329172 f 475128 528996 iot 2437048 0 th 0 0 0 pt 0 inp 0 0 118701.829
03-15 14:25:43.535 I/hwcomposer( 1501): [HWC] (0)fire a callback of refresh to SF[4]  
03-15 14:25:43.549 I/BufferQueueProducer( 1567): [FramebufferSurface](this:0xb400006faf4f0370,id:-1,api:1,p:1567,c:1567) queueBuffer: fps=0.36 dur=5541.14 max=5296.56 min=244.59
03-15 14:25:43.561 I/VSyncReactor( 1567): Current= 90, Period= 90, hwcPeriod= 90
03-15 14:25:43.578 D/ActivityManager(12320): freezing 29552 com.samsung.android.dqagent
03-15 14:25:43.597 I/SurfaceFlinger( 1567): Capture layer list: 	 com.example.kutuphane/com.example.kutuphane.goster$_1328#34095(seamlessTransition:0)
03-15 14:25:43.734 W/AudioALSACaptureDataProviderNormal(12088): readThread, latency_in_s,0.000002,0.021682,0.000595, totalTime 0.022279 > logTimeout 0.022000 TIMEOUT!!
03-15 14:25:43.883 I/ActivityManager(12320): Changes in 90001 17 to 17, 128 to 0
03-15 14:25:43.884 I/ActivityManager(12320): Changes in 90000 10 to 10, 128 to 0
03-15 14:25:43.884 I/ActivityManager(12320): Changes in 10304 10 to 10, 128 to 0
03-15 14:25:43.886 V/APM_AudioPolicyManager(12081): setAppState(portId:159, state:1)
03-15 14:25:43.891 I/ActivityManager(12320): Changes in 90001 17 to 17, 0 to 128
03-15 14:25:43.891 I/ActivityManager(12320): Changes in 90000 10 to 10, 0 to 128
03-15 14:25:43.891 I/ActivityManager(12320): Changes in 10304 10 to 10, 0 to 128
03-15 14:25:43.893 V/APM_AudioPolicyManager(12081): setAppState(portId:159, state:1)
03-15 14:25:43.927 I/NSLocationMonitor(12320): getGPSUsingApps() called
03-15 14:25:43.928 I/NSLocationManager_FLP(13876): getGPSUsingApps, No change
03-15 14:25:43.961 D/FreecessController(12320): FZ : com.samsung.android.game.gamehome(10276) [19771, 15186, 5807] reason: Bg [cached:X
03-15 14:25:43.961 D/FreecessHandler(12320): freeze com.samsung.android.game.gamehome(10276) result : 0
03-15 14:25:43.963 W/LocationManagerService(12320): onFreezeStateChanged, uid[10276]=true
03-15 14:25:43.963 I/PowerManagerService(12320): [PWL] SetWakeLockEnableDisable uid = 10276 , disable= true
03-15 14:25:43.963 I/PowerManagerService(12320): [PWL] can not change uid =  10276
03-15 14:25:44.004 I/SurfaceFlinger( 1567): [LayerHierarchy{RequestedLayerState{WindowToken{3ba7edd type=2005 android.os.Binder@b3592b4}#34045} no children}] reparent to OffscreenRoot
03-15 14:25:44.004 I/SurfaceFlinger( 1567): [LayerHierarchy{RequestedLayerState{WindowToken{3ba7edd type=2005 android.os.Binder@b3592b4}#34045} no children}] RelativeParent to null
03-15 14:25:44.005 I/SurfaceFlinger( 1567): onHandleDestroyed: layerId=34045, name=WindowToken{3ba7edd type=2005 android.os.Binder@b3592b4}#34045
03-15 14:25:44.005 I/SurfaceFlinger( 1567): id=34045 Removed WindowToken{3ba7edd type=2005 android.os.Binder@b3592b4}#34045 (213)
03-15 14:25:44.015 I/SurfaceFlinger( 1567): destroyed WindowToken{3ba7edd type=2005 android.os.Binder@b3592b4}#34045
03-15 14:25:44.017 I/Layer   ( 1567): id=34045 Destroyed WindowToken{3ba7edd type=2005 android.os.Binder@b3592b4}#34045
03-15 14:25:44.022 I/SurfaceFlinger( 1567): Capture layer list: 	 com.example.kutuphane/com.example.kutuphane.goster$_1328#34095(seamlessTransition:0)
03-15 14:25:44.091 I/hwcomposer( 1501): [HWC] (0)fire a callback of refresh to SF[4]  
03-15 14:25:44.123 I/SurfaceFlinger( 1567): Capture layer list: 	 com.example.kutuphane/com.example.kutuphane.goster$_1328#34095(seamlessTransition:0)
03-15 14:25:44.891 E/thermal_core( 1673): find_tz_idx_by_name:"Failed to find thermal zone index of ap_ntc\n"
03-15 14:25:44.891 E/thermal_core( 1673): find_tz_idx_by_name:"Failed to find thermal zone index of mtk-master-charger\n"
03-15 14:25:44.898 I/ActivityManager(12320): Changes in 90001 17 to 17, 128 to 0
03-15 14:25:44.899 I/ActivityManager(12320): Changes in 90000 10 to 10, 128 to 0
03-15 14:25:44.899 I/ActivityManager(12320): Changes in 10304 10 to 10, 128 to 0
03-15 14:25:44.900 V/APM_AudioPolicyManager(12081): setAppState(portId:159, state:1)
03-15 14:25:44.903 I/VSyncReactor( 1567): Current= 90, Period= 90, hwcPeriod= 90
03-15 14:25:44.906 I/ActivityManager(12320): Changes in 90001 17 to 17, 0 to 128
03-15 14:25:44.907 I/ActivityManager(12320): Changes in 90000 10 to 10, 0 to 128
03-15 14:25:44.907 I/ActivityManager(12320): Changes in 10304 10 to 10, 0 to 128
03-15 14:25:44.907 V/APM_AudioPolicyManager(12081): setAppState(portId:159, state:1)
03-15 14:25:44.963 E/FreecessController(12320): can't read /proc/19771/comm/proc/19771/comm: open failed: ENOENT (No such file or directory)
03-15 14:25:44.963 E/FreecessController(12320): can't read /proc/5807/comm/proc/5807/comm: open failed: ENOENT (No such file or directory)
03-15 14:25:45.180 I/SDHMS:x (14190): SIOP:: AP:291 BAT:253 USB:261 CHG:293 PA:289 WIFI:286 BLK:0 SUBBAT:0 SKIN:281 SKINF:273 SKINB:281 LRP2:281 LRF2:273 LRB2:281 AP2:281 CHG2:271 MEM2:281 WIFI2:280 SPK2:262 VAP05:297 AVGCUR:530 AVGSYS:0 POWER:2289
03-15 14:25:45.534 D/io_stats(  582): !@ Write_top(KB): kworker/u32:4:/(31822) 4
03-15 14:25:45.915 I/ActivityManager(12320): Changes in 90001 17 to 17, 128 to 0
03-15 14:25:45.916 I/ActivityManager(12320): Changes in 90000 10 to 10, 128 to 0
03-15 14:25:45.916 I/ActivityManager(12320): Changes in 10304 10 to 10, 128 to 0
03-15 14:25:45.917 V/APM_AudioPolicyManager(12081): setAppState(portId:159, state:1)
03-15 14:25:45.924 I/VSyncReactor( 1567): Current= 90, Period= 90, hwcPeriod= 90
03-15 14:25:45.925 I/ActivityManager(12320): Changes in 90001 17 to 17, 0 to 128
03-15 14:25:45.926 I/ActivityManager(12320): Changes in 90000 10 to 10, 0 to 128
03-15 14:25:45.926 I/ActivityManager(12320): Changes in 10304 10 to 10, 0 to 128
03-15 14:25:45.927 V/APM_AudioPolicyManager(12081): setAppState(portId:159, state:1)
03-15 14:25:45.948 D/SatelliteController(12732): isInCarrierRoamingNbIotNtn: satellite is disabled
03-15 14:25:46.108 D/IpClient/wlan0(12892): addressUpdated: fd00::a0f6:c6ff:fe62:b331/64 on ifindex 53 flags 0x00000100 scope 0
03-15 14:25:46.109 D/IpClient/wlan0(12892): addressUpdated: fd00::1f48:ef84:bcb3:b7e1/64 on ifindex 53 flags 0x00000001 scope 0
03-15 14:25:46.109 W/AlarmManager(12892): Unrecognized alarm listener com.android.networkstack.android.net.ip.IpClientLinkObserver$Dhcp6PdPreferredPrefixAlarmListener@5c118d3
03-15 14:25:46.112 I/EPDG -- SIM1 [EpdgIntfCont](12923): sendInterfaceMessage, not mobile, ignore
03-15 14:25:46.113 I/EPDG -- SIM0 [EpdgIntfCont](12923): sendInterfaceMessage, not mobile, ignore
03-15 14:25:46.113 I/EPDG -- SIM1 [EpdgIntfCont](12923): sendInterfaceMessage, not mobile, ignore
03-15 14:25:46.113 I/EPDG -- SIM0 [EpdgIntfCont](12923): sendInterfaceMessage, not mobile, ignore
03-15 14:25:46.151 D/CustomizedBinderCallsStatsInternal(12320): reportCpuUsage() : 3%
03-15 14:25:46.153 I/BinderCallsStats(12320): Collected cpu time : 0us, collected call count : 0 for 43217422 ms
03-15 14:25:46.154 D/ProcessCpuUsage(12320): [0] 1000, {500=25750, 700=330, 750=470, 800=290, 850=330, 900=330, 950=210, 1000=250, 1050=160, 1100=210, 1150=19730, 1200=270, 1250=810, 1300=350, 1350=310, 1400=210, 1450=190, 1500=190, 1600=290, 1700=270, 1800=140, 1900=110, 2000=8970}
03-15 14:25:46.154 D/ProcessCpuUsage(12320): [6] 1218, {725=28690, 1100=3620, 1200=290, 1300=11020, 1400=400, 1500=390, 1600=280, 1700=1720, 1800=160, 1900=2820, 2000=160, 2100=150, 2200=10520}
03-15 14:25:46.188 D/ActivityManager(12320): Received BROADCAST intent 0xedc8701 Key{broadcastIntent pkg=android intent=act=com.android.server.audio.action.CHECK_MUSIC_ACTIVE xflg=0x4 flags=0x4000000 u=0} requestCode=1 sent=0 from uid 1000
03-15 14:25:46.196 D/ActivityManager(12320): sync unfroze 29552 com.samsung.android.dqagent for 10
03-15 14:25:46.199 D/ActivityManager(12320): sync unfroze 26781 com.samsung.android.lool for 10
03-15 14:25:46.203 D/ActivityManager(12320): sync unfroze 28886 com.samsung.android.smartface for 10
03-15 14:25:46.205 D/ActivityManager(12320): sync unfroze 32219 com.samsung.android.biometrics.app.setting for 10
03-15 14:25:46.206 D/ActivityManager(12320): sync unfroze 30130 com.samsung.sait.sohservice for 10
03-15 14:25:46.207 D/ActivityManager(12320): sync unfroze 30866 com.samsung.android.sm.provider for 10
03-15 14:25:46.209 D/ActivityManager(12320): sync unfroze 29361 com.samsung.android.provider.filterprovider for 10
03-15 14:25:46.210 D/ActivityManager(12320): sync unfroze 29351 com.android.keychain for 10
03-15 14:25:46.225 I/SDHMS:LOAD(14190): type: LoadsFreqs, value: 0:0:0:725000:725000:725000:535000:1600000:500000:0:0:0
03-15 14:25:46.253 W/ics.app.setting(32219): Cleared Reference was only reachable from finalizer (only reported once)
03-15 14:25:46.255 W/ics.app.setting(32219): userfaultfd: MOVE ioctl seems unsupported: Connection timed out
03-15 14:25:46.352 W/LoadedApk(12320): Slow system_server main thread handled for android.os.action.POWER_SAVE_TEMP_WHITELIST_CHANGED took 133 ms, Receiver = com.android.server.job.controllers.DeviceIdleJobsController$1@e17281a
03-15 14:25:46.353 W/Looper  (12320): Slow dispatch took 134ms main app=system_server main=true group=FOREGROUND h=android.app.ActivityThread$H c=android.app.LoadedApk$ReceiverDispatcher$Args$$ExternalSyntheticLambda0@8308f01 m=0
03-15 14:25:46.462 D/SemWifiUsabilityStatsMonitor(12320): onWifiUsabilityStats - seqNum 1623, isSameBssidAndFreq true
03-15 14:25:46.503 I/BufferQueueProducer( 1567): [StatusBar$_12757#28514](this:0xb400006f8846be38,id:-1,api:0,p:-1,c:1567) queueBuffer: fps=0.33 dur=3015.51 max=3015.51 min=3015.51
03-15 14:25:46.508 I/hwcomposer( 1501): [HWCDisplay] (0 updateFps():4131), (type:1, mode:2) fps:1.658511,dur:3014.75,max:2405.65,min:9.18  
03-15 14:25:46.511 I/SurfaceFlinger( 1567): Capture layer list: 	 com.example.kutuphane/com.example.kutuphane.goster$_1328#34095(seamlessTransition:0)
03-15 14:25:46.587 I/hwcomposer( 1501): [HWC] (0)fire a callback of refresh to SF[4]  
03-15 14:25:46.599 I/BufferQueueProducer( 1567): [FramebufferSurface](this:0xb400006faf4f0370,id:-1,api:1,p:1567,c:1567) queueBuffer: fps=0.66 dur=3049.15 max=2497.48 min=551.67
03-15 14:25:46.612 I/SurfaceFlinger( 1567): Capture layer list: 	 com.example.kutuphane/com.example.kutuphane.goster$_1328#34095(seamlessTransition:0)
03-15 14:25:46.935 I/ActivityManager(12320): Changes in 90001 17 to 17, 128 to 0
03-15 14:25:46.936 I/ActivityManager(12320): Changes in 90000 10 to 10, 128 to 0
03-15 14:25:46.937 I/ActivityManager(12320): Changes in 10304 10 to 10, 128 to 0
03-15 14:25:46.938 V/APM_AudioPolicyManager(12081): setAppState(portId:159, state:1)
03-15 14:25:46.941 I/ActivityManager(12320): Changes in 90001 17 to 17, 0 to 128
03-15 14:25:46.941 I/ActivityManager(12320): Changes in 90000 10 to 10, 0 to 128
03-15 14:25:46.941 I/ActivityManager(12320): Changes in 10304 10 to 10, 0 to 128
03-15 14:25:46.942 V/APM_AudioPolicyManager(12081): setAppState(portId:159, state:1)
03-15 14:25:47.227 D/SatelliteController(12732): isInCarrierRoamingNbIotNtn: satellite is disabled
03-15 14:25:47.536 D/io_stats(  582): !@   8,32 r 7566751 164585080 w 5380664 70458192 d 598641 219329172 f 475128 528996 iot 2437052 0 th 0 0 0 pt 0 inp 0 0 118705.833
03-15 14:25:47.559 I/NSLocationMonitor(12320): getGPSUsingApps() called
03-15 14:25:47.560 I/NSLocationManager_FLP(13876): getGPSUsingApps, No change
03-15 14:25:47.573 D/FreecessHandler(12320): freeze com.instagram.android(10304) result : 33
03-15 14:25:47.766 E/BatteryDump( 1528): !@new_battery_dump : 4319,518,3000,3150,97,252,261,292,0,0,283,292,0,Charging,NO_CHARGING,Normal,Good,PDIC,0,Normal,0,0,9600,0x0,0x10000,0x0,0,0,0000,0000,00000000,0,0,0,0,488,4200,9170,944,0,
03-15 14:25:47.772 I/seh_thermal_service(12107): getTemperaturesWithType SehTemperatureType: 3
03-15 14:25:47.773 I/sehhealth-service( 1528): updateLrpSysfs: write: 281
03-15 14:25:47.892 E/thermal_core( 1673): find_tz_idx_by_name:"Failed to find thermal zone index of ap_ntc\n"
03-15 14:25:47.892 E/thermal_core( 1673): find_tz_idx_by_name:"Failed to find thermal zone index of mtk-master-charger\n"
03-15 14:25:47.949 I/ActivityManager(12320): Changes in 90001 17 to 17, 128 to 0
03-15 14:25:47.950 I/ActivityManager(12320): Changes in 90000 10 to 10, 128 to 0
03-15 14:25:47.950 I/ActivityManager(12320): Changes in 10304 10 to 10, 128 to 0
03-15 14:25:47.951 V/APM_AudioPolicyManager(12081): setAppState(portId:159, state:1)
03-15 14:25:47.955 I/VSyncReactor( 1567): Current= 90, Period= 90, hwcPeriod= 90
03-15 14:25:47.957 I/ActivityManager(12320): Changes in 90001 17 to 17, 0 to 128
03-15 14:25:47.958 I/ActivityManager(12320): Changes in 90000 10 to 10, 0 to 128
03-15 14:25:47.958 I/ActivityManager(12320): Changes in 10304 10 to 10, 0 to 128
03-15 14:25:47.959 V/APM_AudioPolicyManager(12081): setAppState(portId:159, state:1)
03-15 14:25:48.110 I/SensorsHub( 1503): context 10 0 9 1,1,26,1,2,111,200,136,4,0, 243234129769481
03-15 14:25:48.113 D/CAE     (12320): onGetSensorHubData(SensorHubParserProvider.java:92) - onGetSensorHubData Event [event buffer len :10], AP_WAKEUP
03-15 14:25:48.114 I/CAE     (12320): parse(SensorHubParserProvider.java:188) - buffer size = 10
03-15 14:25:48.115 I/CAE     (12320): parse(SensorHubParserProvider.java:199) - 1, 1, 26, 1, 2, 111, -56, -120, 4, 0,
03-15 14:25:48.116 E/CAE     (12320): parse(SensorHubModeHandler.java:72) - ERROR : Service is not registered
03-15 14:25:48.117 E/CAE     (12320): onGetSensorHubData(SensorHubParserProvider.java:115) - ERROR : Data field parsing error
03-15 14:25:48.133 W/AudioALSACaptureDataProviderNormal(12088): readThread, latency_in_s,0.000002,0.021902,0.000119, totalTime 0.022023 > logTimeout 0.022000 TIMEOUT!!
03-15 14:25:48.170 I/SensorsHub( 1503): context 14 0 13 1,1,26,4,2,111,107,21,1,1,0,0,93,115, 243234189970404
03-15 14:25:48.173 D/CAE     (12320): onGetSensorHubData(SensorHubParserProvider.java:92) - onGetSensorHubData Event [event buffer len :14], AP_WAKEUP
03-15 14:25:48.173 I/CAE     (12320): parse(SensorHubParserProvider.java:188) - buffer size = 14
03-15 14:25:48.174 I/CAE     (12320): parse(SensorHubParserProvider.java:199) - 1, 1, 26, 4, 2, 111, 107, 21, 1, 1, 0, 0, 93, 115,
03-15 14:25:48.174 W/CAE     (12320): parse(ActivityTrackerBatchRunner.java:239) - parse start
03-15 14:25:48.175 I/CAE     (12320): getMostActivity(ActivityTrackerBatchRunner.java:324) - size:0
03-15 14:25:48.176 D/CAE     (12320): display(ContextProvider.java:375) - ================= ACTIVITY_TRACKER_BATCH =================
03-15 14:25:48.177 I/CAE     (12320): display(ContextProvider.java:391) - Accuracy=[0], Duration=[23923], Count=[1], OperationMode=[2], ActivityType=[1], MostActivity=[1], TimeStamp=[1773573656341]
03-15 14:25:48.178 W/CAE     (12320): parse(ActivityTrackerBatchRunner.java:310) - parse end
03-15 14:25:48.179 D/SemContextService(12320): Service.updateContext() : service = Activity Batch
03-15 14:25:48.406 D/power@timer( 1520): [mtkPowerTimer] visRead:0
03-15 14:25:48.507 D/SatelliteController(12732): isInCarrierRoamingNbIotNtn: satellite is disabled
03-15 14:25:48.873 D/IpClient/wlan0(12892): interfaceLinkStateChanged: ifindex 53 up
03-15 14:25:48.968 I/ActivityManager(12320): Changes in 90001 17 to 17, 128 to 0
03-15 14:25:48.968 I/ActivityManager(12320): Changes in 90000 10 to 10, 128 to 0
03-15 14:25:48.968 I/ActivityManager(12320): Changes in 10304 10 to 10, 128 to 0
03-15 14:25:48.971 V/APM_AudioPolicyManager(12081): setAppState(portId:159, state:1)
03-15 14:25:48.975 I/ActivityManager(12320): Changes in 90001 17 to 17, 0 to 128
03-15 14:25:48.976 I/ActivityManager(12320): Changes in 90000 10 to 10, 0 to 128
03-15 14:25:48.976 I/ActivityManager(12320): Changes in 10304 10 to 10, 0 to 128
03-15 14:25:48.976 I/VSyncReactor( 1567): Current= 90, Period= 90, hwcPeriod= 90
03-15 14:25:48.977 V/APM_AudioPolicyManager(12081): setAppState(portId:159, state:1)
03-15 14:25:49.478 D/SemWifiUsabilityStatsMonitor(12320): onWifiUsabilityStats - seqNum 1624, isSameBssidAndFreq true
03-15 14:25:49.521 I/BufferQueueProducer( 1567): [StatusBar$_12757#28514](this:0xb400006f8846be38,id:-1,api:0,p:-1,c:1567) queueBuffer: fps=0.33 dur=3017.90 max=3017.90 min=3017.90
03-15 14:25:49.527 I/hwcomposer( 1501): [HWCDisplay] (0 updateFps():4131), (type:1, mode:2) fps:0.662527,dur:3018.74,max:2926.87,min:91.87  
03-15 14:25:49.530 I/SurfaceFlinger( 1567): Capture layer list: 	 com.example.kutuphane/com.example.kutuphane.goster$_1328#34095(seamlessTransition:0)
03-15 14:25:49.537 D/io_stats(  582): !@   8,32 r 7566751 164585080 w 5380673 70458224 d 598641 219329172 f 475128 528997 iot 2437056 0 th 0 0 0 pt 0 inp 0 0 118707.835
03-15 14:25:49.538 D/io_stats(  582): !@ Read_top(KB): o.app:Sweatcoin:high(18044) 4 ics.app.setting:low(32219) 4
03-15 14:25:49.538 D/io_stats(  582): !@ Write_top(KB): droid.rubin.app:low(15663) 20 vendor.samsung.:normal(1528) 8 kworker/3:2:/(32717) 4
03-15 14:25:49.566 I/hwcomposer( 1501): [HWC] (0)fire a callback of refresh to SF[4]  
03-15 14:25:49.584 I/BufferQueueProducer( 1567): [FramebufferSurface](this:0xb400006faf4f0370,id:-1,api:1,p:1567,c:1567) queueBuffer: fps=0.33 dur=2985.27 max=2985.27 min=2985.27
03-15 14:25:49.631 I/SurfaceFlinger( 1567): Capture layer list: 	 com.example.kutuphane/com.example.kutuphane.goster$_1328#34095(seamlessTransition:0)
03-15 14:25:49.987 I/ActivityManager(12320): Changes in 90001 17 to 17, 128 to 0
03-15 14:25:49.987 I/ActivityManager(12320): Changes in 90000 10 to 10, 128 to 0
03-15 14:25:49.988 I/ActivityManager(12320): Changes in 10304 10 to 10, 128 to 0
03-15 14:25:49.989 V/APM_AudioPolicyManager(12081): setAppState(portId:159, state:1)
03-15 14:25:49.995 I/ActivityManager(12320): Changes in 90001 17 to 17, 0 to 128
03-15 14:25:49.996 I/ActivityManager(12320): Changes in 90000 10 to 10, 0 to 128
03-15 14:25:49.996 I/ActivityManager(12320): Changes in 10304 10 to 10, 0 to 128
03-15 14:25:49.997 V/APM_AudioPolicyManager(12081): setAppState(portId:159, state:1)
03-15 14:25:50.417 I/native  (29931): I0000 00:00:1773573950.416759   29954 soda_async_impl.cc:1424] Current audio timestamp: 1773573950246201
03-15 14:25:50.615 D/IpClient/wlan0(12892): addressUpdated: fd00::a0f6:c6ff:fe62:b331/64 on ifindex 53 flags 0x00000100 scope 0
03-15 14:25:50.616 D/IpClient/wlan0(12892): addressUpdated: fd00::1f48:ef84:bcb3:b7e1/64 on ifindex 53 flags 0x00000001 scope 0
03-15 14:25:50.616 W/AlarmManager(12892): Unrecognized alarm listener com.android.networkstack.android.net.ip.IpClientLinkObserver$Dhcp6PdPreferredPrefixAlarmListener@5c118d3
03-15 14:25:50.619 I/EPDG -- SIM1 [EpdgIntfCont](12923): sendInterfaceMessage, not mobile, ignore
03-15 14:25:50.620 I/EPDG -- SIM0 [EpdgIntfCont](12923): sendInterfaceMessage, not mobile, ignore
03-15 14:25:50.621 I/EPDG -- SIM0 [EpdgIntfCont](12923): sendInterfaceMessage, not mobile, ignore
03-15 14:25:50.621 I/EPDG -- SIM1 [EpdgIntfCont](12923): sendInterfaceMessage, not mobile, ignore
03-15 14:25:50.695 W/ProxyAndroidLoggerBackend(29931): Too many Flogger logs received before configuration. Dropping old logs.
03-15 14:25:50.893 E/thermal_core( 1673): find_tz_idx_by_name:"Failed to find thermal zone index of ap_ntc\n"
03-15 14:25:50.893 E/thermal_core( 1673): find_tz_idx_by_name:"Failed to find thermal zone index of mtk-master-charger\n"
03-15 14:25:50.893 E/thermal_core( 1673): find_tz_idx_by_name:"Failed to find thermal zone index of camera0\n"
03-15 14:25:50.893 E/thermal_core( 1673): find_tz_idx_by_name:"Failed to find thermal zone index of mtk-master-charger\n"
03-15 14:25:50.893 E/thermal_core( 1673): find_tz_idx_by_name:"Failed to find thermal zone index of nrpa_ntc\n"
03-15 14:25:50.894 E/thermal_core( 1673): dump_thermal_log:"Error: sccanf error, ret=9\n"
03-15 14:25:50.895 E/thermal_core( 1673): node_read:"Failed to read /sys/class/thermal/thermal_zone2/temp: No data available\n"
03-15 14:25:50.896 I/thermal_core( 1673): "soc/nr/lte/ap_ntc/tpcb/conn/chg/cam/c_ttj/g_ttj/a_ttj=0/-274000/28380/-274000/46000/23000/-274000/-274000/85000/85000/85000\n"
03-15 14:25:50.896 I/thermal_core( 1673): "[C(l)(c)(i)][G(l)(c)][A(l)(c)][TH][D]=[(666666/666666/666666)(500/725/0)(0x0)][(666666)(666666)][(666666666)(666666666)][0][1600]\n"
03-15 14:25:50.896 E/thermal_core( 1673): node_read:"Failed to open /sys/kernel/helio-dvfsrc/dvfsrc_therm_info: No such file or directory\n"
03-15 14:25:50.896 I/thermal_core( 1673): "1600"
03-15 14:25:51.006 I/ActivityManager(12320): Changes in 90001 17 to 17, 128 to 0
03-15 14:25:51.006 I/ActivityManager(12320): Changes in 90000 10 to 10, 128 to 0
03-15 14:25:51.006 I/ActivityManager(12320): Changes in 10304 10 to 10, 128 to 0
03-15 14:25:51.007 V/APM_AudioPolicyManager(12081): setAppState(portId:159, state:1)
03-15 14:25:51.013 I/ActivityManager(12320): Changes in 90001 17 to 17, 0 to 128
03-15 14:25:51.014 I/ActivityManager(12320): Changes in 90000 10 to 10, 0 to 128
03-15 14:25:51.014 I/ActivityManager(12320): Changes in 10304 10 to 10, 0 to 128
03-15 14:25:51.015 V/APM_AudioPolicyManager(12081): setAppState(portId:159, state:1)
03-15 14:25:51.017 I/VSyncReactor( 1567): Current= 90, Period= 90, hwcPeriod= 90
03-15 14:25:51.066 D/SatelliteController(12732): isInCarrierRoamingNbIotNtn: satellite is disabled
03-15 14:25:51.374 W/AudioALSACaptureDataProviderNormal(12088): readThread, latency_in_s,0.000002,0.021942,0.000585, totalTime 0.022528 > logTimeout 0.022000 TIMEOUT!!
03-15 14:25:51.501 I/wpa_supplicant(12721): Heartbeat 864
03-15 14:25:51.540 D/io_stats(  582): !@   8,32 r 7566751 164585080 w 5380678 70458356 d 598641 219329172 f 475128 528997 iot 2437060 0 th 0 0 0 pt 0 inp 0 0 118709.837
03-15 14:25:52.020 I/ActivityManager(12320): Changes in 90001 17 to 17, 128 to 0
03-15 14:25:52.020 I/ActivityManager(12320): Changes in 90000 10 to 10, 128 to 0
03-15 14:25:52.021 I/ActivityManager(12320): Changes in 10304 10 to 10, 128 to 0
03-15 14:25:52.022 V/APM_AudioPolicyManager(12081): setAppState(portId:159, state:1)
03-15 14:25:52.027 I/VSyncReactor( 1567): Current= 90, Period= 90, hwcPeriod= 90
03-15 14:25:52.027 I/ActivityManager(12320): Changes in 90001 17 to 17, 0 to 128
03-15 14:25:52.028 I/ActivityManager(12320): Changes in 90000 10 to 10, 0 to 128
03-15 14:25:52.028 I/ActivityManager(12320): Changes in 10304 10 to 10, 0 to 128
03-15 14:25:52.029 V/APM_AudioPolicyManager(12081): setAppState(portId:159, state:1)
03-15 14:25:52.198 V/APM_AudioPolicyManager(12081): setAppState(portId:159, state:1)
03-15 14:25:52.199 V/APM_AudioPolicyManager(12081): setAppState(portId:159, state:1)
03-15 14:25:52.492 D/SemWifiUsabilityStatsMonitor(12320): onWifiUsabilityStats - seqNum 1625, isSameBssidAndFreq true
03-15 14:25:52.527 I/BufferQueueProducer( 1567): [StatusBar$_12757#28514](this:0xb400006f8846be38,id:-1,api:0,p:-1,c:1567) queueBuffer: fps=0.33 dur=3006.51 max=3006.51 min=3006.51
03-15 14:25:52.533 I/hwcomposer( 1501): [HWCDisplay] (0 updateFps():4131), (type:1, mode:2) fps:0.665213,dur:3006.55,max:2948.02,min:58.54  
03-15 14:25:52.536 I/SurfaceFlinger( 1567): Capture layer list: 	 com.example.kutuphane/com.example.kutuphane.goster$_1328#34095(seamlessTransition:0)
03-15 14:25:52.575 I/hwcomposer( 1501): [HWC] (0)fire a callback of refresh to SF[4]  
03-15 14:25:52.589 I/BufferQueueProducer( 1567): [FramebufferSurface](this:0xb400006faf4f0370,id:-1,api:1,p:1567,c:1567) queueBuffer: fps=0.33 dur=3005.57 max=3005.57 min=3005.57
03-15 14:25:52.638 I/SurfaceFlinger( 1567): Capture layer list: 	 com.example.kutuphane/com.example.kutuphane.goster$_1328#34095(seamlessTransition:0)
03-15 14:25:52.893 W/AudioALSACaptureDataProviderNormal(12088): readThread, latency_in_s,0.000002,0.021872,0.000130, totalTime 0.022004 > logTimeout 0.022000 TIMEOUT!!
03-15 14:25:53.035 I/ActivityManager(12320): Changes in 90001 17 to 17, 128 to 0
03-15 14:25:53.036 I/ActivityManager(12320): Changes in 90000 10 to 10, 128 to 0
03-15 14:25:53.036 I/ActivityManager(12320): Changes in 10304 10 to 10, 128 to 0
03-15 14:25:53.037 V/APM_AudioPolicyManager(12081): setAppState(portId:159, state:1)
03-15 14:25:53.041 I/ActivityManager(12320): Changes in 90001 17 to 17, 0 to 128
03-15 14:25:53.041 I/ActivityManager(12320): Changes in 90000 10 to 10, 0 to 128
03-15 14:25:53.042 I/ActivityManager(12320): Changes in 10304 10 to 10, 0 to 128
03-15 14:25:53.042 V/APM_AudioPolicyManager(12081): setAppState(portId:159, state:1)
03-15 14:25:53.092 I/SensorsHub( 1503): context 10 0 9 1,1,26,1,2,111,215,138,1,1, 243239111179405
03-15 14:25:53.095 D/CAE     (12320): onGetSensorHubData(SensorHubParserProvider.java:92) - onGetSensorHubData Event [event buffer len :10], AP_WAKEUP
03-15 14:25:53.095 I/CAE     (12320): parse(SensorHubParserProvider.java:188) - buffer size = 10
03-15 14:25:53.095 I/CAE     (12320): parse(SensorHubParserProvider.java:199) - 1, 1, 26, 1, 2, 111, -41, -118, 1, 1,
03-15 14:25:53.096 E/CAE     (12320): parse(SensorHubModeHandler.java:72) - ERROR : Service is not registered
03-15 14:25:53.096 E/CAE     (12320): onGetSensorHubData(SensorHubParserProvider.java:115) - ERROR : Data field parsing error
03-15 14:25:53.541 D/io_stats(  582): !@ Write_top(KB): kworker/u32:0:/(29547) 132
03-15 14:25:53.579 I/NSLocationMonitor(12320): getGPSUsingApps() called
03-15 14:25:53.580 I/NSLocationManager_FLP(13876): getGPSUsingApps, No change
03-15 14:25:53.593 D/FreecessHandler(12320): freeze com.instagram.android(10304) result : 33
03-15 14:25:53.708 V/APM_AudioPolicyManager(12081): setAppState(portId:159, state:1)
03-15 14:25:53.897 E/thermal_core( 1673): find_tz_idx_by_name:"Failed to find thermal zone index of ap_ntc\n"
03-15 14:25:53.897 E/thermal_core( 1673): find_tz_idx_by_name:"Failed to find thermal zone index of mtk-master-charger\n"
03-15 14:25:54.050 I/ActivityManager(12320): Changes in 90001 17 to 17, 128 to 0
03-15 14:25:54.050 I/ActivityManager(12320): Changes in 90000 10 to 10, 128 to 0
03-15 14:25:54.050 I/ActivityManager(12320): Changes in 10304 10 to 10, 128 to 0
03-15 14:25:54.051 V/APM_AudioPolicyManager(12081): setAppState(portId:159, state:1)
03-15 14:25:54.058 I/ActivityManager(12320): Changes in 90001 17 to 17, 0 to 128
03-15 14:25:54.059 I/ActivityManager(12320): Changes in 90000 10 to 10, 0 to 128
03-15 14:25:54.059 I/ActivityManager(12320): Changes in 10304 10 to 10, 0 to 128
03-15 14:25:54.060 V/APM_AudioPolicyManager(12081): setAppState(portId:159, state:1)
03-15 14:25:54.111 D/WifiConnectivityMonitor(12320): Stop WCM Poll. cnt : 5
03-15 14:25:54.112 I/WifiConnectivityMonitor(12320): LinkQualityMonitorCallback was not registered yet
03-15 14:25:54.200 D/IpClient/wlan0(12892): addressUpdated: fd00::a0f6:c6ff:fe62:b331/64 on ifindex 53 flags 0x00000100 scope 0
03-15 14:25:54.201 D/IpClient/wlan0(12892): addressUpdated: fd00::1f48:ef84:bcb3:b7e1/64 on ifindex 53 flags 0x00000001 scope 0
03-15 14:25:54.203 W/AlarmManager(12892): Unrecognized alarm listener com.android.networkstack.android.net.ip.IpClientLinkObserver$Dhcp6PdPreferredPrefixAlarmListener@5c118d3
03-15 14:25:54.201 I/EPDG -- SIM0 [EpdgIntfCont](12923): sendInterfaceMessage, not mobile, ignore
03-15 14:25:54.205 D/IpClient/wlan0(12892): addressUpdated: fd00::a0f6:c6ff:fe62:b331/64 on ifindex 53 flags 0x00000100 scope 0
03-15 14:25:54.206 I/EPDG -- SIM1 [EpdgIntfCont](12923): sendInterfaceMessage, not mobile, ignore
03-15 14:25:54.206 I/EPDG -- SIM1 [EpdgIntfCont](12923): sendInterfaceMessage, not mobile, ignore
03-15 14:25:54.206 I/EPDG -- SIM1 [EpdgIntfCont](12923): sendInterfaceMessage, not mobile, ignore
03-15 14:25:54.206 I/EPDG -- SIM1 [EpdgIntfCont](12923): sendInterfaceMessage, not mobile, ignore
03-15 14:25:54.206 D/IpClient/wlan0(12892): addressUpdated: fd00::1f48:ef84:bcb3:b7e1/64 on ifindex 53 flags 0x00000001 scope 0
03-15 14:25:54.207 W/AlarmManager(12892): Unrecognized alarm listener com.android.networkstack.android.net.ip.IpClientLinkObserver$Dhcp6PdPreferredPrefixAlarmListener@5c118d3
03-15 14:25:54.207 I/EPDG -- SIM1 [EpdgIntfCont](12923): sendInterfaceMessage, not mobile, ignore
03-15 14:25:54.208 D/IpClient/wlan0(12892): addressUpdated: fd00::a0f6:c6ff:fe62:b331/64 on ifindex 53 flags 0x00000100 scope 0
03-15 14:25:54.209 D/IpClient/wlan0(12892): addressUpdated: fd00::1f48:ef84:bcb3:b7e1/64 on ifindex 53 flags 0x00000001 scope 0
03-15 14:25:54.210 W/AlarmManager(12892): Unrecognized alarm listener com.android.networkstack.android.net.ip.IpClientLinkObserver$Dhcp6PdPreferredPrefixAlarmListener@5c118d3
03-15 14:25:54.211 I/EPDG -- SIM0 [EpdgIntfCont](12923): sendInterfaceMessage, not mobile, ignore
03-15 14:25:54.211 I/EPDG -- SIM0 [EpdgIntfCont](12923): sendInterfaceMessage, not mobile, ignore
03-15 14:25:54.212 I/EPDG -- SIM0 [EpdgIntfCont](12923): sendInterfaceMessage, not mobile, ignore
03-15 14:25:54.212 I/EPDG -- SIM0 [EpdgIntfCont](12923): sendInterfaceMessage, not mobile, ignore
03-15 14:25:54.212 D/IpClient/wlan0(12892): addressUpdated: fd00::a0f6:c6ff:fe62:b331/64 on ifindex 53 flags 0x00000100 scope 0
03-15 14:25:54.212 I/EPDG -- SIM0 [EpdgIntfCont](12923): sendInterfaceMessage, not mobile, ignore
03-15 14:25:54.212 I/EPDG -- SIM0 [EpdgIntfCont](12923): sendInterfaceMessage, not mobile, ignore
03-15 14:25:54.213 I/EPDG -- SIM1 [EpdgIntfCont](12923): sendInterfaceMessage, not mobile, ignore
03-15 14:25:54.213 I/EPDG -- SIM1 [EpdgIntfCont](12923): sendInterfaceMessage, not mobile, ignore
03-15 14:25:54.213 I/EPDG -- SIM1 [EpdgIntfCont](12923): sendInterfaceMessage, not mobile, ignore
03-15 14:25:54.213 I/EPDG -- SIM0 [EpdgIntfCont](12923): sendInterfaceMessage, not mobile, ignore
03-15 14:25:54.213 D/IpClient/wlan0(12892): addressUpdated: fd00::1f48:ef84:bcb3:b7e1/64 on ifindex 53 flags 0x00000001 scope 0
03-15 14:25:54.213 W/AlarmManager(12892): Unrecognized alarm listener com.android.networkstack.android.net.ip.IpClientLinkObserver$Dhcp6PdPreferredPrefixAlarmListener@5c118d3
03-15 14:25:54.425 D/ConnectivityManager(28199): StackLog: [android.net.ConnectivityManager.sendRequestForNetwork(ConnectivityManager.java:4744)] [android.net.ConnectivityManager.registerDefaultNetworkCallbackForUid(ConnectivityManager.java:5469)] [android.net.ConnectivityManager.registerDefaultNetworkCallback(ConnectivityManager.java:5436)] [android.net.ConnectivityManager.registerDefaultNetworkCallback(ConnectivityManager.java:5410)] [a$$ExternalSyntheticApiModelOutline0.m(D8$$SyntheticClass:67)] [kke.b(PG:793)] [kke.a(PG:120)] [boxl.d(PG:3)] [boxk.b(PG:57)] [bozx.b(PG:65)] [bonp.dV(PG:11)] [botm.run(PG:107)] [acgo.run(PG:58)] [taf.run(PG:7)] [auba.run(PG:44)] [tbd.run(PG:747)] [fcf.run(PG:1146)] [java.lang.Thread.run(Thread.java:1564)] [tbb.run(PG:61)]
03-15 14:25:54.429 D/ConnectivityService(12320): requestNetwork for uid/pid:10238/28199 activeRequest: null callbackRequest: 836 [NetworkRequest [ REQUEST id=837, [ Capabilities: INTERNET&NOT_RESTRICTED&TRUSTED&NOT_VCN_MANAGED&NOT_BANDWIDTH_CONSTRAINED Uid: 10238 RequestorUid: 10238 RequestorPkg: com.google.android.youtube UnderlyingNetworks: Null] ]] callback flags: 0 order: 2147483647 isUidTracked: false declaredMethods: AVAIL|LOST|NC|BLK
03-15 14:25:54.431 D/ConnectivityService(12320):    accepting network in place of null for NetworkRequest [ REQUEST id=837, [ Capabilities: INTERNET&NOT_RESTRICTED&TRUSTED&NOT_VCN_MANAGED&NOT_BANDWIDTH_CONSTRAINED Uid: 10238 RequestorUid: 10238 RequestorPkg: com.google.android.youtube UnderlyingNetworks: Null] ]
03-15 14:25:54.442 D/WifiNetworkFactory(12320): got request NetworkRequest [ REQUEST id=837, [ Capabilities: INTERNET&NOT_RESTRICTED&TRUSTED&NOT_VCN_MANAGED&NOT_BANDWIDTH_CONSTRAINED Uid: 10238 RequestorUid: 10238 RequestorPkg: com.google.android.youtube UnderlyingNetworks: Null] ]
03-15 14:25:54.442 D/UntrustedWifiNetworkFactory(12320): got request NetworkRequest [ REQUEST id=837, [ Capabilities: INTERNET&NOT_RESTRICTED&TRUSTED&NOT_VCN_MANAGED&NOT_BANDWIDTH_CONSTRAINED Uid: 10238 RequestorUid: 10238 RequestorPkg: com.google.android.youtube UnderlyingNetworks: Null] ]
03-15 14:25:54.444 D/OemPaidWifiNetworkFactory(12320): got request NetworkRequest [ REQUEST id=837, [ Capabilities: INTERNET&NOT_RESTRICTED&TRUSTED&NOT_VCN_MANAGED&NOT_BANDWIDTH_CONSTRAINED Uid: 10238 RequestorUid: 10238 RequestorPkg: com.google.android.youtube UnderlyingNetworks: Null] ]
03-15 14:25:54.444 D/MultiInternetWifiNetworkFactory(12320): got request NetworkRequest [ REQUEST id=837, [ Capabilities: INTERNET&NOT_RESTRICTED&TRUSTED&NOT_VCN_MANAGED&NOT_BANDWIDTH_CONSTRAINED Uid: 10238 RequestorUid: 10238 RequestorPkg: com.google.android.youtube UnderlyingNetworks: Null] ]
03-15 14:25:54.445 D/ConnectivityService(12320): Rematched networks [computed 0ms] [applied 4ms] [issued 10]
03-15 14:25:54.445 D/ConnectivityService(12320): NetworkReassignment :
03-15 14:25:54.445 D/ConnectivityService(12320):   837 : null → 104
03-15 14:25:54.708 D/IpClient/wlan0(12892): addressUpdated: fd00::a0f6:c6ff:fe62:b331/64 on ifindex 53 flags 0x00000100 scope 0
03-15 14:25:54.708 I/[PASS][CMN]DrawableCache(28822): trimMemory: TRIM_MEMORY_BACKGROUND - trimming to 12288KB
03-15 14:25:54.708 D/IpClient/wlan0(12892): addressUpdated: fd00::1f48:ef84:bcb3:b7e1/64 on ifindex 53 flags 0x00000001 scope 0
03-15 14:25:54.708 W/AlarmManager(12892): Unrecognized alarm listener com.android.networkstack.android.net.ip.IpClientLinkObserver$Dhcp6PdPreferredPrefixAlarmListener@5c118d3
03-15 14:25:54.709 I/ActivityManager(12320): Killing 28202:com.whatsapp/u0a309 (adj 985): empty #33
03-15 14:25:54.709 D/IpClient/wlan0(12892): addressUpdated: fd00::a0f6:c6ff:fe62:b331/64 on ifindex 53 flags 0x00000100 scope 0
03-15 14:25:54.710 D/IpClient/wlan0(12892): addressUpdated: fd00::1f48:ef84:bcb3:b7e1/64 on ifindex 53 flags 0x00000001 scope 0
03-15 14:25:54.711 W/AlarmManager(12892): Unrecognized alarm listener com.android.networkstack.android.net.ip.IpClientLinkObserver$Dhcp6PdPreferredPrefixAlarmListener@5c118d3
03-15 14:25:54.711 I/EPDG -- SIM1 [EpdgIntfCont](12923): sendInterfaceMessage, not mobile, ignore
03-15 14:25:54.712 I/EPDG -- SIM0 [EpdgIntfCont](12923): sendInterfaceMessage, not mobile, ignore
03-15 14:25:54.713 I/EPDG -- SIM0 [EpdgIntfCont](12923): sendInterfaceMessage, not mobile, ignore
03-15 14:25:54.713 I/EPDG -- SIM0 [EpdgIntfCont](12923): sendInterfaceMessage, not mobile, ignore
03-15 14:25:54.713 I/EPDG -- SIM0 [EpdgIntfCont](12923): sendInterfaceMessage, not mobile, ignore
03-15 14:25:54.713 I/EPDG -- SIM1 [EpdgIntfCont](12923): sendInterfaceMessage, not mobile, ignore
03-15 14:25:54.713 I/EPDG -- SIM1 [EpdgIntfCont](12923): sendInterfaceMessage, not mobile, ignore
03-15 14:25:54.713 I/EPDG -- SIM1 [EpdgIntfCont](12923): sendInterfaceMessage, not mobile, ignore
03-15 14:25:54.713 I/[AUTHFW][PASS]AuthFwApp(28807): otlv40
03-15 14:25:54.718 V/APM_AudioPolicyManager(12081): setAppState(portId:159, state:1)
03-15 14:25:54.732 I/id.app.launcher(13277): Explicit concurrent mark compact GC freed 9466KB AllocSpace bytes, 4(208KB) LOS objects, 66% free, 18MB/54MB, paused 487us,1.554ms total 102.517ms
03-15 14:25:54.732 I/SurfaceFlinger( 1567): onHandleDestroyed: layerId=33747, name=Surface(name=Task=596)/@0x745f004_transition-leash#33747
03-15 14:25:54.733 I/SurfaceFlinger( 1567): id=33747 Removed Surface(name=Task=596)/@0x745f004_transition-leash#33747 (212)
03-15 14:25:54.735 I/SurfaceFlinger( 1567): destroyed Surface(name=Task=596)/@0x745f004_transition-leash#33747
03-15 14:25:54.737 I/Layer   ( 1567): id=33747 Destroyed Surface(name=Task=596)/@0x745f004_transition-leash#33747
03-15 14:25:54.738 I/hwcomposer( 1501): [HWCDisplay] (0 updateFps():4131), (type:1, mode:2) fps:0.907014,dur:2205.04,max:2147.67,min:57.37  
03-15 14:25:54.739 W/System  (13277): A resource failed to call release. 
03-15 14:25:54.739 W/System  (13277): A resource failed to call release. 
03-15 14:25:54.739 W/System  (13277): A resource failed to call release. 
03-15 14:25:54.739 W/System  (13277): A resource failed to call release. 
03-15 14:25:54.739 W/System  (13277): A resource failed to call release. 
03-15 14:25:54.740 W/System  (13277): A resource failed to call release. 
03-15 14:25:54.740 W/System  (13277): A resource failed to call release. 
03-15 14:25:54.740 W/System  (13277): A resource failed to call release. 
03-15 14:25:54.740 W/System  (13277): A resource failed to call release. 
03-15 14:25:54.740 W/System  (13277): A resource failed to call release. 
03-15 14:25:54.740 W/System  (13277): A resource failed to call release. 
03-15 14:25:54.740 W/System  (13277): A resource failed to call release. 
03-15 14:25:54.740 W/System  (13277): A resource failed to call release. 
03-15 14:25:54.740 W/System  (13277): A resource failed to call release. 
03-15 14:25:54.740 W/System  (13277): A resource failed to call release. 
03-15 14:25:54.741 W/System  (13277): A resource failed to call release. 
03-15 14:25:54.741 W/System  (13277): A resource failed to call release. 
03-15 14:25:54.741 I/SurfaceFlinger( 1567): Capture layer list: 	 com.example.kutuphane/com.example.kutuphane.goster$_1328#34095(seamlessTransition:0)
03-15 14:25:54.741 I/HoneySpace.Memory-Monitor(13277): trimMemory 20
03-15 14:25:54.746 I/VSyncReactor( 1567): Current= 90, Period= 90, hwcPeriod= 90
03-15 14:25:54.783 I/Zygote  (12080): Process 28202 exited due to signal 9 (Killed)
03-15 14:25:54.783 I/libprocessgroup(12320): Removed cgroup /sys/fs/cgroup/apps/uid_10309/pid_28202
03-15 14:25:54.785 D/ConnectivityService(12320):  Removing from current network [104 WIFI], leaving 169 requests.
03-15 14:25:54.785 D/ConnectivityService(12320):  Removing from current network [104 WIFI], leaving 168 requests.
03-15 14:25:54.810 D/IpClient/wlan0(12892): addressUpdated: fd00::a0f6:c6ff:fe62:b331/64 on ifindex 53 flags 0x00000100 scope 0
03-15 14:25:54.810 I/EPDG -- SIM0 [EpdgIntfCont](12923): sendInterfaceMessage, not mobile, ignore
03-15 14:25:54.810 I/EPDG -- SIM1 [EpdgIntfCont](12923): sendInterfaceMessage, not mobile, ignore
03-15 14:25:54.810 D/IpClient/wlan0(12892): addressUpdated: fd00::1f48:ef84:bcb3:b7e1/64 on ifindex 53 flags 0x00000001 scope 0
03-15 14:25:54.811 W/AlarmManager(12892): Unrecognized alarm listener com.android.networkstack.android.net.ip.IpClientLinkObserver$Dhcp6PdPreferredPrefixAlarmListener@5c118d3
03-15 14:25:54.811 D/IpClient/wlan0(12892): addressUpdated: fd00::a0f6:c6ff:fe62:b331/64 on ifindex 53 flags 0x00000100 scope 0
03-15 14:25:54.812 D/IpClient/wlan0(12892): addressUpdated: fd00::1f48:ef84:bcb3:b7e1/64 on ifindex 53 flags 0x00000001 scope 0
03-15 14:25:54.813 W/AlarmManager(12892): Unrecognized alarm listener com.android.networkstack.android.net.ip.IpClientLinkObserver$Dhcp6PdPreferredPrefixAlarmListener@5c118d3
03-15 14:25:54.813 I/EPDG -- SIM0 [EpdgIntfCont](12923): sendInterfaceMessage, not mobile, ignore
03-15 14:25:54.814 I/EPDG -- SIM1 [EpdgIntfCont](12923): sendInterfaceMessage, not mobile, ignore
03-15 14:25:54.814 I/EPDG -- SIM1 [EpdgIntfCont](12923): sendInterfaceMessage, not mobile, ignore
03-15 14:25:54.814 I/EPDG -- SIM0 [EpdgIntfCont](12923): sendInterfaceMessage, not mobile, ignore
03-15 14:25:54.815 I/EPDG -- SIM0 [EpdgIntfCont](12923): sendInterfaceMessage, not mobile, ignore
03-15 14:25:54.817 I/EPDG -- SIM1 [EpdgIntfCont](12923): sendInterfaceMessage, not mobile, ignore
03-15 14:25:54.859 I/hwcomposer( 1501): [HWC] (0)fire a callback of refresh to SF[4]  
03-15 14:25:54.876 I/BufferQueueProducer( 1567): [FramebufferSurface](this:0xb400006faf4f0370,id:-1,api:1,p:1567,c:1567) queueBuffer: fps=0.44 dur=2286.86 max=2286.86 min=2286.86
03-15 14:25:54.880 I/SurfaceFlinger( 1567): Capture layer list: 	 com.example.kutuphane/com.example.kutuphane.goster$_1328#34095(seamlessTransition:0)
03-15 14:25:55.065 I/ActivityManager(12320): Changes in 90001 17 to 17, 128 to 0
03-15 14:25:55.066 I/ActivityManager(12320): Changes in 90000 10 to 10, 128 to 0
03-15 14:25:55.066 I/ActivityManager(12320): Changes in 10304 10 to 10, 128 to 0
03-15 14:25:55.067 V/APM_AudioPolicyManager(12081): setAppState(portId:159, state:1)
03-15 14:25:55.070 I/ActivityManager(12320): Changes in 90001 17 to 17, 0 to 128
03-15 14:25:55.070 I/ActivityManager(12320): Changes in 90000 10 to 10, 0 to 128
03-15 14:25:55.070 I/ActivityManager(12320): Changes in 10304 10 to 10, 0 to 128
03-15 14:25:55.071 V/APM_AudioPolicyManager(12081): setAppState(portId:159, state:1)
03-15 14:25:55.073 D/PerProcessNandswap$NandswapHandler(12320): nandswap start for non-activity com.instagram.android:sandboxed_process0:com.facebook.browser.helium.content.SandboxedProcessService0:0(pid 17022) action:6 adj:100 type:2
03-15 14:25:55.086 D/PerProcessNandswapNative(12320): enable WriteBooster
